{"level":"\u001b[32minfo\u001b[39m","message":"Connected to MongoDB","timestamp":"9:24:52 AM"}
{"level":"\u001b[32minfo\u001b[39m","message":"Connected to MongoDB","timestamp":"9:24:53 AM"}
{"level":"\u001b[32minfo\u001b[39m","message":"Server running on port 3445","timestamp":"9:24:53 AM"}
{"level":"\u001b[32minfo\u001b[39m","message":"Instagram username updated for user 683720529b99dc1e616b574d: fredbetanier","timestamp":"9:25:19 AM"}
{"level":"\u001b[32minfo\u001b[39m","message":"Started proxy server for fredbetanier on port 3815","timestamp":"9:25:21 AM"}
{"level":"\u001b[32minfo\u001b[39m","message":"Navigating to Instagram homepage for fredbetanier...","timestamp":"9:25:21 AM"}
{"level":"\u001b[32minfo\u001b[39m","message":"Applying cookies for fredbetanier...","timestamp":"9:25:23 AM"}
{"level":"\u001b[32minfo\u001b[39m","message":"Cookies applied successfully for fredbetanier","timestamp":"9:25:23 AM"}
{"level":"\u001b[32minfo\u001b[39m","message":"Logged into Instagram as fredbetanier via cookies.","timestamp":"9:25:32 AM"}
{"level":"\u001b[32minfo\u001b[39m","message":"No more 'processing' comments for this user. Waiting 2 minutes...","timestamp":"9:25:32 AM"}
{"level":"\u001b[32minfo\u001b[39m","message":"Connexion détectée (lien de messagerie présent).","timestamp":"9:26:21 AM"}
{"level":"\u001b[32minfo\u001b[39m","message":"Cookies Instagram sauvegardés en base de données pour l'utilisateur fredbetanier.","timestamp":"9:26:21 AM"}
{"level":"\u001b[32minfo\u001b[39m","message":"Started proxy server for fredbetanier on port 6412","timestamp":"9:26:22 AM"}
{"level":"\u001b[32minfo\u001b[39m","message":"Navigating to Instagram homepage for fredbetanier...","timestamp":"9:26:22 AM"}
{"level":"\u001b[32minfo\u001b[39m","message":"Applying cookies for fredbetanier...","timestamp":"9:26:24 AM"}
{"level":"\u001b[32minfo\u001b[39m","message":"Cookies applied successfully for fredbetanier","timestamp":"9:26:24 AM"}
{"level":"\u001b[32minfo\u001b[39m","message":"Logged into Instagram as fredbetanier via cookies.","timestamp":"9:26:28 AM"}
{"level":"\u001b[32minfo\u001b[39m","message":"Nom d'utilisateur du post trouvé avec le sélecteur \"a[href*=\"/\"][role=\"link\"]\" : fcbarcelona","timestamp":"9:26:42 AM"}
{"level":"\u001b[32minfo\u001b[39m","message":"Checking if post username \"fcbarcelona\" matches any target usernames in our database","timestamp":"9:26:42 AM"}
{"level":"\u001b[32minfo\u001b[39m","message":"No match found for post username \"fcbarcelona\" in our target list","timestamp":"9:26:42 AM"}
{"level":"\u001b[32minfo\u001b[39m","message":"Post username \"fcbarcelona\" is not in our target list. Skipping...","timestamp":"9:26:42 AM"}
{"level":"\u001b[32minfo\u001b[39m","message":"Nom d'utilisateur du post trouvé avec le sélecteur \"a[href*=\"/\"][role=\"link\"]\" : fcbarcelona","timestamp":"9:26:50 AM"}
{"level":"\u001b[32minfo\u001b[39m","message":"Checking if post username \"fcbarcelona\" matches any target usernames in our database","timestamp":"9:26:50 AM"}
{"level":"\u001b[32minfo\u001b[39m","message":"No match found for post username \"fcbarcelona\" in our target list","timestamp":"9:26:50 AM"}
{"level":"\u001b[32minfo\u001b[39m","message":"Post username \"fcbarcelona\" is not in our target list. Skipping...","timestamp":"9:26:50 AM"}
{"level":"\u001b[32minfo\u001b[39m","message":"Processed post DMTAckkNyEn as fredbetanier (1/500)","timestamp":"9:26:50 AM"}
{"level":"\u001b[32minfo\u001b[39m","message":"Nom d'utilisateur du post trouvé avec le sélecteur \"a[href*=\"/\"][role=\"link\"]\" : leilahormozi","timestamp":"9:27:02 AM"}
{"level":"\u001b[32minfo\u001b[39m","message":"Checking if post username \"leilahormozi\" matches any target usernames in our database","timestamp":"9:27:02 AM"}
{"level":"\u001b[32minfo\u001b[39m","message":"No match found for post username \"leilahormozi\" in our target list","timestamp":"9:27:02 AM"}
{"level":"\u001b[32minfo\u001b[39m","message":"Post username \"leilahormozi\" is not in our target list. Skipping...","timestamp":"9:27:02 AM"}
{"level":"\u001b[32minfo\u001b[39m","message":"Nom d'utilisateur du post trouvé avec le sélecteur \"a[href*=\"/\"][role=\"link\"]\" : leilahormozi","timestamp":"9:27:10 AM"}
{"level":"\u001b[32minfo\u001b[39m","message":"Checking if post username \"leilahormozi\" matches any target usernames in our database","timestamp":"9:27:10 AM"}
{"level":"\u001b[32minfo\u001b[39m","message":"No match found for post username \"leilahormozi\" in our target list","timestamp":"9:27:10 AM"}
{"level":"\u001b[32minfo\u001b[39m","message":"Post username \"leilahormozi\" is not in our target list. Skipping...","timestamp":"9:27:10 AM"}
{"level":"\u001b[32minfo\u001b[39m","message":"Processed post DMTUeuXxq7C as fredbetanier (2/500)","timestamp":"9:27:10 AM"}
{"level":"\u001b[32minfo\u001b[39m","message":"Nom d'utilisateur du post trouvé avec le sélecteur \"a[href*=\"/\"][role=\"link\"]\" : atomichabitsjamesclear","timestamp":"9:27:20 AM"}
{"level":"\u001b[32minfo\u001b[39m","message":"Checking if post username \"atomichabitsjamesclear\" matches any target usernames in our database","timestamp":"9:27:20 AM"}
{"level":"\u001b[32minfo\u001b[39m","message":"No match found for post username \"atomichabitsjamesclear\" in our target list","timestamp":"9:27:20 AM"}
{"level":"\u001b[32minfo\u001b[39m","message":"Post username \"atomichabitsjamesclear\" is not in our target list. Skipping...","timestamp":"9:27:20 AM"}
{"level":"\u001b[32minfo\u001b[39m","message":"Nom d'utilisateur du post trouvé avec le sélecteur \"a[href*=\"/\"][role=\"link\"]\" : atomichabitsjamesclear","timestamp":"9:27:27 AM"}
{"level":"\u001b[32minfo\u001b[39m","message":"Checking if post username \"atomichabitsjamesclear\" matches any target usernames in our database","timestamp":"9:27:27 AM"}
{"level":"\u001b[32minfo\u001b[39m","message":"No match found for post username \"atomichabitsjamesclear\" in our target list","timestamp":"9:27:27 AM"}
{"level":"\u001b[32minfo\u001b[39m","message":"Post username \"atomichabitsjamesclear\" is not in our target list. Skipping...","timestamp":"9:27:27 AM"}
{"level":"\u001b[32minfo\u001b[39m","message":"Processed post DMSeJasCwxh as fredbetanier (3/500)","timestamp":"9:27:27 AM"}
{"level":"\u001b[32minfo\u001b[39m","message":"Nom d'utilisateur du post trouvé avec le sélecteur \"a[href*=\"/\"][role=\"link\"]\" : ericgm3","timestamp":"9:27:47 AM"}
{"level":"\u001b[32minfo\u001b[39m","message":"Checking if post username \"ericgm3\" matches any target usernames in our database","timestamp":"9:27:47 AM"}
{"level":"\u001b[32minfo\u001b[39m","message":"No match found for post username \"ericgm3\" in our target list","timestamp":"9:27:47 AM"}
{"level":"\u001b[32minfo\u001b[39m","message":"Post username \"ericgm3\" is not in our target list. Skipping...","timestamp":"9:27:47 AM"}
{"level":"\u001b[32minfo\u001b[39m","message":"Nom d'utilisateur du post trouvé avec le sélecteur \"a[href*=\"/\"][role=\"link\"]\" : ericgm3","timestamp":"9:27:54 AM"}
{"level":"\u001b[32minfo\u001b[39m","message":"Checking if post username \"ericgm3\" matches any target usernames in our database","timestamp":"9:27:54 AM"}
{"level":"\u001b[32minfo\u001b[39m","message":"No match found for post username \"ericgm3\" in our target list","timestamp":"9:27:54 AM"}
{"level":"\u001b[32minfo\u001b[39m","message":"Post username \"ericgm3\" is not in our target list. Skipping...","timestamp":"9:27:54 AM"}
{"level":"\u001b[32minfo\u001b[39m","message":"Processed post DMVeo8EIGQp as fredbetanier (4/500)","timestamp":"9:27:54 AM"}
{"level":"\u001b[32minfo\u001b[39m","message":"Nom d'utilisateur du post trouvé avec le sélecteur \"a[href*=\"/\"][role=\"link\"]\" : hormozi","timestamp":"9:28:05 AM"}
{"level":"\u001b[32minfo\u001b[39m","message":"Checking if post username \"hormozi\" matches any target usernames in our database","timestamp":"9:28:05 AM"}
{"level":"\u001b[32minfo\u001b[39m","message":"No match found for post username \"hormozi\" in our target list","timestamp":"9:28:05 AM"}
{"level":"\u001b[32minfo\u001b[39m","message":"Post username \"hormozi\" is not in our target list. Skipping...","timestamp":"9:28:05 AM"}
{"level":"\u001b[32minfo\u001b[39m","message":"Nom d'utilisateur du post trouvé avec le sélecteur \"a[href*=\"/\"][role=\"link\"]\" : hormozi","timestamp":"9:28:13 AM"}
{"level":"\u001b[32minfo\u001b[39m","message":"Checking if post username \"hormozi\" matches any target usernames in our database","timestamp":"9:28:13 AM"}
{"level":"\u001b[32minfo\u001b[39m","message":"No match found for post username \"hormozi\" in our target list","timestamp":"9:28:13 AM"}
{"level":"\u001b[32minfo\u001b[39m","message":"Post username \"hormozi\" is not in our target list. Skipping...","timestamp":"9:28:13 AM"}
{"level":"\u001b[32minfo\u001b[39m","message":"Processed post DMVduuyx3xg as fredbetanier (5/500)","timestamp":"9:28:13 AM"}
{"level":"\u001b[32minfo\u001b[39m","message":"Nom d'utilisateur du post trouvé avec le sélecteur \"a[href*=\"/\"][role=\"link\"]\" : lioncon.global","timestamp":"9:28:24 AM"}
{"level":"\u001b[32minfo\u001b[39m","message":"Checking if post username \"lioncon.global\" matches any target usernames in our database","timestamp":"9:28:24 AM"}
{"level":"\u001b[32minfo\u001b[39m","message":"No match found for post username \"lioncon.global\" in our target list","timestamp":"9:28:24 AM"}
{"level":"\u001b[32minfo\u001b[39m","message":"Post username \"lioncon.global\" is not in our target list. Skipping...","timestamp":"9:28:24 AM"}
{"level":"\u001b[32minfo\u001b[39m","message":"Instagram username updated for user 683720529b99dc1e616b574d: fredbetanier","timestamp":"9:28:27 AM"}
{"level":"\u001b[32minfo\u001b[39m","message":"Started proxy server for fredbetanier on port 3329","timestamp":"9:28:28 AM"}
{"level":"\u001b[32minfo\u001b[39m","message":"Navigating to Instagram homepage for fredbetanier...","timestamp":"9:28:28 AM"}
{"level":"\u001b[32minfo\u001b[39m","message":"Applying cookies for fredbetanier...","timestamp":"9:28:31 AM"}
{"level":"\u001b[32minfo\u001b[39m","message":"Cookies applied successfully for fredbetanier","timestamp":"9:28:31 AM"}
{"level":"\u001b[32minfo\u001b[39m","message":"No more 'processing' comments for this user. Waiting 2 minutes...","timestamp":"9:28:32 AM"}
{"level":"\u001b[32minfo\u001b[39m","message":"Nom d'utilisateur du post trouvé avec le sélecteur \"a[href*=\"/\"][role=\"link\"]\" : lioncon.global","timestamp":"9:28:33 AM"}
{"level":"\u001b[32minfo\u001b[39m","message":"Checking if post username \"lioncon.global\" matches any target usernames in our database","timestamp":"9:28:33 AM"}
{"level":"\u001b[32minfo\u001b[39m","message":"No match found for post username \"lioncon.global\" in our target list","timestamp":"9:28:33 AM"}
{"level":"\u001b[32minfo\u001b[39m","message":"Post username \"lioncon.global\" is not in our target list. Skipping...","timestamp":"9:28:33 AM"}
{"level":"\u001b[32minfo\u001b[39m","message":"Processed post DJcfDd3sQ5V as fredbetanier (6/500)","timestamp":"9:28:33 AM"}
{"level":"\u001b[32minfo\u001b[39m","message":"Logged into Instagram as fredbetanier via cookies.","timestamp":"9:28:38 AM"}
{"level":"\u001b[32minfo\u001b[39m","message":"No more 'processing' comments for this user. Waiting 2 minutes...","timestamp":"9:28:38 AM"}
{"level":"\u001b[32minfo\u001b[39m","message":"Nom d'utilisateur du post trouvé avec le sélecteur \"a[href*=\"/\"][role=\"link\"]\" : khabirycom","timestamp":"9:28:53 AM"}
{"level":"\u001b[32minfo\u001b[39m","message":"Checking if post username \"khabirycom\" matches any target usernames in our database","timestamp":"9:28:53 AM"}
{"level":"\u001b[32minfo\u001b[39m","message":"No match found for post username \"khabirycom\" in our target list","timestamp":"9:28:53 AM"}
{"level":"\u001b[32minfo\u001b[39m","message":"Post username \"khabirycom\" is not in our target list. Skipping...","timestamp":"9:28:53 AM"}
{"level":"\u001b[32minfo\u001b[39m","message":"Connexion détectée (lien de messagerie présent).","timestamp":"9:28:55 AM"}
{"level":"\u001b[32minfo\u001b[39m","message":"Cookies Instagram sauvegardés en base de données pour l'utilisateur fredbetanier.","timestamp":"9:28:55 AM"}
{"level":"\u001b[32minfo\u001b[39m","message":"Started proxy server for fredbetanier on port 6339","timestamp":"9:28:57 AM"}
{"level":"\u001b[32minfo\u001b[39m","message":"Navigating to Instagram homepage for fredbetanier...","timestamp":"9:28:57 AM"}
{"level":"\u001b[32minfo\u001b[39m","message":"Applying cookies for fredbetanier...","timestamp":"9:29:01 AM"}
{"level":"\u001b[32minfo\u001b[39m","message":"Cookies applied successfully for fredbetanier","timestamp":"9:29:01 AM"}
{"level":"\u001b[32minfo\u001b[39m","message":"Nom d'utilisateur du post trouvé avec le sélecteur \"a[href*=\"/\"][role=\"link\"]\" : khabirycom","timestamp":"9:29:03 AM"}
{"level":"\u001b[32minfo\u001b[39m","message":"Checking if post username \"khabirycom\" matches any target usernames in our database","timestamp":"9:29:03 AM"}
{"level":"\u001b[32minfo\u001b[39m","message":"No match found for post username \"khabirycom\" in our target list","timestamp":"9:29:03 AM"}
{"level":"\u001b[32minfo\u001b[39m","message":"Post username \"khabirycom\" is not in our target list. Skipping...","timestamp":"9:29:03 AM"}
{"level":"\u001b[32minfo\u001b[39m","message":"Processed post DMFUe5Jg-qz as fredbetanier (7/500)","timestamp":"9:29:03 AM"}
{"level":"\u001b[32minfo\u001b[39m","message":"Logged into Instagram as fredbetanier via cookies.","timestamp":"9:29:07 AM"}
{"level":"\u001b[32minfo\u001b[39m","message":"Nom d'utilisateur du post trouvé avec le sélecteur \"a[href*=\"/\"][role=\"link\"]\" : ericgm3","timestamp":"9:29:21 AM"}
{"level":"\u001b[32minfo\u001b[39m","message":"Checking if post username \"ericgm3\" matches any target usernames in our database","timestamp":"9:29:21 AM"}
{"level":"\u001b[32minfo\u001b[39m","message":"No match found for post username \"ericgm3\" in our target list","timestamp":"9:29:22 AM"}
{"level":"\u001b[32minfo\u001b[39m","message":"Post username \"ericgm3\" is not in our target list. Skipping...","timestamp":"9:29:22 AM"}
{"level":"\u001b[32minfo\u001b[39m","message":"Nom d'utilisateur du post trouvé avec le sélecteur \"a[href*=\"/\"][role=\"link\"]\" : superprof.fr","timestamp":"9:29:26 AM"}
{"level":"\u001b[32minfo\u001b[39m","message":"Checking if post username \"superprof.fr\" matches any target usernames in our database","timestamp":"9:29:26 AM"}
{"level":"\u001b[32minfo\u001b[39m","message":"No match found for post username \"superprof.fr\" in our target list","timestamp":"9:29:26 AM"}
{"level":"\u001b[32minfo\u001b[39m","message":"Post username \"superprof.fr\" is not in our target list. Skipping...","timestamp":"9:29:26 AM"}
{"level":"\u001b[32minfo\u001b[39m","message":"Nom d'utilisateur du post trouvé avec le sélecteur \"a[href*=\"/\"][role=\"link\"]\" : ericgm3","timestamp":"9:29:30 AM"}
{"level":"\u001b[32minfo\u001b[39m","message":"Checking if post username \"ericgm3\" matches any target usernames in our database","timestamp":"9:29:30 AM"}
{"level":"\u001b[32minfo\u001b[39m","message":"No match found for post username \"ericgm3\" in our target list","timestamp":"9:29:30 AM"}
{"level":"\u001b[32minfo\u001b[39m","message":"Post username \"ericgm3\" is not in our target list. Skipping...","timestamp":"9:29:30 AM"}
{"level":"\u001b[32minfo\u001b[39m","message":"Processed post DMVeo8EIGQp as fredbetanier (1/500)","timestamp":"9:29:30 AM"}
{"level":"\u001b[32minfo\u001b[39m","message":"Nom d'utilisateur du post trouvé avec le sélecteur \"a[href*=\"/\"][role=\"link\"]\" : superprof.fr","timestamp":"9:29:34 AM"}
{"level":"\u001b[32minfo\u001b[39m","message":"Checking if post username \"superprof.fr\" matches any target usernames in our database","timestamp":"9:29:34 AM"}
{"level":"\u001b[32minfo\u001b[39m","message":"No match found for post username \"superprof.fr\" in our target list","timestamp":"9:29:34 AM"}
{"level":"\u001b[32minfo\u001b[39m","message":"Post username \"superprof.fr\" is not in our target list. Skipping...","timestamp":"9:29:34 AM"}
{"level":"\u001b[32minfo\u001b[39m","message":"Processed post C71GcdWNWo_ as fredbetanier (8/500)","timestamp":"9:29:34 AM"}
{"level":"\u001b[32minfo\u001b[39m","message":"Nom d'utilisateur du post trouvé avec le sélecteur \"a[href*=\"/\"][role=\"link\"]\" : hormozi","timestamp":"9:29:40 AM"}
{"level":"\u001b[32minfo\u001b[39m","message":"Checking if post username \"hormozi\" matches any target usernames in our database","timestamp":"9:29:40 AM"}
{"level":"\u001b[32minfo\u001b[39m","message":"No match found for post username \"hormozi\" in our target list","timestamp":"9:29:40 AM"}
{"level":"\u001b[32minfo\u001b[39m","message":"Post username \"hormozi\" is not in our target list. Skipping...","timestamp":"9:29:40 AM"}
{"level":"\u001b[32minfo\u001b[39m","message":"Nom d'utilisateur du post trouvé avec le sélecteur \"a[href*=\"/\"][role=\"link\"]\" : hormozi","timestamp":"9:29:48 AM"}
{"level":"\u001b[32minfo\u001b[39m","message":"Checking if post username \"hormozi\" matches any target usernames in our database","timestamp":"9:29:48 AM"}
{"level":"\u001b[32minfo\u001b[39m","message":"No match found for post username \"hormozi\" in our target list","timestamp":"9:29:48 AM"}
{"level":"\u001b[32minfo\u001b[39m","message":"Post username \"hormozi\" is not in our target list. Skipping...","timestamp":"9:29:48 AM"}
{"level":"\u001b[32minfo\u001b[39m","message":"Processed post DMVduuyx3xg as fredbetanier (2/500)","timestamp":"9:29:48 AM"}
{"level":"\u001b[32minfo\u001b[39m","message":"Nom d'utilisateur du post trouvé avec le sélecteur \"a[href*=\"/\"][role=\"link\"]\" : aj.news_","timestamp":"9:29:56 AM"}
{"level":"\u001b[32minfo\u001b[39m","message":"Checking if post username \"aj.news_\" matches any target usernames in our database","timestamp":"9:29:56 AM"}
{"level":"\u001b[32minfo\u001b[39m","message":"No match found for post username \"aj.news_\" in our target list","timestamp":"9:29:56 AM"}
{"level":"\u001b[32minfo\u001b[39m","message":"Post username \"aj.news_\" is not in our target list. Skipping...","timestamp":"9:29:56 AM"}
{"level":"\u001b[32minfo\u001b[39m","message":"Nom d'utilisateur du post trouvé avec le sélecteur \"a[href*=\"/\"][role=\"link\"]\" : lajolie.marocaine","timestamp":"9:30:01 AM"}
{"level":"\u001b[32minfo\u001b[39m","message":"Checking if post username \"lajolie.marocaine\" matches any target usernames in our database","timestamp":"9:30:01 AM"}
{"level":"\u001b[32minfo\u001b[39m","message":"No match found for post username \"lajolie.marocaine\" in our target list","timestamp":"9:30:02 AM"}
{"level":"\u001b[32minfo\u001b[39m","message":"Post username \"lajolie.marocaine\" is not in our target list. Skipping...","timestamp":"9:30:02 AM"}
{"level":"\u001b[32minfo\u001b[39m","message":"Nom d'utilisateur du post trouvé avec le sélecteur \"a[href*=\"/\"][role=\"link\"]\" : aj.news_","timestamp":"9:30:04 AM"}
{"level":"\u001b[32minfo\u001b[39m","message":"Checking if post username \"aj.news_\" matches any target usernames in our database","timestamp":"9:30:04 AM"}
{"level":"\u001b[32minfo\u001b[39m","message":"No match found for post username \"aj.news_\" in our target list","timestamp":"9:30:04 AM"}
{"level":"\u001b[32minfo\u001b[39m","message":"Post username \"aj.news_\" is not in our target list. Skipping...","timestamp":"9:30:04 AM"}
{"level":"\u001b[32minfo\u001b[39m","message":"Processed post DJIYljsAE2p as fredbetanier (9/500)","timestamp":"9:30:04 AM"}
{"level":"\u001b[32minfo\u001b[39m","message":"Nom d'utilisateur du post trouvé avec le sélecteur \"a[href*=\"/\"][role=\"link\"]\" : lajolie.marocaine","timestamp":"9:30:09 AM"}
{"level":"\u001b[32minfo\u001b[39m","message":"Checking if post username \"lajolie.marocaine\" matches any target usernames in our database","timestamp":"9:30:09 AM"}
{"level":"\u001b[32minfo\u001b[39m","message":"No match found for post username \"lajolie.marocaine\" in our target list","timestamp":"9:30:09 AM"}
{"level":"\u001b[32minfo\u001b[39m","message":"Post username \"lajolie.marocaine\" is not in our target list. Skipping...","timestamp":"9:30:09 AM"}
{"level":"\u001b[32minfo\u001b[39m","message":"Processed post DFOpuRIA7KV as fredbetanier (3/500)","timestamp":"9:30:09 AM"}
{"level":"\u001b[32minfo\u001b[39m","message":"Nom d'utilisateur du post trouvé avec le sélecteur \"a[href*=\"/\"][role=\"link\"]\" : atomichabitsjamesclear","timestamp":"9:30:19 AM"}
{"level":"\u001b[32minfo\u001b[39m","message":"Checking if post username \"atomichabitsjamesclear\" matches any target usernames in our database","timestamp":"9:30:19 AM"}
{"level":"\u001b[32minfo\u001b[39m","message":"No match found for post username \"atomichabitsjamesclear\" in our target list","timestamp":"9:30:19 AM"}
{"level":"\u001b[32minfo\u001b[39m","message":"Post username \"atomichabitsjamesclear\" is not in our target list. Skipping...","timestamp":"9:30:19 AM"}
{"level":"\u001b[32minfo\u001b[39m","message":"Nom d'utilisateur du post trouvé avec le sélecteur \"a[href*=\"/\"][role=\"link\"]\" : selfreservation","timestamp":"9:30:24 AM"}
{"level":"\u001b[32minfo\u001b[39m","message":"Checking if post username \"selfreservation\" matches any target usernames in our database","timestamp":"9:30:24 AM"}
{"level":"\u001b[32minfo\u001b[39m","message":"No match found for post username \"selfreservation\" in our target list","timestamp":"9:30:24 AM"}
{"level":"\u001b[32minfo\u001b[39m","message":"Post username \"selfreservation\" is not in our target list. Skipping...","timestamp":"9:30:24 AM"}
{"level":"\u001b[32minfo\u001b[39m","message":"Nom d'utilisateur du post trouvé avec le sélecteur \"a[href*=\"/\"][role=\"link\"]\" : atomichabitsjamesclear","timestamp":"9:30:27 AM"}
{"level":"\u001b[32minfo\u001b[39m","message":"Checking if post username \"atomichabitsjamesclear\" matches any target usernames in our database","timestamp":"9:30:27 AM"}
{"level":"\u001b[32minfo\u001b[39m","message":"No match found for post username \"atomichabitsjamesclear\" in our target list","timestamp":"9:30:27 AM"}
{"level":"\u001b[32minfo\u001b[39m","message":"Post username \"atomichabitsjamesclear\" is not in our target list. Skipping...","timestamp":"9:30:27 AM"}
{"level":"\u001b[32minfo\u001b[39m","message":"Processed post DMSeJasCwxh as fredbetanier (4/500)","timestamp":"9:30:27 AM"}
{"level":"\u001b[32minfo\u001b[39m","message":"Nom d'utilisateur du post trouvé avec le sélecteur \"a[href*=\"/\"][role=\"link\"]\" : selfreservation","timestamp":"9:30:32 AM"}
{"level":"\u001b[32minfo\u001b[39m","message":"Checking if post username \"selfreservation\" matches any target usernames in our database","timestamp":"9:30:32 AM"}
{"level":"\u001b[32minfo\u001b[39m","message":"No match found for post username \"selfreservation\" in our target list","timestamp":"9:30:32 AM"}
{"level":"\u001b[32minfo\u001b[39m","message":"Post username \"selfreservation\" is not in our target list. Skipping...","timestamp":"9:30:32 AM"}
{"level":"\u001b[32minfo\u001b[39m","message":"Processed post DIYZa52sZ9_ as fredbetanier (10/500)","timestamp":"9:30:32 AM"}
{"level":"\u001b[32minfo\u001b[39m","message":"Nom d'utilisateur du post trouvé avec le sélecteur \"a[href*=\"/\"][role=\"link\"]\" : puresante.editions","timestamp":"9:30:51 AM"}
{"level":"\u001b[32minfo\u001b[39m","message":"Checking if post username \"puresante.editions\" matches any target usernames in our database","timestamp":"9:30:51 AM"}
{"level":"\u001b[32minfo\u001b[39m","message":"No match found for post username \"puresante.editions\" in our target list","timestamp":"9:30:51 AM"}
{"level":"\u001b[32minfo\u001b[39m","message":"Post username \"puresante.editions\" is not in our target list. Skipping...","timestamp":"9:30:51 AM"}
{"level":"\u001b[32minfo\u001b[39m","message":"Nom d'utilisateur du post trouvé avec le sélecteur \"a[href*=\"/\"][role=\"link\"]\" : fcbarcelona","timestamp":"9:30:57 AM"}
{"level":"\u001b[32minfo\u001b[39m","message":"Checking if post username \"fcbarcelona\" matches any target usernames in our database","timestamp":"9:30:57 AM"}
{"level":"\u001b[32minfo\u001b[39m","message":"No match found for post username \"fcbarcelona\" in our target list","timestamp":"9:30:57 AM"}
{"level":"\u001b[32minfo\u001b[39m","message":"Post username \"fcbarcelona\" is not in our target list. Skipping...","timestamp":"9:30:57 AM"}
{"level":"\u001b[32minfo\u001b[39m","message":"Nom d'utilisateur du post trouvé avec le sélecteur \"a[href*=\"/\"][role=\"link\"]\" : puresante.editions","timestamp":"9:30:58 AM"}
{"level":"\u001b[32minfo\u001b[39m","message":"Checking if post username \"puresante.editions\" matches any target usernames in our database","timestamp":"9:30:58 AM"}
{"level":"\u001b[32minfo\u001b[39m","message":"No match found for post username \"puresante.editions\" in our target list","timestamp":"9:30:58 AM"}
{"level":"\u001b[32minfo\u001b[39m","message":"Post username \"puresante.editions\" is not in our target list. Skipping...","timestamp":"9:30:58 AM"}
{"level":"\u001b[32minfo\u001b[39m","message":"Processed post DLmcJfkMyv6 as fredbetanier (5/500)","timestamp":"9:30:58 AM"}
{"level":"\u001b[32minfo\u001b[39m","message":"Nom d'utilisateur du post trouvé avec le sélecteur \"a[href*=\"/\"][role=\"link\"]\" : fcbarcelona","timestamp":"9:31:05 AM"}
{"level":"\u001b[32minfo\u001b[39m","message":"Checking if post username \"fcbarcelona\" matches any target usernames in our database","timestamp":"9:31:05 AM"}
{"level":"\u001b[32minfo\u001b[39m","message":"No match found for post username \"fcbarcelona\" in our target list","timestamp":"9:31:05 AM"}
{"level":"\u001b[32minfo\u001b[39m","message":"Post username \"fcbarcelona\" is not in our target list. Skipping...","timestamp":"9:31:05 AM"}
{"level":"\u001b[32minfo\u001b[39m","message":"Processed post DMVDRqkMjpv as fredbetanier (11/500)","timestamp":"9:31:05 AM"}
{"level":"\u001b[32minfo\u001b[39m","message":"Nom d'utilisateur du post trouvé avec le sélecteur \"a[href*=\"/\"][role=\"link\"]\" : energetischhuis","timestamp":"9:31:17 AM"}
{"level":"\u001b[32minfo\u001b[39m","message":"Checking if post username \"energetischhuis\" matches any target usernames in our database","timestamp":"9:31:17 AM"}
{"level":"\u001b[32minfo\u001b[39m","message":"No match found for post username \"energetischhuis\" in our target list","timestamp":"9:31:17 AM"}
{"level":"\u001b[32minfo\u001b[39m","message":"Post username \"energetischhuis\" is not in our target list. Skipping...","timestamp":"9:31:17 AM"}
{"level":"\u001b[32minfo\u001b[39m","message":"Nom d'utilisateur du post trouvé avec le sélecteur \"a[href*=\"/\"][role=\"link\"]\" : leilahormozi","timestamp":"9:31:23 AM"}
{"level":"\u001b[32minfo\u001b[39m","message":"Checking if post username \"leilahormozi\" matches any target usernames in our database","timestamp":"9:31:23 AM"}
{"level":"\u001b[32minfo\u001b[39m","message":"No match found for post username \"leilahormozi\" in our target list","timestamp":"9:31:23 AM"}
{"level":"\u001b[32minfo\u001b[39m","message":"Post username \"leilahormozi\" is not in our target list. Skipping...","timestamp":"9:31:23 AM"}
{"level":"\u001b[32minfo\u001b[39m","message":"Nom d'utilisateur du post trouvé avec le sélecteur \"a[href*=\"/\"][role=\"link\"]\" : energetischhuis","timestamp":"9:31:25 AM"}
{"level":"\u001b[32minfo\u001b[39m","message":"Checking if post username \"energetischhuis\" matches any target usernames in our database","timestamp":"9:31:25 AM"}
{"level":"\u001b[32minfo\u001b[39m","message":"No match found for post username \"energetischhuis\" in our target list","timestamp":"9:31:25 AM"}
{"level":"\u001b[32minfo\u001b[39m","message":"Post username \"energetischhuis\" is not in our target list. Skipping...","timestamp":"9:31:25 AM"}
{"level":"\u001b[32minfo\u001b[39m","message":"Processed post DCtdOSkgYK8 as fredbetanier (12/500)","timestamp":"9:31:25 AM"}
{"level":"\u001b[32minfo\u001b[39m","message":"Nom d'utilisateur du post trouvé avec le sélecteur \"a[href*=\"/\"][role=\"link\"]\" : leilahormozi","timestamp":"9:31:31 AM"}
{"level":"\u001b[32minfo\u001b[39m","message":"Checking if post username \"leilahormozi\" matches any target usernames in our database","timestamp":"9:31:31 AM"}
{"level":"\u001b[32minfo\u001b[39m","message":"No match found for post username \"leilahormozi\" in our target list","timestamp":"9:31:31 AM"}
{"level":"\u001b[32minfo\u001b[39m","message":"Post username \"leilahormozi\" is not in our target list. Skipping...","timestamp":"9:31:31 AM"}
{"level":"\u001b[32minfo\u001b[39m","message":"Processed post DMTUeuXxq7C as fredbetanier (6/500)","timestamp":"9:31:31 AM"}
{"level":"\u001b[32minfo\u001b[39m","message":"No more 'processing' comments for this user. Waiting 2 minutes...","timestamp":"9:31:32 AM"}
{"level":"\u001b[32minfo\u001b[39m","message":"No more 'processing' comments for this user. Waiting 2 minutes...","timestamp":"9:31:38 AM"}
{"level":"\u001b[32minfo\u001b[39m","message":"Nom d'utilisateur du post trouvé avec le sélecteur \"a[href*=\"/\"][role=\"link\"]\" : fcbarcelona","timestamp":"9:31:42 AM"}
{"level":"\u001b[32minfo\u001b[39m","message":"Checking if post username \"fcbarcelona\" matches any target usernames in our database","timestamp":"9:31:42 AM"}
{"level":"\u001b[32minfo\u001b[39m","message":"No match found for post username \"fcbarcelona\" in our target list","timestamp":"9:31:42 AM"}
{"level":"\u001b[32minfo\u001b[39m","message":"Post username \"fcbarcelona\" is not in our target list. Skipping...","timestamp":"9:31:42 AM"}
{"level":"\u001b[32minfo\u001b[39m","message":"Nom d'utilisateur du post trouvé avec le sélecteur \"a[href*=\"/\"][role=\"link\"]\" : zoomtech.ma","timestamp":"9:31:45 AM"}
{"level":"\u001b[32minfo\u001b[39m","message":"Checking if post username \"zoomtech.ma\" matches any target usernames in our database","timestamp":"9:31:45 AM"}
{"level":"\u001b[32minfo\u001b[39m","message":"No match found for post username \"zoomtech.ma\" in our target list","timestamp":"9:31:45 AM"}
{"level":"\u001b[32minfo\u001b[39m","message":"Post username \"zoomtech.ma\" is not in our target list. Skipping...","timestamp":"9:31:45 AM"}
{"level":"\u001b[32minfo\u001b[39m","message":"Nom d'utilisateur du post trouvé avec le sélecteur \"a[href*=\"/\"][role=\"link\"]\" : fcbarcelona","timestamp":"9:31:50 AM"}
{"level":"\u001b[32minfo\u001b[39m","message":"Checking if post username \"fcbarcelona\" matches any target usernames in our database","timestamp":"9:31:50 AM"}
{"level":"\u001b[32minfo\u001b[39m","message":"No match found for post username \"fcbarcelona\" in our target list","timestamp":"9:31:50 AM"}
{"level":"\u001b[32minfo\u001b[39m","message":"Post username \"fcbarcelona\" is not in our target list. Skipping...","timestamp":"9:31:50 AM"}
{"level":"\u001b[32minfo\u001b[39m","message":"Processed post DMVDRqkMjpv as fredbetanier (7/500)","timestamp":"9:31:50 AM"}
{"level":"\u001b[32minfo\u001b[39m","message":"Nom d'utilisateur du post trouvé avec le sélecteur \"a[href*=\"/\"][role=\"link\"]\" : zoomtech.ma","timestamp":"9:31:51 AM"}
{"level":"\u001b[32minfo\u001b[39m","message":"Checking if post username \"zoomtech.ma\" matches any target usernames in our database","timestamp":"9:31:51 AM"}
{"level":"\u001b[32minfo\u001b[39m","message":"No match found for post username \"zoomtech.ma\" in our target list","timestamp":"9:31:52 AM"}
{"level":"\u001b[32minfo\u001b[39m","message":"Post username \"zoomtech.ma\" is not in our target list. Skipping...","timestamp":"9:31:52 AM"}
{"level":"\u001b[32minfo\u001b[39m","message":"Processed post DMQMnPFMaBC as fredbetanier (13/500)","timestamp":"9:31:52 AM"}
{"level":"\u001b[32minfo\u001b[39m","message":"Nom d'utilisateur du post trouvé avec le sélecteur \"a[href*=\"/\"][role=\"link\"]\" : shipdayinc","timestamp":"9:32:10 AM"}
{"level":"\u001b[32minfo\u001b[39m","message":"Checking if post username \"shipdayinc\" matches any target usernames in our database","timestamp":"9:32:10 AM"}
{"level":"\u001b[32minfo\u001b[39m","message":"No match found for post username \"shipdayinc\" in our target list","timestamp":"9:32:10 AM"}
{"level":"\u001b[32minfo\u001b[39m","message":"Post username \"shipdayinc\" is not in our target list. Skipping...","timestamp":"9:32:10 AM"}
{"level":"\u001b[32minfo\u001b[39m","message":"Nom d'utilisateur du post trouvé avec le sélecteur \"a[href*=\"/\"][role=\"link\"]\" : kittldesign","timestamp":"9:32:11 AM"}
{"level":"\u001b[32minfo\u001b[39m","message":"Checking if post username \"kittldesign\" matches any target usernames in our database","timestamp":"9:32:11 AM"}
{"level":"\u001b[32minfo\u001b[39m","message":"No match found for post username \"kittldesign\" in our target list","timestamp":"9:32:11 AM"}
{"level":"\u001b[32minfo\u001b[39m","message":"Post username \"kittldesign\" is not in our target list. Skipping...","timestamp":"9:32:11 AM"}
{"level":"\u001b[32minfo\u001b[39m","message":"Nom d'utilisateur du post trouvé avec le sélecteur \"a[href*=\"/\"][role=\"link\"]\" : shipdayinc","timestamp":"9:32:17 AM"}
{"level":"\u001b[32minfo\u001b[39m","message":"Checking if post username \"shipdayinc\" matches any target usernames in our database","timestamp":"9:32:17 AM"}
{"level":"\u001b[32minfo\u001b[39m","message":"No match found for post username \"shipdayinc\" in our target list","timestamp":"9:32:17 AM"}
{"level":"\u001b[32minfo\u001b[39m","message":"Post username \"shipdayinc\" is not in our target list. Skipping...","timestamp":"9:32:17 AM"}
{"level":"\u001b[32minfo\u001b[39m","message":"Processed post DLIpAH-gbcv as fredbetanier (8/500)","timestamp":"9:32:17 AM"}
{"level":"\u001b[32minfo\u001b[39m","message":"Nom d'utilisateur du post trouvé avec le sélecteur \"a[href*=\"/\"][role=\"link\"]\" : kittldesign","timestamp":"9:32:19 AM"}
{"level":"\u001b[32minfo\u001b[39m","message":"Checking if post username \"kittldesign\" matches any target usernames in our database","timestamp":"9:32:19 AM"}
{"level":"\u001b[32minfo\u001b[39m","message":"No match found for post username \"kittldesign\" in our target list","timestamp":"9:32:19 AM"}
{"level":"\u001b[32minfo\u001b[39m","message":"Post username \"kittldesign\" is not in our target list. Skipping...","timestamp":"9:32:19 AM"}
{"level":"\u001b[32minfo\u001b[39m","message":"Processed post DMHkcSBgcCH as fredbetanier (14/500)","timestamp":"9:32:19 AM"}
{"level":"\u001b[32minfo\u001b[39m","message":"No new posts, scrolling...","timestamp":"9:32:34 AM"}
{"level":"\u001b[32minfo\u001b[39m","message":"Nom d'utilisateur du post trouvé avec le sélecteur \"a[href*=\"/\"][role=\"link\"]\" : broadwayinstitute","timestamp":"9:32:38 AM"}
{"level":"\u001b[32minfo\u001b[39m","message":"Checking if post username \"broadwayinstitute\" matches any target usernames in our database","timestamp":"9:32:38 AM"}
{"level":"\u001b[32minfo\u001b[39m","message":"No match found for post username \"broadwayinstitute\" in our target list","timestamp":"9:32:38 AM"}
{"level":"\u001b[32minfo\u001b[39m","message":"Post username \"broadwayinstitute\" is not in our target list. Skipping...","timestamp":"9:32:38 AM"}
{"level":"\u001b[32minfo\u001b[39m","message":"Nom d'utilisateur du post trouvé avec le sélecteur \"a[href*=\"/\"][role=\"link\"]\" : broadwayinstitute","timestamp":"9:32:45 AM"}
{"level":"\u001b[32minfo\u001b[39m","message":"Checking if post username \"broadwayinstitute\" matches any target usernames in our database","timestamp":"9:32:45 AM"}
{"level":"\u001b[32minfo\u001b[39m","message":"No match found for post username \"broadwayinstitute\" in our target list","timestamp":"9:32:45 AM"}
{"level":"\u001b[32minfo\u001b[39m","message":"Post username \"broadwayinstitute\" is not in our target list. Skipping...","timestamp":"9:32:45 AM"}
{"level":"\u001b[32minfo\u001b[39m","message":"Processed post DL8lfwfAtiN as fredbetanier (9/500)","timestamp":"9:32:45 AM"}
{"level":"\u001b[32minfo\u001b[39m","message":"Nom d'utilisateur du post trouvé avec le sélecteur \"a[href*=\"/\"][role=\"link\"]\" : rase.lkhit","timestamp":"9:32:50 AM"}
{"level":"\u001b[32minfo\u001b[39m","message":"Checking if post username \"rase.lkhit\" matches any target usernames in our database","timestamp":"9:32:50 AM"}
{"level":"\u001b[32minfo\u001b[39m","message":"No match found for post username \"rase.lkhit\" in our target list","timestamp":"9:32:50 AM"}
{"level":"\u001b[32minfo\u001b[39m","message":"Post username \"rase.lkhit\" is not in our target list. Skipping...","timestamp":"9:32:50 AM"}
{"level":"\u001b[32minfo\u001b[39m","message":"Nom d'utilisateur du post trouvé avec le sélecteur \"a[href*=\"/\"][role=\"link\"]\" : rase.lkhit","timestamp":"9:32:59 AM"}
{"level":"\u001b[32minfo\u001b[39m","message":"Checking if post username \"rase.lkhit\" matches any target usernames in our database","timestamp":"9:32:59 AM"}
{"level":"\u001b[32minfo\u001b[39m","message":"No match found for post username \"rase.lkhit\" in our target list","timestamp":"9:32:59 AM"}
{"level":"\u001b[32minfo\u001b[39m","message":"Post username \"rase.lkhit\" is not in our target list. Skipping...","timestamp":"9:32:59 AM"}
{"level":"\u001b[32minfo\u001b[39m","message":"Processed post C_e7wc-M1Jh as fredbetanier (15/500)","timestamp":"9:32:59 AM"}
{"level":"\u001b[32minfo\u001b[39m","message":"Nom d'utilisateur du post trouvé avec le sélecteur \"a[href*=\"/\"][role=\"link\"]\" : jordan.b.peterson","timestamp":"9:33:07 AM"}
{"level":"\u001b[32minfo\u001b[39m","message":"Checking if post username \"jordan.b.peterson\" matches any target usernames in our database","timestamp":"9:33:07 AM"}
{"level":"\u001b[32minfo\u001b[39m","message":"No match found for post username \"jordan.b.peterson\" in our target list","timestamp":"9:33:07 AM"}
{"level":"\u001b[32minfo\u001b[39m","message":"Post username \"jordan.b.peterson\" is not in our target list. Skipping...","timestamp":"9:33:07 AM"}
{"level":"\u001b[32minfo\u001b[39m","message":"Nom d'utilisateur du post trouvé avec le sélecteur \"a[href*=\"/\"][role=\"link\"]\" : jordan.b.peterson","timestamp":"9:33:14 AM"}
{"level":"\u001b[32minfo\u001b[39m","message":"Checking if post username \"jordan.b.peterson\" matches any target usernames in our database","timestamp":"9:33:14 AM"}
{"level":"\u001b[32minfo\u001b[39m","message":"No match found for post username \"jordan.b.peterson\" in our target list","timestamp":"9:33:14 AM"}
{"level":"\u001b[32minfo\u001b[39m","message":"Post username \"jordan.b.peterson\" is not in our target list. Skipping...","timestamp":"9:33:14 AM"}
{"level":"\u001b[32minfo\u001b[39m","message":"Processed post C9NI8HkAtOQ as fredbetanier (10/500)","timestamp":"9:33:14 AM"}
{"level":"\u001b[32minfo\u001b[39m","message":"Nom d'utilisateur du post trouvé avec le sélecteur \"a[href*=\"/\"][role=\"link\"]\" : atomichabitsjamesclear","timestamp":"9:33:19 AM"}
{"level":"\u001b[32minfo\u001b[39m","message":"Checking if post username \"atomichabitsjamesclear\" matches any target usernames in our database","timestamp":"9:33:19 AM"}
{"level":"\u001b[32minfo\u001b[39m","message":"No match found for post username \"atomichabitsjamesclear\" in our target list","timestamp":"9:33:19 AM"}
{"level":"\u001b[32minfo\u001b[39m","message":"Post username \"atomichabitsjamesclear\" is not in our target list. Skipping...","timestamp":"9:33:19 AM"}
{"level":"\u001b[32minfo\u001b[39m","message":"Nom d'utilisateur du post trouvé avec le sélecteur \"a[href*=\"/\"][role=\"link\"]\" : hormozi","timestamp":"9:33:27 AM"}
{"level":"\u001b[32minfo\u001b[39m","message":"Checking if post username \"hormozi\" matches any target usernames in our database","timestamp":"9:33:27 AM"}
{"level":"\u001b[32minfo\u001b[39m","message":"No match found for post username \"hormozi\" in our target list","timestamp":"9:33:27 AM"}
{"level":"\u001b[32minfo\u001b[39m","message":"Post username \"hormozi\" is not in our target list. Skipping...","timestamp":"9:33:27 AM"}
{"level":"\u001b[32minfo\u001b[39m","message":"Nom d'utilisateur du post trouvé avec le sélecteur \"a[href*=\"/\"][role=\"link\"]\" : atomichabitsjamesclear","timestamp":"9:33:28 AM"}
{"level":"\u001b[32minfo\u001b[39m","message":"Checking if post username \"atomichabitsjamesclear\" matches any target usernames in our database","timestamp":"9:33:28 AM"}
{"level":"\u001b[32minfo\u001b[39m","message":"No match found for post username \"atomichabitsjamesclear\" in our target list","timestamp":"9:33:28 AM"}
{"level":"\u001b[32minfo\u001b[39m","message":"Post username \"atomichabitsjamesclear\" is not in our target list. Skipping...","timestamp":"9:33:28 AM"}
{"level":"\u001b[32minfo\u001b[39m","message":"Processed post DMXFXpgRumk as fredbetanier (16/500)","timestamp":"9:33:28 AM"}
