{"level":"\u001b[32minfo\u001b[39m","message":"Connected to MongoDB","timestamp":"11:32:25 AM"}
{"level":"\u001b[32minfo\u001b[39m","message":"Connected to MongoDB","timestamp":"11:32:25 AM"}
{"level":"\u001b[32minfo\u001b[39m","message":"Server running on port 3445","timestamp":"11:32:25 AM"}
{"level":"\u001b[32minfo\u001b[39m","message":"Instagram username already exists for user 683720529b99dc1e616b574d: majesty___jewelry","timestamp":"11:36:32 AM"}
{"level":"\u001b[32minfo\u001b[39m","message":"Started proxy server for majesty___jewelry on port 5371","timestamp":"11:36:35 AM"}
{"level":"\u001b[32minfo\u001b[39m","message":"Navigating to Instagram homepage for majesty___jewelry...","timestamp":"11:36:35 AM"}
{"level":"\u001b[32minfo\u001b[39m","message":"Applying cookies for majesty___jewelry...","timestamp":"11:36:37 AM"}
{"level":"\u001b[32minfo\u001b[39m","message":"Cookies applied successfully for majesty___jewelry","timestamp":"11:36:37 AM"}
{"level":"\u001b[32minfo\u001b[39m","message":"Logged into Instagram as majesty___jewelry via cookies.","timestamp":"11:36:45 AM"}
{"level":"\u001b[32minfo\u001b[39m","message":"No more 'processing' comments for this user. Waiting 2 minutes...","timestamp":"11:36:45 AM"}
{"level":"\u001b[32minfo\u001b[39m","message":"Connexion détectée (lien de messagerie présent).","timestamp":"11:37:28 AM"}
{"level":"\u001b[32minfo\u001b[39m","message":"Cookies Instagram sauvegardés en base de données pour l'utilisateur majesty___jewelry.","timestamp":"11:37:28 AM"}
{"level":"\u001b[34mdebug\u001b[39m","message":"Résultat de l'opération DB: 1 document(s) modifié(s), 0 document(s) créé(s).","timestamp":"11:37:28 AM"}
{"level":"\u001b[32minfo\u001b[39m","message":"Started proxy server for majesty___jewelry on port 6029","timestamp":"11:37:29 AM"}
{"level":"\u001b[32minfo\u001b[39m","message":"Navigating to Instagram homepage for majesty___jewelry...","timestamp":"11:37:29 AM"}
{"level":"\u001b[32minfo\u001b[39m","message":"Applying cookies for majesty___jewelry...","timestamp":"11:37:31 AM"}
{"level":"\u001b[32minfo\u001b[39m","message":"Cookies applied successfully for majesty___jewelry","timestamp":"11:37:31 AM"}
{"level":"\u001b[32minfo\u001b[39m","message":"Logged into Instagram as majesty___jewelry via cookies.","timestamp":"11:37:34 AM"}
{"level":"\u001b[32minfo\u001b[39m","message":"Nom d'utilisateur du post trouvé avec le sélecteur \"a[href*=\"/\"][role=\"link\"]\" : bloombergbusiness","timestamp":"11:37:47 AM"}
{"level":"\u001b[32minfo\u001b[39m","message":"Checking if post username \"bloombergbusiness\" matches any target usernames in our database","timestamp":"11:37:47 AM"}
{"level":"\u001b[32minfo\u001b[39m","message":"Found a match! Post username \"bloombergbusiness\" is in our target list","timestamp":"11:37:47 AM"}
{"level":"\u001b[32minfo\u001b[39m","message":"Post username \"bloombergbusiness\" is in our target list. Proceeding...","timestamp":"11:37:47 AM"}
{"level":"\u001b[32minfo\u001b[39m","message":"Connected to MongoDB","timestamp":"11:42:35 AM"}
{"level":"\u001b[32minfo\u001b[39m","message":"Connected to MongoDB","timestamp":"11:42:35 AM"}
{"level":"\u001b[32minfo\u001b[39m","message":"Server running on port 3445","timestamp":"11:42:35 AM"}
{"level":"\u001b[32minfo\u001b[39m","message":"Instagram username already exists for user 683720529b99dc1e616b574d: majesty___jewelry","timestamp":"11:43:28 AM"}
{"level":"\u001b[32minfo\u001b[39m","message":"Started proxy server for majesty___jewelry on port 5643","timestamp":"11:43:29 AM"}
{"level":"\u001b[32minfo\u001b[39m","message":"Navigating to Instagram homepage for majesty___jewelry...","timestamp":"11:43:29 AM"}
{"level":"\u001b[32minfo\u001b[39m","message":"Applying cookies for majesty___jewelry...","timestamp":"11:43:31 AM"}
{"level":"\u001b[32minfo\u001b[39m","message":"Cookies applied successfully for majesty___jewelry","timestamp":"11:43:31 AM"}
{"level":"\u001b[32minfo\u001b[39m","message":"Logged into Instagram as majesty___jewelry via cookies.","timestamp":"11:43:35 AM"}
{"level":"\u001b[32minfo\u001b[39m","message":"No more 'processing' comments for this user. Waiting 2 minutes...","timestamp":"11:43:35 AM"}
{"level":"\u001b[32minfo\u001b[39m","message":"No more 'processing' comments for this user. Waiting 2 minutes...","timestamp":"11:46:35 AM"}
{"level":"\u001b[32minfo\u001b[39m","message":"Connected to MongoDB","timestamp":"11:49:40 AM"}
{"level":"\u001b[32minfo\u001b[39m","message":"Connected to MongoDB","timestamp":"11:49:41 AM"}
{"level":"\u001b[32minfo\u001b[39m","message":"Server running on port 3445","timestamp":"11:49:41 AM"}
{"level":"\u001b[32minfo\u001b[39m","message":"Instagram username already exists for user 683720529b99dc1e616b574d: majesty___jewelry","timestamp":"11:49:51 AM"}
{"level":"\u001b[32minfo\u001b[39m","message":"Started proxy server for majesty___jewelry on port 6305","timestamp":"11:49:52 AM"}
{"level":"\u001b[32minfo\u001b[39m","message":"Navigating to Instagram homepage for majesty___jewelry...","timestamp":"11:49:52 AM"}
{"level":"\u001b[32minfo\u001b[39m","message":"Applying cookies for majesty___jewelry...","timestamp":"11:49:54 AM"}
{"level":"\u001b[32minfo\u001b[39m","message":"Cookies applied successfully for majesty___jewelry","timestamp":"11:49:54 AM"}
{"level":"\u001b[32minfo\u001b[39m","message":"Logged into Instagram as majesty___jewelry via cookies.","timestamp":"11:49:59 AM"}
{"level":"\u001b[32minfo\u001b[39m","message":"No more 'processing' comments for this user. Waiting 2 minutes...","timestamp":"11:49:59 AM"}
{"level":"\u001b[32minfo\u001b[39m","message":"Connected to MongoDB","timestamp":"11:51:52 AM"}
{"level":"\u001b[32minfo\u001b[39m","message":"Connected to MongoDB","timestamp":"11:51:52 AM"}
{"level":"\u001b[32minfo\u001b[39m","message":"Server running on port 3445","timestamp":"11:51:52 AM"}
{"level":"\u001b[32minfo\u001b[39m","message":"Instagram username already exists for user 683720529b99dc1e616b574d: majesty___jewelry","timestamp":"11:52:01 AM"}
{"level":"\u001b[32minfo\u001b[39m","message":"Connected to MongoDB","timestamp":"11:54:15 AM"}
{"level":"\u001b[32minfo\u001b[39m","message":"Connected to MongoDB","timestamp":"11:54:15 AM"}
{"level":"\u001b[32minfo\u001b[39m","message":"Server running on port 3445","timestamp":"11:54:15 AM"}
{"level":"\u001b[32minfo\u001b[39m","message":"Instagram username already exists for user 683720529b99dc1e616b574d: majesty___jewelry","timestamp":"11:54:24 AM"}
{"level":"\u001b[32minfo\u001b[39m","message":"Connected to MongoDB","timestamp":"12:11:59 PM"}
{"level":"\u001b[32minfo\u001b[39m","message":"Connected to MongoDB","timestamp":"12:11:59 PM"}
{"level":"\u001b[32minfo\u001b[39m","message":"Server running on port 3445","timestamp":"12:11:59 PM"}
{"level":"\u001b[32minfo\u001b[39m","message":"Instagram username already exists for user 683720529b99dc1e616b574d: majesty___jewelry","timestamp":"12:12:17 PM"}
{"level":"\u001b[32minfo\u001b[39m","maxPort":7000,"message":"Starting comment analysis for username: majesty___jewelry","minPort":6000,"timestamp":"12:12:17 PM"}
{"level":"\u001b[32minfo\u001b[39m","message":"(analysis) Proxy listening on 6243","timestamp":"12:12:17 PM"}
{"level":"\u001b[32minfo\u001b[39m","message":"(analysis) Logged in as majesty___jewelry","timestamp":"12:12:25 PM"}
{"level":"\u001b[32minfo\u001b[39m","message":"(analysis) Inspecting posted comment 683724899b99dc1e616b575b @ https://www.instagram.com/p/DKKo6gtS_hE/","timestamp":"12:12:25 PM"}
{"level":"\u001b[32minfo\u001b[39m","message":"(analysis) Updated 683724899b99dc1e616b575b with likes=532, replies=30","timestamp":"12:12:46 PM"}
{"level":"\u001b[32minfo\u001b[39m","message":"(analysis) Waiting 67476 ms before next item...","timestamp":"12:12:46 PM"}
{"level":"\u001b[32minfo\u001b[39m","message":"(analysis) Inspecting posted comment 68387112e794c6db21715e6a @ https://www.instagram.com/p/DKPXDzUN2ox/","timestamp":"12:13:54 PM"}
{"level":"\u001b[33mwarn\u001b[39m","message":"(analysis) Attempt 1 failed for 68387112e794c6db21715e6a: Could not locate your posted comment (username=majesty___jewelry) on this post","timestamp":"12:14:13 PM"}
{"level":"\u001b[32minfo\u001b[39m","message":"(analysis) retrying in 60428 ms","timestamp":"12:14:13 PM"}
{"level":"\u001b[32minfo\u001b[39m","message":"Connected to MongoDB","timestamp":"4:03:01 PM"}
{"level":"\u001b[32minfo\u001b[39m","message":"Connected to MongoDB","timestamp":"4:03:01 PM"}
{"level":"\u001b[32minfo\u001b[39m","message":"Server running on port 3445","timestamp":"4:03:01 PM"}
{"level":"\u001b[32minfo\u001b[39m","message":"Instagram username already exists for user 683720529b99dc1e616b574d: majesty___jewelry","timestamp":"4:03:17 PM"}
{"level":"\u001b[32minfo\u001b[39m","maxPort":7000,"message":"Starting comment analysis for username: majesty___jewelry","minPort":6000,"timestamp":"4:03:17 PM"}
{"level":"\u001b[32minfo\u001b[39m","message":"(analysis) Proxy listening on 6847","timestamp":"4:03:17 PM"}
{"level":"\u001b[32minfo\u001b[39m","message":"(analysis) Logged in as majesty___jewelry","timestamp":"4:03:25 PM"}
{"level":"\u001b[32minfo\u001b[39m","message":"(analysis) Inspecting posted comment 68387112e794c6db21715e6a @ https://www.instagram.com/p/DKPXDzUN2ox/ for user majesty___jewelry","timestamp":"4:03:25 PM"}
{"level":"\u001b[33mwarn\u001b[39m","message":"(analysis) Attempt 1 failed for 68387112e794c6db21715e6a: Could not locate posted comment for majesty___jewelry: \"Musk unleashes AI beast on Telegram\" on https://www.instagram.com/p/DKPXDzUN2ox/. Could not find comment for majesty___jewelry: \"Musk unleashes AI beast on Telegram\"","timestamp":"4:03:45 PM"}
{"level":"\u001b[32minfo\u001b[39m","message":"(analysis) retrying in 77285 ms","timestamp":"4:03:45 PM"}
{"level":"\u001b[33mwarn\u001b[39m","message":"(analysis) Attempt 2 failed for 68387112e794c6db21715e6a: Could not locate posted comment for majesty___jewelry: \"Musk unleashes AI beast on Telegram\" on https://www.instagram.com/p/DKPXDzUN2ox/. Could not find comment for majesty___jewelry: \"Musk unleashes AI beast on Telegram\"","timestamp":"4:05:23 PM"}
{"level":"\u001b[32minfo\u001b[39m","message":"(analysis) retrying in 93704 ms","timestamp":"4:05:23 PM"}
{"level":"\u001b[33mwarn\u001b[39m","message":"(analysis) Attempt 3 failed for 68387112e794c6db21715e6a: Could not locate posted comment for majesty___jewelry: \"Musk unleashes AI beast on Telegram\" on https://www.instagram.com/p/DKPXDzUN2ox/. Could not find comment for majesty___jewelry: \"Musk unleashes AI beast on Telegram\"","timestamp":"4:07:17 PM"}
{"level":"\u001b[32minfo\u001b[39m","message":"(analysis) Waiting 83803 ms before next item...","timestamp":"4:07:17 PM"}
{"level":"\u001b[32minfo\u001b[39m","message":"(analysis) Inspecting posted comment 6838747fe794c6db21715e70 @ https://www.instagram.com/p/DKNfsKkRG-n/ for user majesty___jewelry","timestamp":"4:08:41 PM"}
{"level":"\u001b[33mwarn\u001b[39m","message":"(analysis) Attempt 1 failed for 6838747fe794c6db21715e70: Could not locate posted comment for majesty___jewelry: \"Break free with Daily Ontra starting June 1\" on https://www.instagram.com/p/DKNfsKkRG-n/. Could not find comment for majesty___jewelry: \"Break free with Daily Ontra starting June 1\"","timestamp":"4:09:04 PM"}
{"level":"\u001b[32minfo\u001b[39m","message":"(analysis) retrying in 44826 ms","timestamp":"4:09:04 PM"}
{"level":"\u001b[33mwarn\u001b[39m","message":"(analysis) Attempt 2 failed for 6838747fe794c6db21715e70: Could not locate posted comment for majesty___jewelry: \"Break free with Daily Ontra starting June 1\" on https://www.instagram.com/p/DKNfsKkRG-n/. Could not find comment for majesty___jewelry: \"Break free with Daily Ontra starting June 1\"","timestamp":"4:10:10 PM"}
{"level":"\u001b[32minfo\u001b[39m","message":"(analysis) retrying in 33824 ms","timestamp":"4:10:10 PM"}
{"level":"\u001b[33mwarn\u001b[39m","message":"(analysis) Attempt 3 failed for 6838747fe794c6db21715e70: Could not locate posted comment for majesty___jewelry: \"Break free with Daily Ontra starting June 1\" on https://www.instagram.com/p/DKNfsKkRG-n/. Could not find comment for majesty___jewelry: \"Break free with Daily Ontra starting June 1\"","timestamp":"4:11:06 PM"}
{"level":"\u001b[32minfo\u001b[39m","message":"(analysis) Waiting 86717 ms before next item...","timestamp":"4:11:06 PM"}
{"level":"\u001b[32minfo\u001b[39m","message":"(analysis) Inspecting posted comment 683987a07a5ecbaae2dff89e @ https://www.instagram.com/p/DKMd5MBJ6Ym/ for user majesty___jewelry","timestamp":"4:12:33 PM"}
{"level":"\u001b[33mwarn\u001b[39m","message":"(analysis) Attempt 1 failed for 683987a07a5ecbaae2dff89e: Could not locate posted comment for majesty___jewelry: \"Let's ditch the mystery ingredients!\" on https://www.instagram.com/p/DKMd5MBJ6Ym/. Could not find comment for majesty___jewelry: \"Let's ditch the mystery ingredients!\"","timestamp":"4:12:57 PM"}
{"level":"\u001b[32minfo\u001b[39m","message":"(analysis) retrying in 78896 ms","timestamp":"4:12:57 PM"}
{"level":"\u001b[33mwarn\u001b[39m","message":"(analysis) Attempt 2 failed for 683987a07a5ecbaae2dff89e: Could not locate posted comment for majesty___jewelry: \"Let's ditch the mystery ingredients!\" on https://www.instagram.com/p/DKMd5MBJ6Ym/. Could not find comment for majesty___jewelry: \"Let's ditch the mystery ingredients!\"","timestamp":"4:14:37 PM"}
{"level":"\u001b[32minfo\u001b[39m","message":"(analysis) retrying in 69499 ms","timestamp":"4:14:37 PM"}
{"level":"\u001b[33mwarn\u001b[39m","message":"(analysis) Attempt 3 failed for 683987a07a5ecbaae2dff89e: Could not locate posted comment for majesty___jewelry: \"Let's ditch the mystery ingredients!\" on https://www.instagram.com/p/DKMd5MBJ6Ym/. Could not find comment for majesty___jewelry: \"Let's ditch the mystery ingredients!\"","timestamp":"4:16:08 PM"}
{"level":"\u001b[32minfo\u001b[39m","message":"(analysis) Waiting 68151 ms before next item...","timestamp":"4:16:08 PM"}
{"level":"\u001b[32minfo\u001b[39m","message":"(analysis) Inspecting posted comment 687692877760a5c788133b92 @ https://www.instagram.com/p/DL52LsTttno/ for user majesty___jewelry","timestamp":"4:17:16 PM"}
{"level":"\u001b[33mwarn\u001b[39m","message":"(analysis) Attempt 1 failed for 687692877760a5c788133b92: Could not locate posted comment for majesty___jewelry: \"What if we redefined risk assessment for flood-prone areas, incorporating AI-driven predictive models and adaptive insurance policies?\" on https://www.instagram.com/p/DL52LsTttno/. Could not find comment for majesty___jewelry: \"What if we redefined risk assessment for flood-prone areas, incorporating AI-driven predictive models and adaptive insurance policies?\"","timestamp":"4:17:38 PM"}
{"level":"\u001b[32minfo\u001b[39m","message":"(analysis) retrying in 89634 ms","timestamp":"4:17:38 PM"}
{"level":"\u001b[33mwarn\u001b[39m","message":"(analysis) Attempt 2 failed for 687692877760a5c788133b92: Could not locate posted comment for majesty___jewelry: \"What if we redefined risk assessment for flood-prone areas, incorporating AI-driven predictive models and adaptive insurance policies?\" on https://www.instagram.com/p/DL52LsTttno/. Could not find comment for majesty___jewelry: \"What if we redefined risk assessment for flood-prone areas, incorporating AI-driven predictive models and adaptive insurance policies?\"","timestamp":"4:19:29 PM"}
{"level":"\u001b[32minfo\u001b[39m","message":"(analysis) retrying in 90959 ms","timestamp":"4:19:29 PM"}
{"level":"\u001b[33mwarn\u001b[39m","message":"(analysis) Attempt 3 failed for 687692877760a5c788133b92: Could not locate posted comment for majesty___jewelry: \"What if we redefined risk assessment for flood-prone areas, incorporating AI-driven predictive models and adaptive insurance policies?\" on https://www.instagram.com/p/DL52LsTttno/. Could not find comment for majesty___jewelry: \"What if we redefined risk assessment for flood-prone areas, incorporating AI-driven predictive models and adaptive insurance policies?\"","timestamp":"4:21:23 PM"}
{"level":"\u001b[32minfo\u001b[39m","message":"(analysis) Waiting 77551 ms before next item...","timestamp":"4:21:23 PM"}
{"level":"\u001b[32minfo\u001b[39m","message":"Connected to MongoDB","timestamp":"4:40:03 PM"}
{"level":"\u001b[32minfo\u001b[39m","message":"Connected to MongoDB","timestamp":"4:40:03 PM"}
{"level":"\u001b[32minfo\u001b[39m","message":"Server running on port 3445","timestamp":"4:40:03 PM"}
{"level":"\u001b[32minfo\u001b[39m","message":"Instagram username already exists for user 683720529b99dc1e616b574d: majesty___jewelry","timestamp":"4:40:12 PM"}
{"level":"\u001b[32minfo\u001b[39m","maxPort":7000,"message":"Starting comment analysis for username: majesty___jewelry","minPort":6000,"timestamp":"4:40:12 PM"}
{"level":"\u001b[32minfo\u001b[39m","message":"(analysis) Proxy listening on 6965","timestamp":"4:40:12 PM"}
{"level":"\u001b[32minfo\u001b[39m","message":"(analysis) Logged in as majesty___jewelry","timestamp":"4:40:22 PM"}
{"level":"\u001b[32minfo\u001b[39m","message":"(analysis) Inspecting posted comment 687695ab7760a5c788133b94 @ https://www.instagram.com/p/DMGiFNXPVvG/ for user majesty___jewelry","timestamp":"4:40:22 PM"}
{"level":"\u001b[33mwarn\u001b[39m","message":"(analysis) Attempt 1 failed for 687695ab7760a5c788133b94: Could not locate posted comment for majesty___jewelry: \"What if this violent storm isn't just a freak occurrence, but rather a harbinger of deeper climate-related issues that need to be addressed?\" on https://www.instagram.com/p/DMGiFNXPVvG/. Could not find comment for majesty___jewelry: \"What if this violent storm isn't just a freak occurrence, but rather a harbinger of deeper climate-related issues that need to be addressed?\"","timestamp":"4:40:47 PM"}
{"level":"\u001b[32minfo\u001b[39m","message":"(analysis) retrying in 93246 ms","timestamp":"4:40:47 PM"}
{"level":"\u001b[32minfo\u001b[39m","message":"Connected to MongoDB","timestamp":"4:45:42 PM"}
{"level":"\u001b[32minfo\u001b[39m","message":"Connected to MongoDB","timestamp":"4:45:42 PM"}
{"level":"\u001b[32minfo\u001b[39m","message":"Server running on port 3445","timestamp":"4:45:42 PM"}
{"level":"\u001b[32minfo\u001b[39m","message":"Instagram username already exists for user 683720529b99dc1e616b574d: majesty___jewelry","timestamp":"4:45:51 PM"}
{"level":"\u001b[32minfo\u001b[39m","maxPort":7000,"message":"Starting comment analysis for username: majesty___jewelry","minPort":6000,"timestamp":"4:45:51 PM"}
{"level":"\u001b[32minfo\u001b[39m","message":"(analysis) Proxy listening on 6230","timestamp":"4:45:51 PM"}
{"level":"\u001b[32minfo\u001b[39m","message":"(analysis) Logged in as majesty___jewelry","timestamp":"4:46:02 PM"}
{"level":"\u001b[32minfo\u001b[39m","message":"(analysis) Inspecting posted comment 687695ab7760a5c788133b94 @ https://www.instagram.com/p/DMGiFNXPVvG/ for user majesty___jewelry","timestamp":"4:46:02 PM"}
{"level":"\u001b[32minfo\u001b[39m","message":"(analysis) Found comment with 617 likes and 0 replies","timestamp":"4:46:24 PM"}
{"level":"\u001b[32minfo\u001b[39m","message":"(analysis) Updated 687695ab7760a5c788133b94 with likes=617, replies=0","timestamp":"4:46:24 PM"}
{"level":"\u001b[32minfo\u001b[39m","message":"(analysis) Waiting 56152 ms before next item...","timestamp":"4:46:24 PM"}
{"level":"\u001b[32minfo\u001b[39m","message":"(analysis) Inspecting posted comment 68769b287760a5c788133b97 @ https://www.instagram.com/p/DL5CMT9MQqA/ for user majesty___jewelry","timestamp":"4:47:21 PM"}
{"level":"\u001b[32minfo\u001b[39m","message":"(analysis) Found comment with 170 likes and 0 replies","timestamp":"4:47:45 PM"}
{"level":"\u001b[32minfo\u001b[39m","message":"(analysis) Updated 68769b287760a5c788133b97 with likes=170, replies=0","timestamp":"4:47:45 PM"}
{"level":"\u001b[32minfo\u001b[39m","message":"(analysis) Waiting 58299 ms before next item...","timestamp":"4:47:45 PM"}
{"level":"\u001b[32minfo\u001b[39m","message":"(analysis) Inspecting posted comment 68769b937760a5c788133b9a @ https://www.instagram.com/p/DMFtAD6Ow_J/ for user majesty___jewelry","timestamp":"4:48:43 PM"}
{"level":"\u001b[32minfo\u001b[39m","message":"(analysis) Found comment with 348 likes and 0 replies","timestamp":"4:49:07 PM"}
{"level":"\u001b[32minfo\u001b[39m","message":"(analysis) Updated 68769b937760a5c788133b9a with likes=348, replies=0","timestamp":"4:49:07 PM"}
{"level":"\u001b[32minfo\u001b[39m","message":"(analysis) Waiting 40566 ms before next item...","timestamp":"4:49:07 PM"}
{"level":"\u001b[32minfo\u001b[39m","message":"(analysis) Inspecting posted comment 6876a10e7760a5c788133b9c @ https://www.instagram.com/p/DL-hFP3v_P2/ for user majesty___jewelry","timestamp":"4:49:48 PM"}
{"level":"\u001b[32minfo\u001b[39m","message":"(analysis) Found comment with 738 likes and 0 replies","timestamp":"4:50:12 PM"}
{"level":"\u001b[32minfo\u001b[39m","message":"(analysis) Updated 6876a10e7760a5c788133b9c with likes=738, replies=0","timestamp":"4:50:12 PM"}
{"level":"\u001b[32minfo\u001b[39m","message":"(analysis) Waiting 73748 ms before next item...","timestamp":"4:50:12 PM"}
{"level":"\u001b[32minfo\u001b[39m","message":"Connected to MongoDB","timestamp":"4:59:40 PM"}
{"level":"\u001b[32minfo\u001b[39m","message":"Connected to MongoDB","timestamp":"4:59:40 PM"}
{"level":"\u001b[32minfo\u001b[39m","message":"Server running on port 3445","timestamp":"4:59:40 PM"}
{"level":"\u001b[32minfo\u001b[39m","message":"Instagram username already exists for user 683720529b99dc1e616b574d: majesty___jewelry","timestamp":"4:59:50 PM"}
{"level":"\u001b[32minfo\u001b[39m","maxPort":7000,"message":"Starting comment analysis for username: majesty___jewelry","minPort":6000,"timestamp":"4:59:50 PM"}
{"level":"\u001b[32minfo\u001b[39m","message":"(analysis) Proxy listening on 6707","timestamp":"4:59:50 PM"}
{"level":"\u001b[32minfo\u001b[39m","message":"(analysis) Logged in as majesty___jewelry","timestamp":"4:59:58 PM"}
{"level":"\u001b[32minfo\u001b[39m","message":"(analysis) Inspecting posted comment 6876a2967760a5c788133b9d @ https://www.instagram.com/p/DMFlu-FgtcM/ for user majesty___jewelry","timestamp":"4:59:58 PM"}
{"level":"\u001b[32minfo\u001b[39m","message":"(analysis) Found comment with 0 likes and 2 replies","timestamp":"5:00:18 PM"}
{"level":"\u001b[32minfo\u001b[39m","message":"(analysis) Updated 6876a2967760a5c788133b9d with likes=0, replies=2","timestamp":"5:00:18 PM"}
{"level":"\u001b[32minfo\u001b[39m","message":"(analysis) Waiting 89860 ms before next item...","timestamp":"5:00:18 PM"}
{"level":"\u001b[32minfo\u001b[39m","message":"Connected to MongoDB","timestamp":"5:01:44 PM"}
{"level":"\u001b[32minfo\u001b[39m","message":"Connected to MongoDB","timestamp":"5:01:44 PM"}
{"level":"\u001b[32minfo\u001b[39m","message":"Server running on port 3445","timestamp":"5:01:44 PM"}
{"level":"\u001b[32minfo\u001b[39m","message":"Instagram username already exists for user 683720529b99dc1e616b574d: majesty___jewelry","timestamp":"5:01:59 PM"}
{"level":"\u001b[32minfo\u001b[39m","maxPort":7000,"message":"Starting comment analysis for username: majesty___jewelry","minPort":6000,"timestamp":"5:01:59 PM"}
{"level":"\u001b[32minfo\u001b[39m","message":"(analysis) Proxy listening on 6251","timestamp":"5:01:59 PM"}
{"level":"\u001b[32minfo\u001b[39m","message":"(analysis) Logged in as majesty___jewelry","timestamp":"5:02:08 PM"}
{"level":"\u001b[32minfo\u001b[39m","message":"(analysis) Inspecting posted comment 6876a6a37760a5c788133ba0 @ https://www.instagram.com/p/DMGgE8USdAa/ for user majesty___jewelry","timestamp":"5:02:08 PM"}
{"level":"\u001b[33mwarn\u001b[39m","message":"(analysis) Attempt 1 failed for 6876a6a37760a5c788133ba0: Could not locate posted comment for majesty___jewelry: \"That's an intriguing concept, but have you considered the ethics of preserving human life without clear prospects for revival? It raises questions about quality over quantity and our values surrounding mortality.\" on https://www.instagram.com/p/DMGgE8USdAa/. Could not find comment for majesty___jewelry: \"That's an intriguing concept, but have you considered the ethics of preserving human life without clear prospects for revival? It raises questions about quality over quantity and our values surrounding mortality.\"","timestamp":"5:02:28 PM"}
{"level":"\u001b[32minfo\u001b[39m","message":"(analysis) retrying in 79209 ms","timestamp":"5:02:28 PM"}
{"level":"\u001b[33mwarn\u001b[39m","message":"(analysis) Attempt 2 failed for 6876a6a37760a5c788133ba0: Could not locate posted comment for majesty___jewelry: \"That's an intriguing concept, but have you considered the ethics of preserving human life without clear prospects for revival? It raises questions about quality over quantity and our values surrounding mortality.\" on https://www.instagram.com/p/DMGgE8USdAa/. Could not find comment for majesty___jewelry: \"That's an intriguing concept, but have you considered the ethics of preserving human life without clear prospects for revival? It raises questions about quality over quantity and our values surrounding mortality.\"","timestamp":"5:04:07 PM"}
{"level":"\u001b[32minfo\u001b[39m","message":"(analysis) retrying in 85947 ms","timestamp":"5:04:07 PM"}
{"level":"\u001b[33mwarn\u001b[39m","message":"(analysis) Attempt 3 failed for 6876a6a37760a5c788133ba0: Could not locate posted comment for majesty___jewelry: \"That's an intriguing concept, but have you considered the ethics of preserving human life without clear prospects for revival? It raises questions about quality over quantity and our values surrounding mortality.\" on https://www.instagram.com/p/DMGgE8USdAa/. Could not find comment for majesty___jewelry: \"That's an intriguing concept, but have you considered the ethics of preserving human life without clear prospects for revival? It raises questions about quality over quantity and our values surrounding mortality.\"","timestamp":"5:05:53 PM"}
{"level":"\u001b[32minfo\u001b[39m","message":"(analysis) Waiting 86095 ms before next item...","timestamp":"5:05:53 PM"}
{"level":"\u001b[32minfo\u001b[39m","message":"(analysis) Inspecting posted comment 687e08edbf5caff6c82bee6b @ https://www.instagram.com/p/DMVXbm4NzC9/ for user majesty___jewelry","timestamp":"5:07:19 PM"}
{"level":"\u001b[32minfo\u001b[39m","message":"(analysis) Found comment with 241 likes and 5 replies","timestamp":"5:07:40 PM"}
{"level":"\u001b[32minfo\u001b[39m","message":"(analysis) Updated 687e08edbf5caff6c82bee6b with likes=241, replies=5","timestamp":"5:07:40 PM"}
{"level":"\u001b[32minfo\u001b[39m","message":"(analysis) Waiting 50802 ms before next item...","timestamp":"5:07:40 PM"}
{"level":"\u001b[32minfo\u001b[39m","message":"(analysis) Inspecting posted comment 687e09c6bf5caff6c82bee6d @ https://www.instagram.com/p/DMTHr0jJhzI/ for user majesty___jewelry","timestamp":"5:08:31 PM"}
{"level":"\u001b[32minfo\u001b[39m","message":"Connected to MongoDB","timestamp":"5:17:12 PM"}
{"level":"\u001b[32minfo\u001b[39m","message":"Connected to MongoDB","timestamp":"5:17:12 PM"}
{"level":"\u001b[32minfo\u001b[39m","message":"Server running on port 3445","timestamp":"5:17:12 PM"}
{"level":"\u001b[32minfo\u001b[39m","message":"Instagram username already exists for user 683720529b99dc1e616b574d: majesty___jewelry","timestamp":"5:17:35 PM"}
{"level":"\u001b[32minfo\u001b[39m","maxPort":7000,"message":"Starting comment analysis for username: majesty___jewelry","minPort":6000,"timestamp":"5:17:35 PM"}
{"level":"\u001b[32minfo\u001b[39m","message":"(analysis) Proxy listening on 6086","timestamp":"5:17:35 PM"}
{"level":"\u001b[32minfo\u001b[39m","message":"(analysis) Logged in as majesty___jewelry","timestamp":"5:17:44 PM"}
{"level":"\u001b[32minfo\u001b[39m","message":"(analysis) Inspecting posted comment 687e09c6bf5caff6c82bee6d @ https://www.instagram.com/p/DMTHr0jJhzI/ for user majesty___jewelry","timestamp":"5:17:44 PM"}
{"level":"\u001b[32minfo\u001b[39m","message":"(analysis) Found comment with 0 likes and 0 replies","timestamp":"5:18:05 PM"}
{"level":"\u001b[32minfo\u001b[39m","message":"(analysis) Updated 687e09c6bf5caff6c82bee6d with likes=0, replies=0","timestamp":"5:18:05 PM"}
{"level":"\u001b[32minfo\u001b[39m","message":"(analysis) Waiting 71667 ms before next item...","timestamp":"5:18:05 PM"}
{"level":"\u001b[32minfo\u001b[39m","message":"(analysis) Inspecting posted comment 687f4bbb083f9fcc14dee7f1 @ https://www.instagram.com/p/DMXumeNtQlM/ for user majesty___jewelry","timestamp":"5:19:17 PM"}
{"level":"\u001b[32minfo\u001b[39m","message":"(analysis) Found comment with 0 likes and 0 replies","timestamp":"5:19:37 PM"}
{"level":"\u001b[32minfo\u001b[39m","message":"(analysis) Updated 687f4bbb083f9fcc14dee7f1 with likes=0, replies=0","timestamp":"5:19:38 PM"}
{"level":"\u001b[32minfo\u001b[39m","message":"(analysis) Waiting 85807 ms before next item...","timestamp":"5:19:38 PM"}
{"level":"\u001b[32minfo\u001b[39m","message":"(analysis) Inspecting posted comment 687f4cd1083f9fcc14dee7f2 @ https://www.instagram.com/p/DMYzJ-OSKjP/ for user majesty___jewelry","timestamp":"5:21:03 PM"}
{"level":"\u001b[33mwarn\u001b[39m","message":"(analysis) Attempt 1 failed for 687f4cd1083f9fcc14dee7f2: Could not locate posted comment for majesty___jewelry: \"While SpareFare's concept is intriguing, it also raises questions about the ethics of reselling luxury vacations. What are the potential consequences for individuals and local communities when these high-end trips are sold to new buyers?\" on https://www.instagram.com/p/DMYzJ-OSKjP/. Could not find comment for majesty___jewelry: \"While SpareFare's concept is intriguing, it also raises questions about the ethics of reselling luxury vacations. What are the potential consequences for individuals and local communities when these high-end trips are sold to new buyers?\"","timestamp":"5:21:25 PM"}
{"level":"\u001b[32minfo\u001b[39m","message":"(analysis) retrying in 46157 ms","timestamp":"5:21:25 PM"}
{"level":"\u001b[33mwarn\u001b[39m","message":"(analysis) Attempt 2 failed for 687f4cd1083f9fcc14dee7f2: Could not locate posted comment for majesty___jewelry: \"While SpareFare's concept is intriguing, it also raises questions about the ethics of reselling luxury vacations. What are the potential consequences for individuals and local communities when these high-end trips are sold to new buyers?\" on https://www.instagram.com/p/DMYzJ-OSKjP/. Could not find comment for majesty___jewelry: \"While SpareFare's concept is intriguing, it also raises questions about the ethics of reselling luxury vacations. What are the potential consequences for individuals and local communities when these high-end trips are sold to new buyers?\"","timestamp":"5:22:31 PM"}
{"level":"\u001b[32minfo\u001b[39m","message":"(analysis) retrying in 37967 ms","timestamp":"5:22:31 PM"}
{"level":"\u001b[33mwarn\u001b[39m","message":"(analysis) Attempt 3 failed for 687f4cd1083f9fcc14dee7f2: Could not locate posted comment for majesty___jewelry: \"While SpareFare's concept is intriguing, it also raises questions about the ethics of reselling luxury vacations. What are the potential consequences for individuals and local communities when these high-end trips are sold to new buyers?\" on https://www.instagram.com/p/DMYzJ-OSKjP/. Could not find comment for majesty___jewelry: \"While SpareFare's concept is intriguing, it also raises questions about the ethics of reselling luxury vacations. What are the potential consequences for individuals and local communities when these high-end trips are sold to new buyers?\"","timestamp":"5:23:30 PM"}
{"level":"\u001b[32minfo\u001b[39m","message":"(analysis) Waiting 67059 ms before next item...","timestamp":"5:23:30 PM"}
{"level":"\u001b[32minfo\u001b[39m","message":"(analysis) Inspecting posted comment 687f51a1083f9fcc14dee7f6 @ https://www.instagram.com/p/DMXfBXas1C9/ for user majesty___jewelry","timestamp":"5:24:37 PM"}
{"level":"\u001b[32minfo\u001b[39m","message":"(analysis) Found comment with 0 likes and 0 replies","timestamp":"5:24:58 PM"}
{"level":"\u001b[32minfo\u001b[39m","message":"(analysis) Updated 687f51a1083f9fcc14dee7f6 with likes=0, replies=0","timestamp":"5:24:58 PM"}
{"level":"\u001b[32minfo\u001b[39m","message":"(analysis) Waiting 88780 ms before next item...","timestamp":"5:24:58 PM"}
