{"level":"\u001b[32minfo\u001b[39m","message":"Connected to MongoDB","timestamp":"11:13:44 PM"}
{"level":"\u001b[32minfo\u001b[39m","message":"Connected to MongoDB","timestamp":"11:13:44 PM"}
{"level":"\u001b[32minfo\u001b[39m","message":"Server running on port 3445","timestamp":"11:13:44 PM"}
{"level":"\u001b[32minfo\u001b[39m","message":"Connected to MongoDB","timestamp":"11:22:01 PM"}
{"level":"\u001b[32minfo\u001b[39m","message":"Connected to MongoDB","timestamp":"11:22:01 PM"}
{"level":"\u001b[32minfo\u001b[39m","message":"Server running on port 3445","timestamp":"11:22:01 PM"}
{"level":"\u001b[32minfo\u001b[39m","message":"Instagram username already exists for user 683720529b99dc1e616b574d: hope.mery","timestamp":"11:24:41 PM"}
{"level":"\u001b[32minfo\u001b[39m","message":"Started proxy server for hope.mery on port 4835","timestamp":"11:24:45 PM"}
{"level":"\u001b[32minfo\u001b[39m","message":"Navigating to Instagram homepage for hope.mery...","timestamp":"11:24:45 PM"}
{"level":"\u001b[32minfo\u001b[39m","message":"Applying cookies for hope.mery...","timestamp":"11:24:48 PM"}
{"level":"\u001b[32minfo\u001b[39m","message":"Cookies applied successfully for hope.mery","timestamp":"11:24:48 PM"}
{"level":"\u001b[32minfo\u001b[39m","message":"Logged into Instagram as hope.mery via cookies.","timestamp":"11:24:56 PM"}
{"level":"\u001b[32minfo\u001b[39m","message":"No more 'processing' comments for this user. Waiting 2 minutes...","timestamp":"11:24:56 PM"}
{"level":"\u001b[32minfo\u001b[39m","message":"Connexion détectée (lien de messagerie présent).","timestamp":"11:25:55 PM"}
{"level":"\u001b[32minfo\u001b[39m","message":"Cookies Instagram sauvegardés en base de données pour l'utilisateur hope.mery.","timestamp":"11:25:55 PM"}
{"level":"\u001b[32minfo\u001b[39m","message":"Started proxy server for hope.mery on port 6971","timestamp":"11:25:57 PM"}
{"level":"\u001b[32minfo\u001b[39m","message":"Navigating to Instagram homepage for hope.mery...","timestamp":"11:25:57 PM"}
{"level":"\u001b[32minfo\u001b[39m","message":"Applying cookies for hope.mery...","timestamp":"11:26:00 PM"}
{"level":"\u001b[32minfo\u001b[39m","message":"Cookies applied successfully for hope.mery","timestamp":"11:26:00 PM"}
{"level":"\u001b[32minfo\u001b[39m","message":"Logged into Instagram as hope.mery via cookies.","timestamp":"11:26:07 PM"}
{"level":"\u001b[32minfo\u001b[39m","message":"Nom d'utilisateur du post trouvé avec le sélecteur \"a[href*=\"/\"][role=\"link\"]\" : drericberg","timestamp":"11:26:21 PM"}
{"level":"\u001b[32minfo\u001b[39m","message":"Checking if post username \"drericberg\" matches any target usernames in our database","timestamp":"11:26:21 PM"}
{"level":"\u001b[32minfo\u001b[39m","message":"Found a match! Post username \"drericberg\" is in our target list","timestamp":"11:26:21 PM"}
{"level":"\u001b[32minfo\u001b[39m","message":"Post username \"drericberg\" is in our target list. Proceeding...","timestamp":"11:26:21 PM"}
{"level":"\u001b[32minfo\u001b[39m","message":"No more 'processing' comments for this user. Waiting 2 minutes...","timestamp":"11:27:56 PM"}
{"level":"\u001b[32minfo\u001b[39m","message":"Nom d'utilisateur du post trouvé avec le sélecteur \"a[href*=\"/\"][role=\"link\"]\" : drericberg","timestamp":"11:29:18 PM"}
{"level":"\u001b[32minfo\u001b[39m","message":"Checking if post username \"drericberg\" matches any target usernames in our database","timestamp":"11:29:18 PM"}
{"level":"\u001b[32minfo\u001b[39m","message":"Found a match! Post username \"drericberg\" is in our target list","timestamp":"11:29:19 PM"}
{"level":"\u001b[32minfo\u001b[39m","message":"Post username \"drericberg\" is in our target list. Proceeding...","timestamp":"11:29:19 PM"}
{"level":"\u001b[32minfo\u001b[39m","message":"Comment 68947ceb919efc0d61aa6830 created on Thu Aug 07 2025 11:16:11 GMT+0100 (UTC+01:00)","timestamp":"11:30:56 PM"}
{"level":"\u001b[32minfo\u001b[39m","message":"Comment 68947ceb919efc0d61aa6830 last updated on Tue Sep 02 2025 23:29:38 GMT+0100 (UTC+01:00)","timestamp":"11:30:56 PM"}
{"level":"\u001b[32minfo\u001b[39m","message":"Attempt 1 for comment 68947ceb919efc0d61aa6830","timestamp":"11:30:56 PM"}
{"level":"\u001b[32minfo\u001b[39m","message":"Navigating to post: https://www.instagram.com/p/DNBdmBTT2yg/","timestamp":"11:30:56 PM"}
{"level":"\u001b[32minfo\u001b[39m","message":"Found like button for post DNBdmBTT2yg.","timestamp":"11:31:06 PM"}
{"level":"\u001b[32minfo\u001b[39m","message":"Liking post DNBdmBTT2yg...","timestamp":"11:31:06 PM"}
{"level":"\u001b[32minfo\u001b[39m","message":"Post DNBdmBTT2yg liked.","timestamp":"11:31:06 PM"}
{"level":"\u001b[32minfo\u001b[39m","message":"Found comment box for post DNBdmBTT2yg.","timestamp":"11:31:06 PM"}
{"level":"\u001b[32minfo\u001b[39m","message":"Posting comment: \"Fascinating connection! I'd love to explore the impact of casein in dairy on blueberry's vasodilatory effects. \"","timestamp":"11:31:08 PM"}
{"level":"\u001b[32minfo\u001b[39m","message":"Clicking Post button for post DNBdmBTT2yg...","timestamp":"11:31:08 PM"}
{"level":"\u001b[32minfo\u001b[39m","message":"Comment successfully posted on post DNBdmBTT2yg.","timestamp":"11:31:08 PM"}
{"level":"\u001b[32minfo\u001b[39m","message":"Waiting 83124 ms before processing next comment","timestamp":"11:31:10 PM"}
{"level":"\u001b[32minfo\u001b[39m","message":"Processed post DOGjv78DTtB as hope.mery (1/500)","timestamp":"11:31:37 PM"}
{"level":"\u001b[32minfo\u001b[39m","message":"Nom d'utilisateur du post trouvé avec le sélecteur \"a[href*=\"/\"][role=\"link\"]\" : estherperelofficial","timestamp":"11:31:51 PM"}
{"level":"\u001b[32minfo\u001b[39m","message":"Checking if post username \"estherperelofficial\" matches any target usernames in our database","timestamp":"11:31:51 PM"}
{"level":"\u001b[32minfo\u001b[39m","message":"No match found for post username \"estherperelofficial\" in our target list","timestamp":"11:31:51 PM"}
{"level":"\u001b[32minfo\u001b[39m","message":"Post username \"estherperelofficial\" is not in our target list. Skipping...","timestamp":"11:31:51 PM"}
{"level":"\u001b[32minfo\u001b[39m","message":"Nom d'utilisateur du post trouvé avec le sélecteur \"a[href*=\"/\"][role=\"link\"]\" : estherperelofficial","timestamp":"11:31:59 PM"}
{"level":"\u001b[32minfo\u001b[39m","message":"Checking if post username \"estherperelofficial\" matches any target usernames in our database","timestamp":"11:31:59 PM"}
{"level":"\u001b[32minfo\u001b[39m","message":"No match found for post username \"estherperelofficial\" in our target list","timestamp":"11:31:59 PM"}
{"level":"\u001b[32minfo\u001b[39m","message":"Post username \"estherperelofficial\" is not in our target list. Skipping...","timestamp":"11:31:59 PM"}
{"level":"\u001b[32minfo\u001b[39m","message":"Processed post DOHF7OKCZBe as hope.mery (2/500)","timestamp":"11:31:59 PM"}
{"level":"\u001b[32minfo\u001b[39m","message":"Nom d'utilisateur du post trouvé avec le sélecteur \"a[href*=\"/\"][role=\"link\"]\" : alexhonnold","timestamp":"11:32:10 PM"}
{"level":"\u001b[32minfo\u001b[39m","message":"Checking if post username \"alexhonnold\" matches any target usernames in our database","timestamp":"11:32:10 PM"}
{"level":"\u001b[32minfo\u001b[39m","message":"No match found for post username \"alexhonnold\" in our target list","timestamp":"11:32:10 PM"}
{"level":"\u001b[32minfo\u001b[39m","message":"Post username \"alexhonnold\" is not in our target list. Skipping...","timestamp":"11:32:10 PM"}
{"level":"\u001b[32minfo\u001b[39m","message":"Nom d'utilisateur du post trouvé avec le sélecteur \"a[href*=\"/\"][role=\"link\"]\" : alexhonnold","timestamp":"11:32:17 PM"}
{"level":"\u001b[32minfo\u001b[39m","message":"Checking if post username \"alexhonnold\" matches any target usernames in our database","timestamp":"11:32:17 PM"}
{"level":"\u001b[32minfo\u001b[39m","message":"No match found for post username \"alexhonnold\" in our target list","timestamp":"11:32:17 PM"}
{"level":"\u001b[32minfo\u001b[39m","message":"Post username \"alexhonnold\" is not in our target list. Skipping...","timestamp":"11:32:17 PM"}
{"level":"\u001b[32minfo\u001b[39m","message":"Processed post DOEwLTAjYnU as hope.mery (3/500)","timestamp":"11:32:17 PM"}
{"level":"\u001b[32minfo\u001b[39m","message":"No more 'processing' comments for this user. Waiting 2 minutes...","timestamp":"11:32:33 PM"}
{"level":"\u001b[32minfo\u001b[39m","message":"Nom d'utilisateur du post trouvé avec le sélecteur \"a[href*=\"/\"][role=\"link\"]\" : broadwayinstitute","timestamp":"11:32:36 PM"}
{"level":"\u001b[32minfo\u001b[39m","message":"Checking if post username \"broadwayinstitute\" matches any target usernames in our database","timestamp":"11:32:36 PM"}
{"level":"\u001b[32minfo\u001b[39m","message":"No match found for post username \"broadwayinstitute\" in our target list","timestamp":"11:32:36 PM"}
{"level":"\u001b[32minfo\u001b[39m","message":"Post username \"broadwayinstitute\" is not in our target list. Skipping...","timestamp":"11:32:36 PM"}
{"level":"\u001b[32minfo\u001b[39m","message":"Nom d'utilisateur du post trouvé avec le sélecteur \"a[href*=\"/\"][role=\"link\"]\" : broadwayinstitute","timestamp":"11:32:44 PM"}
{"level":"\u001b[32minfo\u001b[39m","message":"Checking if post username \"broadwayinstitute\" matches any target usernames in our database","timestamp":"11:32:44 PM"}
{"level":"\u001b[32minfo\u001b[39m","message":"No match found for post username \"broadwayinstitute\" in our target list","timestamp":"11:32:44 PM"}
{"level":"\u001b[32minfo\u001b[39m","message":"Post username \"broadwayinstitute\" is not in our target list. Skipping...","timestamp":"11:32:44 PM"}
{"level":"\u001b[32minfo\u001b[39m","message":"Processed post DL8lfwfAtiN as hope.mery (4/500)","timestamp":"11:32:44 PM"}
{"level":"\u001b[32minfo\u001b[39m","message":"Nom d'utilisateur du post trouvé avec le sélecteur \"a[href*=\"/\"][role=\"link\"]\" : alter._health","timestamp":"11:33:05 PM"}
{"level":"\u001b[32minfo\u001b[39m","message":"Checking if post username \"alter._health\" matches any target usernames in our database","timestamp":"11:33:05 PM"}
{"level":"\u001b[32minfo\u001b[39m","message":"No match found for post username \"alter._health\" in our target list","timestamp":"11:33:05 PM"}
{"level":"\u001b[32minfo\u001b[39m","message":"Post username \"alter._health\" is not in our target list. Skipping...","timestamp":"11:33:05 PM"}
{"level":"\u001b[32minfo\u001b[39m","message":"Nom d'utilisateur du post trouvé avec le sélecteur \"a[href*=\"/\"][role=\"link\"]\" : alter._health","timestamp":"11:33:13 PM"}
{"level":"\u001b[32minfo\u001b[39m","message":"Checking if post username \"alter._health\" matches any target usernames in our database","timestamp":"11:33:13 PM"}
{"level":"\u001b[32minfo\u001b[39m","message":"No match found for post username \"alter._health\" in our target list","timestamp":"11:33:13 PM"}
{"level":"\u001b[32minfo\u001b[39m","message":"Post username \"alter._health\" is not in our target list. Skipping...","timestamp":"11:33:13 PM"}
{"level":"\u001b[32minfo\u001b[39m","message":"Processed post DLFF_A0A9iI as hope.mery (5/500)","timestamp":"11:33:13 PM"}
{"level":"\u001b[32minfo\u001b[39m","message":"No new posts, scrolling...","timestamp":"11:33:27 PM"}
{"level":"\u001b[32minfo\u001b[39m","message":"Nom d'utilisateur du post trouvé avec le sélecteur \"a[href*=\"/\"][role=\"link\"]\" : lucyponcecarrizo","timestamp":"11:33:45 PM"}
{"level":"\u001b[32minfo\u001b[39m","message":"Checking if post username \"lucyponcecarrizo\" matches any target usernames in our database","timestamp":"11:33:45 PM"}
{"level":"\u001b[32minfo\u001b[39m","message":"No match found for post username \"lucyponcecarrizo\" in our target list","timestamp":"11:33:45 PM"}
{"level":"\u001b[32minfo\u001b[39m","message":"Post username \"lucyponcecarrizo\" is not in our target list. Skipping...","timestamp":"11:33:45 PM"}
{"level":"\u001b[32minfo\u001b[39m","message":"Nom d'utilisateur du post trouvé avec le sélecteur \"a[href*=\"/\"][role=\"link\"]\" : lucyponcecarrizo","timestamp":"11:33:53 PM"}
{"level":"\u001b[32minfo\u001b[39m","message":"Checking if post username \"lucyponcecarrizo\" matches any target usernames in our database","timestamp":"11:33:53 PM"}
{"level":"\u001b[32minfo\u001b[39m","message":"No match found for post username \"lucyponcecarrizo\" in our target list","timestamp":"11:33:53 PM"}
{"level":"\u001b[32minfo\u001b[39m","message":"Post username \"lucyponcecarrizo\" is not in our target list. Skipping...","timestamp":"11:33:53 PM"}
{"level":"\u001b[32minfo\u001b[39m","message":"Processed post DMpAiXTME_B as hope.mery (6/500)","timestamp":"11:33:53 PM"}
{"level":"\u001b[32minfo\u001b[39m","message":"Nom d'utilisateur du post trouvé avec le sélecteur \"a[href*=\"/\"][role=\"link\"]\" : drmaryclaire","timestamp":"11:34:13 PM"}
{"level":"\u001b[32minfo\u001b[39m","message":"Checking if post username \"drmaryclaire\" matches any target usernames in our database","timestamp":"11:34:13 PM"}
{"level":"\u001b[32minfo\u001b[39m","message":"Found a match! Post username \"drmaryclaire\" is in our target list","timestamp":"11:34:13 PM"}
{"level":"\u001b[32minfo\u001b[39m","message":"Post username \"drmaryclaire\" is in our target list. Proceeding...","timestamp":"11:34:13 PM"}
{"level":"\u001b[32minfo\u001b[39m","message":"No more 'processing' comments for this user. Waiting 2 minutes...","timestamp":"11:35:33 PM"}
{"level":"\u001b[32minfo\u001b[39m","message":"Nom d'utilisateur du post trouvé avec le sélecteur \"a[href*=\"/\"][role=\"link\"]\" : drmaryclaire","timestamp":"11:37:03 PM"}
{"level":"\u001b[32minfo\u001b[39m","message":"Checking if post username \"drmaryclaire\" matches any target usernames in our database","timestamp":"11:37:03 PM"}
{"level":"\u001b[32minfo\u001b[39m","message":"Found a match! Post username \"drmaryclaire\" is in our target list","timestamp":"11:37:03 PM"}
{"level":"\u001b[32minfo\u001b[39m","message":"Post username \"drmaryclaire\" is in our target list. Proceeding...","timestamp":"11:37:03 PM"}
{"level":"\u001b[32minfo\u001b[39m","message":"Comment 68b76fb6201b4707902c77e5 created on Tue Sep 02 2025 23:29:10 GMT+0100 (UTC+01:00)","timestamp":"11:38:33 PM"}
{"level":"\u001b[32minfo\u001b[39m","message":"Comment 68b76fb6201b4707902c77e5 last updated on Tue Sep 02 2025 23:35:36 GMT+0100 (UTC+01:00)","timestamp":"11:38:33 PM"}
{"level":"\u001b[32minfo\u001b[39m","message":"Attempt 1 for comment 68b76fb6201b4707902c77e5","timestamp":"11:38:33 PM"}
{"level":"\u001b[32minfo\u001b[39m","message":"Navigating to post: https://www.instagram.com/p/DOGjv78DTtB/","timestamp":"11:38:33 PM"}
{"level":"\u001b[32minfo\u001b[39m","message":"Found like button for post DOGjv78DTtB.","timestamp":"11:38:42 PM"}
{"level":"\u001b[32minfo\u001b[39m","message":"Liking post DOGjv78DTtB...","timestamp":"11:38:42 PM"}
{"level":"\u001b[32minfo\u001b[39m","message":"Post DOGjv78DTtB liked.","timestamp":"11:38:42 PM"}
{"level":"\u001b[32minfo\u001b[39m","message":"Found comment box for post DOGjv78DTtB.","timestamp":"11:38:42 PM"}
{"level":"\u001b[32minfo\u001b[39m","message":"Posting comment: \"Your caption assumes a direct correlation between gut health and syndrome symptoms. However, research suggests that the gut-brain axis is more complex, involving bidirectional communication.\"","timestamp":"11:38:44 PM"}
{"level":"\u001b[32minfo\u001b[39m","message":"Clicking Post button for post DOGjv78DTtB...","timestamp":"11:38:44 PM"}
{"level":"\u001b[32minfo\u001b[39m","message":"Comment successfully posted on post DOGjv78DTtB.","timestamp":"11:38:44 PM"}
{"level":"\u001b[32minfo\u001b[39m","message":"Waiting 36610 ms before processing next comment","timestamp":"11:38:47 PM"}
{"level":"\u001b[32minfo\u001b[39m","message":"No more 'processing' comments for this user. Waiting 2 minutes...","timestamp":"11:39:23 PM"}
{"level":"\u001b[32minfo\u001b[39m","message":"Processed post DOGwfiRDWt9 as hope.mery (7/500)","timestamp":"11:39:36 PM"}
{"level":"\u001b[32minfo\u001b[39m","message":"Nom d'utilisateur du post trouvé avec le sélecteur \"a[href*=\"/\"][role=\"link\"]\" : goodneuroscience","timestamp":"11:39:57 PM"}
{"level":"\u001b[32minfo\u001b[39m","message":"Checking if post username \"goodneuroscience\" matches any target usernames in our database","timestamp":"11:39:57 PM"}
{"level":"\u001b[32minfo\u001b[39m","message":"No match found for post username \"goodneuroscience\" in our target list","timestamp":"11:39:57 PM"}
{"level":"\u001b[32minfo\u001b[39m","message":"Post username \"goodneuroscience\" is not in our target list. Skipping...","timestamp":"11:39:57 PM"}
{"level":"\u001b[32minfo\u001b[39m","message":"Nom d'utilisateur du post trouvé avec le sélecteur \"a[href*=\"/\"][role=\"link\"]\" : goodneuroscience","timestamp":"11:40:04 PM"}
{"level":"\u001b[32minfo\u001b[39m","message":"Checking if post username \"goodneuroscience\" matches any target usernames in our database","timestamp":"11:40:04 PM"}
{"level":"\u001b[32minfo\u001b[39m","message":"No match found for post username \"goodneuroscience\" in our target list","timestamp":"11:40:04 PM"}
{"level":"\u001b[32minfo\u001b[39m","message":"Post username \"goodneuroscience\" is not in our target list. Skipping...","timestamp":"11:40:04 PM"}
{"level":"\u001b[32minfo\u001b[39m","message":"Processed post DN3ab7YUDqo as hope.mery (8/500)","timestamp":"11:40:04 PM"}
{"level":"\u001b[32minfo\u001b[39m","message":"Nom d'utilisateur du post trouvé avec le sélecteur \"a[href*=\"/\"][role=\"link\"]\" : healthinsidernews","timestamp":"11:40:15 PM"}
{"level":"\u001b[32minfo\u001b[39m","message":"Checking if post username \"healthinsidernews\" matches any target usernames in our database","timestamp":"11:40:15 PM"}
{"level":"\u001b[32minfo\u001b[39m","message":"No match found for post username \"healthinsidernews\" in our target list","timestamp":"11:40:15 PM"}
{"level":"\u001b[32minfo\u001b[39m","message":"Post username \"healthinsidernews\" is not in our target list. Skipping...","timestamp":"11:40:15 PM"}
{"level":"\u001b[32minfo\u001b[39m","message":"Nom d'utilisateur du post trouvé avec le sélecteur \"a[href*=\"/\"][role=\"link\"]\" : healthinsidernews","timestamp":"11:40:23 PM"}
{"level":"\u001b[32minfo\u001b[39m","message":"Checking if post username \"healthinsidernews\" matches any target usernames in our database","timestamp":"11:40:23 PM"}
{"level":"\u001b[32minfo\u001b[39m","message":"No match found for post username \"healthinsidernews\" in our target list","timestamp":"11:40:23 PM"}
{"level":"\u001b[32minfo\u001b[39m","message":"Post username \"healthinsidernews\" is not in our target list. Skipping...","timestamp":"11:40:23 PM"}
{"level":"\u001b[32minfo\u001b[39m","message":"Processed post DN5IzREAJW6 as hope.mery (9/500)","timestamp":"11:40:23 PM"}
{"level":"\u001b[32minfo\u001b[39m","message":"Nom d'utilisateur du post trouvé avec le sélecteur \"a[href*=\"/\"][role=\"link\"]\" : drericberg","timestamp":"11:40:34 PM"}
{"level":"\u001b[32minfo\u001b[39m","message":"Checking if post username \"drericberg\" matches any target usernames in our database","timestamp":"11:40:34 PM"}
{"level":"\u001b[32minfo\u001b[39m","message":"Found a match! Post username \"drericberg\" is in our target list","timestamp":"11:40:35 PM"}
{"level":"\u001b[32minfo\u001b[39m","message":"Post username \"drericberg\" is in our target list. Proceeding...","timestamp":"11:40:35 PM"}
{"level":"\u001b[32minfo\u001b[39m","message":"No more 'processing' comments for this user. Waiting 2 minutes...","timestamp":"11:42:23 PM"}
{"level":"\u001b[32minfo\u001b[39m","message":"Nom d'utilisateur du post trouvé avec le sélecteur \"a[href*=\"/\"][role=\"link\"]\" : drericberg","timestamp":"11:42:31 PM"}
{"level":"\u001b[32minfo\u001b[39m","message":"Checking if post username \"drericberg\" matches any target usernames in our database","timestamp":"11:42:31 PM"}
{"level":"\u001b[32minfo\u001b[39m","message":"Found a match! Post username \"drericberg\" is in our target list","timestamp":"11:42:31 PM"}
{"level":"\u001b[32minfo\u001b[39m","message":"Post username \"drericberg\" is in our target list. Proceeding...","timestamp":"11:42:31 PM"}
{"level":"\u001b[32minfo\u001b[39m","message":"Processed post DN-th4oj7p9 as hope.mery (10/500)","timestamp":"11:42:54 PM"}
{"level":"\u001b[32minfo\u001b[39m","message":"Nom d'utilisateur du post trouvé avec le sélecteur \"a[href*=\"/\"][role=\"link\"]\" : efficientcoach_","timestamp":"11:43:14 PM"}
{"level":"\u001b[32minfo\u001b[39m","message":"Checking if post username \"efficientcoach_\" matches any target usernames in our database","timestamp":"11:43:14 PM"}
{"level":"\u001b[32minfo\u001b[39m","message":"No match found for post username \"efficientcoach_\" in our target list","timestamp":"11:43:14 PM"}
{"level":"\u001b[32minfo\u001b[39m","message":"Post username \"efficientcoach_\" is not in our target list. Skipping...","timestamp":"11:43:14 PM"}
{"level":"\u001b[32minfo\u001b[39m","message":"Nom d'utilisateur du post trouvé avec le sélecteur \"a[href*=\"/\"][role=\"link\"]\" : efficientcoach_","timestamp":"11:43:22 PM"}
{"level":"\u001b[32minfo\u001b[39m","message":"Checking if post username \"efficientcoach_\" matches any target usernames in our database","timestamp":"11:43:22 PM"}
{"level":"\u001b[32minfo\u001b[39m","message":"No match found for post username \"efficientcoach_\" in our target list","timestamp":"11:43:22 PM"}
{"level":"\u001b[32minfo\u001b[39m","message":"Post username \"efficientcoach_\" is not in our target list. Skipping...","timestamp":"11:43:22 PM"}
{"level":"\u001b[32minfo\u001b[39m","message":"Processed post DNejtqkMhQb as hope.mery (11/500)","timestamp":"11:43:22 PM"}
{"level":"\u001b[32minfo\u001b[39m","message":"Nom d'utilisateur du post trouvé avec le sélecteur \"a[href*=\"/\"][role=\"link\"]\" : broadwayinstitute","timestamp":"11:43:42 PM"}
{"level":"\u001b[32minfo\u001b[39m","message":"Checking if post username \"broadwayinstitute\" matches any target usernames in our database","timestamp":"11:43:42 PM"}
{"level":"\u001b[32minfo\u001b[39m","message":"No match found for post username \"broadwayinstitute\" in our target list","timestamp":"11:43:42 PM"}
{"level":"\u001b[32minfo\u001b[39m","message":"Post username \"broadwayinstitute\" is not in our target list. Skipping...","timestamp":"11:43:42 PM"}
{"level":"\u001b[32minfo\u001b[39m","message":"Nom d'utilisateur du post trouvé avec le sélecteur \"a[href*=\"/\"][role=\"link\"]\" : broadwayinstitute","timestamp":"11:43:50 PM"}
{"level":"\u001b[32minfo\u001b[39m","message":"Checking if post username \"broadwayinstitute\" matches any target usernames in our database","timestamp":"11:43:50 PM"}
{"level":"\u001b[32minfo\u001b[39m","message":"No match found for post username \"broadwayinstitute\" in our target list","timestamp":"11:43:50 PM"}
{"level":"\u001b[32minfo\u001b[39m","message":"Post username \"broadwayinstitute\" is not in our target list. Skipping...","timestamp":"11:43:50 PM"}
{"level":"\u001b[32minfo\u001b[39m","message":"Processed post DL8lfvbgaI9 as hope.mery (12/500)","timestamp":"11:43:50 PM"}
{"level":"\u001b[32minfo\u001b[39m","message":"Nom d'utilisateur du post trouvé avec le sélecteur \"a[href*=\"/\"][role=\"link\"]\" : promova","timestamp":"11:44:13 PM"}
{"level":"\u001b[32minfo\u001b[39m","message":"Checking if post username \"promova\" matches any target usernames in our database","timestamp":"11:44:13 PM"}
{"level":"\u001b[32minfo\u001b[39m","message":"No match found for post username \"promova\" in our target list","timestamp":"11:44:13 PM"}
{"level":"\u001b[32minfo\u001b[39m","message":"Post username \"promova\" is not in our target list. Skipping...","timestamp":"11:44:13 PM"}
{"level":"\u001b[32minfo\u001b[39m","message":"Nom d'utilisateur du post trouvé avec le sélecteur \"a[href*=\"/\"][role=\"link\"]\" : promova","timestamp":"11:44:20 PM"}
{"level":"\u001b[32minfo\u001b[39m","message":"Checking if post username \"promova\" matches any target usernames in our database","timestamp":"11:44:20 PM"}
{"level":"\u001b[32minfo\u001b[39m","message":"No match found for post username \"promova\" in our target list","timestamp":"11:44:20 PM"}
{"level":"\u001b[32minfo\u001b[39m","message":"Post username \"promova\" is not in our target list. Skipping...","timestamp":"11:44:20 PM"}
{"level":"\u001b[32minfo\u001b[39m","message":"Processed post DNDgt_xgO2Y as hope.mery (13/500)","timestamp":"11:44:20 PM"}
{"level":"\u001b[32minfo\u001b[39m","message":"Nom d'utilisateur du post trouvé avec le sélecteur \"a[href*=\"/\"][role=\"link\"]\" : charisma.riseguide","timestamp":"11:44:41 PM"}
{"level":"\u001b[32minfo\u001b[39m","message":"Checking if post username \"charisma.riseguide\" matches any target usernames in our database","timestamp":"11:44:41 PM"}
{"level":"\u001b[32minfo\u001b[39m","message":"No match found for post username \"charisma.riseguide\" in our target list","timestamp":"11:44:41 PM"}
{"level":"\u001b[32minfo\u001b[39m","message":"Post username \"charisma.riseguide\" is not in our target list. Skipping...","timestamp":"11:44:41 PM"}
{"level":"\u001b[32minfo\u001b[39m","message":"Nom d'utilisateur du post trouvé avec le sélecteur \"a[href*=\"/\"][role=\"link\"]\" : charisma.riseguide","timestamp":"11:44:49 PM"}
{"level":"\u001b[32minfo\u001b[39m","message":"Checking if post username \"charisma.riseguide\" matches any target usernames in our database","timestamp":"11:44:49 PM"}
{"level":"\u001b[32minfo\u001b[39m","message":"No match found for post username \"charisma.riseguide\" in our target list","timestamp":"11:44:49 PM"}
{"level":"\u001b[32minfo\u001b[39m","message":"Post username \"charisma.riseguide\" is not in our target list. Skipping...","timestamp":"11:44:49 PM"}
{"level":"\u001b[32minfo\u001b[39m","message":"Processed post DNaNph3Akk9 as hope.mery (14/500)","timestamp":"11:44:49 PM"}
{"level":"\u001b[32minfo\u001b[39m","message":"Nom d'utilisateur du post trouvé avec le sélecteur \"a[href*=\"/\"][role=\"link\"]\" : healthinsidernews","timestamp":"11:45:08 PM"}
{"level":"\u001b[32minfo\u001b[39m","message":"Checking if post username \"healthinsidernews\" matches any target usernames in our database","timestamp":"11:45:08 PM"}
{"level":"\u001b[32minfo\u001b[39m","message":"No match found for post username \"healthinsidernews\" in our target list","timestamp":"11:45:08 PM"}
{"level":"\u001b[32minfo\u001b[39m","message":"Post username \"healthinsidernews\" is not in our target list. Skipping...","timestamp":"11:45:08 PM"}
{"level":"\u001b[32minfo\u001b[39m","message":"Nom d'utilisateur du post trouvé avec le sélecteur \"a[href*=\"/\"][role=\"link\"]\" : healthinsidernews","timestamp":"11:45:16 PM"}
{"level":"\u001b[32minfo\u001b[39m","message":"Checking if post username \"healthinsidernews\" matches any target usernames in our database","timestamp":"11:45:16 PM"}
{"level":"\u001b[32minfo\u001b[39m","message":"No match found for post username \"healthinsidernews\" in our target list","timestamp":"11:45:16 PM"}
{"level":"\u001b[32minfo\u001b[39m","message":"Post username \"healthinsidernews\" is not in our target list. Skipping...","timestamp":"11:45:16 PM"}
{"level":"\u001b[32minfo\u001b[39m","message":"Processed post DNpqoips3jC as hope.mery (15/500)","timestamp":"11:45:16 PM"}
{"level":"\u001b[32minfo\u001b[39m","message":"No more 'processing' comments for this user. Waiting 2 minutes...","timestamp":"11:45:24 PM"}
{"level":"\u001b[32minfo\u001b[39m","message":"Nom d'utilisateur du post trouvé avec le sélecteur \"a[href*=\"/\"][role=\"link\"]\" : drericberg","timestamp":"11:45:27 PM"}
{"level":"\u001b[32minfo\u001b[39m","message":"Checking if post username \"drericberg\" matches any target usernames in our database","timestamp":"11:45:27 PM"}
{"level":"\u001b[32minfo\u001b[39m","message":"Found a match! Post username \"drericberg\" is in our target list","timestamp":"11:45:27 PM"}
{"level":"\u001b[32minfo\u001b[39m","message":"Post username \"drericberg\" is in our target list. Proceeding...","timestamp":"11:45:27 PM"}
{"level":"\u001b[32minfo\u001b[39m","message":"Nom d'utilisateur du post trouvé avec le sélecteur \"a[href*=\"/\"][role=\"link\"]\" : drericberg","timestamp":"11:47:37 PM"}
{"level":"\u001b[32minfo\u001b[39m","message":"Checking if post username \"drericberg\" matches any target usernames in our database","timestamp":"11:47:37 PM"}
{"level":"\u001b[32minfo\u001b[39m","message":"Found a match! Post username \"drericberg\" is in our target list","timestamp":"11:47:37 PM"}
{"level":"\u001b[32minfo\u001b[39m","message":"Post username \"drericberg\" is in our target list. Proceeding...","timestamp":"11:47:37 PM"}
{"level":"\u001b[32minfo\u001b[39m","message":"Processed post DNqO0XtA6lD as hope.mery (16/500)","timestamp":"11:48:03 PM"}
{"level":"\u001b[32minfo\u001b[39m","message":"Nom d'utilisateur du post trouvé avec le sélecteur \"a[href*=\"/\"][role=\"link\"]\" : nourished_and_vibrant","timestamp":"11:48:15 PM"}
{"level":"\u001b[32minfo\u001b[39m","message":"Checking if post username \"nourished_and_vibrant\" matches any target usernames in our database","timestamp":"11:48:15 PM"}
{"level":"\u001b[32minfo\u001b[39m","message":"Found a match! Post username \"nourished_and_vibrant\" is in our target list","timestamp":"11:48:15 PM"}
{"level":"\u001b[32minfo\u001b[39m","message":"Post username \"nourished_and_vibrant\" is in our target list. Proceeding...","timestamp":"11:48:15 PM"}
{"level":"\u001b[32minfo\u001b[39m","message":"No more 'processing' comments for this user. Waiting 2 minutes...","timestamp":"11:48:24 PM"}
{"level":"\u001b[32minfo\u001b[39m","message":"No more 'processing' comments for this user. Waiting 2 minutes...","timestamp":"11:51:24 PM"}
{"level":"\u001b[32minfo\u001b[39m","message":"Nom d'utilisateur du post trouvé avec le sélecteur \"a[href*=\"/\"][role=\"link\"]\" : nourished_and_vibrant","timestamp":"11:52:10 PM"}
{"level":"\u001b[32minfo\u001b[39m","message":"Checking if post username \"nourished_and_vibrant\" matches any target usernames in our database","timestamp":"11:52:10 PM"}
{"level":"\u001b[32minfo\u001b[39m","message":"Found a match! Post username \"nourished_and_vibrant\" is in our target list","timestamp":"11:52:10 PM"}
{"level":"\u001b[32minfo\u001b[39m","message":"Post username \"nourished_and_vibrant\" is in our target list. Proceeding...","timestamp":"11:52:10 PM"}
