{"level":"\u001b[32minfo\u001b[39m","message":"Connected to MongoDB","timestamp":"10:03:48 AM"}
{"level":"\u001b[32minfo\u001b[39m","message":"Connected to MongoDB","timestamp":"10:03:48 AM"}
{"level":"\u001b[32minfo\u001b[39m","message":"Server running on port 3445","timestamp":"10:03:48 AM"}
{"level":"\u001b[32minfo\u001b[39m","message":"Instagram username already exists for user 683720529b99dc1e616b574d: majesty___jewelry","timestamp":"10:03:58 AM"}
{"level":"\u001b[32minfo\u001b[39m","message":"Starting comment analysis for username: majesty___jewelry","timestamp":"10:03:58 AM"}
{"level":"\u001b[32minfo\u001b[39m","message":"Starting analysis session for majesty___jewelry on port 6654","timestamp":"10:03:58 AM"}
{"level":"\u001b[32minfo\u001b[39m","message":"Proxy started on port 6654","timestamp":"10:03:58 AM"}
{"level":"\u001b[32minfo\u001b[39m","message":"Attempting to retrieve Instagram cookies for majesty___jewelry...","timestamp":"10:04:01 AM"}
{"level":"\u001b[32minfo\u001b[39m","message":"Started proxy server for majesty___jewelry on port 4561","timestamp":"10:04:01 AM"}
{"level":"\u001b[32minfo\u001b[39m","message":"Navigating to Instagram homepage for majesty___jewelry...","timestamp":"10:04:01 AM"}
{"level":"\u001b[32minfo\u001b[39m","message":"Successfully retrieved cookies for majesty___jewelry","timestamp":"10:04:01 AM"}
{"level":"\u001b[32minfo\u001b[39m","message":"Navigating to Instagram homepage for majesty___jewelry...","timestamp":"10:04:01 AM"}
{"level":"\u001b[32minfo\u001b[39m","message":"Applying cookies for majesty___jewelry...","timestamp":"10:04:05 AM"}
{"level":"\u001b[32minfo\u001b[39m","message":"Applying cookies for majesty___jewelry...","timestamp":"10:04:05 AM"}
{"level":"\u001b[32minfo\u001b[39m","message":"Cookies applied successfully for majesty___jewelry","timestamp":"10:04:05 AM"}
{"level":"\u001b[32minfo\u001b[39m","message":"Logged into Instagram as majesty___jewelry","timestamp":"10:04:16 AM"}
{"level":"\u001b[32minfo\u001b[39m","message":"Logged into Instagram as majesty___jewelry via cookies.","timestamp":"10:04:16 AM"}
{"level":"\u001b[32minfo\u001b[39m","message":"Processing comment 68769b937760a5c788133b9a on post DMFtAD6Ow_J","timestamp":"10:04:16 AM"}
{"level":"\u001b[32minfo\u001b[39m","message":"Analysis attempt 1 for comment 68769b937760a5c788133b9a","timestamp":"10:04:16 AM"}
{"level":"\u001b[32minfo\u001b[39m","message":"Navigating to: https://www.instagram.com/p/DMFtAD6Ow_J/","timestamp":"10:04:16 AM"}
{"level":"\u001b[32minfo\u001b[39m","message":"No more 'processing' comments for this user. Waiting 2 minutes...","timestamp":"10:04:16 AM"}
{"level":"\u001b[32minfo\u001b[39m","message":"Found comment on page","timestamp":"10:04:24 AM"}
{"level":"\u001b[32minfo\u001b[39m","message":"Clicked 0 'View replies' buttons","timestamp":"10:04:24 AM"}
{"level":"\u001b[32minfo\u001b[39m","message":"Found 1 likes","timestamp":"10:04:26 AM"}
{"level":"\u001b[32minfo\u001b[39m","message":"Extracted 0 replies","timestamp":"10:04:26 AM"}
{"level":"\u001b[33mwarn\u001b[39m","message":"No replies found","timestamp":"10:04:26 AM"}
{"level":"\u001b[32minfo\u001b[39m","message":"Analysis complete: 1 likes, 0 replies","timestamp":"10:04:26 AM"}
{"level":"\u001b[32minfo\u001b[39m","message":"Successfully analyzed comment 68769b937760a5c788133b9a","timestamp":"10:04:26 AM"}
{"level":"\u001b[32minfo\u001b[39m","message":"Waiting 48100ms before next comment","timestamp":"10:04:26 AM"}
{"level":"\u001b[32minfo\u001b[39m","message":"Connexion détectée (lien de messagerie présent).","timestamp":"10:04:33 AM"}
{"level":"\u001b[32minfo\u001b[39m","message":"Cookies Instagram sauvegardés en base de données pour l'utilisateur majesty___jewelry.","timestamp":"10:04:33 AM"}
{"level":"\u001b[34mdebug\u001b[39m","message":"Résultat de l'opération DB: 1 document(s) modifié(s), 0 document(s) créé(s).","timestamp":"10:04:33 AM"}
{"level":"\u001b[32minfo\u001b[39m","message":"Started proxy server for majesty___jewelry on port 6445","timestamp":"10:04:34 AM"}
{"level":"\u001b[32minfo\u001b[39m","message":"Navigating to Instagram homepage for majesty___jewelry...","timestamp":"10:04:34 AM"}
{"level":"\u001b[32minfo\u001b[39m","message":"Applying cookies for majesty___jewelry...","timestamp":"10:04:37 AM"}
{"level":"\u001b[32minfo\u001b[39m","message":"Cookies applied successfully for majesty___jewelry","timestamp":"10:04:37 AM"}
{"level":"\u001b[32minfo\u001b[39m","message":"Logged into Instagram as majesty___jewelry via cookies.","timestamp":"10:04:42 AM"}
{"level":"\u001b[32minfo\u001b[39m","message":"Nom d'utilisateur du post trouvé avec le sélecteur \"a[href*=\"/\"][role=\"link\"]\" : drmarkhyman","timestamp":"10:04:55 AM"}
{"level":"\u001b[32minfo\u001b[39m","message":"Checking if post username \"drmarkhyman\" matches target usernames for account \"majesty___jewelry\"","timestamp":"10:04:55 AM"}
{"level":"\u001b[32minfo\u001b[39m","message":"Found a match! Post username \"drmarkhyman\" is in the target list for account \"majesty___jewelry\"","timestamp":"10:04:55 AM"}
{"level":"\u001b[32minfo\u001b[39m","message":"Post username \"drmarkhyman\" is in our target list. Proceeding...","timestamp":"10:04:55 AM"}
{"level":"\u001b[32minfo\u001b[39m","message":"Processing comment 68769b287760a5c788133b97 on post DL5CMT9MQqA","timestamp":"10:05:15 AM"}
{"level":"\u001b[32minfo\u001b[39m","message":"Analysis attempt 1 for comment 68769b287760a5c788133b97","timestamp":"10:05:16 AM"}
{"level":"\u001b[32minfo\u001b[39m","message":"Navigating to: https://www.instagram.com/p/DL5CMT9MQqA/","timestamp":"10:05:16 AM"}
{"level":"\u001b[31merror\u001b[39m","message":"Attempt 1 failed: Navigation timeout of 30000 ms exceeded","name":"TimeoutError","stack":"TimeoutError: Navigation timeout of 30000 ms exceeded\n    at new Deferred (C:\\Users\\admin\\Desktop\\epi-engage\\riona_ai-main\\node_modules\\puppeteer-core\\src\\util\\Deferred.ts:74:28)\n    at Function.create (C:\\Users\\admin\\Desktop\\epi-engage\\riona_ai-main\\node_modules\\puppeteer-core\\src\\util\\Deferred.ts:29:12)\n    at new LifecycleWatcher (C:\\Users\\admin\\Desktop\\epi-engage\\riona_ai-main\\node_modules\\puppeteer-core\\src\\cdp\\LifecycleWatcher.ts:148:42)\n    at CdpFrame.goto (C:\\Users\\admin\\Desktop\\epi-engage\\riona_ai-main\\node_modules\\puppeteer-core\\src\\cdp\\Frame.ts:160:21)\n    at CdpFrame.<anonymous> (C:\\Users\\admin\\Desktop\\epi-engage\\riona_ai-main\\node_modules\\puppeteer-core\\src\\util\\decorators.ts:63:21)\n    at CdpPage.goto (C:\\Users\\admin\\Desktop\\epi-engage\\riona_ai-main\\node_modules\\puppeteer-core\\src\\api\\Page.ts:1730:35)\n    at processAnalysisQueue (C:\\Users\\admin\\Desktop\\epi-engage\\riona_ai-main\\src\\controllers\\analyse.ts:375:22)\n    at processTicksAndRejections (node:internal/process/task_queues:105:5)","timestamp":"10:05:46 AM"}
{"level":"\u001b[32minfo\u001b[39m","message":"Waiting 35470ms before retry","timestamp":"10:05:46 AM"}
{"level":"\u001b[32minfo\u001b[39m","message":"Analysis attempt 2 for comment 68769b287760a5c788133b97","timestamp":"10:06:21 AM"}
{"level":"\u001b[32minfo\u001b[39m","message":"Navigating to: https://www.instagram.com/p/DL5CMT9MQqA/","timestamp":"10:06:21 AM"}
{"level":"\u001b[32minfo\u001b[39m","message":"Found comment on page","timestamp":"10:06:33 AM"}
{"level":"\u001b[32minfo\u001b[39m","message":"Clicked 0 'View replies' buttons","timestamp":"10:06:33 AM"}
{"level":"\u001b[32minfo\u001b[39m","message":"Found 0 likes","timestamp":"10:06:35 AM"}
{"level":"\u001b[32minfo\u001b[39m","message":"Extracted 0 replies","timestamp":"10:06:35 AM"}
{"level":"\u001b[33mwarn\u001b[39m","message":"No replies found","timestamp":"10:06:35 AM"}
{"level":"\u001b[32minfo\u001b[39m","message":"Analysis complete: 0 likes, 0 replies","timestamp":"10:06:35 AM"}
{"level":"\u001b[32minfo\u001b[39m","message":"Successfully analyzed comment 68769b287760a5c788133b97","timestamp":"10:06:35 AM"}
{"level":"\u001b[32minfo\u001b[39m","message":"Waiting 59954ms before next comment","timestamp":"10:06:35 AM"}
{"level":"\u001b[32minfo\u001b[39m","message":"No more 'processing' comments for this user. Waiting 2 minutes...","timestamp":"10:07:16 AM"}
{"level":"\u001b[32minfo\u001b[39m","message":"Nom d'utilisateur du post trouvé avec le sélecteur \"a[href*=\"/\"][role=\"link\"]\" : drmarkhyman","timestamp":"10:07:29 AM"}
{"level":"\u001b[32minfo\u001b[39m","message":"Checking if post username \"drmarkhyman\" matches target usernames for account \"majesty___jewelry\"","timestamp":"10:07:29 AM"}
{"level":"\u001b[32minfo\u001b[39m","message":"Found a match! Post username \"drmarkhyman\" is in the target list for account \"majesty___jewelry\"","timestamp":"10:07:30 AM"}
{"level":"\u001b[32minfo\u001b[39m","message":"Post username \"drmarkhyman\" is in our target list. Proceeding...","timestamp":"10:07:30 AM"}
{"level":"\u001b[32minfo\u001b[39m","message":"Processing comment 687695ab7760a5c788133b94 on post DMGiFNXPVvG","timestamp":"10:07:35 AM"}
{"level":"\u001b[32minfo\u001b[39m","message":"Analysis attempt 1 for comment 687695ab7760a5c788133b94","timestamp":"10:07:35 AM"}
{"level":"\u001b[32minfo\u001b[39m","message":"Navigating to: https://www.instagram.com/p/DMGiFNXPVvG/","timestamp":"10:07:35 AM"}
{"level":"\u001b[32minfo\u001b[39m","message":"Found comment on page","timestamp":"10:07:47 AM"}
{"level":"\u001b[32minfo\u001b[39m","message":"Clicked 0 'View replies' buttons","timestamp":"10:07:47 AM"}
{"level":"\u001b[32minfo\u001b[39m","message":"Found 1 likes","timestamp":"10:07:49 AM"}
{"level":"\u001b[32minfo\u001b[39m","message":"Extracted 0 replies","timestamp":"10:07:49 AM"}
{"level":"\u001b[33mwarn\u001b[39m","message":"No replies found","timestamp":"10:07:49 AM"}
{"level":"\u001b[32minfo\u001b[39m","message":"Analysis complete: 1 likes, 0 replies","timestamp":"10:07:49 AM"}
{"level":"\u001b[32minfo\u001b[39m","message":"Successfully analyzed comment 687695ab7760a5c788133b94","timestamp":"10:07:49 AM"}
{"level":"\u001b[32minfo\u001b[39m","message":"Waiting 51657ms before next comment","timestamp":"10:07:49 AM"}
{"level":"\u001b[32minfo\u001b[39m","message":"Instagram username already exists for user 683720529b99dc1e616b574d: majesty___jewelry","timestamp":"10:08:06 AM"}
{"level":"\u001b[32minfo\u001b[39m","message":"Starting comment analysis for username: majesty___jewelry","timestamp":"10:08:06 AM"}
{"level":"\u001b[32minfo\u001b[39m","message":"Starting analysis session for majesty___jewelry on port 6901","timestamp":"10:08:06 AM"}
{"level":"\u001b[32minfo\u001b[39m","message":"Proxy started on port 6901","timestamp":"10:08:06 AM"}
{"level":"\u001b[32minfo\u001b[39m","message":"Connected to MongoDB","timestamp":"10:23:03 AM"}
{"level":"\u001b[32minfo\u001b[39m","message":"Connected to MongoDB","timestamp":"10:23:03 AM"}
{"level":"\u001b[32minfo\u001b[39m","message":"Server running on port 3445","timestamp":"10:23:03 AM"}
{"level":"\u001b[32minfo\u001b[39m","message":"Connexion détectée (lien de messagerie présent).","timestamp":"10:23:29 AM"}
{"level":"\u001b[32minfo\u001b[39m","message":"Cookies Instagram sauvegardés en base de données pour l'utilisateur majesty___jewelry.","timestamp":"10:23:29 AM"}
{"level":"\u001b[34mdebug\u001b[39m","message":"Résultat de l'opération DB: 1 document(s) modifié(s), 0 document(s) créé(s).","timestamp":"10:23:29 AM"}
{"level":"\u001b[32minfo\u001b[39m","message":"Started proxy server for majesty___jewelry on port 6440","timestamp":"10:23:30 AM"}
{"level":"\u001b[32minfo\u001b[39m","message":"Navigating to Instagram homepage for majesty___jewelry...","timestamp":"10:23:30 AM"}
{"level":"\u001b[32minfo\u001b[39m","message":"Applying cookies for majesty___jewelry...","timestamp":"10:23:32 AM"}
{"level":"\u001b[32minfo\u001b[39m","message":"Cookies applied successfully for majesty___jewelry","timestamp":"10:23:32 AM"}
{"level":"\u001b[32minfo\u001b[39m","message":"Connected to MongoDB","timestamp":"11:54:57 AM"}
{"level":"\u001b[32minfo\u001b[39m","message":"Connected to MongoDB","timestamp":"11:54:58 AM"}
{"level":"\u001b[32minfo\u001b[39m","message":"Server running on port 3445","timestamp":"11:54:58 AM"}
{"level":"\u001b[32minfo\u001b[39m","message":"Instagram username already exists for user 683720529b99dc1e616b574d: majesty___jewelry","timestamp":"11:55:22 AM"}
{"level":"\u001b[32minfo\u001b[39m","message":"Starting comment analysis for username: majesty___jewelry","timestamp":"11:55:22 AM"}
{"level":"\u001b[32minfo\u001b[39m","message":"Starting analysis session for majesty___jewelry on port 6452","timestamp":"11:55:22 AM"}
{"level":"\u001b[32minfo\u001b[39m","message":"Proxy started on port 6452","timestamp":"11:55:22 AM"}
{"level":"\u001b[32minfo\u001b[39m","message":"Attempting to retrieve Instagram cookies for majesty___jewelry...","timestamp":"11:55:26 AM"}
{"level":"\u001b[32minfo\u001b[39m","message":"Started proxy server for majesty___jewelry on port 3259","timestamp":"11:55:26 AM"}
{"level":"\u001b[32minfo\u001b[39m","message":"Navigating to Instagram homepage for majesty___jewelry...","timestamp":"11:55:26 AM"}
{"level":"\u001b[32minfo\u001b[39m","message":"Successfully retrieved cookies for majesty___jewelry","timestamp":"11:55:26 AM"}
{"level":"\u001b[32minfo\u001b[39m","message":"Navigating to Instagram homepage for majesty___jewelry...","timestamp":"11:55:26 AM"}
{"level":"\u001b[32minfo\u001b[39m","message":"Applying cookies for majesty___jewelry...","timestamp":"11:55:31 AM"}
{"level":"\u001b[32minfo\u001b[39m","message":"Applying cookies for majesty___jewelry...","timestamp":"11:55:32 AM"}
{"level":"\u001b[32minfo\u001b[39m","message":"Cookies applied successfully for majesty___jewelry","timestamp":"11:55:32 AM"}
{"level":"\u001b[32minfo\u001b[39m","message":"Logged into Instagram as majesty___jewelry via cookies.","timestamp":"11:55:44 AM"}
{"level":"\u001b[32minfo\u001b[39m","message":"No more 'processing' comments for this user. Waiting 2 minutes...","timestamp":"11:55:44 AM"}
{"level":"\u001b[32minfo\u001b[39m","message":"Logged into Instagram as majesty___jewelry","timestamp":"11:55:44 AM"}
{"level":"\u001b[32minfo\u001b[39m","message":"Processing comment 687692877760a5c788133b92 on post DL52LsTttno","timestamp":"11:55:44 AM"}
{"level":"\u001b[32minfo\u001b[39m","message":"Analysis attempt 1 for comment 687692877760a5c788133b92","timestamp":"11:55:44 AM"}
{"level":"\u001b[32minfo\u001b[39m","message":"Navigating to: https://www.instagram.com/p/DL52LsTttno/","timestamp":"11:55:44 AM"}
{"level":"\u001b[32minfo\u001b[39m","message":"Found comment on page","timestamp":"11:55:55 AM"}
{"level":"\u001b[32minfo\u001b[39m","message":"Clicked 0 'View replies' buttons","timestamp":"11:55:55 AM"}
{"level":"\u001b[32minfo\u001b[39m","message":"Connexion détectée (lien de messagerie présent).","timestamp":"11:55:56 AM"}
{"level":"\u001b[32minfo\u001b[39m","message":"Cookies Instagram sauvegardés en base de données pour l'utilisateur majesty___jewelry.","timestamp":"11:55:56 AM"}
{"level":"\u001b[34mdebug\u001b[39m","message":"Résultat de l'opération DB: 1 document(s) modifié(s), 0 document(s) créé(s).","timestamp":"11:55:56 AM"}
{"level":"\u001b[32minfo\u001b[39m","message":"Found 0 likes","timestamp":"11:55:57 AM"}
{"level":"\u001b[32minfo\u001b[39m","message":"Extracted 0 replies","timestamp":"11:55:57 AM"}
{"level":"\u001b[33mwarn\u001b[39m","message":"No replies found","timestamp":"11:55:57 AM"}
{"level":"\u001b[32minfo\u001b[39m","message":"Analysis complete: 0 likes, 0 replies","timestamp":"11:55:57 AM"}
{"level":"\u001b[32minfo\u001b[39m","message":"Successfully analyzed comment 687692877760a5c788133b92","timestamp":"11:55:57 AM"}
{"level":"\u001b[32minfo\u001b[39m","message":"Waiting 48530ms before next comment","timestamp":"11:55:57 AM"}
{"level":"\u001b[32minfo\u001b[39m","message":"Started proxy server for majesty___jewelry on port 6530","timestamp":"11:55:59 AM"}
{"level":"\u001b[32minfo\u001b[39m","message":"Navigating to Instagram homepage for majesty___jewelry...","timestamp":"11:55:59 AM"}
{"level":"\u001b[32minfo\u001b[39m","message":"Applying cookies for majesty___jewelry...","timestamp":"11:56:01 AM"}
{"level":"\u001b[32minfo\u001b[39m","message":"Cookies applied successfully for majesty___jewelry","timestamp":"11:56:01 AM"}
{"level":"\u001b[32minfo\u001b[39m","message":"Logged into Instagram as majesty___jewelry via cookies.","timestamp":"11:56:07 AM"}
{"level":"\u001b[32minfo\u001b[39m","message":"Instagram username already exists for user 683720529b99dc1e616b574d: majesty___jewelry","timestamp":"11:56:21 AM"}
{"level":"\u001b[32minfo\u001b[39m","message":"Starting comment analysis for username: majesty___jewelry","timestamp":"11:56:21 AM"}
{"level":"\u001b[32minfo\u001b[39m","message":"Starting analysis session for majesty___jewelry on port 6604","timestamp":"11:56:21 AM"}
{"level":"\u001b[32minfo\u001b[39m","message":"Proxy started on port 6604","timestamp":"11:56:21 AM"}
{"level":"\u001b[32minfo\u001b[39m","message":"Nom d'utilisateur du post trouvé avec le sélecteur \"a[href*=\"/\"][role=\"link\"]\" : drmarkhyman","timestamp":"11:56:21 AM"}
{"level":"\u001b[32minfo\u001b[39m","message":"Checking if post username \"drmarkhyman\" matches target usernames for account \"majesty___jewelry\"","timestamp":"11:56:21 AM"}
{"level":"\u001b[32minfo\u001b[39m","message":"Found a match! Post username \"drmarkhyman\" is in the target list for account \"majesty___jewelry\"","timestamp":"11:56:21 AM"}
{"level":"\u001b[32minfo\u001b[39m","message":"Post username \"drmarkhyman\" is in our target list. Proceeding...","timestamp":"11:56:21 AM"}
{"level":"\u001b[32minfo\u001b[39m","message":"Connected to MongoDB","timestamp":"11:56:41 AM"}
{"level":"\u001b[32minfo\u001b[39m","message":"Connected to MongoDB","timestamp":"11:56:41 AM"}
{"level":"\u001b[32minfo\u001b[39m","message":"Server running on port 3445","timestamp":"11:56:41 AM"}
{"level":"\u001b[32minfo\u001b[39m","message":"Connexion détectée (lien de messagerie présent).","timestamp":"11:57:31 AM"}
{"level":"\u001b[32minfo\u001b[39m","message":"Cookies Instagram sauvegardés en base de données pour l'utilisateur majesty___jewelry.","timestamp":"11:57:31 AM"}
{"level":"\u001b[34mdebug\u001b[39m","message":"Résultat de l'opération DB: 1 document(s) modifié(s), 0 document(s) créé(s).","timestamp":"11:57:31 AM"}
{"level":"\u001b[32minfo\u001b[39m","message":"Started proxy server for majesty___jewelry on port 6755","timestamp":"11:57:33 AM"}
{"level":"\u001b[32minfo\u001b[39m","message":"Navigating to Instagram homepage for majesty___jewelry...","timestamp":"11:57:33 AM"}
{"level":"\u001b[32minfo\u001b[39m","message":"Applying cookies for majesty___jewelry...","timestamp":"11:57:35 AM"}
{"level":"\u001b[32minfo\u001b[39m","message":"Cookies applied successfully for majesty___jewelry","timestamp":"11:57:35 AM"}
{"level":"\u001b[32minfo\u001b[39m","message":"Logged into Instagram as majesty___jewelry via cookies.","timestamp":"11:57:42 AM"}
{"level":"\u001b[32minfo\u001b[39m","message":"Nom d'utilisateur du post trouvé avec le sélecteur \"a[href*=\"/\"][role=\"link\"]\" : drmarkhyman","timestamp":"11:57:55 AM"}
{"level":"\u001b[32minfo\u001b[39m","message":"Checking if post username \"drmarkhyman\" matches target usernames for account \"majesty___jewelry\"","timestamp":"11:57:55 AM"}
{"level":"\u001b[32minfo\u001b[39m","message":"Found a match! Post username \"drmarkhyman\" is in the target list for account \"majesty___jewelry\"","timestamp":"11:57:55 AM"}
{"level":"\u001b[32minfo\u001b[39m","message":"Post username \"drmarkhyman\" is in our target list. Proceeding...","timestamp":"11:57:55 AM"}
{"level":"\u001b[32minfo\u001b[39m","message":"Nom d'utilisateur du post trouvé avec le sélecteur \"a[href*=\"/\"][role=\"link\"]\" : drmarkhyman","timestamp":"12:00:34 PM"}
{"level":"\u001b[32minfo\u001b[39m","message":"Checking if post username \"drmarkhyman\" matches target usernames for account \"majesty___jewelry\"","timestamp":"12:00:34 PM"}
{"level":"\u001b[32minfo\u001b[39m","message":"Found a match! Post username \"drmarkhyman\" is in the target list for account \"majesty___jewelry\"","timestamp":"12:00:34 PM"}
{"level":"\u001b[32minfo\u001b[39m","message":"Post username \"drmarkhyman\" is in our target list. Proceeding...","timestamp":"12:00:34 PM"}
{"level":"\u001b[32minfo\u001b[39m","message":"Connected to MongoDB","timestamp":"12:02:11 PM"}
{"level":"\u001b[32minfo\u001b[39m","message":"Connected to MongoDB","timestamp":"12:02:12 PM"}
{"level":"\u001b[32minfo\u001b[39m","message":"Server running on port 3445","timestamp":"12:02:12 PM"}
{"level":"\u001b[32minfo\u001b[39m","message":"Instagram username already exists for user 683720529b99dc1e616b574d: majesty___jewelry","timestamp":"12:02:19 PM"}
{"level":"\u001b[32minfo\u001b[39m","message":"Starting comment analysis for username: majesty___jewelry","timestamp":"12:02:19 PM"}
{"level":"\u001b[32minfo\u001b[39m","message":"Starting analysis session for majesty___jewelry on port 6568","timestamp":"12:02:19 PM"}
{"level":"\u001b[32minfo\u001b[39m","message":"Proxy started on port 6568","timestamp":"12:02:19 PM"}
{"level":"\u001b[32minfo\u001b[39m","message":"Connected to MongoDB","timestamp":"12:02:38 PM"}
{"level":"\u001b[32minfo\u001b[39m","message":"Connected to MongoDB","timestamp":"12:02:38 PM"}
{"level":"\u001b[32minfo\u001b[39m","message":"Server running on port 3445","timestamp":"12:02:38 PM"}
{"level":"\u001b[32minfo\u001b[39m","message":"Connexion détectée (lien de messagerie présent).","timestamp":"12:03:08 PM"}
{"level":"\u001b[32minfo\u001b[39m","message":"Cookies Instagram sauvegardés en base de données pour l'utilisateur majesty___jewelry.","timestamp":"12:03:08 PM"}
{"level":"\u001b[34mdebug\u001b[39m","message":"Résultat de l'opération DB: 1 document(s) modifié(s), 0 document(s) créé(s).","timestamp":"12:03:08 PM"}
{"level":"\u001b[32minfo\u001b[39m","message":"Started proxy server for majesty___jewelry on port 6897","timestamp":"12:03:10 PM"}
{"level":"\u001b[32minfo\u001b[39m","message":"Navigating to Instagram homepage for majesty___jewelry...","timestamp":"12:03:10 PM"}
{"level":"\u001b[32minfo\u001b[39m","message":"Applying cookies for majesty___jewelry...","timestamp":"12:03:13 PM"}
{"level":"\u001b[32minfo\u001b[39m","message":"Cookies applied successfully for majesty___jewelry","timestamp":"12:03:13 PM"}
{"level":"\u001b[32minfo\u001b[39m","message":"Logged into Instagram as majesty___jewelry via cookies.","timestamp":"12:03:19 PM"}
{"level":"\u001b[32minfo\u001b[39m","message":"Nom d'utilisateur du post trouvé avec le sélecteur \"a[href*=\"/\"][role=\"link\"]\" : drmarkhyman","timestamp":"12:03:33 PM"}
{"level":"\u001b[32minfo\u001b[39m","message":"Checking if post username \"drmarkhyman\" matches target usernames for account \"majesty___jewelry\"","timestamp":"12:03:33 PM"}
{"level":"\u001b[32minfo\u001b[39m","message":"Found a match! Post username \"drmarkhyman\" is in the target list for account \"majesty___jewelry\"","timestamp":"12:03:33 PM"}
{"level":"\u001b[32minfo\u001b[39m","message":"Post username \"drmarkhyman\" is in our target list. Proceeding...","timestamp":"12:03:33 PM"}
{"level":"\u001b[32minfo\u001b[39m","message":"Nom d'utilisateur du post trouvé avec le sélecteur \"a[href*=\"/\"][role=\"link\"]\" : drmarkhyman","timestamp":"12:05:32 PM"}
{"level":"\u001b[32minfo\u001b[39m","message":"Checking if post username \"drmarkhyman\" matches target usernames for account \"majesty___jewelry\"","timestamp":"12:05:32 PM"}
{"level":"\u001b[32minfo\u001b[39m","message":"Found a match! Post username \"drmarkhyman\" is in the target list for account \"majesty___jewelry\"","timestamp":"12:05:32 PM"}
{"level":"\u001b[32minfo\u001b[39m","message":"Post username \"drmarkhyman\" is in our target list. Proceeding...","timestamp":"12:05:32 PM"}
{"level":"\u001b[32minfo\u001b[39m","message":"Processed post DPlfw4PETKD as majesty___jewelry (1/500)","timestamp":"12:07:33 PM"}
{"level":"\u001b[32minfo\u001b[39m","message":"Nom d'utilisateur du post trouvé avec le sélecteur \"a[href*=\"/\"][role=\"link\"]\" : bloombergbusiness","timestamp":"12:07:45 PM"}
{"level":"\u001b[32minfo\u001b[39m","message":"Checking if post username \"bloombergbusiness\" matches target usernames for account \"majesty___jewelry\"","timestamp":"12:07:45 PM"}
{"level":"\u001b[32minfo\u001b[39m","message":"Found a match! Post username \"bloombergbusiness\" is in the target list for account \"majesty___jewelry\"","timestamp":"12:07:45 PM"}
{"level":"\u001b[32minfo\u001b[39m","message":"Post username \"bloombergbusiness\" is in our target list. Proceeding...","timestamp":"12:07:45 PM"}
{"level":"\u001b[32minfo\u001b[39m","message":"Nom d'utilisateur du post trouvé avec le sélecteur \"a[href*=\"/\"][role=\"link\"]\" : bloombergbusiness","timestamp":"12:09:18 PM"}
{"level":"\u001b[32minfo\u001b[39m","message":"Checking if post username \"bloombergbusiness\" matches target usernames for account \"majesty___jewelry\"","timestamp":"12:09:18 PM"}
{"level":"\u001b[32minfo\u001b[39m","message":"Found a match! Post username \"bloombergbusiness\" is in the target list for account \"majesty___jewelry\"","timestamp":"12:09:18 PM"}
{"level":"\u001b[32minfo\u001b[39m","message":"Post username \"bloombergbusiness\" is in our target list. Proceeding...","timestamp":"12:09:18 PM"}
{"level":"\u001b[32minfo\u001b[39m","message":"Processed post DPlgahfjHoh as majesty___jewelry (2/500)","timestamp":"12:10:48 PM"}
{"level":"\u001b[32minfo\u001b[39m","message":"Nom d'utilisateur du post trouvé avec le sélecteur \"a[href*=\"/\"][role=\"link\"]\" : hem.officiel","timestamp":"12:10:59 PM"}
{"level":"\u001b[32minfo\u001b[39m","message":"Checking if post username \"hem.officiel\" matches target usernames for account \"majesty___jewelry\"","timestamp":"12:10:59 PM"}
{"level":"\u001b[32minfo\u001b[39m","message":"No match found for post username \"hem.officiel\" in target list for account \"majesty___jewelry\"","timestamp":"12:10:59 PM"}
{"level":"\u001b[32minfo\u001b[39m","message":"Post username \"hem.officiel\" is not in our target list. Skipping...","timestamp":"12:10:59 PM"}
{"level":"\u001b[32minfo\u001b[39m","message":"Nom d'utilisateur du post trouvé avec le sélecteur \"a[href*=\"/\"][role=\"link\"]\" : hem.officiel","timestamp":"12:11:06 PM"}
{"level":"\u001b[32minfo\u001b[39m","message":"Checking if post username \"hem.officiel\" matches target usernames for account \"majesty___jewelry\"","timestamp":"12:11:06 PM"}
{"level":"\u001b[32minfo\u001b[39m","message":"No match found for post username \"hem.officiel\" in target list for account \"majesty___jewelry\"","timestamp":"12:11:06 PM"}
{"level":"\u001b[32minfo\u001b[39m","message":"Post username \"hem.officiel\" is not in our target list. Skipping...","timestamp":"12:11:06 PM"}
{"level":"\u001b[32minfo\u001b[39m","message":"Processed post DPMmQrEAAsY as majesty___jewelry (3/500)","timestamp":"12:11:06 PM"}
{"level":"\u001b[32minfo\u001b[39m","message":"Nom d'utilisateur du post trouvé avec le sélecteur \"a[href*=\"/\"][role=\"link\"]\" : wsj","timestamp":"12:11:17 PM"}
{"level":"\u001b[32minfo\u001b[39m","message":"Checking if post username \"wsj\" matches target usernames for account \"majesty___jewelry\"","timestamp":"12:11:17 PM"}
{"level":"\u001b[32minfo\u001b[39m","message":"Found a match! Post username \"wsj\" is in the target list for account \"majesty___jewelry\"","timestamp":"12:11:17 PM"}
{"level":"\u001b[32minfo\u001b[39m","message":"Post username \"wsj\" is in our target list. Proceeding...","timestamp":"12:11:17 PM"}
{"level":"\u001b[32minfo\u001b[39m","message":"Nom d'utilisateur du post trouvé avec le sélecteur \"a[href*=\"/\"][role=\"link\"]\" : wsj","timestamp":"12:13:59 PM"}
{"level":"\u001b[32minfo\u001b[39m","message":"Checking if post username \"wsj\" matches target usernames for account \"majesty___jewelry\"","timestamp":"12:13:59 PM"}
{"level":"\u001b[32minfo\u001b[39m","message":"Found a match! Post username \"wsj\" is in the target list for account \"majesty___jewelry\"","timestamp":"12:13:59 PM"}
{"level":"\u001b[32minfo\u001b[39m","message":"Post username \"wsj\" is in our target list. Proceeding...","timestamp":"12:13:59 PM"}
{"level":"\u001b[32minfo\u001b[39m","message":"Processed post DPh9wDqDeuu as majesty___jewelry (4/500)","timestamp":"12:16:54 PM"}
{"level":"\u001b[32minfo\u001b[39m","message":"Nom d'utilisateur du post trouvé avec le sélecteur \"a[href*=\"/\"][role=\"link\"]\" : accessmasterstour","timestamp":"12:17:14 PM"}
{"level":"\u001b[32minfo\u001b[39m","message":"Checking if post username \"accessmasterstour\" matches target usernames for account \"majesty___jewelry\"","timestamp":"12:17:14 PM"}
{"level":"\u001b[32minfo\u001b[39m","message":"No match found for post username \"accessmasterstour\" in target list for account \"majesty___jewelry\"","timestamp":"12:17:14 PM"}
{"level":"\u001b[32minfo\u001b[39m","message":"Post username \"accessmasterstour\" is not in our target list. Skipping...","timestamp":"12:17:14 PM"}
{"level":"\u001b[32minfo\u001b[39m","message":"Nom d'utilisateur du post trouvé avec le sélecteur \"a[href*=\"/\"][role=\"link\"]\" : accessmasterstour","timestamp":"12:17:22 PM"}
{"level":"\u001b[32minfo\u001b[39m","message":"Checking if post username \"accessmasterstour\" matches target usernames for account \"majesty___jewelry\"","timestamp":"12:17:22 PM"}
{"level":"\u001b[32minfo\u001b[39m","message":"No match found for post username \"accessmasterstour\" in target list for account \"majesty___jewelry\"","timestamp":"12:17:22 PM"}
{"level":"\u001b[32minfo\u001b[39m","message":"Post username \"accessmasterstour\" is not in our target list. Skipping...","timestamp":"12:17:22 PM"}
{"level":"\u001b[32minfo\u001b[39m","message":"Processed post DOvyCeogHFb as majesty___jewelry (5/500)","timestamp":"12:17:22 PM"}
{"level":"\u001b[32minfo\u001b[39m","message":"Nom d'utilisateur du post trouvé avec le sélecteur \"a[href*=\"/\"][role=\"link\"]\" : bloombergbusiness","timestamp":"12:17:34 PM"}
{"level":"\u001b[32minfo\u001b[39m","message":"Checking if post username \"bloombergbusiness\" matches target usernames for account \"majesty___jewelry\"","timestamp":"12:17:34 PM"}
{"level":"\u001b[32minfo\u001b[39m","message":"Found a match! Post username \"bloombergbusiness\" is in the target list for account \"majesty___jewelry\"","timestamp":"12:17:34 PM"}
{"level":"\u001b[32minfo\u001b[39m","message":"Post username \"bloombergbusiness\" is in our target list. Proceeding...","timestamp":"12:17:34 PM"}
{"level":"\u001b[32minfo\u001b[39m","message":"Nom d'utilisateur du post trouvé avec le sélecteur \"a[href*=\"/\"][role=\"link\"]\" : bloombergbusiness","timestamp":"12:19:08 PM"}
{"level":"\u001b[32minfo\u001b[39m","message":"Checking if post username \"bloombergbusiness\" matches target usernames for account \"majesty___jewelry\"","timestamp":"12:19:08 PM"}
{"level":"\u001b[32minfo\u001b[39m","message":"Found a match! Post username \"bloombergbusiness\" is in the target list for account \"majesty___jewelry\"","timestamp":"12:19:08 PM"}
{"level":"\u001b[32minfo\u001b[39m","message":"Post username \"bloombergbusiness\" is in our target list. Proceeding...","timestamp":"12:19:08 PM"}
{"level":"\u001b[32minfo\u001b[39m","message":"Processed post DPgCLQuESEW as majesty___jewelry (6/500)","timestamp":"12:20:44 PM"}
{"level":"\u001b[32minfo\u001b[39m","message":"Nom d'utilisateur du post trouvé avec le sélecteur \"a[href*=\"/\"][role=\"link\"]\" : candlelight.concerts","timestamp":"12:21:04 PM"}
{"level":"\u001b[32minfo\u001b[39m","message":"Checking if post username \"candlelight.concerts\" matches target usernames for account \"majesty___jewelry\"","timestamp":"12:21:04 PM"}
{"level":"\u001b[32minfo\u001b[39m","message":"No match found for post username \"candlelight.concerts\" in target list for account \"majesty___jewelry\"","timestamp":"12:21:04 PM"}
{"level":"\u001b[32minfo\u001b[39m","message":"Post username \"candlelight.concerts\" is not in our target list. Skipping...","timestamp":"12:21:04 PM"}
{"level":"\u001b[32minfo\u001b[39m","message":"Nom d'utilisateur du post trouvé avec le sélecteur \"a[href*=\"/\"][role=\"link\"]\" : candlelight.concerts","timestamp":"12:21:12 PM"}
{"level":"\u001b[32minfo\u001b[39m","message":"Checking if post username \"candlelight.concerts\" matches target usernames for account \"majesty___jewelry\"","timestamp":"12:21:12 PM"}
{"level":"\u001b[32minfo\u001b[39m","message":"No match found for post username \"candlelight.concerts\" in target list for account \"majesty___jewelry\"","timestamp":"12:21:12 PM"}
{"level":"\u001b[32minfo\u001b[39m","message":"Post username \"candlelight.concerts\" is not in our target list. Skipping...","timestamp":"12:21:12 PM"}
{"level":"\u001b[32minfo\u001b[39m","message":"Processed post DPg6jMlgGpi as majesty___jewelry (7/500)","timestamp":"12:21:12 PM"}
{"level":"\u001b[32minfo\u001b[39m","message":"Nom d'utilisateur du post trouvé avec le sélecteur \"a[href*=\"/\"][role=\"link\"]\" : hem.officiel","timestamp":"12:21:33 PM"}
{"level":"\u001b[32minfo\u001b[39m","message":"Checking if post username \"hem.officiel\" matches target usernames for account \"majesty___jewelry\"","timestamp":"12:21:33 PM"}
{"level":"\u001b[32minfo\u001b[39m","message":"No match found for post username \"hem.officiel\" in target list for account \"majesty___jewelry\"","timestamp":"12:21:33 PM"}
{"level":"\u001b[32minfo\u001b[39m","message":"Post username \"hem.officiel\" is not in our target list. Skipping...","timestamp":"12:21:33 PM"}
{"level":"\u001b[32minfo\u001b[39m","message":"Nom d'utilisateur du post trouvé avec le sélecteur \"a[href*=\"/\"][role=\"link\"]\" : hem.officiel","timestamp":"12:21:41 PM"}
{"level":"\u001b[32minfo\u001b[39m","message":"Checking if post username \"hem.officiel\" matches target usernames for account \"majesty___jewelry\"","timestamp":"12:21:41 PM"}
{"level":"\u001b[32minfo\u001b[39m","message":"No match found for post username \"hem.officiel\" in target list for account \"majesty___jewelry\"","timestamp":"12:21:41 PM"}
{"level":"\u001b[32minfo\u001b[39m","message":"Post username \"hem.officiel\" is not in our target list. Skipping...","timestamp":"12:21:41 PM"}
{"level":"\u001b[32minfo\u001b[39m","message":"Processed post DPMl5PRAGi_ as majesty___jewelry (8/500)","timestamp":"12:21:41 PM"}
{"level":"\u001b[32minfo\u001b[39m","message":"No new posts, scrolling...","timestamp":"12:21:56 PM"}
{"level":"\u001b[32minfo\u001b[39m","message":"No new posts, scrolling...","timestamp":"12:22:06 PM"}
{"level":"\u001b[32minfo\u001b[39m","message":"Nom d'utilisateur du post trouvé avec le sélecteur \"a[href*=\"/\"][role=\"link\"]\" : accessmasterstour","timestamp":"12:22:21 PM"}
{"level":"\u001b[32minfo\u001b[39m","message":"Checking if post username \"accessmasterstour\" matches target usernames for account \"majesty___jewelry\"","timestamp":"12:22:21 PM"}
{"level":"\u001b[32minfo\u001b[39m","message":"No match found for post username \"accessmasterstour\" in target list for account \"majesty___jewelry\"","timestamp":"12:22:21 PM"}
{"level":"\u001b[32minfo\u001b[39m","message":"Post username \"accessmasterstour\" is not in our target list. Skipping...","timestamp":"12:22:21 PM"}
{"level":"\u001b[32minfo\u001b[39m","message":"Nom d'utilisateur du post trouvé avec le sélecteur \"a[href*=\"/\"][role=\"link\"]\" : accessmasterstour","timestamp":"12:22:29 PM"}
{"level":"\u001b[32minfo\u001b[39m","message":"Checking if post username \"accessmasterstour\" matches target usernames for account \"majesty___jewelry\"","timestamp":"12:22:29 PM"}
{"level":"\u001b[32minfo\u001b[39m","message":"No match found for post username \"accessmasterstour\" in target list for account \"majesty___jewelry\"","timestamp":"12:22:29 PM"}
{"level":"\u001b[32minfo\u001b[39m","message":"Post username \"accessmasterstour\" is not in our target list. Skipping...","timestamp":"12:22:29 PM"}
{"level":"\u001b[32minfo\u001b[39m","message":"Processed post DOv2XQgET5o as majesty___jewelry (9/500)","timestamp":"12:22:29 PM"}
{"level":"\u001b[32minfo\u001b[39m","message":"Nom d'utilisateur du post trouvé avec le sélecteur \"a[href*=\"/\"][role=\"link\"]\" : promova","timestamp":"12:22:50 PM"}
{"level":"\u001b[32minfo\u001b[39m","message":"Checking if post username \"promova\" matches target usernames for account \"majesty___jewelry\"","timestamp":"12:22:50 PM"}
{"level":"\u001b[32minfo\u001b[39m","message":"No match found for post username \"promova\" in target list for account \"majesty___jewelry\"","timestamp":"12:22:50 PM"}
{"level":"\u001b[32minfo\u001b[39m","message":"Post username \"promova\" is not in our target list. Skipping...","timestamp":"12:22:50 PM"}
{"level":"\u001b[32minfo\u001b[39m","message":"Nom d'utilisateur du post trouvé avec le sélecteur \"a[href*=\"/\"][role=\"link\"]\" : promova","timestamp":"12:22:58 PM"}
{"level":"\u001b[32minfo\u001b[39m","message":"Checking if post username \"promova\" matches target usernames for account \"majesty___jewelry\"","timestamp":"12:22:58 PM"}
{"level":"\u001b[32minfo\u001b[39m","message":"No match found for post username \"promova\" in target list for account \"majesty___jewelry\"","timestamp":"12:22:58 PM"}
{"level":"\u001b[32minfo\u001b[39m","message":"Post username \"promova\" is not in our target list. Skipping...","timestamp":"12:22:58 PM"}
{"level":"\u001b[32minfo\u001b[39m","message":"Processed post DNDgrENAjX0 as majesty___jewelry (10/500)","timestamp":"12:22:58 PM"}
{"level":"\u001b[32minfo\u001b[39m","message":"Nom d'utilisateur du post trouvé avec le sélecteur \"a[href*=\"/\"][role=\"link\"]\" : urbank_maroc","timestamp":"12:23:20 PM"}
{"level":"\u001b[32minfo\u001b[39m","message":"Checking if post username \"urbank_maroc\" matches target usernames for account \"majesty___jewelry\"","timestamp":"12:23:20 PM"}
{"level":"\u001b[32minfo\u001b[39m","message":"No match found for post username \"urbank_maroc\" in target list for account \"majesty___jewelry\"","timestamp":"12:23:20 PM"}
{"level":"\u001b[32minfo\u001b[39m","message":"Post username \"urbank_maroc\" is not in our target list. Skipping...","timestamp":"12:23:20 PM"}
{"level":"\u001b[32minfo\u001b[39m","message":"Nom d'utilisateur du post trouvé avec le sélecteur \"a[href*=\"/\"][role=\"link\"]\" : urbank_maroc","timestamp":"12:23:27 PM"}
{"level":"\u001b[32minfo\u001b[39m","message":"Checking if post username \"urbank_maroc\" matches target usernames for account \"majesty___jewelry\"","timestamp":"12:23:27 PM"}
{"level":"\u001b[32minfo\u001b[39m","message":"No match found for post username \"urbank_maroc\" in target list for account \"majesty___jewelry\"","timestamp":"12:23:28 PM"}
{"level":"\u001b[32minfo\u001b[39m","message":"Post username \"urbank_maroc\" is not in our target list. Skipping...","timestamp":"12:23:28 PM"}
{"level":"\u001b[32minfo\u001b[39m","message":"Processed post DOB1rdxgEpz as majesty___jewelry (11/500)","timestamp":"12:23:28 PM"}
{"level":"\u001b[32minfo\u001b[39m","message":"Nom d'utilisateur du post trouvé avec le sélecteur \"a[href*=\"/\"][role=\"link\"]\" : dave.asprey","timestamp":"12:23:39 PM"}
{"level":"\u001b[32minfo\u001b[39m","message":"Checking if post username \"dave.asprey\" matches target usernames for account \"majesty___jewelry\"","timestamp":"12:23:39 PM"}
{"level":"\u001b[32minfo\u001b[39m","message":"No match found for post username \"dave.asprey\" in target list for account \"majesty___jewelry\"","timestamp":"12:23:39 PM"}
{"level":"\u001b[32minfo\u001b[39m","message":"Post username \"dave.asprey\" is not in our target list. Skipping...","timestamp":"12:23:39 PM"}
{"level":"\u001b[32minfo\u001b[39m","message":"Nom d'utilisateur du post trouvé avec le sélecteur \"a[href*=\"/\"][role=\"link\"]\" : dave.asprey","timestamp":"12:23:47 PM"}
{"level":"\u001b[32minfo\u001b[39m","message":"Checking if post username \"dave.asprey\" matches target usernames for account \"majesty___jewelry\"","timestamp":"12:23:47 PM"}
{"level":"\u001b[32minfo\u001b[39m","message":"No match found for post username \"dave.asprey\" in target list for account \"majesty___jewelry\"","timestamp":"12:23:47 PM"}
{"level":"\u001b[32minfo\u001b[39m","message":"Post username \"dave.asprey\" is not in our target list. Skipping...","timestamp":"12:23:47 PM"}
{"level":"\u001b[32minfo\u001b[39m","message":"Processed post DPj2_8jkcqJ as majesty___jewelry (12/500)","timestamp":"12:23:47 PM"}
{"level":"\u001b[32minfo\u001b[39m","message":"Nom d'utilisateur du post trouvé avec le sélecteur \"a[href*=\"/\"][role=\"link\"]\" : bbzpoker","timestamp":"12:24:08 PM"}
{"level":"\u001b[32minfo\u001b[39m","message":"Checking if post username \"bbzpoker\" matches target usernames for account \"majesty___jewelry\"","timestamp":"12:24:08 PM"}
{"level":"\u001b[32minfo\u001b[39m","message":"No match found for post username \"bbzpoker\" in target list for account \"majesty___jewelry\"","timestamp":"12:24:08 PM"}
{"level":"\u001b[32minfo\u001b[39m","message":"Post username \"bbzpoker\" is not in our target list. Skipping...","timestamp":"12:24:08 PM"}
{"level":"\u001b[32minfo\u001b[39m","message":"Nom d'utilisateur du post trouvé avec le sélecteur \"a[href*=\"/\"][role=\"link\"]\" : bbzpoker","timestamp":"12:24:17 PM"}
{"level":"\u001b[32minfo\u001b[39m","message":"Checking if post username \"bbzpoker\" matches target usernames for account \"majesty___jewelry\"","timestamp":"12:24:17 PM"}
{"level":"\u001b[32minfo\u001b[39m","message":"No match found for post username \"bbzpoker\" in target list for account \"majesty___jewelry\"","timestamp":"12:24:17 PM"}
{"level":"\u001b[32minfo\u001b[39m","message":"Post username \"bbzpoker\" is not in our target list. Skipping...","timestamp":"12:24:17 PM"}
{"level":"\u001b[32minfo\u001b[39m","message":"Processed post DDxiWiNApg2 as majesty___jewelry (13/500)","timestamp":"12:24:17 PM"}
{"level":"\u001b[32minfo\u001b[39m","message":"Nom d'utilisateur du post trouvé avec le sélecteur \"a[href*=\"/\"][role=\"link\"]\" : happinesscoachingcenter","timestamp":"12:24:37 PM"}
{"level":"\u001b[32minfo\u001b[39m","message":"Checking if post username \"happinesscoachingcenter\" matches target usernames for account \"majesty___jewelry\"","timestamp":"12:24:37 PM"}
{"level":"\u001b[32minfo\u001b[39m","message":"No match found for post username \"happinesscoachingcenter\" in target list for account \"majesty___jewelry\"","timestamp":"12:24:37 PM"}
{"level":"\u001b[32minfo\u001b[39m","message":"Post username \"happinesscoachingcenter\" is not in our target list. Skipping...","timestamp":"12:24:37 PM"}
{"level":"\u001b[32minfo\u001b[39m","message":"Nom d'utilisateur du post trouvé avec le sélecteur \"a[href*=\"/\"][role=\"link\"]\" : happinesscoachingcenter","timestamp":"12:24:45 PM"}
{"level":"\u001b[32minfo\u001b[39m","message":"Checking if post username \"happinesscoachingcenter\" matches target usernames for account \"majesty___jewelry\"","timestamp":"12:24:45 PM"}
{"level":"\u001b[32minfo\u001b[39m","message":"No match found for post username \"happinesscoachingcenter\" in target list for account \"majesty___jewelry\"","timestamp":"12:24:45 PM"}
{"level":"\u001b[32minfo\u001b[39m","message":"Post username \"happinesscoachingcenter\" is not in our target list. Skipping...","timestamp":"12:24:45 PM"}
{"level":"\u001b[32minfo\u001b[39m","message":"Processed post DNS1dP_MmIj as majesty___jewelry (14/500)","timestamp":"12:24:45 PM"}
{"level":"\u001b[32minfo\u001b[39m","message":"Nom d'utilisateur du post trouvé avec le sélecteur \"a[href*=\"/\"][role=\"link\"]\" : kittldesign","timestamp":"12:25:05 PM"}
{"level":"\u001b[32minfo\u001b[39m","message":"Checking if post username \"kittldesign\" matches target usernames for account \"majesty___jewelry\"","timestamp":"12:25:05 PM"}
{"level":"\u001b[32minfo\u001b[39m","message":"No match found for post username \"kittldesign\" in target list for account \"majesty___jewelry\"","timestamp":"12:25:05 PM"}
{"level":"\u001b[32minfo\u001b[39m","message":"Post username \"kittldesign\" is not in our target list. Skipping...","timestamp":"12:25:05 PM"}
{"level":"\u001b[32minfo\u001b[39m","message":"Nom d'utilisateur du post trouvé avec le sélecteur \"a[href*=\"/\"][role=\"link\"]\" : kittldesign","timestamp":"12:25:14 PM"}
{"level":"\u001b[32minfo\u001b[39m","message":"Checking if post username \"kittldesign\" matches target usernames for account \"majesty___jewelry\"","timestamp":"12:25:14 PM"}
{"level":"\u001b[32minfo\u001b[39m","message":"No match found for post username \"kittldesign\" in target list for account \"majesty___jewelry\"","timestamp":"12:25:14 PM"}
{"level":"\u001b[32minfo\u001b[39m","message":"Post username \"kittldesign\" is not in our target list. Skipping...","timestamp":"12:25:14 PM"}
{"level":"\u001b[32minfo\u001b[39m","message":"Processed post DNQ4IgQA5gq as majesty___jewelry (15/500)","timestamp":"12:25:14 PM"}
{"level":"\u001b[32minfo\u001b[39m","message":"No new posts, scrolling...","timestamp":"12:25:29 PM"}
{"level":"\u001b[32minfo\u001b[39m","message":"Nom d'utilisateur du post trouvé avec le sélecteur \"a[href*=\"/\"][role=\"link\"]\" : rorkapp","timestamp":"12:25:45 PM"}
{"level":"\u001b[32minfo\u001b[39m","message":"Checking if post username \"rorkapp\" matches target usernames for account \"majesty___jewelry\"","timestamp":"12:25:45 PM"}
{"level":"\u001b[32minfo\u001b[39m","message":"No match found for post username \"rorkapp\" in target list for account \"majesty___jewelry\"","timestamp":"12:25:45 PM"}
{"level":"\u001b[32minfo\u001b[39m","message":"Post username \"rorkapp\" is not in our target list. Skipping...","timestamp":"12:25:45 PM"}
{"level":"\u001b[32minfo\u001b[39m","message":"Nom d'utilisateur du post trouvé avec le sélecteur \"a[href*=\"/\"][role=\"link\"]\" : rorkapp","timestamp":"12:25:53 PM"}
{"level":"\u001b[32minfo\u001b[39m","message":"Checking if post username \"rorkapp\" matches target usernames for account \"majesty___jewelry\"","timestamp":"12:25:53 PM"}
{"level":"\u001b[32minfo\u001b[39m","message":"No match found for post username \"rorkapp\" in target list for account \"majesty___jewelry\"","timestamp":"12:25:53 PM"}
{"level":"\u001b[32minfo\u001b[39m","message":"Post username \"rorkapp\" is not in our target list. Skipping...","timestamp":"12:25:53 PM"}
{"level":"\u001b[32minfo\u001b[39m","message":"Processed post DPWgxusALgu as majesty___jewelry (16/500)","timestamp":"12:25:53 PM"}
{"level":"\u001b[32minfo\u001b[39m","message":"Nom d'utilisateur du post trouvé avec le sélecteur \"a[href*=\"/\"][role=\"link\"]\" : wsj","timestamp":"12:26:14 PM"}
{"level":"\u001b[32minfo\u001b[39m","message":"Checking if post username \"wsj\" matches target usernames for account \"majesty___jewelry\"","timestamp":"12:26:14 PM"}
{"level":"\u001b[32minfo\u001b[39m","message":"Found a match! Post username \"wsj\" is in the target list for account \"majesty___jewelry\"","timestamp":"12:26:14 PM"}
{"level":"\u001b[32minfo\u001b[39m","message":"Post username \"wsj\" is in our target list. Proceeding...","timestamp":"12:26:14 PM"}
{"level":"\u001b[32minfo\u001b[39m","message":"Connected to MongoDB","timestamp":"4:24:39 PM"}
{"level":"\u001b[32minfo\u001b[39m","message":"Connected to MongoDB","timestamp":"4:24:40 PM"}
{"level":"\u001b[32minfo\u001b[39m","message":"Server running on port 3445","timestamp":"4:24:40 PM"}
{"level":"\u001b[32minfo\u001b[39m","message":"Instagram username already exists for user 683720529b99dc1e616b574d: majesty___jewelry","timestamp":"4:24:58 PM"}
{"level":"\u001b[32minfo\u001b[39m","message":"Starting comment analysis for username: majesty___jewelry","timestamp":"4:24:59 PM"}
{"level":"\u001b[32minfo\u001b[39m","message":"Starting analysis session for majesty___jewelry on port 6949","timestamp":"4:24:59 PM"}
{"level":"\u001b[32minfo\u001b[39m","message":"Proxy started on port 6949","timestamp":"4:24:59 PM"}
{"level":"\u001b[32minfo\u001b[39m","message":"Attempting to retrieve Instagram cookies for majesty___jewelry...","timestamp":"4:25:02 PM"}
{"level":"\u001b[32minfo\u001b[39m","message":"Successfully retrieved cookies for majesty___jewelry","timestamp":"4:25:02 PM"}
{"level":"\u001b[32minfo\u001b[39m","message":"Navigating to Instagram homepage for majesty___jewelry...","timestamp":"4:25:02 PM"}
{"level":"\u001b[32minfo\u001b[39m","message":"Started proxy server for majesty___jewelry on port 3880","timestamp":"4:25:02 PM"}
{"level":"\u001b[32minfo\u001b[39m","message":"Navigating to Instagram homepage for majesty___jewelry...","timestamp":"4:25:02 PM"}
{"level":"\u001b[32minfo\u001b[39m","message":"Applying cookies for majesty___jewelry...","timestamp":"4:25:05 PM"}
{"level":"\u001b[32minfo\u001b[39m","message":"Applying cookies for majesty___jewelry...","timestamp":"4:25:05 PM"}
{"level":"\u001b[32minfo\u001b[39m","message":"Cookies applied successfully for majesty___jewelry","timestamp":"4:25:05 PM"}
{"level":"\u001b[32minfo\u001b[39m","message":"Logged into Instagram as majesty___jewelry","timestamp":"4:25:15 PM"}
{"level":"\u001b[32minfo\u001b[39m","message":"No comments need re-analysis (all analyzed within last 12 hours). Waiting 3 minutes...","timestamp":"4:25:15 PM"}
{"level":"\u001b[32minfo\u001b[39m","message":"Logged into Instagram as majesty___jewelry via cookies.","timestamp":"4:25:16 PM"}
{"level":"\u001b[32minfo\u001b[39m","message":"No more 'processing' comments for this user. Waiting 2 minutes...","timestamp":"4:25:16 PM"}
{"level":"\u001b[33mwarn\u001b[39m","message":"Lien de messagerie non détecté dans les 60s, attente additionnelle de 10s.","timestamp":"4:26:05 PM"}
{"level":"\u001b[32minfo\u001b[39m","message":"Connexion détectée (lien de messagerie présent).","timestamp":"4:26:30 PM"}
{"level":"\u001b[32minfo\u001b[39m","message":"Cookies Instagram sauvegardés en base de données pour l'utilisateur majesty___jewelry.","timestamp":"4:26:30 PM"}
{"level":"\u001b[34mdebug\u001b[39m","message":"Résultat de l'opération DB: 1 document(s) modifié(s), 0 document(s) créé(s).","timestamp":"4:26:30 PM"}
{"level":"\u001b[32minfo\u001b[39m","message":"Started proxy server for majesty___jewelry on port 6082","timestamp":"4:26:31 PM"}
{"level":"\u001b[32minfo\u001b[39m","message":"Navigating to Instagram homepage for majesty___jewelry...","timestamp":"4:26:31 PM"}
{"level":"\u001b[32minfo\u001b[39m","message":"Applying cookies for majesty___jewelry...","timestamp":"4:26:33 PM"}
{"level":"\u001b[32minfo\u001b[39m","message":"Cookies applied successfully for majesty___jewelry","timestamp":"4:26:33 PM"}
{"level":"\u001b[32minfo\u001b[39m","message":"Logged into Instagram as majesty___jewelry via cookies.","timestamp":"4:26:38 PM"}
