{"level":"\u001b[32minfo\u001b[39m","message":"Connected to MongoDB","timestamp":"10:01:02 AM"}
{"level":"\u001b[32minfo\u001b[39m","message":"Connected to MongoDB","timestamp":"10:01:02 AM"}
{"level":"\u001b[32minfo\u001b[39m","message":"Server running on port 3445","timestamp":"10:01:02 AM"}
{"level":"\u001b[32minfo\u001b[39m","message":"Instagram username updated for user 683720529b99dc1e616b574d: leboss.csa@gmail.com","timestamp":"10:03:49 AM"}
{"level":"\u001b[33mwarn\u001b[39m","message":"Éléments de navigation LinkedIn non détectés dans les 60s, attente additionnelle de 10s.","timestamp":"10:04:11 AM"}
{"level":"\u001b[31merror\u001b[39m","message":"Erreur lors de la connexion à LinkedIn:","timestamp":"10:04:21 AM"}
{"level":"\u001b[32minfo\u001b[39m","message":"Connected to MongoDB","timestamp":"10:20:03 AM"}
{"level":"\u001b[32minfo\u001b[39m","message":"Connected to MongoDB","timestamp":"10:20:03 AM"}
{"level":"\u001b[32minfo\u001b[39m","message":"Server running on port 3445","timestamp":"10:20:03 AM"}
{"level":"\u001b[32minfo\u001b[39m","message":"Instagram username updated for user 683720529b99dc1e616b574d: leboss.csa@gmail.com","timestamp":"10:20:31 AM"}
{"level":"\u001b[32minfo\u001b[39m","message":"Connexion LinkedIn détectée (navigation principale présente).","timestamp":"10:20:54 AM"}
{"level":"\u001b[32minfo\u001b[39m","message":"Cookies LinkedIn sauvegardés en base de données pour l'utilisateur leboss.csa@gmail.com.","timestamp":"10:20:54 AM"}
{"level":"\u001b[34mdebug\u001b[39m","message":"Résultat de l'opération DB: 1 document(s) modifié(s), 0 document(s) créé(s).","timestamp":"10:20:54 AM"}
{"level":"\u001b[32minfo\u001b[39m","message":"Started proxy server for leboss.csa@gmail.com on port 8599","timestamp":"10:20:55 AM"}
{"level":"\u001b[32minfo\u001b[39m","message":"Navigating to LinkedIn homepage for leboss.csa@gmail.com...","timestamp":"10:20:55 AM"}
{"level":"\u001b[32minfo\u001b[39m","message":"Applying cookies for leboss.csa@gmail.com...","timestamp":"10:20:59 AM"}
{"level":"\u001b[32minfo\u001b[39m","message":"Cookies applied successfully for leboss.csa@gmail.com","timestamp":"10:20:59 AM"}
{"level":"\u001b[31merror\u001b[39m","message":"Cookies invalid or expired for leboss.csa@gmail.com","timestamp":"10:21:11 AM"}
{"level":"\u001b[31merror\u001b[39m","message":"LinkedIn agent error: Failed to log in as leboss.csa@gmail.com","timestamp":"10:21:11 AM"}
{"level":"\u001b[32minfo\u001b[39m","message":"Connected to MongoDB","timestamp":"10:30:47 AM"}
{"level":"\u001b[32minfo\u001b[39m","message":"Connected to MongoDB","timestamp":"10:30:47 AM"}
{"level":"\u001b[32minfo\u001b[39m","message":"Server running on port 3445","timestamp":"10:30:47 AM"}
{"level":"\u001b[32minfo\u001b[39m","message":"Instagram username updated for user 683720529b99dc1e616b574d: leboss.csa@gmail.com","timestamp":"10:31:00 AM"}
{"level":"\u001b[32minfo\u001b[39m","message":"Connexion LinkedIn détectée (navigation principale présente).","timestamp":"10:31:28 AM"}
{"level":"\u001b[32minfo\u001b[39m","message":"Cookies LinkedIn sauvegardés en base de données pour l'utilisateur leboss.csa@gmail.com.","timestamp":"10:31:28 AM"}
{"level":"\u001b[34mdebug\u001b[39m","message":"Résultat de l'opération DB: 1 document(s) modifié(s), 0 document(s) créé(s).","timestamp":"10:31:28 AM"}
{"level":"\u001b[32minfo\u001b[39m","message":"Started proxy server for leboss.csa@gmail.com on port 8830","timestamp":"10:31:29 AM"}
{"level":"\u001b[32minfo\u001b[39m","message":"Navigating to LinkedIn homepage for leboss.csa@gmail.com...","timestamp":"10:31:29 AM"}
{"level":"\u001b[32minfo\u001b[39m","message":"Applying cookies for leboss.csa@gmail.com...","timestamp":"10:31:33 AM"}
{"level":"\u001b[32minfo\u001b[39m","message":"Cookies applied successfully for leboss.csa@gmail.com","timestamp":"10:31:33 AM"}
{"level":"\u001b[31merror\u001b[39m","message":"Cookies invalid or expired for leboss.csa@gmail.com","timestamp":"10:31:44 AM"}
{"level":"\u001b[31merror\u001b[39m","message":"LinkedIn agent error: Failed to log in as leboss.csa@gmail.com","timestamp":"10:31:44 AM"}
{"level":"\u001b[32minfo\u001b[39m","message":"Connected to MongoDB","timestamp":"10:32:31 AM"}
{"level":"\u001b[32minfo\u001b[39m","message":"Connected to MongoDB","timestamp":"10:32:32 AM"}
{"level":"\u001b[32minfo\u001b[39m","message":"Server running on port 3445","timestamp":"10:32:32 AM"}
{"level":"\u001b[32minfo\u001b[39m","message":"Instagram username updated for user 683720529b99dc1e616b574d: leboss.csa@gmail.com","timestamp":"10:32:43 AM"}
{"level":"\u001b[32minfo\u001b[39m","message":"Connexion LinkedIn détectée (navigation principale présente).","timestamp":"10:33:03 AM"}
{"level":"\u001b[32minfo\u001b[39m","message":"Cookies LinkedIn sauvegardés en base de données pour l'utilisateur leboss.csa@gmail.com.","timestamp":"10:33:03 AM"}
{"level":"\u001b[34mdebug\u001b[39m","message":"Résultat de l'opération DB: 1 document(s) modifié(s), 0 document(s) créé(s).","timestamp":"10:33:03 AM"}
{"level":"\u001b[32minfo\u001b[39m","message":"Started proxy server for leboss.csa@gmail.com on port 8318","timestamp":"10:33:05 AM"}
{"level":"\u001b[32minfo\u001b[39m","message":"Navigating to LinkedIn homepage for leboss.csa@gmail.com...","timestamp":"10:33:05 AM"}
{"level":"\u001b[32minfo\u001b[39m","message":"Applying cookies for leboss.csa@gmail.com...","timestamp":"10:33:08 AM"}
{"level":"\u001b[32minfo\u001b[39m","message":"Cookies applied successfully for leboss.csa@gmail.com","timestamp":"10:33:08 AM"}
{"level":"\u001b[31merror\u001b[39m","message":"Cookies invalid or expired for leboss.csa@gmail.com","timestamp":"10:33:20 AM"}
{"level":"\u001b[31merror\u001b[39m","message":"LinkedIn agent error: Failed to log in as leboss.csa@gmail.com","timestamp":"10:33:20 AM"}
{"level":"\u001b[32minfo\u001b[39m","message":"Connected to MongoDB","timestamp":"11:19:57 AM"}
{"level":"\u001b[32minfo\u001b[39m","message":"Connected to MongoDB","timestamp":"11:19:58 AM"}
{"level":"\u001b[32minfo\u001b[39m","message":"Server running on port 3445","timestamp":"11:19:58 AM"}
{"level":"\u001b[32minfo\u001b[39m","message":"Instagram username updated for user 683720529b99dc1e616b574d: leboss.csa@gmail.com","timestamp":"11:20:18 AM"}
{"level":"\u001b[32minfo\u001b[39m","message":"Connexion LinkedIn détectée (navigation principale présente).","timestamp":"11:20:42 AM"}
{"level":"\u001b[32minfo\u001b[39m","message":"Cookies LinkedIn sauvegardés en base de données pour l'utilisateur leboss.csa@gmail.com.","timestamp":"11:20:42 AM"}
{"level":"\u001b[34mdebug\u001b[39m","message":"Résultat de l'opération DB: 1 document(s) modifié(s), 0 document(s) créé(s).","timestamp":"11:20:42 AM"}
{"level":"\u001b[32minfo\u001b[39m","message":"Started proxy server for leboss.csa@gmail.com on port 8958","timestamp":"11:20:43 AM"}
{"level":"\u001b[32minfo\u001b[39m","message":"Navigating to LinkedIn homepage for leboss.csa@gmail.com...","timestamp":"11:20:43 AM"}
{"level":"\u001b[32minfo\u001b[39m","message":"Applying cookies for leboss.csa@gmail.com...","timestamp":"11:20:47 AM"}
{"level":"\u001b[32minfo\u001b[39m","message":"Cookies applied successfully for leboss.csa@gmail.com","timestamp":"11:20:47 AM"}
{"level":"\u001b[31merror\u001b[39m","message":"Cookies invalid or expired for leboss.csa@gmail.com","timestamp":"11:20:58 AM"}
{"level":"\u001b[31merror\u001b[39m","message":"LinkedIn agent error: Failed to log in as leboss.csa@gmail.com","timestamp":"11:20:58 AM"}
{"level":"\u001b[32minfo\u001b[39m","message":"Connected to MongoDB","timestamp":"11:41:08 AM"}
{"level":"\u001b[32minfo\u001b[39m","message":"Connected to MongoDB","timestamp":"11:41:08 AM"}
{"level":"\u001b[32minfo\u001b[39m","message":"Server running on port 3445","timestamp":"11:41:08 AM"}
{"level":"\u001b[32minfo\u001b[39m","message":"Instagram username updated for user 683720529b99dc1e616b574d: leboss.csa@gmail.com","timestamp":"11:41:28 AM"}
{"level":"\u001b[32minfo\u001b[39m","message":"Connexion LinkedIn détectée (navigation principale présente).","timestamp":"11:41:51 AM"}
{"level":"\u001b[32minfo\u001b[39m","message":"Cookies LinkedIn sauvegardés en base de données pour l'utilisateur leboss.csa@gmail.com.","timestamp":"11:41:51 AM"}
{"level":"\u001b[34mdebug\u001b[39m","message":"Résultat de l'opération DB: 1 document(s) modifié(s), 0 document(s) créé(s).","timestamp":"11:41:51 AM"}
{"level":"\u001b[32minfo\u001b[39m","message":"Started proxy server for leboss.csa@gmail.com on port 8165","timestamp":"11:41:52 AM"}
{"level":"\u001b[32minfo\u001b[39m","message":"Navigating to LinkedIn homepage for leboss.csa@gmail.com...","timestamp":"11:41:52 AM"}
{"level":"\u001b[32minfo\u001b[39m","message":"Applying cookies for leboss.csa@gmail.com...","timestamp":"11:41:56 AM"}
{"level":"\u001b[32minfo\u001b[39m","message":"Cookies applied successfully for leboss.csa@gmail.com","timestamp":"11:41:56 AM"}
{"level":"\u001b[31merror\u001b[39m","message":"Cookies invalid or expired for leboss.csa@gmail.com","timestamp":"11:42:07 AM"}
{"level":"\u001b[31merror\u001b[39m","message":"LinkedIn agent error: Failed to log in as leboss.csa@gmail.com","timestamp":"11:42:07 AM"}
{"level":"\u001b[32minfo\u001b[39m","message":"Connected to MongoDB","timestamp":"12:12:54 PM"}
{"level":"\u001b[32minfo\u001b[39m","message":"Connected to MongoDB","timestamp":"12:12:54 PM"}
{"level":"\u001b[32minfo\u001b[39m","message":"Server running on port 3445","timestamp":"12:12:54 PM"}
{"level":"\u001b[32minfo\u001b[39m","message":"Instagram username updated for user 683720529b99dc1e616b574d: leboss.csa@gmail.com","timestamp":"12:13:11 PM"}
{"level":"\u001b[32minfo\u001b[39m","message":"Connexion LinkedIn détectée (navigation principale présente).","timestamp":"12:13:30 PM"}
{"level":"\u001b[32minfo\u001b[39m","message":"Cookies LinkedIn sauvegardés en base de données pour l'utilisateur leboss.csa@gmail.com.","timestamp":"12:13:30 PM"}
{"level":"\u001b[34mdebug\u001b[39m","message":"Résultat de l'opération DB: 1 document(s) modifié(s), 0 document(s) créé(s).","timestamp":"12:13:30 PM"}
{"level":"\u001b[32minfo\u001b[39m","message":"Started proxy server for leboss.csa@gmail.com on port 8571","timestamp":"12:13:32 PM"}
{"level":"\u001b[32minfo\u001b[39m","message":"Navigating to LinkedIn homepage for leboss.csa@gmail.com...","timestamp":"12:13:32 PM"}
{"level":"\u001b[32minfo\u001b[39m","message":"Applying cookies for leboss.csa@gmail.com...","timestamp":"12:13:36 PM"}
{"level":"\u001b[32minfo\u001b[39m","message":"Cookies applied successfully for leboss.csa@gmail.com","timestamp":"12:13:36 PM"}
{"level":"\u001b[32minfo\u001b[39m","message":"Vérification de la connexion pour leboss.csa@gmail.com...","timestamp":"12:13:37 PM"}
{"level":"\u001b[31merror\u001b[39m","message":"❌ Cookies invalides ou expirés pour leboss.csa@gmail.com","timestamp":"12:13:40 PM"}
{"level":"\u001b[31merror\u001b[39m","message":"LinkedIn agent error: Failed to log in as leboss.csa@gmail.com","timestamp":"12:13:40 PM"}
{"level":"\u001b[32minfo\u001b[39m","message":"Connected to MongoDB","timestamp":"12:24:02 PM"}
{"level":"\u001b[32minfo\u001b[39m","message":"Connected to MongoDB","timestamp":"12:24:02 PM"}
{"level":"\u001b[32minfo\u001b[39m","message":"Server running on port 3445","timestamp":"12:24:02 PM"}
{"level":"\u001b[32minfo\u001b[39m","message":"Instagram username updated for user 683720529b99dc1e616b574d: leboss.csa@gmail.com","timestamp":"12:25:04 PM"}
{"level":"\u001b[32minfo\u001b[39m","message":"Connexion LinkedIn détectée (navigation principale présente).","timestamp":"12:25:24 PM"}
{"level":"\u001b[32minfo\u001b[39m","message":"Cookies LinkedIn sauvegardés en base de données pour l'utilisateur leboss.csa@gmail.com.","timestamp":"12:25:25 PM"}
{"level":"\u001b[34mdebug\u001b[39m","message":"Résultat de l'opération DB: 1 document(s) modifié(s), 0 document(s) créé(s).","timestamp":"12:25:25 PM"}
{"level":"\u001b[32minfo\u001b[39m","message":"Started browser for leboss.csa@gmail.com","timestamp":"12:25:26 PM"}
{"level":"\u001b[32minfo\u001b[39m","message":"Navigating to LinkedIn homepage for leboss.csa@gmail.com...","timestamp":"12:25:26 PM"}
{"level":"\u001b[32minfo\u001b[39m","message":"Applying 12 cookies for leboss.csa@gmail.com...","timestamp":"12:25:31 PM"}
{"level":"\u001b[32minfo\u001b[39m","message":"Cookies applied successfully for leboss.csa@gmail.com","timestamp":"12:25:31 PM"}
{"level":"\u001b[31merror\u001b[39m","message":"❌ Cookies invalides ou expirés pour leboss.csa@gmail.com","timestamp":"12:26:01 PM"}
{"level":"\u001b[31merror\u001b[39m","message":"LinkedIn agent error: Navigation timeout of 30000 ms exceeded","timestamp":"12:26:01 PM"}
{"level":"\u001b[32minfo\u001b[39m","message":"Connected to MongoDB","timestamp":"2:29:00 PM"}
{"level":"\u001b[32minfo\u001b[39m","message":"Connected to MongoDB","timestamp":"2:29:01 PM"}
{"level":"\u001b[32minfo\u001b[39m","message":"Server running on port 3445","timestamp":"2:29:01 PM"}
{"level":"\u001b[32minfo\u001b[39m","message":"Instagram username updated for user 683720529b99dc1e616b574d: leboss.csa@gmail.com","timestamp":"2:29:19 PM"}
{"level":"\u001b[32minfo\u001b[39m","message":"Connexion LinkedIn détectée (navigation principale présente).","timestamp":"2:29:46 PM"}
{"level":"\u001b[32minfo\u001b[39m","message":"Cookies LinkedIn sauvegardés en base de données pour l'utilisateur leboss.csa@gmail.com.","timestamp":"2:29:46 PM"}
{"level":"\u001b[34mdebug\u001b[39m","message":"Résultat de l'opération DB: 1 document(s) modifié(s), 0 document(s) créé(s).","timestamp":"2:29:46 PM"}
{"level":"\u001b[32minfo\u001b[39m","message":"Retrieved 12 cookies for leboss.csa@gmail.com","timestamp":"2:29:47 PM"}
{"level":"\u001b[32minfo\u001b[39m","message":"Started browser for leboss.csa@gmail.com","timestamp":"2:29:47 PM"}
{"level":"\u001b[32minfo\u001b[39m","message":"Navigating to LinkedIn homepage for leboss.csa@gmail.com...","timestamp":"2:29:47 PM"}
{"level":"\u001b[32minfo\u001b[39m","message":"Current URL after navigation: https://www.linkedin.com/","timestamp":"2:29:51 PM"}
{"level":"\u001b[32minfo\u001b[39m","message":"Applying 12 cookies for leboss.csa@gmail.com...","timestamp":"2:29:51 PM"}
{"level":"\u001b[32minfo\u001b[39m","message":"Filtered to 12 valid LinkedIn cookies","timestamp":"2:29:51 PM"}
{"level":"\u001b[32minfo\u001b[39m","message":"✅ Cookies applied successfully for leboss.csa@gmail.com","timestamp":"2:29:51 PM"}
{"level":"\u001b[32minfo\u001b[39m","message":"Reloading page to apply cookies...","timestamp":"2:29:51 PM"}
{"level":"\u001b[32minfo\u001b[39m","message":"Vérification de la connexion pour leboss.csa@gmail.com...","timestamp":"2:29:59 PM"}
{"level":"\u001b[32minfo\u001b[39m","message":"Checking for login indicator: Messaging tab ([data-test-id=\"nav-messaging-tab\"])","timestamp":"2:29:59 PM"}
{"level":"\u001b[32minfo\u001b[39m","message":"❌ Login check failed for: Messaging tab","timestamp":"2:30:07 PM"}
{"level":"\u001b[32minfo\u001b[39m","message":"Checking for login indicator: Settings nav ([data-control-name=\"nav.settings\"])","timestamp":"2:30:07 PM"}
{"level":"\u001b[32minfo\u001b[39m","message":"❌ Login check failed for: Settings nav","timestamp":"2:30:15 PM"}
{"level":"\u001b[32minfo\u001b[39m","message":"Checking for login indicator: Me nav (.global-nav__me)","timestamp":"2:30:15 PM"}
{"level":"\u001b[32minfo\u001b[39m","message":"✅ Logged into LinkedIn as leboss.csa@gmail.com (detected: Me nav)","timestamp":"2:30:15 PM"}
{"level":"\u001b[32minfo\u001b[39m","message":"Navigating to LinkedIn feed for leboss.csa@gmail.com...","timestamp":"2:30:15 PM"}
{"level":"\u001b[32minfo\u001b[39m","message":"✅ Successfully accessed feed with 3 posts visible","timestamp":"2:30:23 PM"}
{"level":"\u001b[32minfo\u001b[39m","message":"🚀 Starting main automation loop for leboss.csa@gmail.com","timestamp":"2:30:23 PM"}
{"level":"\u001b[32minfo\u001b[39m","message":"Found 3 posts on current page","timestamp":"2:30:32 PM"}
{"level":"\u001b[32minfo\u001b[39m","message":"Extracted 3 post IDs","timestamp":"2:30:32 PM"}
{"level":"\u001b[32minfo\u001b[39m","message":"Checking if LinkedIn post username \"\" matches any target usernames in our database","timestamp":"2:30:32 PM"}
{"level":"\u001b[32minfo\u001b[39m","message":"No match found for LinkedIn post username \"\" in our target list","timestamp":"2:30:32 PM"}
{"level":"\u001b[32minfo\u001b[39m","message":"Post author \"\" is not in our target list. Skipping...","timestamp":"2:30:32 PM"}
{"level":"\u001b[31merror\u001b[39m","message":"Failed to connect to database: Error: querySrv ESERVFAIL _mongodb._tcp.cluster0.v07yq.mongodb.net","timestamp":"3:13:32 PM"}
{"level":"\u001b[31merror\u001b[39m","message":"Failed to connect to database: Error: querySrv ESERVFAIL _mongodb._tcp.cluster0.v07yq.mongodb.net","timestamp":"3:13:48 PM"}
{"level":"\u001b[32minfo\u001b[39m","message":"Connected to MongoDB","timestamp":"3:14:25 PM"}
{"level":"\u001b[32minfo\u001b[39m","message":"Connected to MongoDB","timestamp":"3:14:25 PM"}
{"level":"\u001b[32minfo\u001b[39m","message":"Server running on port 3445","timestamp":"3:14:25 PM"}
{"level":"\u001b[32minfo\u001b[39m","message":"Instagram username updated for user 683720529b99dc1e616b574d: leboss.csa@gmail.com","timestamp":"3:22:51 PM"}
{"level":"\u001b[32minfo\u001b[39m","message":"Connexion LinkedIn détectée (navigation principale présente).","timestamp":"3:23:12 PM"}
{"level":"\u001b[32minfo\u001b[39m","message":"Cookies LinkedIn sauvegardés en base de données pour l'utilisateur leboss.csa@gmail.com.","timestamp":"3:23:12 PM"}
{"level":"\u001b[34mdebug\u001b[39m","message":"Résultat de l'opération DB: 1 document(s) modifié(s), 0 document(s) créé(s).","timestamp":"3:23:12 PM"}
{"level":"\u001b[32minfo\u001b[39m","message":"Retrieved 12 cookies for leboss.csa@gmail.com","timestamp":"3:23:13 PM"}
{"level":"\u001b[32minfo\u001b[39m","message":"Started browser for leboss.csa@gmail.com","timestamp":"3:23:14 PM"}
{"level":"\u001b[32minfo\u001b[39m","message":"Navigating to LinkedIn homepage for leboss.csa@gmail.com...","timestamp":"3:23:14 PM"}
{"level":"\u001b[32minfo\u001b[39m","message":"Current URL after navigation: https://www.linkedin.com/","timestamp":"3:23:17 PM"}
{"level":"\u001b[32minfo\u001b[39m","message":"Applying 12 cookies for leboss.csa@gmail.com...","timestamp":"3:23:17 PM"}
{"level":"\u001b[32minfo\u001b[39m","message":"Filtered to 12 valid LinkedIn cookies","timestamp":"3:23:17 PM"}
{"level":"\u001b[32minfo\u001b[39m","message":"✅ Cookies applied successfully for leboss.csa@gmail.com","timestamp":"3:23:17 PM"}
{"level":"\u001b[32minfo\u001b[39m","message":"Reloading page to apply cookies...","timestamp":"3:23:17 PM"}
{"level":"\u001b[32minfo\u001b[39m","message":"Vérification de la connexion pour leboss.csa@gmail.com...","timestamp":"3:23:25 PM"}
{"level":"\u001b[32minfo\u001b[39m","message":"Checking for login indicator: Messaging tab ([data-test-id=\"nav-messaging-tab\"])","timestamp":"3:23:25 PM"}
{"level":"\u001b[32minfo\u001b[39m","message":"❌ Login check failed for: Messaging tab","timestamp":"3:23:33 PM"}
{"level":"\u001b[32minfo\u001b[39m","message":"Checking for login indicator: Settings nav ([data-control-name=\"nav.settings\"])","timestamp":"3:23:33 PM"}
{"level":"\u001b[32minfo\u001b[39m","message":"❌ Login check failed for: Settings nav","timestamp":"3:23:41 PM"}
{"level":"\u001b[32minfo\u001b[39m","message":"Checking for login indicator: Me nav (.global-nav__me)","timestamp":"3:23:41 PM"}
{"level":"\u001b[32minfo\u001b[39m","message":"✅ Logged into LinkedIn as leboss.csa@gmail.com (detected: Me nav)","timestamp":"3:23:41 PM"}
{"level":"\u001b[32minfo\u001b[39m","message":"Navigating to LinkedIn feed for leboss.csa@gmail.com...","timestamp":"3:23:41 PM"}
{"level":"\u001b[32minfo\u001b[39m","message":"✅ Successfully accessed feed with 3 posts visible","timestamp":"3:23:49 PM"}
{"level":"\u001b[32minfo\u001b[39m","message":"🚀 Starting main automation loop for leboss.csa@gmail.com","timestamp":"3:23:49 PM"}
{"level":"\u001b[32minfo\u001b[39m","message":"Found 3 posts on current page","timestamp":"3:23:57 PM"}
{"level":"\u001b[32minfo\u001b[39m","message":"Extracted 3 post links","timestamp":"3:23:57 PM"}
{"level":"\u001b[33mwarn\u001b[39m","message":"Post https://www.linkedin.com/feed/update/activity:7345883070358544385/ not found on current page","timestamp":"3:23:57 PM"}
{"level":"\u001b[32minfo\u001b[39m","message":"Processed post https://www.linkedin.com/feed/update/activity:7345883070358544385/ as leboss.csa@gmail.com (1/50)","timestamp":"3:24:12 PM"}
{"level":"\u001b[33mwarn\u001b[39m","message":"Post https://www.linkedin.com/feed/update/activity:7114713843821391873/ not found on current page","timestamp":"3:24:22 PM"}
{"level":"\u001b[32minfo\u001b[39m","message":"Processed post https://www.linkedin.com/feed/update/activity:7114713843821391873/ as leboss.csa@gmail.com (2/50)","timestamp":"3:24:37 PM"}
{"level":"\u001b[33mwarn\u001b[39m","message":"Post https://www.linkedin.com/feed/update/activity:7343926413550387201/ not found on current page","timestamp":"3:24:47 PM"}
{"level":"\u001b[32minfo\u001b[39m","message":"Processed post https://www.linkedin.com/feed/update/activity:7343926413550387201/ as leboss.csa@gmail.com (3/50)","timestamp":"3:25:02 PM"}
{"level":"\u001b[32minfo\u001b[39m","message":"Found 3 posts on current page","timestamp":"3:25:27 PM"}
{"level":"\u001b[32minfo\u001b[39m","message":"Extracted 3 post links","timestamp":"3:25:27 PM"}
{"level":"\u001b[33mwarn\u001b[39m","message":"Post https://www.linkedin.com/feed/update/activity:7346652948367597571/ not found on current page","timestamp":"3:25:27 PM"}
{"level":"\u001b[32minfo\u001b[39m","message":"Processed post https://www.linkedin.com/feed/update/activity:7346652948367597571/ as leboss.csa@gmail.com (4/50)","timestamp":"3:25:42 PM"}
{"level":"\u001b[32minfo\u001b[39m","message":"Connected to MongoDB","timestamp":"4:43:30 PM"}
{"level":"\u001b[32minfo\u001b[39m","message":"Connected to MongoDB","timestamp":"4:43:30 PM"}
{"level":"\u001b[32minfo\u001b[39m","message":"Server running on port 3445","timestamp":"4:43:30 PM"}
{"level":"\u001b[32minfo\u001b[39m","message":"Instagram username updated for user 683720529b99dc1e616b574d: leboss.csa@gmail.com","timestamp":"4:43:45 PM"}
{"level":"\u001b[32minfo\u001b[39m","message":"Connexion LinkedIn détectée (navigation principale présente).","timestamp":"4:44:11 PM"}
{"level":"\u001b[32minfo\u001b[39m","message":"Cookies LinkedIn sauvegardés en base de données pour l'utilisateur leboss.csa@gmail.com.","timestamp":"4:44:12 PM"}
{"level":"\u001b[34mdebug\u001b[39m","message":"Résultat de l'opération DB: 1 document(s) modifié(s), 0 document(s) créé(s).","timestamp":"4:44:12 PM"}
{"level":"\u001b[32minfo\u001b[39m","message":"Retrieved 12 cookies for leboss.csa@gmail.com","timestamp":"4:44:12 PM"}
{"level":"\u001b[32minfo\u001b[39m","message":"Started browser for leboss.csa@gmail.com","timestamp":"4:44:13 PM"}
{"level":"\u001b[32minfo\u001b[39m","message":"Navigating to LinkedIn homepage for leboss.csa@gmail.com...","timestamp":"4:44:13 PM"}
{"level":"\u001b[32minfo\u001b[39m","message":"Current URL after navigation: https://www.linkedin.com/","timestamp":"4:44:17 PM"}
{"level":"\u001b[32minfo\u001b[39m","message":"Applying 12 cookies for leboss.csa@gmail.com...","timestamp":"4:44:17 PM"}
{"level":"\u001b[32minfo\u001b[39m","message":"Filtered to 12 valid LinkedIn cookies","timestamp":"4:44:17 PM"}
{"level":"\u001b[32minfo\u001b[39m","message":"✅ Cookies applied successfully for leboss.csa@gmail.com","timestamp":"4:44:17 PM"}
{"level":"\u001b[32minfo\u001b[39m","message":"Reloading page to apply cookies...","timestamp":"4:44:17 PM"}
{"level":"\u001b[32minfo\u001b[39m","message":"Vérification de la connexion pour leboss.csa@gmail.com...","timestamp":"4:44:24 PM"}
{"level":"\u001b[32minfo\u001b[39m","message":"Checking for login indicator: Messaging tab ([data-test-id=\"nav-messaging-tab\"])","timestamp":"4:44:24 PM"}
{"level":"\u001b[32minfo\u001b[39m","message":"❌ Login check failed for: Messaging tab","timestamp":"4:44:32 PM"}
{"level":"\u001b[32minfo\u001b[39m","message":"Checking for login indicator: Settings nav ([data-control-name=\"nav.settings\"])","timestamp":"4:44:32 PM"}
{"level":"\u001b[32minfo\u001b[39m","message":"❌ Login check failed for: Settings nav","timestamp":"4:44:40 PM"}
{"level":"\u001b[32minfo\u001b[39m","message":"Checking for login indicator: Me nav (.global-nav__me)","timestamp":"4:44:40 PM"}
{"level":"\u001b[32minfo\u001b[39m","message":"✅ Logged into LinkedIn as leboss.csa@gmail.com (detected: Me nav)","timestamp":"4:44:40 PM"}
{"level":"\u001b[32minfo\u001b[39m","message":"Navigating to LinkedIn feed for leboss.csa@gmail.com...","timestamp":"4:44:40 PM"}
{"level":"\u001b[32minfo\u001b[39m","message":"✅ Successfully accessed feed with 3 posts visible","timestamp":"4:44:48 PM"}
{"level":"\u001b[32minfo\u001b[39m","message":"🚀 Starting main automation loop for leboss.csa@gmail.com","timestamp":"4:44:48 PM"}
{"level":"\u001b[32minfo\u001b[39m","message":"Found 3 posts on current page","timestamp":"4:44:56 PM"}
{"level":"\u001b[32minfo\u001b[39m","message":"Successfully extracted 0 post links","timestamp":"4:44:56 PM"}
{"level":"\u001b[32minfo\u001b[39m","message":"No new posts, scrolling...","timestamp":"4:44:56 PM"}
{"level":"\u001b[32minfo\u001b[39m","message":"Found 3 posts on current page","timestamp":"4:45:13 PM"}
{"level":"\u001b[32minfo\u001b[39m","message":"Successfully extracted 0 post links","timestamp":"4:45:13 PM"}
{"level":"\u001b[32minfo\u001b[39m","message":"No new posts, scrolling...","timestamp":"4:45:13 PM"}
{"level":"\u001b[32minfo\u001b[39m","message":"Found 3 posts on current page","timestamp":"4:45:30 PM"}
{"level":"\u001b[32minfo\u001b[39m","message":"Successfully extracted 0 post links","timestamp":"4:45:30 PM"}
{"level":"\u001b[32minfo\u001b[39m","message":"No new posts, scrolling...","timestamp":"4:45:30 PM"}
{"level":"\u001b[31merror\u001b[39m","message":"Error waiting for LinkedIn posts: Attempted to use detached Frame '9DC9DFFBA3285E7A96889C2DC3D1E786'.","stack":"Error: Attempted to use detached Frame '9DC9DFFBA3285E7A96889C2DC3D1E786'.\n    at CdpFrame.<anonymous> (C:\\Users\\admin\\Desktop\\epi-engage\\riona_ai-main\\node_modules\\puppeteer-core\\src\\util\\decorators.ts:61:15)\n    at CdpPage.waitForSelector (C:\\Users\\admin\\Desktop\\epi-engage\\riona_ai-main\\node_modules\\puppeteer-core\\src\\api\\Page.ts:3028:35)\n    at extractPostLinks (C:\\Users\\admin\\Desktop\\epi-engage\\riona_ai-main\\src\\client\\linkedin\\linkedin.ts:327:16)\n    at runLinkedIn (C:\\Users\\admin\\Desktop\\epi-engage\\riona_ai-main\\src\\client\\linkedin\\linkedin.ts:273:35)\n    at async C:\\Users\\admin\\Desktop\\epi-engage\\riona_ai-main\\src\\routes\\linkedinRoutes.ts:49:5","timestamp":"4:45:45 PM"}
{"level":"\u001b[32minfo\u001b[39m","message":"No new posts, scrolling...","timestamp":"4:45:45 PM"}
{"level":"\u001b[31merror\u001b[39m","message":"Error in main loop: Error: Attempted to use detached Frame '9DC9DFFBA3285E7A96889C2DC3D1E786'.","timestamp":"4:45:45 PM"}
{"level":"\u001b[32minfo\u001b[39m","message":"Connected to MongoDB","timestamp":"5:06:14 PM"}
{"level":"\u001b[32minfo\u001b[39m","message":"Connected to MongoDB","timestamp":"5:06:14 PM"}
{"level":"\u001b[32minfo\u001b[39m","message":"Server running on port 3445","timestamp":"5:06:14 PM"}
{"level":"\u001b[32minfo\u001b[39m","message":"Connected to MongoDB","timestamp":"5:10:21 PM"}
{"level":"\u001b[32minfo\u001b[39m","message":"Connected to MongoDB","timestamp":"5:10:21 PM"}
{"level":"\u001b[32minfo\u001b[39m","message":"Server running on port 3445","timestamp":"5:10:21 PM"}
{"level":"\u001b[32minfo\u001b[39m","message":"Instagram username updated for user 683720529b99dc1e616b574d: leboss.csa@gmail.com","timestamp":"5:12:11 PM"}
