{"level":"\u001b[32minfo\u001b[39m","message":"Connected to MongoDB","timestamp":"9:25:03 AM"}
{"level":"\u001b[32minfo\u001b[39m","message":"Connected to MongoDB","timestamp":"9:25:03 AM"}
{"level":"\u001b[32minfo\u001b[39m","message":"Server running on port 3445","timestamp":"9:25:03 AM"}
{"level":"\u001b[32minfo\u001b[39m","message":"Instagram username updated for user 683720529b99dc1e616b574d: leboss.csa@gmail.com","timestamp":"9:25:53 AM"}
{"level":"\u001b[32minfo\u001b[39m","message":"Starting comment analysis for username: leboss.csa@gmail.com","timestamp":"9:25:53 AM"}
{"level":"\u001b[32minfo\u001b[39m","message":"Started proxy server for leboss.csa@gmail.com on port 5176","timestamp":"9:25:56 AM"}
{"level":"\u001b[32minfo\u001b[39m","message":"Attempting to retrieve cookies for leboss.csa@gmail.com (attempt 1/10)...","timestamp":"9:25:56 AM"}
{"level":"\u001b[32minfo\u001b[39m","message":"✅ Successfully retrieved 11 cookies for leboss.csa@gmail.com","timestamp":"9:25:56 AM"}
{"level":"\u001b[32minfo\u001b[39m","message":"Started proxy server for leboss.csa@gmail.com on port 6884","timestamp":"9:25:56 AM"}
{"level":"\u001b[32minfo\u001b[39m","message":"Current URL after navigation: https://www.linkedin.com/","timestamp":"9:26:00 AM"}
{"level":"\u001b[32minfo\u001b[39m","message":"Applying 11 cookies for leboss.csa@gmail.com...","timestamp":"9:26:00 AM"}
{"level":"\u001b[32minfo\u001b[39m","message":"Filtered to 11 valid LinkedIn cookies","timestamp":"9:26:00 AM"}
{"level":"\u001b[32minfo\u001b[39m","message":"Current URL after navigation: https://www.linkedin.com/","timestamp":"9:26:00 AM"}
{"level":"\u001b[32minfo\u001b[39m","message":"Applying 11 cookies for leboss.csa@gmail.com...","timestamp":"9:26:00 AM"}
{"level":"\u001b[32minfo\u001b[39m","message":"Filtered to 11 valid LinkedIn cookies","timestamp":"9:26:00 AM"}
{"level":"\u001b[32minfo\u001b[39m","message":"✅ Cookies applied successfully for leboss.csa@gmail.com","timestamp":"9:26:02 AM"}
{"level":"\u001b[32minfo\u001b[39m","message":"Reloading page to apply cookies...","timestamp":"9:26:02 AM"}
{"level":"\u001b[32minfo\u001b[39m","message":"✅ Cookies applied successfully for leboss.csa@gmail.com","timestamp":"9:26:02 AM"}
{"level":"\u001b[32minfo\u001b[39m","message":"Reloading page to apply cookies...","timestamp":"9:26:02 AM"}
{"level":"\u001b[32minfo\u001b[39m","message":"Vérification de la connexion pour leboss.csa@gmail.com...","timestamp":"9:26:13 AM"}
{"level":"\u001b[32minfo\u001b[39m","message":"Checking for login indicator: Me nav (.global-nav__me)","timestamp":"9:26:13 AM"}
{"level":"\u001b[32minfo\u001b[39m","message":"Vérification de la connexion pour leboss.csa@gmail.com...","timestamp":"9:26:13 AM"}
{"level":"\u001b[32minfo\u001b[39m","message":"Checking for login indicator: Me nav (.global-nav__me)","timestamp":"9:26:13 AM"}
{"level":"\u001b[32minfo\u001b[39m","message":"Login check failed for: Me nav","timestamp":"9:26:21 AM"}
{"level":"\u001b[32minfo\u001b[39m","message":"Checking for login indicator: Feed identity (.feed-identity-module)","timestamp":"9:26:21 AM"}
{"level":"\u001b[32minfo\u001b[39m","message":" Login check failed for: Me nav","timestamp":"9:26:21 AM"}
{"level":"\u001b[32minfo\u001b[39m","message":"Checking for login indicator: Feed identity (.feed-identity-module)","timestamp":"9:26:21 AM"}
{"level":"\u001b[32minfo\u001b[39m","message":"Login check failed for: Feed identity","timestamp":"9:26:29 AM"}
{"level":"\u001b[32minfo\u001b[39m","message":"Checking for login indicator: Profile picture ([data-control-name=\"identity.profile_picture\"])","timestamp":"9:26:29 AM"}
{"level":"\u001b[32minfo\u001b[39m","message":" Login check failed for: Feed identity","timestamp":"9:26:29 AM"}
{"level":"\u001b[32minfo\u001b[39m","message":"Checking for login indicator: Profile picture ([data-control-name=\"identity.profile_picture\"])","timestamp":"9:26:29 AM"}
{"level":"\u001b[32minfo\u001b[39m","message":"Login check failed for: Profile picture","timestamp":"9:26:37 AM"}
{"level":"\u001b[32minfo\u001b[39m","message":"Checking for login indicator: Active nav link (.global-nav__primary-link--active)","timestamp":"9:26:37 AM"}
{"level":"\u001b[32minfo\u001b[39m","message":"✅ Logged into LinkedIn as leboss.csa@gmail.com (detected: Active nav link)","timestamp":"9:26:37 AM"}
{"level":"\u001b[32minfo\u001b[39m","message":"No more 'processing' comments for this user. Waiting 2 minutes...","timestamp":"9:26:37 AM"}
{"level":"\u001b[32minfo\u001b[39m","message":" Login check failed for: Profile picture","timestamp":"9:26:37 AM"}
{"level":"\u001b[32minfo\u001b[39m","message":"Checking for login indicator: Active nav link (.global-nav__primary-link--active)","timestamp":"9:26:37 AM"}
{"level":"\u001b[32minfo\u001b[39m","message":"✅ Logged into LinkedIn as leboss.csa@gmail.com (detected: Active nav link)","timestamp":"9:26:37 AM"}
{"level":"\u001b[32minfo\u001b[39m","message":"============================================================","timestamp":"9:26:37 AM"}
{"level":"\u001b[32minfo\u001b[39m","message":"📊 LINKEDIN COMMENT ANALYSIS QUEUE STARTED","timestamp":"9:26:37 AM"}
{"level":"\u001b[32minfo\u001b[39m","message":"============================================================","timestamp":"9:26:37 AM"}
{"level":"\u001b[32minfo\u001b[39m","message":"👤 Username: leboss.csa@gmail.com","timestamp":"9:26:37 AM"}
{"level":"\u001b[32minfo\u001b[39m","message":"🔄 Analysis Interval: Every 12 hours","timestamp":"9:26:37 AM"}
{"level":"\u001b[32minfo\u001b[39m","message":"⏰ Queue Check Interval: Every 2 hours (if no comments)","timestamp":"9:26:37 AM"}
{"level":"\u001b[32minfo\u001b[39m","message":"🔄 Cookie Retry Interval: Every 3 minutes (if not found)","timestamp":"9:26:37 AM"}
{"level":"\u001b[32minfo\u001b[39m","message":"============================================================","timestamp":"9:26:37 AM"}
{"level":"\u001b[32minfo\u001b[39m","message":"📭 No LinkedIn comments need re-analysis at this time.","timestamp":"9:26:37 AM"}
{"level":"\u001b[32minfo\u001b[39m","message":"📅 Next check scheduled for: 2025-10-08T10:26:37.752Z","timestamp":"9:26:37 AM"}
{"level":"\u001b[32minfo\u001b[39m","message":"⏳ Waiting 2 hours...","timestamp":"9:26:37 AM"}
{"level":"\u001b[32minfo\u001b[39m","message":"Connected to MongoDB","timestamp":"9:28:26 AM"}
{"level":"\u001b[32minfo\u001b[39m","message":"Connected to MongoDB","timestamp":"9:28:26 AM"}
{"level":"\u001b[32minfo\u001b[39m","message":"Server running on port 3445","timestamp":"9:28:26 AM"}
{"level":"\u001b[32minfo\u001b[39m","message":"Instagram username updated for user 683720529b99dc1e616b574d: leboss.csa@gmail.com","timestamp":"9:28:38 AM"}
{"level":"\u001b[32minfo\u001b[39m","message":"Starting comment analysis for username: leboss.csa@gmail.com","timestamp":"9:28:38 AM"}
{"level":"\u001b[32minfo\u001b[39m","message":"Attempting to retrieve cookies for leboss.csa@gmail.com (attempt 1/10)...","timestamp":"9:28:40 AM"}
{"level":"\u001b[32minfo\u001b[39m","message":"✅ Successfully retrieved 11 cookies for leboss.csa@gmail.com","timestamp":"9:28:40 AM"}
{"level":"\u001b[32minfo\u001b[39m","message":"Started proxy server for leboss.csa@gmail.com on port 6037","timestamp":"9:28:40 AM"}
{"level":"\u001b[32minfo\u001b[39m","message":"Started proxy server for leboss.csa@gmail.com on port 4690","timestamp":"9:28:40 AM"}
{"level":"\u001b[32minfo\u001b[39m","message":"Current URL after navigation: https://www.linkedin.com/","timestamp":"9:28:43 AM"}
{"level":"\u001b[32minfo\u001b[39m","message":"Applying 11 cookies for leboss.csa@gmail.com...","timestamp":"9:28:43 AM"}
{"level":"\u001b[32minfo\u001b[39m","message":"Filtered to 11 valid LinkedIn cookies","timestamp":"9:28:43 AM"}
{"level":"\u001b[32minfo\u001b[39m","message":"Current URL after navigation: https://www.linkedin.com/","timestamp":"9:28:43 AM"}
{"level":"\u001b[32minfo\u001b[39m","message":"Applying 11 cookies for leboss.csa@gmail.com...","timestamp":"9:28:43 AM"}
{"level":"\u001b[32minfo\u001b[39m","message":"Filtered to 11 valid LinkedIn cookies","timestamp":"9:28:44 AM"}
{"level":"\u001b[32minfo\u001b[39m","message":"✅ Cookies applied successfully for leboss.csa@gmail.com","timestamp":"9:28:46 AM"}
{"level":"\u001b[32minfo\u001b[39m","message":"Reloading page to apply cookies...","timestamp":"9:28:46 AM"}
{"level":"\u001b[32minfo\u001b[39m","message":"✅ Cookies applied successfully for leboss.csa@gmail.com","timestamp":"9:28:47 AM"}
{"level":"\u001b[32minfo\u001b[39m","message":"Reloading page to apply cookies...","timestamp":"9:28:47 AM"}
{"level":"\u001b[32minfo\u001b[39m","message":"Vérification de la connexion pour leboss.csa@gmail.com...","timestamp":"9:28:56 AM"}
{"level":"\u001b[32minfo\u001b[39m","message":"Checking for login indicator: Me nav (.global-nav__me)","timestamp":"9:28:56 AM"}
{"level":"\u001b[32minfo\u001b[39m","message":"Vérification de la connexion pour leboss.csa@gmail.com...","timestamp":"9:28:57 AM"}
{"level":"\u001b[32minfo\u001b[39m","message":"Checking for login indicator: Me nav (.global-nav__me)","timestamp":"9:28:57 AM"}
{"level":"\u001b[32minfo\u001b[39m","message":" Login check failed for: Me nav","timestamp":"9:29:04 AM"}
{"level":"\u001b[32minfo\u001b[39m","message":"Checking for login indicator: Feed identity (.feed-identity-module)","timestamp":"9:29:04 AM"}
{"level":"\u001b[32minfo\u001b[39m","message":"Login check failed for: Me nav","timestamp":"9:29:05 AM"}
{"level":"\u001b[32minfo\u001b[39m","message":"Checking for login indicator: Feed identity (.feed-identity-module)","timestamp":"9:29:05 AM"}
{"level":"\u001b[32minfo\u001b[39m","message":" Login check failed for: Feed identity","timestamp":"9:29:12 AM"}
{"level":"\u001b[32minfo\u001b[39m","message":"Checking for login indicator: Profile picture ([data-control-name=\"identity.profile_picture\"])","timestamp":"9:29:12 AM"}
{"level":"\u001b[32minfo\u001b[39m","message":"Login check failed for: Feed identity","timestamp":"9:29:13 AM"}
{"level":"\u001b[32minfo\u001b[39m","message":"Checking for login indicator: Profile picture ([data-control-name=\"identity.profile_picture\"])","timestamp":"9:29:13 AM"}
{"level":"\u001b[32minfo\u001b[39m","message":" Login check failed for: Profile picture","timestamp":"9:29:20 AM"}
{"level":"\u001b[32minfo\u001b[39m","message":"Checking for login indicator: Active nav link (.global-nav__primary-link--active)","timestamp":"9:29:20 AM"}
{"level":"\u001b[32minfo\u001b[39m","message":"✅ Logged into LinkedIn as leboss.csa@gmail.com (detected: Active nav link)","timestamp":"9:29:20 AM"}
{"level":"\u001b[32minfo\u001b[39m","message":"============================================================","timestamp":"9:29:20 AM"}
{"level":"\u001b[32minfo\u001b[39m","message":"📊 LINKEDIN COMMENT ANALYSIS QUEUE STARTED","timestamp":"9:29:20 AM"}
{"level":"\u001b[32minfo\u001b[39m","message":"============================================================","timestamp":"9:29:20 AM"}
{"level":"\u001b[32minfo\u001b[39m","message":"👤 Username: leboss.csa@gmail.com","timestamp":"9:29:20 AM"}
{"level":"\u001b[32minfo\u001b[39m","message":"🔄 Analysis Interval: Every 12 hours","timestamp":"9:29:20 AM"}
{"level":"\u001b[32minfo\u001b[39m","message":"⏰ Queue Check Interval: Every 2 hours (if no comments)","timestamp":"9:29:20 AM"}
{"level":"\u001b[32minfo\u001b[39m","message":"🔄 Cookie Retry Interval: Every 3 minutes (if not found)","timestamp":"9:29:20 AM"}
{"level":"\u001b[32minfo\u001b[39m","message":"============================================================","timestamp":"9:29:20 AM"}
{"level":"\u001b[32minfo\u001b[39m","message":"Processing LinkedIn comment 687a50ee9e9395831b578d3a on post https://www.linkedin.com/posts/rebecca-schocker_mindsetcoaching-leadership-personaldevelopment-activity-7351969670083641346-CRHd?utm_source=social_share_send&amp;utm_medium=member_desktop_web&amp;rcm=ACoAAEM_-I0Btc1LsqkpwAXcBs2C95nv1kHKz28","timestamp":"9:29:21 AM"}
{"level":"\u001b[32minfo\u001b[39m","message":"Comment was last updated 23.09 hours ago","timestamp":"9:29:21 AM"}
{"level":"\u001b[32minfo\u001b[39m","message":"LinkedIn analysis attempt 1 for comment 687a50ee9e9395831b578d3a","timestamp":"9:29:21 AM"}
{"level":"\u001b[32minfo\u001b[39m","message":"Navigating to: https://www.linkedin.com/posts/rebecca-schocker_mindsetcoaching-leadership-personaldevelopment-activity-7351969670083641346-CRHd?utm_source=social_share_send&amp;utm_medium=member_desktop_web&amp;rcm=ACoAAEM_-I0Btc1LsqkpwAXcBs2C95nv1kHKz28","timestamp":"9:29:21 AM"}
{"level":"\u001b[32minfo\u001b[39m","message":"Login check failed for: Profile picture","timestamp":"9:29:21 AM"}
{"level":"\u001b[32minfo\u001b[39m","message":"Checking for login indicator: Active nav link (.global-nav__primary-link--active)","timestamp":"9:29:21 AM"}
{"level":"\u001b[32minfo\u001b[39m","message":"✅ Logged into LinkedIn as leboss.csa@gmail.com (detected: Active nav link)","timestamp":"9:29:21 AM"}
{"level":"\u001b[32minfo\u001b[39m","message":"No more 'processing' comments for this user. Waiting 2 minutes...","timestamp":"9:29:21 AM"}
{"level":"\u001b[32minfo\u001b[39m","message":"✅ Loaded all LinkedIn comments","timestamp":"9:29:50 AM"}
{"level":"\u001b[32minfo\u001b[39m","message":"✅ Found LinkedIn comment on page","timestamp":"9:29:52 AM"}
{"level":"\u001b[32minfo\u001b[39m","message":"🔍 Searching for target comment...","timestamp":"9:29:52 AM"}
{"level":"\u001b[32minfo\u001b[39m","message":"✅ Found comment container with ID: ember68","timestamp":"9:29:57 AM"}
{"level":"\u001b[32minfo\u001b[39m","message":"\n📊 Extracting engagement metrics...","timestamp":"9:29:57 AM"}
{"level":"\u001b[32minfo\u001b[39m","message":"============================================================","timestamp":"9:29:57 AM"}
{"level":"\u001b[32minfo\u001b[39m","message":"✅ Extracted metrics - Likes: 1, Impressions: 102, Replies: 1","timestamp":"9:29:57 AM"}
{"level":"\u001b[32minfo\u001b[39m","message":"============================================================","timestamp":"9:29:57 AM"}
{"level":"\u001b[32minfo\u001b[39m","message":"🔍 Searching for target comment...","timestamp":"9:29:57 AM"}
{"level":"\u001b[32minfo\u001b[39m","message":"✅ Found comment container with ID: ember68","timestamp":"9:30:02 AM"}
{"level":"\u001b[32minfo\u001b[39m","message":"💬 Extracting replies with engagement data...","timestamp":"9:30:02 AM"}
{"level":"\u001b[32minfo\u001b[39m","message":"✅ Extracted 1 replies from LinkedIn comment","timestamp":"9:30:02 AM"}
{"level":"\u001b[32minfo\u001b[39m","message":"📋 Reply details:","timestamp":"9:30:02 AM"}
{"level":"\u001b[32minfo\u001b[39m","message":"   Reply 1: Jean-Paul Guillotin - 0 likes","timestamp":"9:30:02 AM"}
{"level":"\u001b[32minfo\u001b[39m","message":"✅ LinkedIn analysis complete: 1 likes, 102 impressions, 1 replies","timestamp":"9:30:02 AM"}
{"level":"\u001b[32minfo\u001b[39m","message":"✅ Successfully analyzed LinkedIn comment 687a50ee9e9395831b578d3a","timestamp":"9:30:02 AM"}
{"level":"\u001b[32minfo\u001b[39m","message":"📅 Next analysis due at: 2025-10-08T20:30:02.581Z","timestamp":"9:30:02 AM"}
{"level":"\u001b[32minfo\u001b[39m","message":"⏳ Waiting 41 seconds before next LinkedIn comment...","timestamp":"9:30:02 AM"}
{"level":"\u001b[32minfo\u001b[39m","message":"📊 Pending comments in queue for leboss.csa@gmail.com: 4","timestamp":"9:30:44 AM"}
{"level":"\u001b[32minfo\u001b[39m","message":"Processing LinkedIn comment 6874c4fefa092b52cbe8d615 on post https://www.linkedin.com/posts/kelly-mizell-%F0%9F%8C%9F-67084331_the-greatest-unity-comes-from-the-greatest-activity-7350128299223760896-l9re?utm_source=social_share_send&amp;utm_medium=member_desktop_web&amp;rcm=ACoAAEM_-I0Btc1LsqkpwAXcBs2C95nv1kHKz28","timestamp":"9:30:44 AM"}
{"level":"\u001b[32minfo\u001b[39m","message":"Comment was last updated 23.09 hours ago","timestamp":"9:30:44 AM"}
{"level":"\u001b[32minfo\u001b[39m","message":"LinkedIn analysis attempt 1 for comment 6874c4fefa092b52cbe8d615","timestamp":"9:30:44 AM"}
{"level":"\u001b[32minfo\u001b[39m","message":"Navigating to: https://www.linkedin.com/posts/kelly-mizell-%F0%9F%8C%9F-67084331_the-greatest-unity-comes-from-the-greatest-activity-7350128299223760896-l9re?utm_source=social_share_send&amp;utm_medium=member_desktop_web&amp;rcm=ACoAAEM_-I0Btc1LsqkpwAXcBs2C95nv1kHKz28","timestamp":"9:30:44 AM"}
{"level":"\u001b[32minfo\u001b[39m","message":"Connexion LinkedIn détectée (navigation principale présente).","timestamp":"9:30:49 AM"}
{"level":"\u001b[32minfo\u001b[39m","message":"Cookies LinkedIn sauvegardés en base de données pour l'utilisateur leboss.csa@gmail.com.","timestamp":"9:30:50 AM"}
{"level":"\u001b[32minfo\u001b[39m","message":"Started proxy server for leboss.csa@gmail.com on port 6516","timestamp":"9:30:52 AM"}
{"level":"\u001b[32minfo\u001b[39m","message":"Current URL after navigation: https://www.linkedin.com/","timestamp":"9:30:56 AM"}
{"level":"\u001b[32minfo\u001b[39m","message":"Applying 12 cookies for leboss.csa@gmail.com...","timestamp":"9:30:56 AM"}
{"level":"\u001b[32minfo\u001b[39m","message":"Filtered to 12 valid LinkedIn cookies","timestamp":"9:30:56 AM"}
{"level":"\u001b[32minfo\u001b[39m","message":"✅ Cookies applied successfully for leboss.csa@gmail.com","timestamp":"9:30:56 AM"}
{"level":"\u001b[32minfo\u001b[39m","message":"Reloading page to apply cookies...","timestamp":"9:30:56 AM"}
{"level":"\u001b[32minfo\u001b[39m","message":"Vérification de la connexion pour leboss.csa@gmail.com...","timestamp":"9:31:07 AM"}
{"level":"\u001b[32minfo\u001b[39m","message":"Checking for login indicator: Me nav (.global-nav__me)","timestamp":"9:31:07 AM"}
{"level":"\u001b[32minfo\u001b[39m","message":"✅ Logged into LinkedIn as leboss.csa@gmail.com (detected: Me nav)","timestamp":"9:31:14 AM"}
{"level":"\u001b[32minfo\u001b[39m","message":"Navigating to LinkedIn feed for leboss.csa@gmail.com...","timestamp":"9:31:14 AM"}
{"level":"\u001b[32minfo\u001b[39m","message":"🚀 Starting main automation loop for leboss.csa@gmail.com","timestamp":"9:31:22 AM"}
{"level":"\u001b[32minfo\u001b[39m","message":"📦 Starting batch 1 (processing 500 posts)","timestamp":"9:31:22 AM"}
{"level":"\u001b[32minfo\u001b[39m","message":"✅ Loaded all LinkedIn comments","timestamp":"9:31:30 AM"}
{"level":"\u001b[32minfo\u001b[39m","message":"✅ Found LinkedIn comment on page","timestamp":"9:31:32 AM"}
{"level":"\u001b[32minfo\u001b[39m","message":"🔍 Searching for target comment...","timestamp":"9:31:32 AM"}
{"level":"\u001b[32minfo\u001b[39m","message":"✅ Found comment container with ID: ember69","timestamp":"9:31:37 AM"}
{"level":"\u001b[32minfo\u001b[39m","message":"\n📊 Extracting engagement metrics...","timestamp":"9:31:37 AM"}
{"level":"\u001b[32minfo\u001b[39m","message":"============================================================","timestamp":"9:31:37 AM"}
{"level":"\u001b[32minfo\u001b[39m","message":"✅ Extracted metrics - Likes: 0, Impressions: 36, Replies: 0","timestamp":"9:31:37 AM"}
{"level":"\u001b[32minfo\u001b[39m","message":"============================================================","timestamp":"9:31:37 AM"}
{"level":"\u001b[32minfo\u001b[39m","message":"🔍 Searching for target comment...","timestamp":"9:31:37 AM"}
{"level":"\u001b[32minfo\u001b[39m","message":"✅ Found comment container with ID: ember69","timestamp":"9:31:42 AM"}
{"level":"\u001b[32minfo\u001b[39m","message":"💬 Extracting replies with engagement data...","timestamp":"9:31:42 AM"}
{"level":"\u001b[32minfo\u001b[39m","message":"✅ Extracted 0 replies from LinkedIn comment","timestamp":"9:31:42 AM"}
{"level":"\u001b[32minfo\u001b[39m","message":"✅ LinkedIn analysis complete: 0 likes, 36 impressions, 0 replies","timestamp":"9:31:42 AM"}
{"level":"\u001b[32minfo\u001b[39m","message":"✅ Successfully analyzed LinkedIn comment 6874c4fefa092b52cbe8d615","timestamp":"9:31:42 AM"}
{"level":"\u001b[32minfo\u001b[39m","message":"📅 Next analysis due at: 2025-10-08T20:31:42.924Z","timestamp":"9:31:42 AM"}
{"level":"\u001b[32minfo\u001b[39m","message":"⏳ Waiting 36 seconds before next LinkedIn comment...","timestamp":"9:31:42 AM"}
{"level":"\u001b[32minfo\u001b[39m","message":"Processing post 1/500 in batch 1: https://www.linkedin.com/posts/bqotd%2Ecom_activity-7381382101557923840-ggLG?utm_source=social_share_send&amp;utm_medium=member_desktop_web&amp;rcm=ACoAAEM_-I0Btc1LsqkpwAXcBs2C95nv1kHKz28","timestamp":"9:32:16 AM"}
{"level":"\u001b[32minfo\u001b[39m","message":"Navigating to post: https://www.linkedin.com/posts/bqotd%2Ecom_activity-7381382101557923840-ggLG?utm_source=social_share_send&amp;utm_medium=member_desktop_web&amp;rcm=ACoAAEM_-I0Btc1LsqkpwAXcBs2C95nv1kHKz28","timestamp":"9:32:16 AM"}
{"level":"\u001b[32minfo\u001b[39m","message":"📊 Pending comments in queue for leboss.csa@gmail.com: 3","timestamp":"9:32:18 AM"}
{"level":"\u001b[32minfo\u001b[39m","message":"Processing LinkedIn comment 68768d467760a5c788133b8e on post https://www.linkedin.com/posts/rebecca-schocker_mindsetcoaching-stressmanagement-personalgrowth-activity-7350530052461121536-oKR2?utm_source=social_share_send&amp;utm_medium=member_desktop_web&amp;rcm=ACoAAEM_-I0Btc1LsqkpwAXcBs2C95nv1kHKz28","timestamp":"9:32:18 AM"}
{"level":"\u001b[32minfo\u001b[39m","message":"Comment was last updated 23.09 hours ago","timestamp":"9:32:18 AM"}
{"level":"\u001b[32minfo\u001b[39m","message":"LinkedIn analysis attempt 1 for comment 68768d467760a5c788133b8e","timestamp":"9:32:18 AM"}
{"level":"\u001b[32minfo\u001b[39m","message":"Navigating to: https://www.linkedin.com/posts/rebecca-schocker_mindsetcoaching-stressmanagement-personalgrowth-activity-7350530052461121536-oKR2?utm_source=social_share_send&amp;utm_medium=member_desktop_web&amp;rcm=ACoAAEM_-I0Btc1LsqkpwAXcBs2C95nv1kHKz28","timestamp":"9:32:18 AM"}
{"level":"\u001b[32minfo\u001b[39m","message":"Comment 6891d09bff8c13a235344a59 created on Tue Aug 05 2025 10:36:27 GMT+0100 (UTC+01:00)","timestamp":"9:32:21 AM"}
{"level":"\u001b[32minfo\u001b[39m","message":"Comment 6891d09bff8c13a235344a59 last updated on Wed Oct 08 2025 09:30:58 GMT+0100 (UTC+01:00)","timestamp":"9:32:21 AM"}
{"level":"\u001b[32minfo\u001b[39m","message":"Attempt 1 for comment 6891d09bff8c13a235344a59","timestamp":"9:32:21 AM"}
{"level":"\u001b[32minfo\u001b[39m","message":"Navigating to post: https://www.linkedin.com/posts/heatherccarter_when-you-woke-up-this-sunday-did-god-ask-activity-7357897861935632384-N5jP?utm_source=social_share_send&amp;utm_medium=member_desktop_web&amp;rcm=ACoAAEM_-I0Btc1LsqkpwAXcBs2C95nv1kHKz28","timestamp":"9:32:21 AM"}
{"level":"\u001b[33mwarn\u001b[39m","message":"Post content not found for https://www.linkedin.com/posts/bqotd%2Ecom_activity-7381382101557923840-ggLG?utm_source=social_share_send&amp;utm_medium=member_desktop_web&amp;rcm=ACoAAEM_-I0Btc1LsqkpwAXcBs2C95nv1kHKz28, trying alternative selectors...","timestamp":"9:32:39 AM"}
{"level":"\u001b[32minfo\u001b[39m","message":"Post author found: Best Quotes of the Day","timestamp":"9:32:41 AM"}
{"level":"\u001b[32minfo\u001b[39m","message":"Checking if post username \"Best Quotes of the Day\" matches any target usernames in our database","timestamp":"9:32:41 AM"}
{"level":"\u001b[32minfo\u001b[39m","message":"No match found for post username \"Best Quotes of the Day\" in our target list","timestamp":"9:32:41 AM"}
{"level":"\u001b[32minfo\u001b[39m","message":"Post author \"Best Quotes of the Day\" is not in our target list. Skipping...","timestamp":"9:32:41 AM"}
{"level":"\u001b[32minfo\u001b[39m","message":"Navigating to post: https://www.linkedin.com/posts/bqotd%2Ecom_activity-7381382101557923840-ggLG?utm_source=social_share_send&amp;utm_medium=member_desktop_web&amp;rcm=ACoAAEM_-I0Btc1LsqkpwAXcBs2C95nv1kHKz28","timestamp":"9:32:43 AM"}
{"level":"\u001b[31merror\u001b[39m","message":"Attempt 1 failed for comment 6891d09bff8c13a235344a59: Navigation timeout of 30000 ms exceeded","name":"TimeoutError","stack":"TimeoutError: Navigation timeout of 30000 ms exceeded\n    at new Deferred (C:\\Users\\admin\\Desktop\\epi-engage\\riona_ai-main\\node_modules\\puppeteer-core\\src\\util\\Deferred.ts:74:28)\n    at Function.create (C:\\Users\\admin\\Desktop\\epi-engage\\riona_ai-main\\node_modules\\puppeteer-core\\src\\util\\Deferred.ts:29:12)\n    at new LifecycleWatcher (C:\\Users\\admin\\Desktop\\epi-engage\\riona_ai-main\\node_modules\\puppeteer-core\\src\\cdp\\LifecycleWatcher.ts:148:42)\n    at CdpFrame.goto (C:\\Users\\admin\\Desktop\\epi-engage\\riona_ai-main\\node_modules\\puppeteer-core\\src\\cdp\\Frame.ts:160:21)\n    at CdpFrame.<anonymous> (C:\\Users\\admin\\Desktop\\epi-engage\\riona_ai-main\\node_modules\\puppeteer-core\\src\\util\\decorators.ts:63:21)\n    at CdpPage.goto (C:\\Users\\admin\\Desktop\\epi-engage\\riona_ai-main\\node_modules\\puppeteer-core\\src\\api\\Page.ts:1730:35)\n    at processQueue (C:\\Users\\admin\\Desktop\\epi-engage\\riona_ai-main\\src\\controllers\\fifolink.ts:264:22)\n    at processTicksAndRejections (node:internal/process/task_queues:105:5)\n    at async C:\\Users\\admin\\Desktop\\epi-engage\\riona_ai-main\\src\\routes\\linkedinRoutes.ts:63:5","timestamp":"9:32:51 AM"}
{"level":"\u001b[32minfo\u001b[39m","message":"Waiting 69129 ms before retrying","timestamp":"9:32:51 AM"}
{"level":"\u001b[32minfo\u001b[39m","message":"Post author found: Best Quotes of the Day","timestamp":"9:32:59 AM"}
{"level":"\u001b[32minfo\u001b[39m","message":"Checking if post username \"Best Quotes of the Day\" matches any target usernames in our database","timestamp":"9:32:59 AM"}
{"level":"\u001b[32minfo\u001b[39m","message":"No match found for post username \"Best Quotes of the Day\" in our target list","timestamp":"9:32:59 AM"}
{"level":"\u001b[32minfo\u001b[39m","message":"Post author \"Best Quotes of the Day\" is not in our target list. Skipping...","timestamp":"9:32:59 AM"}
{"level":"\u001b[32minfo\u001b[39m","message":"✅ Processed 1/500 posts in current batch (Total: 1)","timestamp":"9:32:59 AM"}
{"level":"\u001b[32minfo\u001b[39m","message":"Processing post 2/500 in batch 1: https://www.linkedin.com/posts/burrowrx-carbon-monoxide-sprayer_your-success-story-starts-here-activity-7323323310685990913-uaQI?utm_source=social_share_send&amp;utm_medium=member_desktop_web&amp;rcm=ACoAAEM_-I0Btc1LsqkpwAXcBs2C95nv1kHKz28","timestamp":"9:33:14 AM"}
{"level":"\u001b[32minfo\u001b[39m","message":"Navigating to post: https://www.linkedin.com/posts/burrowrx-carbon-monoxide-sprayer_your-success-story-starts-here-activity-7323323310685990913-uaQI?utm_source=social_share_send&amp;utm_medium=member_desktop_web&amp;rcm=ACoAAEM_-I0Btc1LsqkpwAXcBs2C95nv1kHKz28","timestamp":"9:33:14 AM"}
{"level":"\u001b[31merror\u001b[39m","message":"LinkedIn attempt 1 failed: Navigation timeout of 60000 ms exceeded","name":"TimeoutError","stack":"TimeoutError: Navigation timeout of 60000 ms exceeded\n    at new Deferred (C:\\Users\\admin\\Desktop\\epi-engage\\riona_ai-main\\node_modules\\puppeteer-core\\src\\util\\Deferred.ts:74:28)\n    at Function.create (C:\\Users\\admin\\Desktop\\epi-engage\\riona_ai-main\\node_modules\\puppeteer-core\\src\\util\\Deferred.ts:29:12)\n    at new LifecycleWatcher (C:\\Users\\admin\\Desktop\\epi-engage\\riona_ai-main\\node_modules\\puppeteer-core\\src\\cdp\\LifecycleWatcher.ts:148:42)\n    at CdpFrame.goto (C:\\Users\\admin\\Desktop\\epi-engage\\riona_ai-main\\node_modules\\puppeteer-core\\src\\cdp\\Frame.ts:160:21)\n    at CdpFrame.<anonymous> (C:\\Users\\admin\\Desktop\\epi-engage\\riona_ai-main\\node_modules\\puppeteer-core\\src\\util\\decorators.ts:63:21)\n    at CdpPage.goto (C:\\Users\\admin\\Desktop\\epi-engage\\riona_ai-main\\node_modules\\puppeteer-core\\src\\api\\Page.ts:1730:35)\n    at processLinkedInAnalysisQueue (C:\\Users\\admin\\Desktop\\epi-engage\\riona_ai-main\\src\\controllers\\analysislink.ts:670:22)\n    at processTicksAndRejections (node:internal/process/task_queues:105:5)","timestamp":"9:33:18 AM"}
{"level":"\u001b[32minfo\u001b[39m","message":"Waiting 33486ms before retry","timestamp":"9:33:18 AM"}
{"level":"\u001b[32minfo\u001b[39m","message":"Post author found: BurrowRx Carbon Monoxide Sprayer","timestamp":"9:33:28 AM"}
{"level":"\u001b[32minfo\u001b[39m","message":"Checking if post username \"BurrowRx Carbon Monoxide Sprayer\" matches any target usernames in our database","timestamp":"9:33:28 AM"}
{"level":"\u001b[32minfo\u001b[39m","message":"No match found for post username \"BurrowRx Carbon Monoxide Sprayer\" in our target list","timestamp":"9:33:28 AM"}
{"level":"\u001b[32minfo\u001b[39m","message":"Post author \"BurrowRx Carbon Monoxide Sprayer\" is not in our target list. Skipping...","timestamp":"9:33:28 AM"}
{"level":"\u001b[32minfo\u001b[39m","message":"Navigating to post: https://www.linkedin.com/posts/burrowrx-carbon-monoxide-sprayer_your-success-story-starts-here-activity-7323323310685990913-uaQI?utm_source=social_share_send&amp;utm_medium=member_desktop_web&amp;rcm=ACoAAEM_-I0Btc1LsqkpwAXcBs2C95nv1kHKz28","timestamp":"9:33:30 AM"}
{"level":"\u001b[32minfo\u001b[39m","message":"LinkedIn analysis attempt 2 for comment 68768d467760a5c788133b8e","timestamp":"9:33:52 AM"}
{"level":"\u001b[32minfo\u001b[39m","message":"Navigating to: https://www.linkedin.com/posts/rebecca-schocker_mindsetcoaching-stressmanagement-personalgrowth-activity-7350530052461121536-oKR2?utm_source=social_share_send&amp;utm_medium=member_desktop_web&amp;rcm=ACoAAEM_-I0Btc1LsqkpwAXcBs2C95nv1kHKz28","timestamp":"9:33:52 AM"}
{"level":"\u001b[33mwarn\u001b[39m","message":"Post content not found for https://www.linkedin.com/posts/burrowrx-carbon-monoxide-sprayer_your-success-story-starts-here-activity-7323323310685990913-uaQI?utm_source=social_share_send&amp;utm_medium=member_desktop_web&amp;rcm=ACoAAEM_-I0Btc1LsqkpwAXcBs2C95nv1kHKz28, trying alternative selectors...","timestamp":"9:33:53 AM"}
{"level":"\u001b[32minfo\u001b[39m","message":"Post author found: BurrowRx Carbon Monoxide Sprayer","timestamp":"9:33:59 AM"}
{"level":"\u001b[32minfo\u001b[39m","message":"Checking if post username \"BurrowRx Carbon Monoxide Sprayer\" matches any target usernames in our database","timestamp":"9:33:59 AM"}
{"level":"\u001b[32minfo\u001b[39m","message":"No match found for post username \"BurrowRx Carbon Monoxide Sprayer\" in our target list","timestamp":"9:33:59 AM"}
{"level":"\u001b[32minfo\u001b[39m","message":"Post author \"BurrowRx Carbon Monoxide Sprayer\" is not in our target list. Skipping...","timestamp":"9:33:59 AM"}
{"level":"\u001b[32minfo\u001b[39m","message":"✅ Processed 2/500 posts in current batch (Total: 2)","timestamp":"9:33:59 AM"}
{"level":"\u001b[32minfo\u001b[39m","message":"Attempt 2 for comment 6891d09bff8c13a235344a59","timestamp":"9:34:00 AM"}
{"level":"\u001b[32minfo\u001b[39m","message":"Navigating to post: https://www.linkedin.com/posts/heatherccarter_when-you-woke-up-this-sunday-did-god-ask-activity-7357897861935632384-N5jP?utm_source=social_share_send&amp;utm_medium=member_desktop_web&amp;rcm=ACoAAEM_-I0Btc1LsqkpwAXcBs2C95nv1kHKz28","timestamp":"9:34:00 AM"}
{"level":"\u001b[32minfo\u001b[39m","message":"Not on feed page, navigating to feed...","timestamp":"9:34:22 AM"}
{"level":"\u001b[31merror\u001b[39m","message":"Attempt 2 failed for comment 6891d09bff8c13a235344a59: Navigation timeout of 30000 ms exceeded","name":"TimeoutError","stack":"TimeoutError: Navigation timeout of 30000 ms exceeded\n    at new Deferred (C:\\Users\\admin\\Desktop\\epi-engage\\riona_ai-main\\node_modules\\puppeteer-core\\src\\util\\Deferred.ts:74:28)\n    at Function.create (C:\\Users\\admin\\Desktop\\epi-engage\\riona_ai-main\\node_modules\\puppeteer-core\\src\\util\\Deferred.ts:29:12)\n    at new LifecycleWatcher (C:\\Users\\admin\\Desktop\\epi-engage\\riona_ai-main\\node_modules\\puppeteer-core\\src\\cdp\\LifecycleWatcher.ts:148:42)\n    at CdpFrame.goto (C:\\Users\\admin\\Desktop\\epi-engage\\riona_ai-main\\node_modules\\puppeteer-core\\src\\cdp\\Frame.ts:160:21)\n    at CdpFrame.<anonymous> (C:\\Users\\admin\\Desktop\\epi-engage\\riona_ai-main\\node_modules\\puppeteer-core\\src\\util\\decorators.ts:63:21)\n    at CdpPage.goto (C:\\Users\\admin\\Desktop\\epi-engage\\riona_ai-main\\node_modules\\puppeteer-core\\src\\api\\Page.ts:1730:35)\n    at processQueue (C:\\Users\\admin\\Desktop\\epi-engage\\riona_ai-main\\src\\controllers\\fifolink.ts:264:22)\n    at async C:\\Users\\admin\\Desktop\\epi-engage\\riona_ai-main\\src\\routes\\linkedinRoutes.ts:63:5","timestamp":"9:34:30 AM"}
{"level":"\u001b[32minfo\u001b[39m","message":"Waiting 32559 ms before retrying","timestamp":"9:34:30 AM"}
{"level":"\u001b[31merror\u001b[39m","message":"LinkedIn attempt 2 failed: Navigation timeout of 60000 ms exceeded","name":"TimeoutError","stack":"TimeoutError: Navigation timeout of 60000 ms exceeded\n    at new Deferred (C:\\Users\\admin\\Desktop\\epi-engage\\riona_ai-main\\node_modules\\puppeteer-core\\src\\util\\Deferred.ts:74:28)\n    at Function.create (C:\\Users\\admin\\Desktop\\epi-engage\\riona_ai-main\\node_modules\\puppeteer-core\\src\\util\\Deferred.ts:29:12)\n    at new LifecycleWatcher (C:\\Users\\admin\\Desktop\\epi-engage\\riona_ai-main\\node_modules\\puppeteer-core\\src\\cdp\\LifecycleWatcher.ts:148:42)\n    at CdpFrame.goto (C:\\Users\\admin\\Desktop\\epi-engage\\riona_ai-main\\node_modules\\puppeteer-core\\src\\cdp\\Frame.ts:160:21)\n    at CdpFrame.<anonymous> (C:\\Users\\admin\\Desktop\\epi-engage\\riona_ai-main\\node_modules\\puppeteer-core\\src\\util\\decorators.ts:63:21)\n    at CdpPage.goto (C:\\Users\\admin\\Desktop\\epi-engage\\riona_ai-main\\node_modules\\puppeteer-core\\src\\api\\Page.ts:1730:35)\n    at processLinkedInAnalysisQueue (C:\\Users\\admin\\Desktop\\epi-engage\\riona_ai-main\\src\\controllers\\analysislink.ts:670:22)","timestamp":"9:34:52 AM"}
{"level":"\u001b[32minfo\u001b[39m","message":"Waiting 36679ms before retry","timestamp":"9:34:52 AM"}
{"level":"\u001b[32minfo\u001b[39m","message":"Attempt 3 for comment 6891d09bff8c13a235344a59","timestamp":"9:35:03 AM"}
{"level":"\u001b[32minfo\u001b[39m","message":"Navigating to post: https://www.linkedin.com/posts/heatherccarter_when-you-woke-up-this-sunday-did-god-ask-activity-7357897861935632384-N5jP?utm_source=social_share_send&amp;utm_medium=member_desktop_web&amp;rcm=ACoAAEM_-I0Btc1LsqkpwAXcBs2C95nv1kHKz28","timestamp":"9:35:03 AM"}
{"level":"\u001b[31merror\u001b[39m","message":"Attempt 3 failed for comment 6891d09bff8c13a235344a59: Comment box not found","stack":"Error: Comment box not found\n    at processQueue (C:\\Users\\admin\\Desktop\\epi-engage\\riona_ai-main\\src\\controllers\\fifolink.ts:296:19)\n    at async C:\\Users\\admin\\Desktop\\epi-engage\\riona_ai-main\\src\\routes\\linkedinRoutes.ts:63:5","timestamp":"9:35:22 AM"}
{"level":"\u001b[32minfo\u001b[39m","message":"Waiting 37888 ms before processing next comment","timestamp":"9:35:22 AM"}
{"level":"\u001b[32minfo\u001b[39m","message":"LinkedIn analysis attempt 3 for comment 68768d467760a5c788133b8e","timestamp":"9:35:28 AM"}
{"level":"\u001b[32minfo\u001b[39m","message":"Navigating to: https://www.linkedin.com/posts/rebecca-schocker_mindsetcoaching-stressmanagement-personalgrowth-activity-7350530052461121536-oKR2?utm_source=social_share_send&amp;utm_medium=member_desktop_web&amp;rcm=ACoAAEM_-I0Btc1LsqkpwAXcBs2C95nv1kHKz28","timestamp":"9:35:28 AM"}
{"level":"\u001b[32minfo\u001b[39m","message":"Processing post 3/500 in batch 1: https://www.linkedin.com/posts/senecapoly_choose-how-you-learn-activity-7367282295646396417-KQcv?utm_source=social_share_send&amp;utm_medium=member_desktop_web&amp;rcm=ACoAAEM_-I0Btc1LsqkpwAXcBs2C95nv1kHKz28","timestamp":"9:35:47 AM"}
{"level":"\u001b[32minfo\u001b[39m","message":"Navigating to post: https://www.linkedin.com/posts/senecapoly_choose-how-you-learn-activity-7367282295646396417-KQcv?utm_source=social_share_send&amp;utm_medium=member_desktop_web&amp;rcm=ACoAAEM_-I0Btc1LsqkpwAXcBs2C95nv1kHKz28","timestamp":"9:35:47 AM"}
{"level":"\u001b[32minfo\u001b[39m","message":"Connected to MongoDB","timestamp":"10:10:44 AM"}
{"level":"\u001b[32minfo\u001b[39m","message":"Connected to MongoDB","timestamp":"10:10:45 AM"}
{"level":"\u001b[32minfo\u001b[39m","message":"Server running on port 3445","timestamp":"10:10:45 AM"}
{"level":"\u001b[32minfo\u001b[39m","message":"Instagram username already exists for user 683720529b99dc1e616b574d: majesty___jewelry","timestamp":"10:10:59 AM"}
{"level":"\u001b[32minfo\u001b[39m","message":"Starting comment analysis for username: majesty___jewelry","timestamp":"10:10:59 AM"}
{"level":"\u001b[32minfo\u001b[39m","message":"Starting analysis session for majesty___jewelry on port 6837","timestamp":"10:10:59 AM"}
{"level":"\u001b[32minfo\u001b[39m","message":"Proxy started on port 6837","timestamp":"10:10:59 AM"}
{"level":"\u001b[32minfo\u001b[39m","message":"Started proxy server for majesty___jewelry on port 6381","timestamp":"10:11:02 AM"}
{"level":"\u001b[32minfo\u001b[39m","message":"Navigating to Instagram homepage for majesty___jewelry...","timestamp":"10:11:02 AM"}
{"level":"\u001b[32minfo\u001b[39m","message":"Attempting to retrieve Instagram cookies for majesty___jewelry...","timestamp":"10:11:02 AM"}
{"level":"\u001b[32minfo\u001b[39m","message":"Successfully retrieved cookies for majesty___jewelry","timestamp":"10:11:02 AM"}
{"level":"\u001b[32minfo\u001b[39m","message":"Navigating to Instagram homepage for majesty___jewelry...","timestamp":"10:11:02 AM"}
{"level":"\u001b[32minfo\u001b[39m","message":"Applying cookies for majesty___jewelry...","timestamp":"10:11:06 AM"}
{"level":"\u001b[32minfo\u001b[39m","message":"Applying cookies for majesty___jewelry...","timestamp":"10:11:06 AM"}
{"level":"\u001b[32minfo\u001b[39m","message":"Cookies applied successfully for majesty___jewelry","timestamp":"10:11:07 AM"}
{"level":"\u001b[32minfo\u001b[39m","message":"Logged into Instagram as majesty___jewelry","timestamp":"10:11:20 AM"}
{"level":"\u001b[32minfo\u001b[39m","message":"Logged into Instagram as majesty___jewelry via cookies.","timestamp":"10:11:20 AM"}
{"level":"\u001b[32minfo\u001b[39m","message":"Processing comment 68d1582751ae55ee9131a92b on post DO1acqzjDg2","timestamp":"10:11:20 AM"}
{"level":"\u001b[32minfo\u001b[39m","message":"Analysis attempt 1 for comment 68d1582751ae55ee9131a92b","timestamp":"10:11:20 AM"}
{"level":"\u001b[32minfo\u001b[39m","message":"Navigating to: https://www.instagram.com/p/DO1acqzjDg2/","timestamp":"10:11:20 AM"}
{"level":"\u001b[32minfo\u001b[39m","message":"No more 'processing' comments for this user. Waiting 2 minutes...","timestamp":"10:11:20 AM"}
{"level":"\u001b[32minfo\u001b[39m","message":"Found comment on page","timestamp":"10:11:31 AM"}
{"level":"\u001b[32minfo\u001b[39m","message":"Clicked 0 'View replies' buttons","timestamp":"10:11:31 AM"}
{"level":"\u001b[32minfo\u001b[39m","message":"Connexion détectée (lien de messagerie présent).","timestamp":"10:11:32 AM"}
{"level":"\u001b[32minfo\u001b[39m","message":"Cookies Instagram sauvegardés en base de données pour l'utilisateur majesty___jewelry.","timestamp":"10:11:32 AM"}
{"level":"\u001b[32minfo\u001b[39m","message":"Found 1 likes","timestamp":"10:11:33 AM"}
{"level":"\u001b[32minfo\u001b[39m","message":"Extracted 0 replies","timestamp":"10:11:33 AM"}
{"level":"\u001b[33mwarn\u001b[39m","message":"No replies found","timestamp":"10:11:33 AM"}
{"level":"\u001b[32minfo\u001b[39m","message":"Analysis complete: 1 likes, 0 replies","timestamp":"10:11:33 AM"}
{"level":"\u001b[32minfo\u001b[39m","message":"Successfully analyzed comment 68d1582751ae55ee9131a92b","timestamp":"10:11:33 AM"}
{"level":"\u001b[32minfo\u001b[39m","message":"Waiting 32316ms before next comment","timestamp":"10:11:33 AM"}
{"level":"\u001b[32minfo\u001b[39m","message":"Started proxy server for majesty___jewelry on port 6481","timestamp":"10:11:34 AM"}
{"level":"\u001b[32minfo\u001b[39m","message":"Navigating to Instagram homepage for majesty___jewelry...","timestamp":"10:11:34 AM"}
{"level":"\u001b[32minfo\u001b[39m","message":"Applying cookies for majesty___jewelry...","timestamp":"10:11:37 AM"}
{"level":"\u001b[32minfo\u001b[39m","message":"Cookies applied successfully for majesty___jewelry","timestamp":"10:11:37 AM"}
{"level":"\u001b[32minfo\u001b[39m","message":"Logged into Instagram as majesty___jewelry via cookies.","timestamp":"10:11:42 AM"}
{"level":"\u001b[32minfo\u001b[39m","message":"Nom d'utilisateur du post trouvé avec le sélecteur \"a[href*=\"/\"][role=\"link\"]\" : bloombergbusiness","timestamp":"10:11:55 AM"}
{"level":"\u001b[32minfo\u001b[39m","message":"Checking if post username \"bloombergbusiness\" matches target usernames for account \"majesty___jewelry\"","timestamp":"10:11:55 AM"}
{"level":"\u001b[32minfo\u001b[39m","message":"Found a match! Post username \"bloombergbusiness\" is in the target list for account \"majesty___jewelry\"","timestamp":"10:11:55 AM"}
{"level":"\u001b[32minfo\u001b[39m","message":"Post username \"bloombergbusiness\" is in our target list. Proceeding...","timestamp":"10:11:55 AM"}
{"level":"\u001b[32minfo\u001b[39m","message":"Processing comment 683987a07a5ecbaae2dff89e on post DKMd5MBJ6Ym","timestamp":"10:12:06 AM"}
{"level":"\u001b[32minfo\u001b[39m","message":"Analysis attempt 1 for comment 683987a07a5ecbaae2dff89e","timestamp":"10:12:06 AM"}
{"level":"\u001b[32minfo\u001b[39m","message":"Navigating to: https://www.instagram.com/p/DKMd5MBJ6Ym/","timestamp":"10:12:06 AM"}
{"level":"\u001b[31merror\u001b[39m","message":"Attempt 1 failed: Navigation timeout of 30000 ms exceeded","name":"TimeoutError","stack":"TimeoutError: Navigation timeout of 30000 ms exceeded\n    at new Deferred (C:\\Users\\admin\\Desktop\\epi-engage\\riona_ai-main\\node_modules\\puppeteer-core\\src\\util\\Deferred.ts:74:28)\n    at Function.create (C:\\Users\\admin\\Desktop\\epi-engage\\riona_ai-main\\node_modules\\puppeteer-core\\src\\util\\Deferred.ts:29:12)\n    at new LifecycleWatcher (C:\\Users\\admin\\Desktop\\epi-engage\\riona_ai-main\\node_modules\\puppeteer-core\\src\\cdp\\LifecycleWatcher.ts:148:42)\n    at CdpFrame.goto (C:\\Users\\admin\\Desktop\\epi-engage\\riona_ai-main\\node_modules\\puppeteer-core\\src\\cdp\\Frame.ts:160:21)\n    at CdpFrame.<anonymous> (C:\\Users\\admin\\Desktop\\epi-engage\\riona_ai-main\\node_modules\\puppeteer-core\\src\\util\\decorators.ts:63:21)\n    at CdpPage.goto (C:\\Users\\admin\\Desktop\\epi-engage\\riona_ai-main\\node_modules\\puppeteer-core\\src\\api\\Page.ts:1730:35)\n    at processAnalysisQueue (C:\\Users\\admin\\Desktop\\epi-engage\\riona_ai-main\\src\\controllers\\analyse.ts:375:22)\n    at processTicksAndRejections (node:internal/process/task_queues:105:5)","timestamp":"10:12:40 AM"}
{"level":"\u001b[32minfo\u001b[39m","message":"Waiting 24118ms before retry","timestamp":"10:12:40 AM"}
{"level":"\u001b[32minfo\u001b[39m","message":"Analysis attempt 2 for comment 683987a07a5ecbaae2dff89e","timestamp":"10:13:04 AM"}
{"level":"\u001b[32minfo\u001b[39m","message":"Navigating to: https://www.instagram.com/p/DKMd5MBJ6Ym/","timestamp":"10:13:04 AM"}
{"level":"\u001b[32minfo\u001b[39m","message":"Found comment on page","timestamp":"10:13:18 AM"}
{"level":"\u001b[32minfo\u001b[39m","message":"Clicked 0 'View replies' buttons","timestamp":"10:13:18 AM"}
{"level":"\u001b[32minfo\u001b[39m","message":"Found 0 likes","timestamp":"10:13:20 AM"}
{"level":"\u001b[32minfo\u001b[39m","message":"Extracted 0 replies","timestamp":"10:13:20 AM"}
{"level":"\u001b[33mwarn\u001b[39m","message":"No replies found","timestamp":"10:13:20 AM"}
{"level":"\u001b[32minfo\u001b[39m","message":"Analysis complete: 0 likes, 0 replies","timestamp":"10:13:20 AM"}
{"level":"\u001b[32minfo\u001b[39m","message":"Successfully analyzed comment 683987a07a5ecbaae2dff89e","timestamp":"10:13:20 AM"}
{"level":"\u001b[32minfo\u001b[39m","message":"Waiting 44681ms before next comment","timestamp":"10:13:20 AM"}
{"level":"\u001b[32minfo\u001b[39m","message":"Processing comment 6876a2967760a5c788133b9d on post DMFlu-FgtcM","timestamp":"10:14:04 AM"}
{"level":"\u001b[32minfo\u001b[39m","message":"Analysis attempt 1 for comment 6876a2967760a5c788133b9d","timestamp":"10:14:04 AM"}
{"level":"\u001b[32minfo\u001b[39m","message":"Navigating to: https://www.instagram.com/p/DMFlu-FgtcM/","timestamp":"10:14:04 AM"}
{"level":"\u001b[32minfo\u001b[39m","message":"Found comment on page","timestamp":"10:14:16 AM"}
{"level":"\u001b[32minfo\u001b[39m","message":"Clicked 0 'View replies' buttons","timestamp":"10:14:16 AM"}
{"level":"\u001b[32minfo\u001b[39m","message":"Found 0 likes","timestamp":"10:14:18 AM"}
{"level":"\u001b[32minfo\u001b[39m","message":"Extracted 0 replies","timestamp":"10:14:18 AM"}
{"level":"\u001b[33mwarn\u001b[39m","message":"No replies found","timestamp":"10:14:18 AM"}
{"level":"\u001b[32minfo\u001b[39m","message":"Analysis complete: 0 likes, 0 replies","timestamp":"10:14:18 AM"}
{"level":"\u001b[32minfo\u001b[39m","message":"Successfully analyzed comment 6876a2967760a5c788133b9d","timestamp":"10:14:18 AM"}
{"level":"\u001b[32minfo\u001b[39m","message":"Waiting 35628ms before next comment","timestamp":"10:14:18 AM"}
{"level":"\u001b[32minfo\u001b[39m","message":"No more 'processing' comments for this user. Waiting 2 minutes...","timestamp":"10:14:20 AM"}
{"level":"\u001b[32minfo\u001b[39m","message":"Processing comment 6876a10e7760a5c788133b9c on post DL-hFP3v_P2","timestamp":"10:14:53 AM"}
{"level":"\u001b[32minfo\u001b[39m","message":"Analysis attempt 1 for comment 6876a10e7760a5c788133b9c","timestamp":"10:14:53 AM"}
{"level":"\u001b[32minfo\u001b[39m","message":"Navigating to: https://www.instagram.com/p/DL-hFP3v_P2/","timestamp":"10:14:53 AM"}
{"level":"\u001b[32minfo\u001b[39m","message":"Found comment on page","timestamp":"10:15:09 AM"}
{"level":"\u001b[32minfo\u001b[39m","message":"Clicked 0 'View replies' buttons","timestamp":"10:15:09 AM"}
{"level":"\u001b[32minfo\u001b[39m","message":"Found 0 likes","timestamp":"10:15:11 AM"}
{"level":"\u001b[32minfo\u001b[39m","message":"Extracted 0 replies","timestamp":"10:15:11 AM"}
{"level":"\u001b[33mwarn\u001b[39m","message":"No replies found","timestamp":"10:15:11 AM"}
{"level":"\u001b[32minfo\u001b[39m","message":"Analysis complete: 0 likes, 0 replies","timestamp":"10:15:11 AM"}
{"level":"\u001b[32minfo\u001b[39m","message":"Successfully analyzed comment 6876a10e7760a5c788133b9c","timestamp":"10:15:11 AM"}
{"level":"\u001b[32minfo\u001b[39m","message":"Waiting 44366ms before next comment","timestamp":"10:15:11 AM"}
{"level":"\u001b[32minfo\u001b[39m","message":"Nom d'utilisateur du post trouvé avec le sélecteur \"a[href*=\"/\"][role=\"link\"]\" : bloombergbusiness","timestamp":"10:15:16 AM"}
{"level":"\u001b[32minfo\u001b[39m","message":"Checking if post username \"bloombergbusiness\" matches target usernames for account \"majesty___jewelry\"","timestamp":"10:15:16 AM"}
{"level":"\u001b[32minfo\u001b[39m","message":"Found a match! Post username \"bloombergbusiness\" is in the target list for account \"majesty___jewelry\"","timestamp":"10:15:16 AM"}
{"level":"\u001b[32minfo\u001b[39m","message":"Post username \"bloombergbusiness\" is in our target list. Proceeding...","timestamp":"10:15:16 AM"}
{"level":"\u001b[32minfo\u001b[39m","message":"Connected to MongoDB","timestamp":"10:16:03 AM"}
{"level":"\u001b[32minfo\u001b[39m","message":"Connected to MongoDB","timestamp":"10:16:04 AM"}
{"level":"\u001b[32minfo\u001b[39m","message":"Server running on port 3445","timestamp":"10:16:04 AM"}
{"level":"\u001b[32minfo\u001b[39m","message":"Instagram username updated for user 683720529b99dc1e616b574d: leboss.csa@gmail.com","timestamp":"10:16:14 AM"}
{"level":"\u001b[32minfo\u001b[39m","message":"Starting comment analysis for username: leboss.csa@gmail.com","timestamp":"10:16:14 AM"}
{"level":"\u001b[32minfo\u001b[39m","message":"Attempting to retrieve cookies for leboss.csa@gmail.com (attempt 1/10)...","timestamp":"10:16:24 AM"}
{"level":"\u001b[32minfo\u001b[39m","message":"✅ Successfully retrieved 10 cookies for leboss.csa@gmail.com","timestamp":"10:16:24 AM"}
{"level":"\u001b[32minfo\u001b[39m","message":"Started proxy server for leboss.csa@gmail.com on port 6524","timestamp":"10:16:24 AM"}
{"level":"\u001b[32minfo\u001b[39m","message":"Started proxy server for leboss.csa@gmail.com on port 6367","timestamp":"10:16:25 AM"}
{"level":"\u001b[32minfo\u001b[39m","message":"Current URL after navigation: https://www.linkedin.com/","timestamp":"10:16:32 AM"}
{"level":"\u001b[32minfo\u001b[39m","message":"Applying 10 cookies for leboss.csa@gmail.com...","timestamp":"10:16:32 AM"}
{"level":"\u001b[32minfo\u001b[39m","message":"Filtered to 10 valid LinkedIn cookies","timestamp":"10:16:32 AM"}
{"level":"\u001b[32minfo\u001b[39m","message":"✅ Cookies applied successfully for leboss.csa@gmail.com","timestamp":"10:16:33 AM"}
{"level":"\u001b[32minfo\u001b[39m","message":"Reloading page to apply cookies...","timestamp":"10:16:33 AM"}
{"level":"\u001b[32minfo\u001b[39m","message":"Current URL after navigation: https://www.linkedin.com/","timestamp":"10:16:40 AM"}
{"level":"\u001b[32minfo\u001b[39m","message":"Applying 10 cookies for leboss.csa@gmail.com...","timestamp":"10:16:40 AM"}
{"level":"\u001b[32minfo\u001b[39m","message":"Filtered to 10 valid LinkedIn cookies","timestamp":"10:16:40 AM"}
{"level":"\u001b[32minfo\u001b[39m","message":"✅ Cookies applied successfully for leboss.csa@gmail.com","timestamp":"10:16:43 AM"}
{"level":"\u001b[32minfo\u001b[39m","message":"Reloading page to apply cookies...","timestamp":"10:16:43 AM"}
{"level":"\u001b[31merror\u001b[39m","message":"Error during LinkedIn analysis queue processing: Navigation timeout of 30000 ms exceeded","name":"TimeoutError","stack":"TimeoutError: Navigation timeout of 30000 ms exceeded\n    at new Deferred (C:\\Users\\admin\\Desktop\\epi-engage\\riona_ai-main\\node_modules\\puppeteer-core\\src\\util\\Deferred.ts:74:28)\n    at Function.create (C:\\Users\\admin\\Desktop\\epi-engage\\riona_ai-main\\node_modules\\puppeteer-core\\src\\util\\Deferred.ts:29:12)\n    at new LifecycleWatcher (C:\\Users\\admin\\Desktop\\epi-engage\\riona_ai-main\\node_modules\\puppeteer-core\\src\\cdp\\LifecycleWatcher.ts:148:42)\n    at CdpFrame.waitForNavigation (C:\\Users\\admin\\Desktop\\epi-engage\\riona_ai-main\\node_modules\\puppeteer-core\\src\\cdp\\Frame.ts:233:21)\n    at CdpFrame.<anonymous> (C:\\Users\\admin\\Desktop\\epi-engage\\riona_ai-main\\node_modules\\puppeteer-core\\src\\util\\decorators.ts:63:21)\n    at CdpPage.waitForNavigation (C:\\Users\\admin\\Desktop\\epi-engage\\riona_ai-main\\node_modules\\puppeteer-core\\src\\api\\Page.ts:1774:35)\n    at CdpPage.reload (C:\\Users\\admin\\Desktop\\epi-engage\\riona_ai-main\\node_modules\\puppeteer-core\\src\\cdp\\Page.ts:874:12)\n    at processLinkedInAnalysisQueue (C:\\Users\\admin\\Desktop\\epi-engage\\riona_ai-main\\src\\controllers\\analysislink.ts:554:16)","timestamp":"10:17:04 AM"}
{"level":"\u001b[31merror\u001b[39m","message":"Error during processing queue: Navigation timeout of 30000 ms exceeded","name":"TimeoutError","stack":"TimeoutError: Navigation timeout of 30000 ms exceeded\n    at new Deferred (C:\\Users\\admin\\Desktop\\epi-engage\\riona_ai-main\\node_modules\\puppeteer-core\\src\\util\\Deferred.ts:74:28)\n    at Function.create (C:\\Users\\admin\\Desktop\\epi-engage\\riona_ai-main\\node_modules\\puppeteer-core\\src\\util\\Deferred.ts:29:12)\n    at new LifecycleWatcher (C:\\Users\\admin\\Desktop\\epi-engage\\riona_ai-main\\node_modules\\puppeteer-core\\src\\cdp\\LifecycleWatcher.ts:148:42)\n    at CdpFrame.waitForNavigation (C:\\Users\\admin\\Desktop\\epi-engage\\riona_ai-main\\node_modules\\puppeteer-core\\src\\cdp\\Frame.ts:233:21)\n    at CdpFrame.<anonymous> (C:\\Users\\admin\\Desktop\\epi-engage\\riona_ai-main\\node_modules\\puppeteer-core\\src\\util\\decorators.ts:63:21)\n    at CdpPage.waitForNavigation (C:\\Users\\admin\\Desktop\\epi-engage\\riona_ai-main\\node_modules\\puppeteer-core\\src\\api\\Page.ts:1774:35)\n    at CdpPage.reload (C:\\Users\\admin\\Desktop\\epi-engage\\riona_ai-main\\node_modules\\puppeteer-core\\src\\cdp\\Page.ts:874:12)\n    at processQueue (C:\\Users\\admin\\Desktop\\epi-engage\\riona_ai-main\\src\\controllers\\fifolink.ts:132:16)\n    at async C:\\Users\\admin\\Desktop\\epi-engage\\riona_ai-main\\src\\routes\\linkedinRoutes.ts:63:5","timestamp":"10:17:13 AM"}
{"level":"\u001b[32minfo\u001b[39m","message":"Proxy server closed","timestamp":"10:17:42 AM"}
{"level":"\u001b[32minfo\u001b[39m","message":"Connexion LinkedIn détectée (navigation principale présente).","timestamp":"10:18:19 AM"}
{"level":"\u001b[32minfo\u001b[39m","message":"Cookies LinkedIn sauvegardés en base de données pour l'utilisateur leboss.csa@gmail.com.","timestamp":"10:18:20 AM"}
{"level":"\u001b[32minfo\u001b[39m","message":"Started proxy server for leboss.csa@gmail.com on port 6952","timestamp":"10:18:22 AM"}
{"level":"\u001b[32minfo\u001b[39m","message":"Current URL after navigation: https://www.linkedin.com/","timestamp":"10:18:25 AM"}
{"level":"\u001b[32minfo\u001b[39m","message":"Applying 12 cookies for leboss.csa@gmail.com...","timestamp":"10:18:25 AM"}
{"level":"\u001b[32minfo\u001b[39m","message":"Filtered to 12 valid LinkedIn cookies","timestamp":"10:18:25 AM"}
{"level":"\u001b[32minfo\u001b[39m","message":"✅ Cookies applied successfully for leboss.csa@gmail.com","timestamp":"10:18:27 AM"}
{"level":"\u001b[32minfo\u001b[39m","message":"Reloading page to apply cookies...","timestamp":"10:18:27 AM"}
{"level":"\u001b[32minfo\u001b[39m","message":"Vérification de la connexion pour leboss.csa@gmail.com...","timestamp":"10:18:34 AM"}
{"level":"\u001b[32minfo\u001b[39m","message":"Checking for login indicator: Me nav (.global-nav__me)","timestamp":"10:18:34 AM"}
{"level":"\u001b[32minfo\u001b[39m","message":"✅ Logged into LinkedIn as leboss.csa@gmail.com (detected: Me nav)","timestamp":"10:18:41 AM"}
{"level":"\u001b[32minfo\u001b[39m","message":"Navigating to LinkedIn feed for leboss.csa@gmail.com...","timestamp":"10:18:41 AM"}
{"level":"\u001b[32minfo\u001b[39m","message":"🚀 Starting main automation loop for leboss.csa@gmail.com","timestamp":"10:18:49 AM"}
{"level":"\u001b[32minfo\u001b[39m","message":"📦 Starting batch 1 (processing 500 posts)","timestamp":"10:18:49 AM"}
{"level":"\u001b[32minfo\u001b[39m","message":"Started proxy server for leboss.csa@gmail.com on port 4541","timestamp":"10:19:14 AM"}
{"level":"\u001b[32minfo\u001b[39m","message":"Current URL after navigation: https://www.linkedin.com/","timestamp":"10:19:17 AM"}
{"level":"\u001b[32minfo\u001b[39m","message":"Applying 12 cookies for leboss.csa@gmail.com...","timestamp":"10:19:17 AM"}
{"level":"\u001b[32minfo\u001b[39m","message":"Filtered to 12 valid LinkedIn cookies","timestamp":"10:19:17 AM"}
{"level":"\u001b[32minfo\u001b[39m","message":"✅ Cookies applied successfully for leboss.csa@gmail.com","timestamp":"10:19:17 AM"}
{"level":"\u001b[32minfo\u001b[39m","message":"Reloading page to apply cookies...","timestamp":"10:19:17 AM"}
{"level":"\u001b[32minfo\u001b[39m","message":"Vérification de la connexion pour leboss.csa@gmail.com...","timestamp":"10:19:29 AM"}
{"level":"\u001b[32minfo\u001b[39m","message":"Checking for login indicator: Me nav (.global-nav__me)","timestamp":"10:19:29 AM"}
{"level":"\u001b[32minfo\u001b[39m","message":"✅ Logged into LinkedIn as leboss.csa@gmail.com (detected: Me nav)","timestamp":"10:19:37 AM"}
{"level":"\u001b[32minfo\u001b[39m","message":"No more 'processing' comments for this user. Waiting 2 minutes...","timestamp":"10:19:37 AM"}
{"level":"\u001b[32minfo\u001b[39m","message":"Processing post 1/500 in batch 1: https://www.linkedin.com/posts/employment-hero_this-guide-will-walk-you-through-exactly-activity-7372142003159048192-hVbn?utm_source=social_share_send&amp;utm_medium=member_desktop_web&amp;rcm=ACoAAEM_-I0Btc1LsqkpwAXcBs2C95nv1kHKz28","timestamp":"10:19:50 AM"}
{"level":"\u001b[32minfo\u001b[39m","message":"Navigating to post: https://www.linkedin.com/posts/employment-hero_this-guide-will-walk-you-through-exactly-activity-7372142003159048192-hVbn?utm_source=social_share_send&amp;utm_medium=member_desktop_web&amp;rcm=ACoAAEM_-I0Btc1LsqkpwAXcBs2C95nv1kHKz28","timestamp":"10:19:50 AM"}
{"level":"\u001b[32minfo\u001b[39m","message":"Post author found: Employment Hero","timestamp":"10:20:05 AM"}
{"level":"\u001b[32minfo\u001b[39m","message":"Checking if post username \"Employment Hero\" matches any target usernames in our database","timestamp":"10:20:05 AM"}
{"level":"\u001b[32minfo\u001b[39m","message":"No match found for post username \"Employment Hero\" in our target list","timestamp":"10:20:05 AM"}
{"level":"\u001b[32minfo\u001b[39m","message":"Post author \"Employment Hero\" is not in our target list. Skipping...","timestamp":"10:20:05 AM"}
{"level":"\u001b[32minfo\u001b[39m","message":"Navigating to post: https://www.linkedin.com/posts/employment-hero_this-guide-will-walk-you-through-exactly-activity-7372142003159048192-hVbn?utm_source=social_share_send&amp;utm_medium=member_desktop_web&amp;rcm=ACoAAEM_-I0Btc1LsqkpwAXcBs2C95nv1kHKz28","timestamp":"10:20:07 AM"}
{"level":"\u001b[32minfo\u001b[39m","message":"Post author found: Employment Hero","timestamp":"10:20:20 AM"}
{"level":"\u001b[32minfo\u001b[39m","message":"Checking if post username \"Employment Hero\" matches any target usernames in our database","timestamp":"10:20:20 AM"}
{"level":"\u001b[32minfo\u001b[39m","message":"No match found for post username \"Employment Hero\" in our target list","timestamp":"10:20:20 AM"}
{"level":"\u001b[32minfo\u001b[39m","message":"Post author \"Employment Hero\" is not in our target list. Skipping...","timestamp":"10:20:20 AM"}
{"level":"\u001b[32minfo\u001b[39m","message":"✅ Processed 1/500 posts in current batch (Total: 1)","timestamp":"10:20:20 AM"}
{"level":"\u001b[32minfo\u001b[39m","message":"Processing post 2/500 in batch 1: https://www.linkedin.com/posts/your-walk-with-god_activity-7381528399976153088-FN0o?utm_source=social_share_send&amp;utm_medium=member_desktop_web&amp;rcm=ACoAAEM_-I0Btc1LsqkpwAXcBs2C95nv1kHKz28","timestamp":"10:20:35 AM"}
{"level":"\u001b[32minfo\u001b[39m","message":"Navigating to post: https://www.linkedin.com/posts/your-walk-with-god_activity-7381528399976153088-FN0o?utm_source=social_share_send&amp;utm_medium=member_desktop_web&amp;rcm=ACoAAEM_-I0Btc1LsqkpwAXcBs2C95nv1kHKz28","timestamp":"10:20:35 AM"}
{"level":"\u001b[32minfo\u001b[39m","message":"Post author found: Your Walk With God","timestamp":"10:20:48 AM"}
{"level":"\u001b[32minfo\u001b[39m","message":"Checking if post username \"Your Walk With God\" matches any target usernames in our database","timestamp":"10:20:48 AM"}
{"level":"\u001b[32minfo\u001b[39m","message":"No match found for post username \"Your Walk With God\" in our target list","timestamp":"10:20:48 AM"}
{"level":"\u001b[32minfo\u001b[39m","message":"Post author \"Your Walk With God\" is not in our target list. Skipping...","timestamp":"10:20:48 AM"}
{"level":"\u001b[32minfo\u001b[39m","message":"Navigating to post: https://www.linkedin.com/posts/your-walk-with-god_activity-7381528399976153088-FN0o?utm_source=social_share_send&amp;utm_medium=member_desktop_web&amp;rcm=ACoAAEM_-I0Btc1LsqkpwAXcBs2C95nv1kHKz28","timestamp":"10:20:50 AM"}
{"level":"\u001b[32minfo\u001b[39m","message":"Post author found: Your Walk With God","timestamp":"10:21:04 AM"}
{"level":"\u001b[32minfo\u001b[39m","message":"Checking if post username \"Your Walk With God\" matches any target usernames in our database","timestamp":"10:21:04 AM"}
{"level":"\u001b[32minfo\u001b[39m","message":"No match found for post username \"Your Walk With God\" in our target list","timestamp":"10:21:04 AM"}
{"level":"\u001b[32minfo\u001b[39m","message":"Post author \"Your Walk With God\" is not in our target list. Skipping...","timestamp":"10:21:04 AM"}
{"level":"\u001b[32minfo\u001b[39m","message":"✅ Processed 2/500 posts in current batch (Total: 2)","timestamp":"10:21:04 AM"}
{"level":"\u001b[32minfo\u001b[39m","message":"Not on feed page, navigating to feed...","timestamp":"10:21:27 AM"}
{"level":"\u001b[32minfo\u001b[39m","message":"Processing post 3/500 in batch 1: https://www.linkedin.com/posts/the-kingbridge-centre_book-today-and-unlock-complementary-rewards-activity-7377392559037251584-F8pk?utm_source=social_share_send&amp;utm_medium=member_desktop_web&amp;rcm=ACoAAEM_-I0Btc1LsqkpwAXcBs2C95nv1kHKz28","timestamp":"10:22:35 AM"}
{"level":"\u001b[32minfo\u001b[39m","message":"Navigating to post: https://www.linkedin.com/posts/the-kingbridge-centre_book-today-and-unlock-complementary-rewards-activity-7377392559037251584-F8pk?utm_source=social_share_send&amp;utm_medium=member_desktop_web&amp;rcm=ACoAAEM_-I0Btc1LsqkpwAXcBs2C95nv1kHKz28","timestamp":"10:22:35 AM"}
{"level":"\u001b[32minfo\u001b[39m","message":"No more 'processing' comments for this user. Waiting 2 minutes...","timestamp":"10:22:37 AM"}
{"level":"\u001b[32minfo\u001b[39m","message":"Post author found: Kingbridge Centre","timestamp":"10:22:44 AM"}
{"level":"\u001b[32minfo\u001b[39m","message":"Checking if post username \"Kingbridge Centre\" matches any target usernames in our database","timestamp":"10:22:44 AM"}
{"level":"\u001b[32minfo\u001b[39m","message":"No match found for post username \"Kingbridge Centre\" in our target list","timestamp":"10:22:44 AM"}
{"level":"\u001b[32minfo\u001b[39m","message":"Post author \"Kingbridge Centre\" is not in our target list. Skipping...","timestamp":"10:22:44 AM"}
{"level":"\u001b[32minfo\u001b[39m","message":"Navigating to post: https://www.linkedin.com/posts/the-kingbridge-centre_book-today-and-unlock-complementary-rewards-activity-7377392559037251584-F8pk?utm_source=social_share_send&amp;utm_medium=member_desktop_web&amp;rcm=ACoAAEM_-I0Btc1LsqkpwAXcBs2C95nv1kHKz28","timestamp":"10:22:46 AM"}
{"level":"\u001b[32minfo\u001b[39m","message":"Post author found: Kingbridge Centre","timestamp":"10:22:56 AM"}
{"level":"\u001b[32minfo\u001b[39m","message":"Checking if post username \"Kingbridge Centre\" matches any target usernames in our database","timestamp":"10:22:56 AM"}
{"level":"\u001b[32minfo\u001b[39m","message":"No match found for post username \"Kingbridge Centre\" in our target list","timestamp":"10:22:56 AM"}
{"level":"\u001b[32minfo\u001b[39m","message":"Post author \"Kingbridge Centre\" is not in our target list. Skipping...","timestamp":"10:22:56 AM"}
{"level":"\u001b[32minfo\u001b[39m","message":"✅ Processed 3/500 posts in current batch (Total: 3)","timestamp":"10:22:56 AM"}
{"level":"\u001b[32minfo\u001b[39m","message":"Processing post 4/500 in batch 1: https://www.linkedin.com/posts/kelly-mizell-%F0%9F%8C%9F-67084331_diversity-is-not-about-how-we-differ-diversity-activity-7381609360013086720-kXU7?utm_source=social_share_send&amp;utm_medium=member_desktop_web&amp;rcm=ACoAAEM_-I0Btc1LsqkpwAXcBs2C95nv1kHKz28","timestamp":"10:23:11 AM"}
{"level":"\u001b[32minfo\u001b[39m","message":"Navigating to post: https://www.linkedin.com/posts/kelly-mizell-%F0%9F%8C%9F-67084331_diversity-is-not-about-how-we-differ-diversity-activity-7381609360013086720-kXU7?utm_source=social_share_send&amp;utm_medium=member_desktop_web&amp;rcm=ACoAAEM_-I0Btc1LsqkpwAXcBs2C95nv1kHKz28","timestamp":"10:23:11 AM"}
{"level":"\u001b[32minfo\u001b[39m","message":"Post author found: Kelly Mizell 🌟","timestamp":"10:23:20 AM"}
{"level":"\u001b[32minfo\u001b[39m","message":"Checking if post username \"Kelly Mizell 🌟\" matches any target usernames in our database","timestamp":"10:23:20 AM"}
{"level":"\u001b[32minfo\u001b[39m","message":"No match found for post username \"Kelly Mizell 🌟\" in our target list","timestamp":"10:23:21 AM"}
{"level":"\u001b[32minfo\u001b[39m","message":"Post author \"Kelly Mizell 🌟\" is not in our target list. Skipping...","timestamp":"10:23:21 AM"}
{"level":"\u001b[32minfo\u001b[39m","message":"Navigating to post: https://www.linkedin.com/posts/kelly-mizell-%F0%9F%8C%9F-67084331_diversity-is-not-about-how-we-differ-diversity-activity-7381609360013086720-kXU7?utm_source=social_share_send&amp;utm_medium=member_desktop_web&amp;rcm=ACoAAEM_-I0Btc1LsqkpwAXcBs2C95nv1kHKz28","timestamp":"10:23:23 AM"}
{"level":"\u001b[32minfo\u001b[39m","message":"Post author found: Kelly Mizell 🌟","timestamp":"10:23:34 AM"}
{"level":"\u001b[32minfo\u001b[39m","message":"Checking if post username \"Kelly Mizell 🌟\" matches any target usernames in our database","timestamp":"10:23:34 AM"}
{"level":"\u001b[32minfo\u001b[39m","message":"No match found for post username \"Kelly Mizell 🌟\" in our target list","timestamp":"10:23:34 AM"}
{"level":"\u001b[32minfo\u001b[39m","message":"Post author \"Kelly Mizell 🌟\" is not in our target list. Skipping...","timestamp":"10:23:34 AM"}
{"level":"\u001b[32minfo\u001b[39m","message":"✅ Processed 4/500 posts in current batch (Total: 4)","timestamp":"10:23:34 AM"}
{"level":"\u001b[32minfo\u001b[39m","message":"Not on feed page, navigating to feed...","timestamp":"10:23:57 AM"}
{"level":"\u001b[32minfo\u001b[39m","message":"Processing post 5/500 in batch 1: https://www.linkedin.com/posts/activity-7381488966480326656-k89W?utm_source=social_share_send&amp;utm_medium=member_desktop_web&amp;rcm=ACoAAEM_-I0Btc1LsqkpwAXcBs2C95nv1kHKz28","timestamp":"10:25:08 AM"}
{"level":"\u001b[32minfo\u001b[39m","message":"Navigating to post: https://www.linkedin.com/posts/activity-7381488966480326656-k89W?utm_source=social_share_send&amp;utm_medium=member_desktop_web&amp;rcm=ACoAAEM_-I0Btc1LsqkpwAXcBs2C95nv1kHKz28","timestamp":"10:25:08 AM"}
{"level":"\u001b[32minfo\u001b[39m","message":"Post author found: Loralee Southern","timestamp":"10:25:17 AM"}
{"level":"\u001b[32minfo\u001b[39m","message":"Checking if post username \"Loralee Southern\" matches any target usernames in our database","timestamp":"10:25:17 AM"}
{"level":"\u001b[32minfo\u001b[39m","message":"No match found for post username \"Loralee Southern\" in our target list","timestamp":"10:25:17 AM"}
{"level":"\u001b[32minfo\u001b[39m","message":"Post author \"Loralee Southern\" is not in our target list. Skipping...","timestamp":"10:25:17 AM"}
{"level":"\u001b[32minfo\u001b[39m","message":"Navigating to post: https://www.linkedin.com/posts/activity-7381488966480326656-k89W?utm_source=social_share_send&amp;utm_medium=member_desktop_web&amp;rcm=ACoAAEM_-I0Btc1LsqkpwAXcBs2C95nv1kHKz28","timestamp":"10:25:19 AM"}
{"level":"\u001b[32minfo\u001b[39m","message":"Post author found: Loralee Southern","timestamp":"10:25:30 AM"}
{"level":"\u001b[32minfo\u001b[39m","message":"Checking if post username \"Loralee Southern\" matches any target usernames in our database","timestamp":"10:25:30 AM"}
{"level":"\u001b[32minfo\u001b[39m","message":"No match found for post username \"Loralee Southern\" in our target list","timestamp":"10:25:30 AM"}
{"level":"\u001b[32minfo\u001b[39m","message":"Post author \"Loralee Southern\" is not in our target list. Skipping...","timestamp":"10:25:30 AM"}
{"level":"\u001b[32minfo\u001b[39m","message":"✅ Processed 5/500 posts in current batch (Total: 5)","timestamp":"10:25:30 AM"}
{"level":"\u001b[32minfo\u001b[39m","message":"No more 'processing' comments for this user. Waiting 2 minutes...","timestamp":"10:25:37 AM"}
{"level":"\u001b[32minfo\u001b[39m","message":"Processing post 6/500 in batch 1: https://www.linkedin.com/posts/marko-latvakoski-8939b844_activity-7380451894172938240-p13q?utm_source=social_share_send&amp;utm_medium=member_desktop_web&amp;rcm=ACoAAEM_-I0Btc1LsqkpwAXcBs2C95nv1kHKz28","timestamp":"10:25:45 AM"}
{"level":"\u001b[32minfo\u001b[39m","message":"Navigating to post: https://www.linkedin.com/posts/marko-latvakoski-8939b844_activity-7380451894172938240-p13q?utm_source=social_share_send&amp;utm_medium=member_desktop_web&amp;rcm=ACoAAEM_-I0Btc1LsqkpwAXcBs2C95nv1kHKz28","timestamp":"10:25:45 AM"}
{"level":"\u001b[32minfo\u001b[39m","message":"Post author found: Marko Latvakoski","timestamp":"10:25:54 AM"}
{"level":"\u001b[32minfo\u001b[39m","message":"Checking if post username \"Marko Latvakoski\" matches any target usernames in our database","timestamp":"10:25:54 AM"}
{"level":"\u001b[32minfo\u001b[39m","message":"No match found for post username \"Marko Latvakoski\" in our target list","timestamp":"10:25:54 AM"}
{"level":"\u001b[32minfo\u001b[39m","message":"Post author \"Marko Latvakoski\" is not in our target list. Skipping...","timestamp":"10:25:54 AM"}
{"level":"\u001b[32minfo\u001b[39m","message":"Navigating to post: https://www.linkedin.com/posts/marko-latvakoski-8939b844_activity-7380451894172938240-p13q?utm_source=social_share_send&amp;utm_medium=member_desktop_web&amp;rcm=ACoAAEM_-I0Btc1LsqkpwAXcBs2C95nv1kHKz28","timestamp":"10:25:56 AM"}
{"level":"\u001b[32minfo\u001b[39m","message":"Post author found: Marko Latvakoski","timestamp":"10:26:07 AM"}
{"level":"\u001b[32minfo\u001b[39m","message":"Checking if post username \"Marko Latvakoski\" matches any target usernames in our database","timestamp":"10:26:07 AM"}
{"level":"\u001b[32minfo\u001b[39m","message":"No match found for post username \"Marko Latvakoski\" in our target list","timestamp":"10:26:08 AM"}
{"level":"\u001b[32minfo\u001b[39m","message":"Post author \"Marko Latvakoski\" is not in our target list. Skipping...","timestamp":"10:26:08 AM"}
{"level":"\u001b[32minfo\u001b[39m","message":"✅ Processed 6/500 posts in current batch (Total: 6)","timestamp":"10:26:08 AM"}
{"level":"\u001b[32minfo\u001b[39m","message":"Not on feed page, navigating to feed...","timestamp":"10:26:31 AM"}
{"level":"\u001b[32minfo\u001b[39m","message":"Processing post 7/500 in batch 1: https://www.linkedin.com/posts/trustarc_top-privacy-priorities-for-2025-revealed-activity-7341870134128504832-AJ6i?utm_source=social_share_send&amp;utm_medium=member_desktop_web&amp;rcm=ACoAAEM_-I0Btc1LsqkpwAXcBs2C95nv1kHKz28","timestamp":"10:27:31 AM"}
{"level":"\u001b[32minfo\u001b[39m","message":"Navigating to post: https://www.linkedin.com/posts/trustarc_top-privacy-priorities-for-2025-revealed-activity-7341870134128504832-AJ6i?utm_source=social_share_send&amp;utm_medium=member_desktop_web&amp;rcm=ACoAAEM_-I0Btc1LsqkpwAXcBs2C95nv1kHKz28","timestamp":"10:27:31 AM"}
{"level":"\u001b[32minfo\u001b[39m","message":"Post author found: TrustArc","timestamp":"10:27:41 AM"}
{"level":"\u001b[32minfo\u001b[39m","message":"Checking if post username \"TrustArc\" matches any target usernames in our database","timestamp":"10:27:41 AM"}
{"level":"\u001b[32minfo\u001b[39m","message":"No match found for post username \"TrustArc\" in our target list","timestamp":"10:27:41 AM"}
{"level":"\u001b[32minfo\u001b[39m","message":"Post author \"TrustArc\" is not in our target list. Skipping...","timestamp":"10:27:41 AM"}
{"level":"\u001b[32minfo\u001b[39m","message":"Navigating to post: https://www.linkedin.com/posts/trustarc_top-privacy-priorities-for-2025-revealed-activity-7341870134128504832-AJ6i?utm_source=social_share_send&amp;utm_medium=member_desktop_web&amp;rcm=ACoAAEM_-I0Btc1LsqkpwAXcBs2C95nv1kHKz28","timestamp":"10:27:43 AM"}
{"level":"\u001b[32minfo\u001b[39m","message":"Post author found: TrustArc","timestamp":"10:27:54 AM"}
{"level":"\u001b[32minfo\u001b[39m","message":"Checking if post username \"TrustArc\" matches any target usernames in our database","timestamp":"10:27:54 AM"}
{"level":"\u001b[32minfo\u001b[39m","message":"No match found for post username \"TrustArc\" in our target list","timestamp":"10:27:54 AM"}
{"level":"\u001b[32minfo\u001b[39m","message":"Post author \"TrustArc\" is not in our target list. Skipping...","timestamp":"10:27:54 AM"}
{"level":"\u001b[32minfo\u001b[39m","message":"✅ Processed 7/500 posts in current batch (Total: 7)","timestamp":"10:27:54 AM"}
{"level":"\u001b[32minfo\u001b[39m","message":"Not on feed page, navigating to feed...","timestamp":"10:28:17 AM"}
{"level":"\u001b[32minfo\u001b[39m","message":"No more 'processing' comments for this user. Waiting 2 minutes...","timestamp":"10:28:37 AM"}
{"level":"\u001b[32minfo\u001b[39m","message":"Processing post 8/500 in batch 1: https://www.linkedin.com/posts/target-box_targetbox-builds-custom-shipping-container-activity-7336429248267567106-1BAM?utm_source=social_share_send&amp;utm_medium=member_desktop_web&amp;rcm=ACoAAEM_-I0Btc1LsqkpwAXcBs2C95nv1kHKz28","timestamp":"10:29:35 AM"}
{"level":"\u001b[32minfo\u001b[39m","message":"Navigating to post: https://www.linkedin.com/posts/target-box_targetbox-builds-custom-shipping-container-activity-7336429248267567106-1BAM?utm_source=social_share_send&amp;utm_medium=member_desktop_web&amp;rcm=ACoAAEM_-I0Btc1LsqkpwAXcBs2C95nv1kHKz28","timestamp":"10:29:35 AM"}
{"level":"\u001b[32minfo\u001b[39m","message":"Post author found: TargetBox - Container Rental & Sales","timestamp":"10:29:44 AM"}
{"level":"\u001b[32minfo\u001b[39m","message":"Checking if post username \"TargetBox - Container Rental & Sales\" matches any target usernames in our database","timestamp":"10:29:44 AM"}
{"level":"\u001b[32minfo\u001b[39m","message":"No match found for post username \"TargetBox - Container Rental & Sales\" in our target list","timestamp":"10:29:44 AM"}
{"level":"\u001b[32minfo\u001b[39m","message":"Post author \"TargetBox - Container Rental & Sales\" is not in our target list. Skipping...","timestamp":"10:29:44 AM"}
{"level":"\u001b[32minfo\u001b[39m","message":"Navigating to post: https://www.linkedin.com/posts/target-box_targetbox-builds-custom-shipping-container-activity-7336429248267567106-1BAM?utm_source=social_share_send&amp;utm_medium=member_desktop_web&amp;rcm=ACoAAEM_-I0Btc1LsqkpwAXcBs2C95nv1kHKz28","timestamp":"10:29:46 AM"}
{"level":"\u001b[32minfo\u001b[39m","message":"Post author found: TargetBox - Container Rental & Sales","timestamp":"10:29:56 AM"}
{"level":"\u001b[32minfo\u001b[39m","message":"Checking if post username \"TargetBox - Container Rental & Sales\" matches any target usernames in our database","timestamp":"10:29:56 AM"}
{"level":"\u001b[32minfo\u001b[39m","message":"No match found for post username \"TargetBox - Container Rental & Sales\" in our target list","timestamp":"10:29:56 AM"}
{"level":"\u001b[32minfo\u001b[39m","message":"Post author \"TargetBox - Container Rental & Sales\" is not in our target list. Skipping...","timestamp":"10:29:56 AM"}
{"level":"\u001b[32minfo\u001b[39m","message":"✅ Processed 8/500 posts in current batch (Total: 8)","timestamp":"10:29:56 AM"}
{"level":"\u001b[32minfo\u001b[39m","message":"Not on feed page, navigating to feed...","timestamp":"10:30:19 AM"}
{"level":"\u001b[32minfo\u001b[39m","message":"No more 'processing' comments for this user. Waiting 2 minutes...","timestamp":"10:31:37 AM"}
{"level":"\u001b[32minfo\u001b[39m","message":"Processing post 9/500 in batch 1: https://www.linkedin.com/posts/burrowrx-carbon-monoxide-sprayer_your-success-story-starts-here-activity-7323323310685990913-uaQI?utm_source=social_share_send&amp;utm_medium=member_desktop_web&amp;rcm=ACoAAEM_-I0Btc1LsqkpwAXcBs2C95nv1kHKz28","timestamp":"10:31:39 AM"}
{"level":"\u001b[32minfo\u001b[39m","message":"Navigating to post: https://www.linkedin.com/posts/burrowrx-carbon-monoxide-sprayer_your-success-story-starts-here-activity-7323323310685990913-uaQI?utm_source=social_share_send&amp;utm_medium=member_desktop_web&amp;rcm=ACoAAEM_-I0Btc1LsqkpwAXcBs2C95nv1kHKz28","timestamp":"10:31:39 AM"}
{"level":"\u001b[32minfo\u001b[39m","message":"Post author found: BurrowRx Carbon Monoxide Sprayer","timestamp":"10:31:48 AM"}
{"level":"\u001b[32minfo\u001b[39m","message":"Checking if post username \"BurrowRx Carbon Monoxide Sprayer\" matches any target usernames in our database","timestamp":"10:31:48 AM"}
{"level":"\u001b[32minfo\u001b[39m","message":"No match found for post username \"BurrowRx Carbon Monoxide Sprayer\" in our target list","timestamp":"10:31:48 AM"}
{"level":"\u001b[32minfo\u001b[39m","message":"Post author \"BurrowRx Carbon Monoxide Sprayer\" is not in our target list. Skipping...","timestamp":"10:31:48 AM"}
{"level":"\u001b[32minfo\u001b[39m","message":"Navigating to post: https://www.linkedin.com/posts/burrowrx-carbon-monoxide-sprayer_your-success-story-starts-here-activity-7323323310685990913-uaQI?utm_source=social_share_send&amp;utm_medium=member_desktop_web&amp;rcm=ACoAAEM_-I0Btc1LsqkpwAXcBs2C95nv1kHKz28","timestamp":"10:31:50 AM"}
{"level":"\u001b[32minfo\u001b[39m","message":"Post author found: BurrowRx Carbon Monoxide Sprayer","timestamp":"10:32:00 AM"}
{"level":"\u001b[32minfo\u001b[39m","message":"Checking if post username \"BurrowRx Carbon Monoxide Sprayer\" matches any target usernames in our database","timestamp":"10:32:00 AM"}
{"level":"\u001b[32minfo\u001b[39m","message":"No match found for post username \"BurrowRx Carbon Monoxide Sprayer\" in our target list","timestamp":"10:32:00 AM"}
{"level":"\u001b[32minfo\u001b[39m","message":"Post author \"BurrowRx Carbon Monoxide Sprayer\" is not in our target list. Skipping...","timestamp":"10:32:00 AM"}
{"level":"\u001b[32minfo\u001b[39m","message":"✅ Processed 9/500 posts in current batch (Total: 9)","timestamp":"10:32:00 AM"}
{"level":"\u001b[32minfo\u001b[39m","message":"Not on feed page, navigating to feed...","timestamp":"10:32:23 AM"}
{"level":"\u001b[32minfo\u001b[39m","message":"Processing post 10/500 in batch 1: https://www.linkedin.com/posts/kelly-mizell-%F0%9F%8C%9F-67084331_the-nicest-thing-about-teamwork-is-that-activity-7381253621222395904-KA86?utm_source=social_share_send&amp;utm_medium=member_desktop_web&amp;rcm=ACoAAEM_-I0Btc1LsqkpwAXcBs2C95nv1kHKz28","timestamp":"10:33:45 AM"}
{"level":"\u001b[32minfo\u001b[39m","message":"Navigating to post: https://www.linkedin.com/posts/kelly-mizell-%F0%9F%8C%9F-67084331_the-nicest-thing-about-teamwork-is-that-activity-7381253621222395904-KA86?utm_source=social_share_send&amp;utm_medium=member_desktop_web&amp;rcm=ACoAAEM_-I0Btc1LsqkpwAXcBs2C95nv1kHKz28","timestamp":"10:33:45 AM"}
{"level":"\u001b[32minfo\u001b[39m","message":"Post author found: Kelly Mizell 🌟","timestamp":"10:33:54 AM"}
{"level":"\u001b[32minfo\u001b[39m","message":"Checking if post username \"Kelly Mizell 🌟\" matches any target usernames in our database","timestamp":"10:33:54 AM"}
{"level":"\u001b[32minfo\u001b[39m","message":"No match found for post username \"Kelly Mizell 🌟\" in our target list","timestamp":"10:33:54 AM"}
{"level":"\u001b[32minfo\u001b[39m","message":"Post author \"Kelly Mizell 🌟\" is not in our target list. Skipping...","timestamp":"10:33:54 AM"}
{"level":"\u001b[32minfo\u001b[39m","message":"Navigating to post: https://www.linkedin.com/posts/kelly-mizell-%F0%9F%8C%9F-67084331_the-nicest-thing-about-teamwork-is-that-activity-7381253621222395904-KA86?utm_source=social_share_send&amp;utm_medium=member_desktop_web&amp;rcm=ACoAAEM_-I0Btc1LsqkpwAXcBs2C95nv1kHKz28","timestamp":"10:33:56 AM"}
{"level":"\u001b[32minfo\u001b[39m","message":"Post author found: Kelly Mizell 🌟","timestamp":"10:34:07 AM"}
{"level":"\u001b[32minfo\u001b[39m","message":"Checking if post username \"Kelly Mizell 🌟\" matches any target usernames in our database","timestamp":"10:34:07 AM"}
{"level":"\u001b[32minfo\u001b[39m","message":"No match found for post username \"Kelly Mizell 🌟\" in our target list","timestamp":"10:34:07 AM"}
{"level":"\u001b[32minfo\u001b[39m","message":"Post author \"Kelly Mizell 🌟\" is not in our target list. Skipping...","timestamp":"10:34:07 AM"}
{"level":"\u001b[32minfo\u001b[39m","message":"✅ Processed 10/500 posts in current batch (Total: 10)","timestamp":"10:34:07 AM"}
{"level":"\u001b[32minfo\u001b[39m","message":"Not on feed page, navigating to feed...","timestamp":"10:34:30 AM"}
{"level":"\u001b[32minfo\u001b[39m","message":"No more 'processing' comments for this user. Waiting 2 minutes...","timestamp":"10:34:37 AM"}
{"level":"\u001b[32minfo\u001b[39m","message":"No new posts found, scrolling to load more...","timestamp":"10:35:45 AM"}
{"level":"\u001b[32minfo\u001b[39m","message":"No new posts found, scrolling to load more...","timestamp":"10:37:11 AM"}
{"level":"\u001b[32minfo\u001b[39m","message":"No more 'processing' comments for this user. Waiting 2 minutes...","timestamp":"10:37:37 AM"}
{"level":"\u001b[32minfo\u001b[39m","message":"No new posts found, scrolling to load more...","timestamp":"10:38:28 AM"}
{"level":"\u001b[32minfo\u001b[39m","message":"No new posts found, scrolling to load more...","timestamp":"10:39:43 AM"}
{"level":"\u001b[32minfo\u001b[39m","message":"No more 'processing' comments for this user. Waiting 2 minutes...","timestamp":"10:40:37 AM"}
{"level":"\u001b[32minfo\u001b[39m","message":"No new posts found, scrolling to load more...","timestamp":"10:41:07 AM"}
{"level":"\u001b[32minfo\u001b[39m","message":"No new posts found, scrolling to load more...","timestamp":"10:42:24 AM"}
{"level":"\u001b[32minfo\u001b[39m","message":"No new posts found, scrolling to load more...","timestamp":"10:43:35 AM"}
{"level":"\u001b[32minfo\u001b[39m","message":"No more 'processing' comments for this user. Waiting 2 minutes...","timestamp":"10:43:37 AM"}
{"level":"\u001b[32minfo\u001b[39m","message":"No new posts found, scrolling to load more...","timestamp":"10:44:51 AM"}
{"level":"\u001b[32minfo\u001b[39m","message":"No new posts found, scrolling to load more...","timestamp":"10:46:06 AM"}
{"level":"\u001b[32minfo\u001b[39m","message":"No more 'processing' comments for this user. Waiting 2 minutes...","timestamp":"10:46:38 AM"}
{"level":"\u001b[32minfo\u001b[39m","message":"No new posts found, scrolling to load more...","timestamp":"10:47:27 AM"}
{"level":"\u001b[32minfo\u001b[39m","message":"No new posts found, scrolling to load more...","timestamp":"10:48:48 AM"}
{"level":"\u001b[32minfo\u001b[39m","message":"No more 'processing' comments for this user. Waiting 2 minutes...","timestamp":"10:49:38 AM"}
{"level":"\u001b[32minfo\u001b[39m","message":"Processing post 11/500 in batch 1: https://www.linkedin.com/posts/nespresso-professional_unforgettable-coffee-meaningful-connections-activity-7373425349692657664-4zZ-?utm_source=social_share_send&amp;utm_medium=member_desktop_web&amp;rcm=ACoAAEM_-I0Btc1LsqkpwAXcBs2C95nv1kHKz28","timestamp":"10:50:07 AM"}
{"level":"\u001b[32minfo\u001b[39m","message":"Navigating to post: https://www.linkedin.com/posts/nespresso-professional_unforgettable-coffee-meaningful-connections-activity-7373425349692657664-4zZ-?utm_source=social_share_send&amp;utm_medium=member_desktop_web&amp;rcm=ACoAAEM_-I0Btc1LsqkpwAXcBs2C95nv1kHKz28","timestamp":"10:50:07 AM"}
{"level":"\u001b[32minfo\u001b[39m","message":"Post author found: Nespresso Professional","timestamp":"10:50:23 AM"}
{"level":"\u001b[32minfo\u001b[39m","message":"Checking if post username \"Nespresso Professional\" matches any target usernames in our database","timestamp":"10:50:23 AM"}
{"level":"\u001b[32minfo\u001b[39m","message":"No match found for post username \"Nespresso Professional\" in our target list","timestamp":"10:50:23 AM"}
{"level":"\u001b[32minfo\u001b[39m","message":"Post author \"Nespresso Professional\" is not in our target list. Skipping...","timestamp":"10:50:23 AM"}
{"level":"\u001b[32minfo\u001b[39m","message":"Navigating to post: https://www.linkedin.com/posts/nespresso-professional_unforgettable-coffee-meaningful-connections-activity-7373425349692657664-4zZ-?utm_source=social_share_send&amp;utm_medium=member_desktop_web&amp;rcm=ACoAAEM_-I0Btc1LsqkpwAXcBs2C95nv1kHKz28","timestamp":"10:50:26 AM"}
{"level":"\u001b[32minfo\u001b[39m","message":"Post author found: Nespresso Professional","timestamp":"10:50:34 AM"}
{"level":"\u001b[32minfo\u001b[39m","message":"Checking if post username \"Nespresso Professional\" matches any target usernames in our database","timestamp":"10:50:34 AM"}
{"level":"\u001b[32minfo\u001b[39m","message":"No match found for post username \"Nespresso Professional\" in our target list","timestamp":"10:50:34 AM"}
{"level":"\u001b[32minfo\u001b[39m","message":"Post author \"Nespresso Professional\" is not in our target list. Skipping...","timestamp":"10:50:34 AM"}
{"level":"\u001b[32minfo\u001b[39m","message":"✅ Processed 11/500 posts in current batch (Total: 11)","timestamp":"10:50:34 AM"}
{"level":"\u001b[32minfo\u001b[39m","message":"Not on feed page, navigating to feed...","timestamp":"10:50:57 AM"}
{"level":"\u001b[32minfo\u001b[39m","message":"No new posts found, scrolling to load more...","timestamp":"10:52:14 AM"}
{"level":"\u001b[32minfo\u001b[39m","message":"No more 'processing' comments for this user. Waiting 2 minutes...","timestamp":"10:52:38 AM"}
{"level":"\u001b[32minfo\u001b[39m","message":"No new posts found, scrolling to load more...","timestamp":"10:53:30 AM"}
{"level":"\u001b[32minfo\u001b[39m","message":"Processing post 12/500 in batch 1: https://www.linkedin.com/posts/earls-restaurants_get-up-to-20-back-on-gift-cards-activity-7380019746794221568-a0MK?utm_source=social_share_send&amp;utm_medium=member_desktop_web&amp;rcm=ACoAAEM_-I0Btc1LsqkpwAXcBs2C95nv1kHKz28","timestamp":"10:54:42 AM"}
{"level":"\u001b[32minfo\u001b[39m","message":"Navigating to post: https://www.linkedin.com/posts/earls-restaurants_get-up-to-20-back-on-gift-cards-activity-7380019746794221568-a0MK?utm_source=social_share_send&amp;utm_medium=member_desktop_web&amp;rcm=ACoAAEM_-I0Btc1LsqkpwAXcBs2C95nv1kHKz28","timestamp":"10:54:42 AM"}
{"level":"\u001b[32minfo\u001b[39m","message":"Post author found: Earls Kitchen + Bar","timestamp":"10:54:51 AM"}
{"level":"\u001b[32minfo\u001b[39m","message":"Checking if post username \"Earls Kitchen + Bar\" matches any target usernames in our database","timestamp":"10:54:51 AM"}
{"level":"\u001b[32minfo\u001b[39m","message":"No match found for post username \"Earls Kitchen + Bar\" in our target list","timestamp":"10:54:51 AM"}
{"level":"\u001b[32minfo\u001b[39m","message":"Post author \"Earls Kitchen + Bar\" is not in our target list. Skipping...","timestamp":"10:54:51 AM"}
{"level":"\u001b[32minfo\u001b[39m","message":"Navigating to post: https://www.linkedin.com/posts/earls-restaurants_get-up-to-20-back-on-gift-cards-activity-7380019746794221568-a0MK?utm_source=social_share_send&amp;utm_medium=member_desktop_web&amp;rcm=ACoAAEM_-I0Btc1LsqkpwAXcBs2C95nv1kHKz28","timestamp":"10:54:53 AM"}
{"level":"\u001b[32minfo\u001b[39m","message":"Post author found: Earls Kitchen + Bar","timestamp":"10:55:02 AM"}
{"level":"\u001b[32minfo\u001b[39m","message":"Checking if post username \"Earls Kitchen + Bar\" matches any target usernames in our database","timestamp":"10:55:02 AM"}
{"level":"\u001b[32minfo\u001b[39m","message":"No match found for post username \"Earls Kitchen + Bar\" in our target list","timestamp":"10:55:02 AM"}
{"level":"\u001b[32minfo\u001b[39m","message":"Post author \"Earls Kitchen + Bar\" is not in our target list. Skipping...","timestamp":"10:55:02 AM"}
{"level":"\u001b[32minfo\u001b[39m","message":"✅ Processed 12/500 posts in current batch (Total: 12)","timestamp":"10:55:02 AM"}
{"level":"\u001b[32minfo\u001b[39m","message":"Not on feed page, navigating to feed...","timestamp":"10:55:25 AM"}
{"level":"\u001b[32minfo\u001b[39m","message":"No more 'processing' comments for this user. Waiting 2 minutes...","timestamp":"10:55:38 AM"}
{"level":"\u001b[32minfo\u001b[39m","message":"No new posts found, scrolling to load more...","timestamp":"10:56:45 AM"}
{"level":"\u001b[32minfo\u001b[39m","message":"No new posts found, scrolling to load more...","timestamp":"10:58:07 AM"}
{"level":"\u001b[32minfo\u001b[39m","message":"No more 'processing' comments for this user. Waiting 2 minutes...","timestamp":"10:58:38 AM"}
{"level":"\u001b[32minfo\u001b[39m","message":"Processing post 13/500 in batch 1: https://www.linkedin.com/posts/edgecomenergy_ontario-facilities-are-energy-costs-eating-activity-7368681158479441920-d8aV?utm_source=social_share_send&amp;utm_medium=member_desktop_web&amp;rcm=ACoAAEM_-I0Btc1LsqkpwAXcBs2C95nv1kHKz28","timestamp":"10:59:20 AM"}
{"level":"\u001b[32minfo\u001b[39m","message":"Navigating to post: https://www.linkedin.com/posts/edgecomenergy_ontario-facilities-are-energy-costs-eating-activity-7368681158479441920-d8aV?utm_source=social_share_send&amp;utm_medium=member_desktop_web&amp;rcm=ACoAAEM_-I0Btc1LsqkpwAXcBs2C95nv1kHKz28","timestamp":"10:59:20 AM"}
{"level":"\u001b[32minfo\u001b[39m","message":"Post author found: Edgecom Energy","timestamp":"10:59:30 AM"}
{"level":"\u001b[32minfo\u001b[39m","message":"Checking if post username \"Edgecom Energy\" matches any target usernames in our database","timestamp":"10:59:30 AM"}
{"level":"\u001b[32minfo\u001b[39m","message":"No match found for post username \"Edgecom Energy\" in our target list","timestamp":"10:59:30 AM"}
{"level":"\u001b[32minfo\u001b[39m","message":"Post author \"Edgecom Energy\" is not in our target list. Skipping...","timestamp":"10:59:30 AM"}
{"level":"\u001b[32minfo\u001b[39m","message":"Navigating to post: https://www.linkedin.com/posts/edgecomenergy_ontario-facilities-are-energy-costs-eating-activity-7368681158479441920-d8aV?utm_source=social_share_send&amp;utm_medium=member_desktop_web&amp;rcm=ACoAAEM_-I0Btc1LsqkpwAXcBs2C95nv1kHKz28","timestamp":"10:59:32 AM"}
{"level":"\u001b[32minfo\u001b[39m","message":"Post author found: Edgecom Energy","timestamp":"10:59:41 AM"}
{"level":"\u001b[32minfo\u001b[39m","message":"Checking if post username \"Edgecom Energy\" matches any target usernames in our database","timestamp":"10:59:41 AM"}
{"level":"\u001b[32minfo\u001b[39m","message":"No match found for post username \"Edgecom Energy\" in our target list","timestamp":"10:59:41 AM"}
{"level":"\u001b[32minfo\u001b[39m","message":"Post author \"Edgecom Energy\" is not in our target list. Skipping...","timestamp":"10:59:41 AM"}
{"level":"\u001b[32minfo\u001b[39m","message":"✅ Processed 13/500 posts in current batch (Total: 13)","timestamp":"10:59:41 AM"}
{"level":"\u001b[32minfo\u001b[39m","message":"Not on feed page, navigating to feed...","timestamp":"11:00:04 AM"}
{"level":"\u001b[32minfo\u001b[39m","message":"Processing post 14/500 in batch 1: https://www.linkedin.com/posts/nikon-optical-canada-inc-_learn-more-activity-7381442346535632897-xCcK?utm_source=social_share_send&amp;utm_medium=member_desktop_web&amp;rcm=ACoAAEM_-I0Btc1LsqkpwAXcBs2C95nv1kHKz28","timestamp":"11:01:27 AM"}
{"level":"\u001b[32minfo\u001b[39m","message":"Navigating to post: https://www.linkedin.com/posts/nikon-optical-canada-inc-_learn-more-activity-7381442346535632897-xCcK?utm_source=social_share_send&amp;utm_medium=member_desktop_web&amp;rcm=ACoAAEM_-I0Btc1LsqkpwAXcBs2C95nv1kHKz28","timestamp":"11:01:27 AM"}
{"level":"\u001b[32minfo\u001b[39m","message":"Post author found: Nikon Optical Canada Inc.","timestamp":"11:01:36 AM"}
{"level":"\u001b[32minfo\u001b[39m","message":"Checking if post username \"Nikon Optical Canada Inc.\" matches any target usernames in our database","timestamp":"11:01:36 AM"}
{"level":"\u001b[32minfo\u001b[39m","message":"No match found for post username \"Nikon Optical Canada Inc.\" in our target list","timestamp":"11:01:36 AM"}
{"level":"\u001b[32minfo\u001b[39m","message":"Post author \"Nikon Optical Canada Inc.\" is not in our target list. Skipping...","timestamp":"11:01:36 AM"}
{"level":"\u001b[32minfo\u001b[39m","message":"Navigating to post: https://www.linkedin.com/posts/nikon-optical-canada-inc-_learn-more-activity-7381442346535632897-xCcK?utm_source=social_share_send&amp;utm_medium=member_desktop_web&amp;rcm=ACoAAEM_-I0Btc1LsqkpwAXcBs2C95nv1kHKz28","timestamp":"11:01:38 AM"}
{"level":"\u001b[32minfo\u001b[39m","message":"No more 'processing' comments for this user. Waiting 2 minutes...","timestamp":"11:01:38 AM"}
{"level":"\u001b[32minfo\u001b[39m","message":"Post author found: Nikon Optical Canada Inc.","timestamp":"11:01:49 AM"}
{"level":"\u001b[32minfo\u001b[39m","message":"Checking if post username \"Nikon Optical Canada Inc.\" matches any target usernames in our database","timestamp":"11:01:49 AM"}
{"level":"\u001b[32minfo\u001b[39m","message":"No match found for post username \"Nikon Optical Canada Inc.\" in our target list","timestamp":"11:01:49 AM"}
{"level":"\u001b[32minfo\u001b[39m","message":"Post author \"Nikon Optical Canada Inc.\" is not in our target list. Skipping...","timestamp":"11:01:49 AM"}
{"level":"\u001b[32minfo\u001b[39m","message":"✅ Processed 14/500 posts in current batch (Total: 14)","timestamp":"11:01:49 AM"}
{"level":"\u001b[32minfo\u001b[39m","message":"Not on feed page, navigating to feed...","timestamp":"11:02:12 AM"}
{"level":"\u001b[32minfo\u001b[39m","message":"No new posts found, scrolling to load more...","timestamp":"11:03:35 AM"}
{"level":"\u001b[32minfo\u001b[39m","message":"No more 'processing' comments for this user. Waiting 2 minutes...","timestamp":"11:04:38 AM"}
{"level":"\u001b[32minfo\u001b[39m","message":"No new posts found, scrolling to load more...","timestamp":"11:04:53 AM"}
{"level":"\u001b[32minfo\u001b[39m","message":"No new posts found, scrolling to load more...","timestamp":"11:06:07 AM"}
{"level":"\u001b[32minfo\u001b[39m","message":"No new posts found, scrolling to load more...","timestamp":"11:07:25 AM"}
{"level":"\u001b[32minfo\u001b[39m","message":"No more 'processing' comments for this user. Waiting 2 minutes...","timestamp":"11:07:38 AM"}
{"level":"\u001b[32minfo\u001b[39m","message":"No new posts found, scrolling to load more...","timestamp":"11:08:35 AM"}
{"level":"\u001b[32minfo\u001b[39m","message":"No new posts found, scrolling to load more...","timestamp":"11:09:49 AM"}
{"level":"\u001b[32minfo\u001b[39m","message":"No more 'processing' comments for this user. Waiting 2 minutes...","timestamp":"11:10:38 AM"}
{"level":"\u001b[32minfo\u001b[39m","message":"No new posts found, scrolling to load more...","timestamp":"11:11:06 AM"}
{"level":"\u001b[32minfo\u001b[39m","message":"No new posts found, scrolling to load more...","timestamp":"11:12:25 AM"}
{"level":"\u001b[32minfo\u001b[39m","message":"No more 'processing' comments for this user. Waiting 2 minutes...","timestamp":"11:13:38 AM"}
{"level":"\u001b[32minfo\u001b[39m","message":"Processing post 15/500 in batch 1: https://www.linkedin.com/posts/shellalounge_shellalounge-activity-7381354191312633856-hvn7?utm_source=social_share_send&amp;utm_medium=member_desktop_web&amp;rcm=ACoAAEM_-I0Btc1LsqkpwAXcBs2C95nv1kHKz28","timestamp":"11:13:45 AM"}
{"level":"\u001b[32minfo\u001b[39m","message":"Navigating to post: https://www.linkedin.com/posts/shellalounge_shellalounge-activity-7381354191312633856-hvn7?utm_source=social_share_send&amp;utm_medium=member_desktop_web&amp;rcm=ACoAAEM_-I0Btc1LsqkpwAXcBs2C95nv1kHKz28","timestamp":"11:13:45 AM"}
{"level":"\u001b[32minfo\u001b[39m","message":"Post author found: Shella Idrees","timestamp":"11:13:55 AM"}
{"level":"\u001b[32minfo\u001b[39m","message":"Checking if post username \"Shella Idrees\" matches any target usernames in our database","timestamp":"11:13:55 AM"}
{"level":"\u001b[32minfo\u001b[39m","message":"No match found for post username \"Shella Idrees\" in our target list","timestamp":"11:13:55 AM"}
{"level":"\u001b[32minfo\u001b[39m","message":"Post author \"Shella Idrees\" is not in our target list. Skipping...","timestamp":"11:13:55 AM"}
{"level":"\u001b[32minfo\u001b[39m","message":"Navigating to post: https://www.linkedin.com/posts/shellalounge_shellalounge-activity-7381354191312633856-hvn7?utm_source=social_share_send&amp;utm_medium=member_desktop_web&amp;rcm=ACoAAEM_-I0Btc1LsqkpwAXcBs2C95nv1kHKz28","timestamp":"11:13:57 AM"}
{"level":"\u001b[32minfo\u001b[39m","message":"Post author found: Shella Idrees","timestamp":"11:14:07 AM"}
{"level":"\u001b[32minfo\u001b[39m","message":"Checking if post username \"Shella Idrees\" matches any target usernames in our database","timestamp":"11:14:07 AM"}
{"level":"\u001b[32minfo\u001b[39m","message":"No match found for post username \"Shella Idrees\" in our target list","timestamp":"11:14:07 AM"}
{"level":"\u001b[32minfo\u001b[39m","message":"Post author \"Shella Idrees\" is not in our target list. Skipping...","timestamp":"11:14:07 AM"}
{"level":"\u001b[32minfo\u001b[39m","message":"✅ Processed 15/500 posts in current batch (Total: 15)","timestamp":"11:14:07 AM"}
{"level":"\u001b[32minfo\u001b[39m","message":"Processing post 16/500 in batch 1: https://www.linkedin.com/posts/kelly-mizell-%F0%9F%8C%9F-67084331_shellalounge-activity-7381615901168689152-NJPi?utm_source=social_share_send&amp;utm_medium=member_desktop_web&amp;rcm=ACoAAEM_-I0Btc1LsqkpwAXcBs2C95nv1kHKz28","timestamp":"11:14:22 AM"}
{"level":"\u001b[32minfo\u001b[39m","message":"Navigating to post: https://www.linkedin.com/posts/kelly-mizell-%F0%9F%8C%9F-67084331_shellalounge-activity-7381615901168689152-NJPi?utm_source=social_share_send&amp;utm_medium=member_desktop_web&amp;rcm=ACoAAEM_-I0Btc1LsqkpwAXcBs2C95nv1kHKz28","timestamp":"11:14:22 AM"}
{"level":"\u001b[32minfo\u001b[39m","message":"Post author found: Kelly Mizell 🌟","timestamp":"11:14:31 AM"}
{"level":"\u001b[32minfo\u001b[39m","message":"Checking if post username \"Kelly Mizell 🌟\" matches any target usernames in our database","timestamp":"11:14:31 AM"}
{"level":"\u001b[32minfo\u001b[39m","message":"No match found for post username \"Kelly Mizell 🌟\" in our target list","timestamp":"11:14:31 AM"}
{"level":"\u001b[32minfo\u001b[39m","message":"Post author \"Kelly Mizell 🌟\" is not in our target list. Skipping...","timestamp":"11:14:31 AM"}
{"level":"\u001b[32minfo\u001b[39m","message":"Navigating to post: https://www.linkedin.com/posts/kelly-mizell-%F0%9F%8C%9F-67084331_shellalounge-activity-7381615901168689152-NJPi?utm_source=social_share_send&amp;utm_medium=member_desktop_web&amp;rcm=ACoAAEM_-I0Btc1LsqkpwAXcBs2C95nv1kHKz28","timestamp":"11:14:33 AM"}
{"level":"\u001b[32minfo\u001b[39m","message":"Post author found: Kelly Mizell 🌟","timestamp":"11:14:43 AM"}
{"level":"\u001b[32minfo\u001b[39m","message":"Checking if post username \"Kelly Mizell 🌟\" matches any target usernames in our database","timestamp":"11:14:43 AM"}
{"level":"\u001b[32minfo\u001b[39m","message":"No match found for post username \"Kelly Mizell 🌟\" in our target list","timestamp":"11:14:43 AM"}
{"level":"\u001b[32minfo\u001b[39m","message":"Post author \"Kelly Mizell 🌟\" is not in our target list. Skipping...","timestamp":"11:14:43 AM"}
{"level":"\u001b[32minfo\u001b[39m","message":"✅ Processed 16/500 posts in current batch (Total: 16)","timestamp":"11:14:43 AM"}
{"level":"\u001b[32minfo\u001b[39m","message":"Not on feed page, navigating to feed...","timestamp":"11:15:06 AM"}
{"level":"\u001b[32minfo\u001b[39m","message":"No new posts found, scrolling to load more...","timestamp":"11:16:28 AM"}
{"level":"\u001b[32minfo\u001b[39m","message":"No more 'processing' comments for this user. Waiting 2 minutes...","timestamp":"11:16:38 AM"}
{"level":"\u001b[32minfo\u001b[39m","message":"No new posts found, scrolling to load more...","timestamp":"11:17:44 AM"}
