{"level":"\u001b[32minfo\u001b[39m","message":"Connected to MongoDB","timestamp":"10:01:37 AM"}
{"level":"\u001b[32minfo\u001b[39m","message":"Connected to MongoDB","timestamp":"10:01:37 AM"}
{"level":"\u001b[32minfo\u001b[39m","message":"Server running on port 3445","timestamp":"10:01:37 AM"}
{"level":"\u001b[32minfo\u001b[39m","message":"New Instagram account created for user 683720529b99dc1e616b574d: snowy__k","timestamp":"10:02:03 AM"}
{"level":"\u001b[32minfo\u001b[39m","message":"Starting comment analysis for username: snowy__k","timestamp":"10:02:03 AM"}
{"level":"\u001b[31merror\u001b[39m","message":"Error during analysis queue processing: Could not retrieve Instagram cookies","timestamp":"10:02:05 AM"}
{"level":"\u001b[32minfo\u001b[39m","message":"WebDriver closed at the end of analysis processing","timestamp":"10:02:35 AM"}
{"level":"\u001b[32minfo\u001b[39m","message":"Connexion détectée (lien de messagerie présent).","timestamp":"10:02:48 AM"}
{"level":"\u001b[32minfo\u001b[39m","message":"Cookies Instagram sauvegardés en base de données pour l'utilisateur snowy__k.","timestamp":"10:02:48 AM"}
{"level":"\u001b[34mdebug\u001b[39m","message":"Résultat de l'opération DB: 1 document(s) modifié(s), 0 document(s) créé(s).","timestamp":"10:02:48 AM"}
{"level":"\u001b[32minfo\u001b[39m","message":"Started proxy server for snowy__k on port 6194","timestamp":"10:02:49 AM"}
{"level":"\u001b[32minfo\u001b[39m","message":"Navigating to Instagram homepage for snowy__k...","timestamp":"10:02:49 AM"}
{"level":"\u001b[32minfo\u001b[39m","message":"Applying cookies for snowy__k...","timestamp":"10:02:51 AM"}
{"level":"\u001b[32minfo\u001b[39m","message":"Cookies applied successfully for snowy__k","timestamp":"10:02:51 AM"}
{"level":"\u001b[32minfo\u001b[39m","message":"Logged into Instagram as snowy__k via cookies.","timestamp":"10:02:55 AM"}
{"level":"\u001b[32minfo\u001b[39m","message":"Nom d'utilisateur du post trouvé avec le sélecteur \"a[href*=\"/\"][role=\"link\"]\" : marinawrightwellness","timestamp":"10:03:07 AM"}
{"level":"\u001b[32minfo\u001b[39m","message":"Checking if post username \"marinawrightwellness\" matches any target usernames in our database","timestamp":"10:03:07 AM"}
{"level":"\u001b[32minfo\u001b[39m","message":"No match found for post username \"marinawrightwellness\" in our target list","timestamp":"10:03:07 AM"}
{"level":"\u001b[32minfo\u001b[39m","message":"Post username \"marinawrightwellness\" is not in our target list. Skipping...","timestamp":"10:03:07 AM"}
{"level":"\u001b[32minfo\u001b[39m","message":"Nom d'utilisateur du post trouvé avec le sélecteur \"a[href*=\"/\"][role=\"link\"]\" : marinawrightwellness","timestamp":"10:03:15 AM"}
{"level":"\u001b[32minfo\u001b[39m","message":"Checking if post username \"marinawrightwellness\" matches any target usernames in our database","timestamp":"10:03:15 AM"}
{"level":"\u001b[32minfo\u001b[39m","message":"No match found for post username \"marinawrightwellness\" in our target list","timestamp":"10:03:15 AM"}
{"level":"\u001b[32minfo\u001b[39m","message":"Post username \"marinawrightwellness\" is not in our target list. Skipping...","timestamp":"10:03:15 AM"}
{"level":"\u001b[32minfo\u001b[39m","message":"Processed post DOmQc7Zk9zm as snowy__k (1/500)","timestamp":"10:03:15 AM"}
{"level":"\u001b[32minfo\u001b[39m","message":"Connected to MongoDB","timestamp":"10:07:31 AM"}
{"level":"\u001b[32minfo\u001b[39m","message":"Connected to MongoDB","timestamp":"10:07:31 AM"}
{"level":"\u001b[32minfo\u001b[39m","message":"Server running on port 3445","timestamp":"10:07:31 AM"}
{"level":"\u001b[32minfo\u001b[39m","message":"New Instagram account created for user 6876668efc3888a1480acb17: snowy__k","timestamp":"10:08:11 AM"}
{"level":"\u001b[31merror\u001b[39m","message":"Error during processing queue: Could not retrieve Instagram cookies","stack":"Error: Could not retrieve Instagram cookies\n    at processQueue (C:\\Users\\admin\\Desktop\\epi-engage\\riona_ai-main\\src\\controllers\\fifoProcessComments.ts:76:13)\n    at processTicksAndRejections (node:internal/process/task_queues:105:5)\n    at async C:\\Users\\admin\\Desktop\\epi-engage\\riona_ai-main\\src\\routes\\commentsRoutes.ts:43:5","timestamp":"10:08:12 AM"}
{"level":"\u001b[32minfo\u001b[39m","message":"Connexion détectée (lien de messagerie présent).","timestamp":"10:09:07 AM"}
{"level":"\u001b[32minfo\u001b[39m","message":"Cookies Instagram sauvegardés en base de données pour l'utilisateur snowy__k.","timestamp":"10:09:07 AM"}
{"level":"\u001b[34mdebug\u001b[39m","message":"Résultat de l'opération DB: 1 document(s) modifié(s), 0 document(s) créé(s).","timestamp":"10:09:07 AM"}
{"level":"\u001b[32minfo\u001b[39m","message":"Started proxy server for snowy__k on port 6962","timestamp":"10:09:08 AM"}
{"level":"\u001b[32minfo\u001b[39m","message":"Navigating to Instagram homepage for snowy__k...","timestamp":"10:09:08 AM"}
{"level":"\u001b[32minfo\u001b[39m","message":"Applying cookies for snowy__k...","timestamp":"10:09:10 AM"}
{"level":"\u001b[32minfo\u001b[39m","message":"Cookies applied successfully for snowy__k","timestamp":"10:09:10 AM"}
{"level":"\u001b[32minfo\u001b[39m","message":"Logged into Instagram as snowy__k via cookies.","timestamp":"10:09:14 AM"}
{"level":"\u001b[32minfo\u001b[39m","message":"Nom d'utilisateur du post trouvé avec le sélecteur \"a[href*=\"/\"][role=\"link\"]\" : mehdigriny","timestamp":"10:09:25 AM"}
{"level":"\u001b[32minfo\u001b[39m","message":"Checking if post username \"mehdigriny\" matches any target usernames in our database","timestamp":"10:09:25 AM"}
{"level":"\u001b[32minfo\u001b[39m","message":"No match found for post username \"mehdigriny\" in our target list","timestamp":"10:09:25 AM"}
{"level":"\u001b[32minfo\u001b[39m","message":"Post username \"mehdigriny\" is not in our target list. Skipping...","timestamp":"10:09:25 AM"}
{"level":"\u001b[32minfo\u001b[39m","message":"Nom d'utilisateur du post trouvé avec le sélecteur \"a[href*=\"/\"][role=\"link\"]\" : mehdigriny","timestamp":"10:09:34 AM"}
{"level":"\u001b[32minfo\u001b[39m","message":"Checking if post username \"mehdigriny\" matches any target usernames in our database","timestamp":"10:09:34 AM"}
{"level":"\u001b[32minfo\u001b[39m","message":"No match found for post username \"mehdigriny\" in our target list","timestamp":"10:09:34 AM"}
{"level":"\u001b[32minfo\u001b[39m","message":"Post username \"mehdigriny\" is not in our target list. Skipping...","timestamp":"10:09:34 AM"}
{"level":"\u001b[32minfo\u001b[39m","message":"Processed post DOjgKSoiMC6 as snowy__k (1/500)","timestamp":"10:09:34 AM"}
{"level":"\u001b[32minfo\u001b[39m","message":"Nom d'utilisateur du post trouvé avec le sélecteur \"a[href*=\"/\"][role=\"link\"]\" : wacofficiel","timestamp":"10:09:45 AM"}
{"level":"\u001b[32minfo\u001b[39m","message":"Checking if post username \"wacofficiel\" matches any target usernames in our database","timestamp":"10:09:45 AM"}
{"level":"\u001b[32minfo\u001b[39m","message":"No match found for post username \"wacofficiel\" in our target list","timestamp":"10:09:45 AM"}
{"level":"\u001b[32minfo\u001b[39m","message":"Post username \"wacofficiel\" is not in our target list. Skipping...","timestamp":"10:09:45 AM"}
{"level":"\u001b[32minfo\u001b[39m","message":"Nom d'utilisateur du post trouvé avec le sélecteur \"a[href*=\"/\"][role=\"link\"]\" : wacofficiel","timestamp":"10:09:53 AM"}
{"level":"\u001b[32minfo\u001b[39m","message":"Checking if post username \"wacofficiel\" matches any target usernames in our database","timestamp":"10:09:53 AM"}
{"level":"\u001b[32minfo\u001b[39m","message":"No match found for post username \"wacofficiel\" in our target list","timestamp":"10:09:53 AM"}
{"level":"\u001b[32minfo\u001b[39m","message":"Post username \"wacofficiel\" is not in our target list. Skipping...","timestamp":"10:09:53 AM"}
{"level":"\u001b[32minfo\u001b[39m","message":"Processed post DOgtKXbDXZ3 as snowy__k (2/500)","timestamp":"10:09:53 AM"}
{"level":"\u001b[32minfo\u001b[39m","message":"Nom d'utilisateur du post trouvé avec le sélecteur \"a[href*=\"/\"][role=\"link\"]\" : broadwayinstitute","timestamp":"10:10:05 AM"}
{"level":"\u001b[32minfo\u001b[39m","message":"Checking if post username \"broadwayinstitute\" matches any target usernames in our database","timestamp":"10:10:05 AM"}
{"level":"\u001b[32minfo\u001b[39m","message":"No match found for post username \"broadwayinstitute\" in our target list","timestamp":"10:10:05 AM"}
{"level":"\u001b[32minfo\u001b[39m","message":"Post username \"broadwayinstitute\" is not in our target list. Skipping...","timestamp":"10:10:05 AM"}
{"level":"\u001b[32minfo\u001b[39m","message":"Nom d'utilisateur du post trouvé avec le sélecteur \"a[href*=\"/\"][role=\"link\"]\" : broadwayinstitute","timestamp":"10:10:11 AM"}
{"level":"\u001b[32minfo\u001b[39m","message":"Checking if post username \"broadwayinstitute\" matches any target usernames in our database","timestamp":"10:10:11 AM"}
{"level":"\u001b[32minfo\u001b[39m","message":"No match found for post username \"broadwayinstitute\" in our target list","timestamp":"10:10:12 AM"}
{"level":"\u001b[32minfo\u001b[39m","message":"Post username \"broadwayinstitute\" is not in our target list. Skipping...","timestamp":"10:10:12 AM"}
{"level":"\u001b[32minfo\u001b[39m","message":"Processed post DN4DqAtgBCB as snowy__k (3/500)","timestamp":"10:10:12 AM"}
{"level":"\u001b[32minfo\u001b[39m","message":"Nom d'utilisateur du post trouvé avec le sélecteur \"a[href*=\"/\"][role=\"link\"]\" : revox_morocco","timestamp":"10:10:22 AM"}
{"level":"\u001b[32minfo\u001b[39m","message":"Checking if post username \"revox_morocco\" matches any target usernames in our database","timestamp":"10:10:22 AM"}
{"level":"\u001b[32minfo\u001b[39m","message":"No match found for post username \"revox_morocco\" in our target list","timestamp":"10:10:22 AM"}
{"level":"\u001b[32minfo\u001b[39m","message":"Post username \"revox_morocco\" is not in our target list. Skipping...","timestamp":"10:10:22 AM"}
{"level":"\u001b[32minfo\u001b[39m","message":"Nom d'utilisateur du post trouvé avec le sélecteur \"a[href*=\"/\"][role=\"link\"]\" : revox_morocco","timestamp":"10:10:29 AM"}
{"level":"\u001b[32minfo\u001b[39m","message":"Checking if post username \"revox_morocco\" matches any target usernames in our database","timestamp":"10:10:29 AM"}
{"level":"\u001b[32minfo\u001b[39m","message":"No match found for post username \"revox_morocco\" in our target list","timestamp":"10:10:29 AM"}
{"level":"\u001b[32minfo\u001b[39m","message":"Post username \"revox_morocco\" is not in our target list. Skipping...","timestamp":"10:10:29 AM"}
{"level":"\u001b[32minfo\u001b[39m","message":"Processed post DOLb30jCCGS as snowy__k (4/500)","timestamp":"10:10:29 AM"}
{"level":"\u001b[32minfo\u001b[39m","message":"Nom d'utilisateur du post trouvé avec le sélecteur \"a[href*=\"/\"][role=\"link\"]\" : marinawrightwellness","timestamp":"10:10:50 AM"}
{"level":"\u001b[32minfo\u001b[39m","message":"Checking if post username \"marinawrightwellness\" matches any target usernames in our database","timestamp":"10:10:50 AM"}
{"level":"\u001b[32minfo\u001b[39m","message":"No match found for post username \"marinawrightwellness\" in our target list","timestamp":"10:10:50 AM"}
{"level":"\u001b[32minfo\u001b[39m","message":"Post username \"marinawrightwellness\" is not in our target list. Skipping...","timestamp":"10:10:50 AM"}
{"level":"\u001b[32minfo\u001b[39m","message":"Nom d'utilisateur du post trouvé avec le sélecteur \"a[href*=\"/\"][role=\"link\"]\" : marinawrightwellness","timestamp":"10:10:58 AM"}
{"level":"\u001b[32minfo\u001b[39m","message":"Checking if post username \"marinawrightwellness\" matches any target usernames in our database","timestamp":"10:10:58 AM"}
{"level":"\u001b[32minfo\u001b[39m","message":"No match found for post username \"marinawrightwellness\" in our target list","timestamp":"10:10:58 AM"}
{"level":"\u001b[32minfo\u001b[39m","message":"Post username \"marinawrightwellness\" is not in our target list. Skipping...","timestamp":"10:10:58 AM"}
{"level":"\u001b[32minfo\u001b[39m","message":"Processed post DOmQc7Zk9zm as snowy__k (5/500)","timestamp":"10:10:58 AM"}
{"level":"\u001b[32minfo\u001b[39m","message":"Nom d'utilisateur du post trouvé avec le sélecteur \"a[href*=\"/\"][role=\"link\"]\" : nutritiionist","timestamp":"10:11:09 AM"}
{"level":"\u001b[32minfo\u001b[39m","message":"Checking if post username \"nutritiionist\" matches any target usernames in our database","timestamp":"10:11:09 AM"}
{"level":"\u001b[32minfo\u001b[39m","message":"No match found for post username \"nutritiionist\" in our target list","timestamp":"10:11:09 AM"}
{"level":"\u001b[32minfo\u001b[39m","message":"Post username \"nutritiionist\" is not in our target list. Skipping...","timestamp":"10:11:09 AM"}
{"level":"\u001b[32minfo\u001b[39m","message":"New Instagram account created for user 683720529b99dc1e616b574d: snowy__k","timestamp":"10:11:15 AM"}
{"level":"\u001b[31merror\u001b[39m","message":"Error during processing queue: Could not retrieve Instagram cookies","stack":"Error: Could not retrieve Instagram cookies\n    at processQueue (C:\\Users\\admin\\Desktop\\epi-engage\\riona_ai-main\\src\\controllers\\fifoProcessComments.ts:76:13)\n    at processTicksAndRejections (node:internal/process/task_queues:105:5)\n    at async C:\\Users\\admin\\Desktop\\epi-engage\\riona_ai-main\\src\\routes\\commentsRoutes.ts:43:5","timestamp":"10:11:16 AM"}
{"level":"\u001b[32minfo\u001b[39m","message":"Nom d'utilisateur du post trouvé avec le sélecteur \"a[href*=\"/\"][role=\"link\"]\" : nutritiionist","timestamp":"10:11:17 AM"}
{"level":"\u001b[32minfo\u001b[39m","message":"Checking if post username \"nutritiionist\" matches any target usernames in our database","timestamp":"10:11:17 AM"}
{"level":"\u001b[32minfo\u001b[39m","message":"No match found for post username \"nutritiionist\" in our target list","timestamp":"10:11:17 AM"}
{"level":"\u001b[32minfo\u001b[39m","message":"Post username \"nutritiionist\" is not in our target list. Skipping...","timestamp":"10:11:17 AM"}
{"level":"\u001b[32minfo\u001b[39m","message":"Processed post DOjW1XwiLRv as snowy__k (6/500)","timestamp":"10:11:17 AM"}
{"level":"\u001b[32minfo\u001b[39m","message":"Nom d'utilisateur du post trouvé avec le sélecteur \"a[href*=\"/\"][role=\"link\"]\" : candlelight.concerts","timestamp":"10:11:28 AM"}
{"level":"\u001b[32minfo\u001b[39m","message":"Checking if post username \"candlelight.concerts\" matches any target usernames in our database","timestamp":"10:11:28 AM"}
{"level":"\u001b[32minfo\u001b[39m","message":"No match found for post username \"candlelight.concerts\" in our target list","timestamp":"10:11:28 AM"}
{"level":"\u001b[32minfo\u001b[39m","message":"Post username \"candlelight.concerts\" is not in our target list. Skipping...","timestamp":"10:11:28 AM"}
{"level":"\u001b[32minfo\u001b[39m","message":"Nom d'utilisateur du post trouvé avec le sélecteur \"a[href*=\"/\"][role=\"link\"]\" : candlelight.concerts","timestamp":"10:11:36 AM"}
{"level":"\u001b[32minfo\u001b[39m","message":"Checking if post username \"candlelight.concerts\" matches any target usernames in our database","timestamp":"10:11:36 AM"}
{"level":"\u001b[32minfo\u001b[39m","message":"No match found for post username \"candlelight.concerts\" in our target list","timestamp":"10:11:36 AM"}
{"level":"\u001b[32minfo\u001b[39m","message":"Post username \"candlelight.concerts\" is not in our target list. Skipping...","timestamp":"10:11:36 AM"}
{"level":"\u001b[32minfo\u001b[39m","message":"Processed post DN2mfKVwIa4 as snowy__k (7/500)","timestamp":"10:11:36 AM"}
{"level":"\u001b[32minfo\u001b[39m","message":"Connexion détectée (lien de messagerie présent).","timestamp":"10:11:44 AM"}
{"level":"\u001b[32minfo\u001b[39m","message":"Cookies Instagram sauvegardés en base de données pour l'utilisateur snowy__k.","timestamp":"10:11:44 AM"}
{"level":"\u001b[34mdebug\u001b[39m","message":"Résultat de l'opération DB: 1 document(s) modifié(s), 0 document(s) créé(s).","timestamp":"10:11:44 AM"}
{"level":"\u001b[32minfo\u001b[39m","message":"Started proxy server for snowy__k on port 6568","timestamp":"10:11:45 AM"}
{"level":"\u001b[32minfo\u001b[39m","message":"Navigating to Instagram homepage for snowy__k...","timestamp":"10:11:45 AM"}
{"level":"\u001b[32minfo\u001b[39m","message":"Applying cookies for snowy__k...","timestamp":"10:11:47 AM"}
{"level":"\u001b[32minfo\u001b[39m","message":"Cookies applied successfully for snowy__k","timestamp":"10:11:47 AM"}
{"level":"\u001b[32minfo\u001b[39m","message":"Nom d'utilisateur du post trouvé avec le sélecteur \"a[href*=\"/\"][role=\"link\"]\" : wacofficiel","timestamp":"10:11:47 AM"}
{"level":"\u001b[32minfo\u001b[39m","message":"Checking if post username \"wacofficiel\" matches any target usernames in our database","timestamp":"10:11:47 AM"}
{"level":"\u001b[32minfo\u001b[39m","message":"No match found for post username \"wacofficiel\" in our target list","timestamp":"10:11:47 AM"}
{"level":"\u001b[32minfo\u001b[39m","message":"Post username \"wacofficiel\" is not in our target list. Skipping...","timestamp":"10:11:47 AM"}
{"level":"\u001b[32minfo\u001b[39m","message":"Logged into Instagram as snowy__k via cookies.","timestamp":"10:11:51 AM"}
{"level":"\u001b[32minfo\u001b[39m","message":"Nom d'utilisateur du post trouvé avec le sélecteur \"a[href*=\"/\"][role=\"link\"]\" : wacofficiel","timestamp":"10:11:56 AM"}
{"level":"\u001b[32minfo\u001b[39m","message":"Checking if post username \"wacofficiel\" matches any target usernames in our database","timestamp":"10:11:56 AM"}
{"level":"\u001b[32minfo\u001b[39m","message":"No match found for post username \"wacofficiel\" in our target list","timestamp":"10:11:56 AM"}
{"level":"\u001b[32minfo\u001b[39m","message":"Post username \"wacofficiel\" is not in our target list. Skipping...","timestamp":"10:11:56 AM"}
{"level":"\u001b[32minfo\u001b[39m","message":"Processed post DOlDeIFjWun as snowy__k (8/500)","timestamp":"10:11:56 AM"}
{"level":"\u001b[32minfo\u001b[39m","message":"Nom d'utilisateur du post trouvé avec le sélecteur \"a[href*=\"/\"][role=\"link\"]\" : marinawrightwellness","timestamp":"10:12:03 AM"}
{"level":"\u001b[32minfo\u001b[39m","message":"Checking if post username \"marinawrightwellness\" matches any target usernames in our database","timestamp":"10:12:03 AM"}
{"level":"\u001b[32minfo\u001b[39m","message":"No match found for post username \"marinawrightwellness\" in our target list","timestamp":"10:12:03 AM"}
{"level":"\u001b[32minfo\u001b[39m","message":"Post username \"marinawrightwellness\" is not in our target list. Skipping...","timestamp":"10:12:03 AM"}
{"level":"\u001b[32minfo\u001b[39m","message":"Nom d'utilisateur du post trouvé avec le sélecteur \"a[href*=\"/\"][role=\"link\"]\" : marinawrightwellness","timestamp":"10:12:13 AM"}
{"level":"\u001b[32minfo\u001b[39m","message":"Checking if post username \"marinawrightwellness\" matches any target usernames in our database","timestamp":"10:12:13 AM"}
{"level":"\u001b[32minfo\u001b[39m","message":"No match found for post username \"marinawrightwellness\" in our target list","timestamp":"10:12:13 AM"}
{"level":"\u001b[32minfo\u001b[39m","message":"Post username \"marinawrightwellness\" is not in our target list. Skipping...","timestamp":"10:12:13 AM"}
{"level":"\u001b[32minfo\u001b[39m","message":"Processed post DOmQc7Zk9zm as snowy__k (1/500)","timestamp":"10:12:13 AM"}
{"level":"\u001b[32minfo\u001b[39m","message":"Connected to MongoDB","timestamp":"10:15:44 AM"}
{"level":"\u001b[32minfo\u001b[39m","message":"Connected to MongoDB","timestamp":"10:15:45 AM"}
{"level":"\u001b[32minfo\u001b[39m","message":"Server running on port 3445","timestamp":"10:15:45 AM"}
{"level":"\u001b[32minfo\u001b[39m","message":"Instagram username updated for user 683720529b99dc1e616b574d: leboss.csa@gmail.com","timestamp":"10:15:55 AM"}
{"level":"\u001b[32minfo\u001b[39m","message":"Started proxy server for leboss.csa@gmail.com on port 3926","timestamp":"10:15:56 AM"}
{"level":"\u001b[32minfo\u001b[39m","message":"Current URL after navigation: https://www.linkedin.com/","timestamp":"10:16:00 AM"}
{"level":"\u001b[32minfo\u001b[39m","message":"Applying 9 cookies for leboss.csa@gmail.com...","timestamp":"10:16:00 AM"}
{"level":"\u001b[32minfo\u001b[39m","message":"Filtered to 9 valid LinkedIn cookies","timestamp":"10:16:00 AM"}
{"level":"\u001b[32minfo\u001b[39m","message":"✅ Cookies applied successfully for leboss.csa@gmail.com","timestamp":"10:16:00 AM"}
{"level":"\u001b[32minfo\u001b[39m","message":"Reloading page to apply cookies...","timestamp":"10:16:00 AM"}
{"level":"\u001b[32minfo\u001b[39m","message":"Vérification de la connexion pour leboss.csa@gmail.com...","timestamp":"10:16:10 AM"}
{"level":"\u001b[32minfo\u001b[39m","message":"Checking for login indicator: Me nav (.global-nav__me)","timestamp":"10:16:10 AM"}
{"level":"\u001b[32minfo\u001b[39m","message":"✅ Logged into LinkedIn as leboss.csa@gmail.com (detected: Me nav)","timestamp":"10:16:12 AM"}
{"level":"\u001b[32minfo\u001b[39m","message":"No more 'processing' comments for this user. Waiting 2 minutes...","timestamp":"10:16:12 AM"}
{"level":"\u001b[32minfo\u001b[39m","message":"Connexion LinkedIn détectée (navigation principale présente).","timestamp":"10:16:26 AM"}
{"level":"\u001b[32minfo\u001b[39m","message":"Cookies LinkedIn sauvegardés en base de données pour l'utilisateur leboss.csa@gmail.com.","timestamp":"10:16:26 AM"}
{"level":"\u001b[34mdebug\u001b[39m","message":"Résultat de l'opération DB: 1 document(s) modifié(s), 0 document(s) créé(s).","timestamp":"10:16:26 AM"}
{"level":"\u001b[32minfo\u001b[39m","message":"Started proxy server for leboss.csa@gmail.com on port 6668","timestamp":"10:16:28 AM"}
{"level":"\u001b[32minfo\u001b[39m","message":"Current URL after navigation: https://www.linkedin.com/","timestamp":"10:16:31 AM"}
{"level":"\u001b[32minfo\u001b[39m","message":"Applying 12 cookies for leboss.csa@gmail.com...","timestamp":"10:16:31 AM"}
{"level":"\u001b[32minfo\u001b[39m","message":"Filtered to 12 valid LinkedIn cookies","timestamp":"10:16:31 AM"}
{"level":"\u001b[32minfo\u001b[39m","message":"✅ Cookies applied successfully for leboss.csa@gmail.com","timestamp":"10:16:32 AM"}
{"level":"\u001b[32minfo\u001b[39m","message":"Reloading page to apply cookies...","timestamp":"10:16:32 AM"}
{"level":"\u001b[32minfo\u001b[39m","message":"Vérification de la connexion pour leboss.csa@gmail.com...","timestamp":"10:16:40 AM"}
{"level":"\u001b[32minfo\u001b[39m","message":"Checking for login indicator: Me nav (.global-nav__me)","timestamp":"10:16:40 AM"}
{"level":"\u001b[32minfo\u001b[39m","message":"✅ Logged into LinkedIn as leboss.csa@gmail.com (detected: Me nav)","timestamp":"10:16:40 AM"}
{"level":"\u001b[32minfo\u001b[39m","message":"Navigating to LinkedIn feed for leboss.csa@gmail.com...","timestamp":"10:16:40 AM"}
{"level":"\u001b[32minfo\u001b[39m","message":"🚀 Starting main automation loop for leboss.csa@gmail.com","timestamp":"10:16:49 AM"}
{"level":"\u001b[32minfo\u001b[39m","message":"📦 Starting batch 1 (processing 500 posts)","timestamp":"10:16:49 AM"}
{"level":"\u001b[32minfo\u001b[39m","message":"Connected to MongoDB","timestamp":"10:17:28 AM"}
{"level":"\u001b[32minfo\u001b[39m","message":"Connected to MongoDB","timestamp":"10:17:28 AM"}
{"level":"\u001b[32minfo\u001b[39m","message":"Server running on port 3445","timestamp":"10:17:28 AM"}
{"level":"\u001b[32minfo\u001b[39m","message":"Instagram username updated for user 683720529b99dc1e616b574d: kchakir321@gmail.com","timestamp":"10:18:41 AM"}
{"level":"\u001b[32minfo\u001b[39m","message":"Started proxy server for kchakir321@gmail.com on port 5261","timestamp":"10:18:42 AM"}
{"level":"\u001b[32minfo\u001b[39m","message":"Current URL after navigation: https://www.linkedin.com/","timestamp":"10:18:46 AM"}
{"level":"\u001b[32minfo\u001b[39m","message":"Applying 12 cookies for kchakir321@gmail.com...","timestamp":"10:18:46 AM"}
{"level":"\u001b[32minfo\u001b[39m","message":"Filtered to 12 valid LinkedIn cookies","timestamp":"10:18:46 AM"}
{"level":"\u001b[32minfo\u001b[39m","message":"✅ Cookies applied successfully for kchakir321@gmail.com","timestamp":"10:18:47 AM"}
{"level":"\u001b[32minfo\u001b[39m","message":"Reloading page to apply cookies...","timestamp":"10:18:47 AM"}
{"level":"\u001b[32minfo\u001b[39m","message":"Vérification de la connexion pour kchakir321@gmail.com...","timestamp":"10:18:55 AM"}
{"level":"\u001b[32minfo\u001b[39m","message":"Checking for login indicator: Me nav (.global-nav__me)","timestamp":"10:18:55 AM"}
{"level":"\u001b[32minfo\u001b[39m","message":"✅ Logged into LinkedIn as kchakir321@gmail.com (detected: Me nav)","timestamp":"10:18:57 AM"}
{"level":"\u001b[32minfo\u001b[39m","message":"No more 'processing' comments for this user. Waiting 2 minutes...","timestamp":"10:18:57 AM"}
{"level":"\u001b[32minfo\u001b[39m","message":"Connexion LinkedIn détectée (navigation principale présente).","timestamp":"10:19:19 AM"}
{"level":"\u001b[32minfo\u001b[39m","message":"Cookies LinkedIn sauvegardés en base de données pour l'utilisateur kchakir321@gmail.com.","timestamp":"10:19:19 AM"}
{"level":"\u001b[34mdebug\u001b[39m","message":"Résultat de l'opération DB: 1 document(s) modifié(s), 0 document(s) créé(s).","timestamp":"10:19:19 AM"}
{"level":"\u001b[32minfo\u001b[39m","message":"Started proxy server for kchakir321@gmail.com on port 6180","timestamp":"10:19:21 AM"}
{"level":"\u001b[32minfo\u001b[39m","message":"Current URL after navigation: https://www.linkedin.com/","timestamp":"10:19:24 AM"}
{"level":"\u001b[32minfo\u001b[39m","message":"Applying 12 cookies for kchakir321@gmail.com...","timestamp":"10:19:24 AM"}
{"level":"\u001b[32minfo\u001b[39m","message":"Filtered to 12 valid LinkedIn cookies","timestamp":"10:19:24 AM"}
{"level":"\u001b[32minfo\u001b[39m","message":"✅ Cookies applied successfully for kchakir321@gmail.com","timestamp":"10:19:24 AM"}
{"level":"\u001b[32minfo\u001b[39m","message":"Reloading page to apply cookies...","timestamp":"10:19:24 AM"}
{"level":"\u001b[32minfo\u001b[39m","message":"Vérification de la connexion pour kchakir321@gmail.com...","timestamp":"10:19:32 AM"}
{"level":"\u001b[32minfo\u001b[39m","message":"Checking for login indicator: Me nav (.global-nav__me)","timestamp":"10:19:32 AM"}
{"level":"\u001b[32minfo\u001b[39m","message":"✅ Logged into LinkedIn as kchakir321@gmail.com (detected: Me nav)","timestamp":"10:19:33 AM"}
{"level":"\u001b[32minfo\u001b[39m","message":"Navigating to LinkedIn feed for kchakir321@gmail.com...","timestamp":"10:19:33 AM"}
{"level":"\u001b[32minfo\u001b[39m","message":"🚀 Starting main automation loop for kchakir321@gmail.com","timestamp":"10:19:41 AM"}
{"level":"\u001b[32minfo\u001b[39m","message":"📦 Starting batch 1 (processing 500 posts)","timestamp":"10:19:41 AM"}
{"level":"\u001b[32minfo\u001b[39m","message":"Connected to MongoDB","timestamp":"10:22:09 AM"}
{"level":"\u001b[32minfo\u001b[39m","message":"Connected to MongoDB","timestamp":"10:22:09 AM"}
{"level":"\u001b[32minfo\u001b[39m","message":"Server running on port 3445","timestamp":"10:22:09 AM"}
{"level":"\u001b[32minfo\u001b[39m","message":"New Instagram account recorded for user 683720529b99dc1e616b574d: kchakir321@gmail.com","timestamp":"10:22:19 AM"}
{"level":"\u001b[31merror\u001b[39m","message":"Error during processing queue: Could not retrieve LinkedIn cookies","stack":"Error: Could not retrieve LinkedIn cookies\n    at processQueue (C:\\Users\\admin\\Desktop\\epi-engage\\riona_ai-main\\src\\controllers\\fifolink.ts:77:13)\n    at processTicksAndRejections (node:internal/process/task_queues:105:5)\n    at async C:\\Users\\admin\\Desktop\\epi-engage\\riona_ai-main\\src\\routes\\linkedinRoutes.ts:63:5","timestamp":"10:22:21 AM"}
{"level":"\u001b[32minfo\u001b[39m","message":"Connexion LinkedIn détectée (navigation principale présente).","timestamp":"10:22:47 AM"}
{"level":"\u001b[32minfo\u001b[39m","message":"Cookies LinkedIn sauvegardés en base de données pour l'utilisateur kchakir321@gmail.com.","timestamp":"10:22:47 AM"}
{"level":"\u001b[34mdebug\u001b[39m","message":"Résultat de l'opération DB: 1 document(s) modifié(s), 0 document(s) créé(s).","timestamp":"10:22:47 AM"}
{"level":"\u001b[32minfo\u001b[39m","message":"Started proxy server for kchakir321@gmail.com on port 6664","timestamp":"10:22:49 AM"}
{"level":"\u001b[32minfo\u001b[39m","message":"Current URL after navigation: https://www.linkedin.com/","timestamp":"10:22:52 AM"}
{"level":"\u001b[32minfo\u001b[39m","message":"Applying 12 cookies for kchakir321@gmail.com...","timestamp":"10:22:52 AM"}
{"level":"\u001b[32minfo\u001b[39m","message":"Filtered to 12 valid LinkedIn cookies","timestamp":"10:22:52 AM"}
{"level":"\u001b[32minfo\u001b[39m","message":"✅ Cookies applied successfully for kchakir321@gmail.com","timestamp":"10:22:52 AM"}
{"level":"\u001b[32minfo\u001b[39m","message":"Reloading page to apply cookies...","timestamp":"10:22:52 AM"}
{"level":"\u001b[32minfo\u001b[39m","message":"Vérification de la connexion pour kchakir321@gmail.com...","timestamp":"10:23:01 AM"}
{"level":"\u001b[32minfo\u001b[39m","message":"Checking for login indicator: Me nav (.global-nav__me)","timestamp":"10:23:01 AM"}
{"level":"\u001b[32minfo\u001b[39m","message":"✅ Logged into LinkedIn as kchakir321@gmail.com (detected: Me nav)","timestamp":"10:23:01 AM"}
{"level":"\u001b[32minfo\u001b[39m","message":"Navigating to LinkedIn feed for kchakir321@gmail.com...","timestamp":"10:23:01 AM"}
{"level":"\u001b[32minfo\u001b[39m","message":"🚀 Starting main automation loop for kchakir321@gmail.com","timestamp":"10:23:10 AM"}
{"level":"\u001b[32minfo\u001b[39m","message":"📦 Starting batch 1 (processing 500 posts)","timestamp":"10:23:10 AM"}
