{"level":"\u001b[32minfo\u001b[39m","message":"Connected to MongoDB","timestamp":"11:12:04 AM"}
{"level":"\u001b[32minfo\u001b[39m","message":"Connected to MongoDB","timestamp":"11:12:04 AM"}
{"level":"\u001b[32minfo\u001b[39m","message":"Server running on port 3445","timestamp":"11:12:04 AM"}
{"level":"\u001b[32minfo\u001b[39m","message":"Instagram username already exists for user 683720529b99dc1e616b574d: majesty___jewelry","timestamp":"11:12:14 AM"}
{"level":"\u001b[32minfo\u001b[39m","maxPort":7000,"message":"Starting comment analysis for username: majesty___jewelry","minPort":6000,"timestamp":"11:12:14 AM"}
{"level":"\u001b[32minfo\u001b[39m","message":"(analysis) Proxy listening on 6449","timestamp":"11:12:14 AM"}
{"level":"\u001b[32minfo\u001b[39m","message":"(analysis) Logged in as majesty___jewelry","timestamp":"11:12:28 AM"}
{"level":"\u001b[32minfo\u001b[39m","message":"(analysis) Inspecting posted comment 687f53ce083f9fcc14dee7fb @ https://www.instagram.com/p/DMZH2HrNaVg/ for user majesty___jewelry","timestamp":"11:12:28 AM"}
{"level":"\u001b[32minfo\u001b[39m","message":"(analysis) Found comment with 0 likes and 1 replies using class: xvbhtw8","timestamp":"11:12:50 AM"}
{"level":"\u001b[32minfo\u001b[39m","message":"(analysis) Updated 687f53ce083f9fcc14dee7fb with likes=0, replies=1","timestamp":"11:12:50 AM"}
{"level":"\u001b[32minfo\u001b[39m","message":"(analysis) Waiting 40117 ms before next item...","timestamp":"11:12:50 AM"}
{"level":"\u001b[32minfo\u001b[39m","message":"Connected to MongoDB","timestamp":"11:14:55 AM"}
{"level":"\u001b[32minfo\u001b[39m","message":"Connected to MongoDB","timestamp":"11:14:55 AM"}
{"level":"\u001b[32minfo\u001b[39m","message":"Server running on port 3445","timestamp":"11:14:55 AM"}
{"level":"\u001b[32minfo\u001b[39m","message":"Instagram username already exists for user 683720529b99dc1e616b574d: majesty___jewelry","timestamp":"11:15:07 AM"}
{"level":"\u001b[32minfo\u001b[39m","maxPort":7000,"message":"Starting comment analysis for username: majesty___jewelry","minPort":6000,"timestamp":"11:15:08 AM"}
{"level":"\u001b[32minfo\u001b[39m","message":"(analysis) Proxy listening on 6917","timestamp":"11:15:08 AM"}
{"level":"\u001b[32minfo\u001b[39m","message":"(analysis) Logged in as majesty___jewelry","timestamp":"11:15:20 AM"}
{"level":"\u001b[32minfo\u001b[39m","message":"(analysis) Inspecting posted comment 687f650c182760b7cca463ad @ https://www.instagram.com/p/DMYbJW6vBzR/ for user majesty___jewelry","timestamp":"11:15:20 AM"}
{"level":"\u001b[32minfo\u001b[39m","message":"Connected to MongoDB","timestamp":"11:48:02 AM"}
{"level":"\u001b[32minfo\u001b[39m","message":"Connected to MongoDB","timestamp":"11:48:02 AM"}
{"level":"\u001b[32minfo\u001b[39m","message":"Server running on port 3445","timestamp":"11:48:02 AM"}
{"level":"\u001b[32minfo\u001b[39m","message":"Instagram username already exists for user 683720529b99dc1e616b574d: majesty___jewelry","timestamp":"11:48:11 AM"}
{"level":"\u001b[32minfo\u001b[39m","maxPort":7000,"message":"Starting comment analysis for username: majesty___jewelry","minPort":6000,"timestamp":"11:48:11 AM"}
{"level":"\u001b[32minfo\u001b[39m","message":"(analysis) Proxy listening on 6193","timestamp":"11:48:11 AM"}
{"level":"\u001b[32minfo\u001b[39m","message":"(analysis) Logged in as majesty___jewelry","timestamp":"11:48:22 AM"}
{"level":"\u001b[32minfo\u001b[39m","message":"(analysis) Inspecting posted comment 687f650c182760b7cca463ad @ https://www.instagram.com/p/DMYbJW6vBzR/ for user majesty___jewelry","timestamp":"11:48:22 AM"}
{"level":"\u001b[32minfo\u001b[39m","message":"(analysis) Found comment with 0 likes and 2 replies using class: xvbhtw8","timestamp":"11:48:44 AM"}
{"level":"\u001b[32minfo\u001b[39m","message":"(analysis) Updated 687f650c182760b7cca463ad with likes=0, replies=2","timestamp":"11:48:44 AM"}
{"level":"\u001b[32minfo\u001b[39m","message":"(analysis) Waiting 59410 ms before next item...","timestamp":"11:48:44 AM"}
{"level":"\u001b[32minfo\u001b[39m","message":"Connected to MongoDB","timestamp":"11:59:42 AM"}
{"level":"\u001b[32minfo\u001b[39m","message":"Connected to MongoDB","timestamp":"11:59:42 AM"}
{"level":"\u001b[32minfo\u001b[39m","message":"Server running on port 3445","timestamp":"11:59:42 AM"}
{"level":"\u001b[32minfo\u001b[39m","message":"Instagram username already exists for user 683720529b99dc1e616b574d: majesty___jewelry","timestamp":"11:59:51 AM"}
{"level":"\u001b[32minfo\u001b[39m","maxPort":7000,"message":"Starting comment analysis for username: majesty___jewelry","minPort":6000,"timestamp":"11:59:51 AM"}
{"level":"\u001b[32minfo\u001b[39m","message":"(analysis) Proxy listening on 6246","timestamp":"11:59:51 AM"}
{"level":"\u001b[32minfo\u001b[39m","message":"(analysis) Logged in as majesty___jewelry","timestamp":"12:00:01 PM"}
{"level":"\u001b[32minfo\u001b[39m","message":"(analysis) Inspecting posted comment 687f73e860148ac16dc929ca @ https://www.instagram.com/p/DMaCI6Xv_8_/ for user majesty___jewelry","timestamp":"12:00:01 PM"}
{"level":"\u001b[33mwarn\u001b[39m","message":"(analysis) Attempt 1 failed for 687f73e860148ac16dc929ca: Could not locate posted comment for majesty___jewelry: \"While Putin's actions may be revising Stalin's image, what if this 'revision' is actually a calculated attempt to downplay Soviet atrocities and deflect responsibility from Russia's own human rights abuses?\" on https://www.instagram.com/p/DMaCI6Xv_8_/. {\"message\":\"Could not find comment for majesty___jewelry: \\\"While Putin's actions may be revising Stalin's image, what if this 'revision' is actually a calculated attempt to downplay Soviet atrocities and deflect responsibility from Russia's own human rights abuses?\\\"\",\"elementsSearched\":1013,\"normalizedUsername\":\"majesty___jewelry\",\"normalizedCommentText\":\"while putin's actions may be revising stalin's image, what if this 'revision' is actually a calculated attempt to downplay soviet atrocities and deflect responsibility from russia's own human rights abuses?\"}","timestamp":"12:00:13 PM"}
{"level":"\u001b[32minfo\u001b[39m","message":"(analysis) retrying in 82919 ms","timestamp":"12:00:13 PM"}
{"level":"\u001b[33mwarn\u001b[39m","message":"(analysis) Attempt 2 failed for 687f73e860148ac16dc929ca: Could not locate posted comment for majesty___jewelry: \"While Putin's actions may be revising Stalin's image, what if this 'revision' is actually a calculated attempt to downplay Soviet atrocities and deflect responsibility from Russia's own human rights abuses?\" on https://www.instagram.com/p/DMaCI6Xv_8_/. {\"message\":\"Could not find comment for majesty___jewelry: \\\"While Putin's actions may be revising Stalin's image, what if this 'revision' is actually a calculated attempt to downplay Soviet atrocities and deflect responsibility from Russia's own human rights abuses?\\\"\",\"elementsSearched\":1013,\"normalizedUsername\":\"majesty___jewelry\",\"normalizedCommentText\":\"while putin's actions may be revising stalin's image, what if this 'revision' is actually a calculated attempt to downplay soviet atrocities and deflect responsibility from russia's own human rights abuses?\"}","timestamp":"12:01:48 PM"}
{"level":"\u001b[32minfo\u001b[39m","message":"(analysis) retrying in 65499 ms","timestamp":"12:01:48 PM"}
{"level":"\u001b[33mwarn\u001b[39m","message":"(analysis) Attempt 3 failed for 687f73e860148ac16dc929ca: Could not locate posted comment for majesty___jewelry: \"While Putin's actions may be revising Stalin's image, what if this 'revision' is actually a calculated attempt to downplay Soviet atrocities and deflect responsibility from Russia's own human rights abuses?\" on https://www.instagram.com/p/DMaCI6Xv_8_/. {\"message\":\"Could not find comment for majesty___jewelry: \\\"While Putin's actions may be revising Stalin's image, what if this 'revision' is actually a calculated attempt to downplay Soviet atrocities and deflect responsibility from Russia's own human rights abuses?\\\"\",\"elementsSearched\":1013,\"normalizedUsername\":\"majesty___jewelry\",\"normalizedCommentText\":\"while putin's actions may be revising stalin's image, what if this 'revision' is actually a calculated attempt to downplay soviet atrocities and deflect responsibility from russia's own human rights abuses?\"}","timestamp":"12:03:04 PM"}
{"level":"\u001b[32minfo\u001b[39m","message":"(analysis) Waiting 63920 ms before next item...","timestamp":"12:03:05 PM"}
{"level":"\u001b[32minfo\u001b[39m","message":"(analysis) Inspecting posted comment 687f74c960148ac16dc929cc @ https://www.instagram.com/p/DMaD5Igx694/ for user majesty___jewelry","timestamp":"12:04:09 PM"}
{"level":"\u001b[32minfo\u001b[39m","message":"(analysis) Found comment with 0 likes and 2 replies using class: xvbhtw8","timestamp":"12:04:20 PM"}
{"level":"\u001b[32minfo\u001b[39m","message":"(analysis) Updated 687f74c960148ac16dc929cc with likes=0, replies=2","timestamp":"12:04:20 PM"}
{"level":"\u001b[32minfo\u001b[39m","message":"(analysis) Waiting 70409 ms before next item...","timestamp":"12:04:20 PM"}
{"level":"\u001b[32minfo\u001b[39m","message":"Connected to MongoDB","timestamp":"12:11:45 PM"}
{"level":"\u001b[32minfo\u001b[39m","message":"Connected to MongoDB","timestamp":"12:11:45 PM"}
{"level":"\u001b[32minfo\u001b[39m","message":"Server running on port 3445","timestamp":"12:11:45 PM"}
{"level":"\u001b[32minfo\u001b[39m","message":"Instagram username already exists for user 683720529b99dc1e616b574d: majesty___jewelry","timestamp":"12:11:59 PM"}
{"level":"\u001b[32minfo\u001b[39m","maxPort":7000,"message":"Starting comment analysis for username: majesty___jewelry","minPort":6000,"timestamp":"12:11:59 PM"}
{"level":"\u001b[32minfo\u001b[39m","message":"(analysis) Proxy listening on 6564","timestamp":"12:11:59 PM"}
{"level":"\u001b[32minfo\u001b[39m","message":"(analysis) Logged in as majesty___jewelry","timestamp":"12:12:10 PM"}
{"level":"\u001b[32minfo\u001b[39m","message":"(analysis) Inspecting posted comment 687f760660148ac16dc929cf @ https://www.instagram.com/p/DMYRYPXSs8t/ for user majesty___jewelry","timestamp":"12:12:10 PM"}
{"level":"\u001b[32minfo\u001b[39m","message":"Connected to MongoDB","timestamp":"12:19:08 PM"}
{"level":"\u001b[32minfo\u001b[39m","message":"Connected to MongoDB","timestamp":"12:19:08 PM"}
{"level":"\u001b[32minfo\u001b[39m","message":"Server running on port 3445","timestamp":"12:19:08 PM"}
{"level":"\u001b[32minfo\u001b[39m","message":"Instagram username already exists for user 683720529b99dc1e616b574d: majesty___jewelry","timestamp":"12:20:08 PM"}
{"level":"\u001b[32minfo\u001b[39m","maxPort":7000,"message":"Starting comment analysis for username: majesty___jewelry","minPort":6000,"timestamp":"12:20:08 PM"}
{"level":"\u001b[32minfo\u001b[39m","message":"(analysis) Proxy listening on 6763","timestamp":"12:20:08 PM"}
{"level":"\u001b[32minfo\u001b[39m","message":"(analysis) Logged in as majesty___jewelry","timestamp":"12:20:18 PM"}
{"level":"\u001b[32minfo\u001b[39m","message":"(analysis) Inspecting posted comment 687f760660148ac16dc929cf @ https://www.instagram.com/p/DMYRYPXSs8t/ for user majesty___jewelry","timestamp":"12:20:18 PM"}
{"level":"\u001b[33mwarn\u001b[39m","message":"(analysis) Attempt 1 failed for 687f760660148ac16dc929cf: Could not locate posted comment for majesty___jewelry: \"This system's design seems to be exacerbating existing tensions, rather than addressing the root causes of hunger. How can we shift focus from 'distributing aid' to 'building sustainable infrastructure for Gaza's economy and agriculture?\" on https://www.instagram.com/p/DMYRYPXSs8t/. Could not find comment for majesty___jewelry: \"This system's design seems to be exacerbating existing tensions, rather than addressing the root causes of hunger. How can we shift focus from 'distributing aid' to 'building sustainable infrastructure for Gaza's economy and agriculture?\"","timestamp":"12:20:40 PM"}
{"level":"\u001b[32minfo\u001b[39m","message":"(analysis) retrying in 57408 ms","timestamp":"12:20:40 PM"}
{"level":"\u001b[32minfo\u001b[39m","message":"Connected to MongoDB","timestamp":"12:22:54 PM"}
{"level":"\u001b[32minfo\u001b[39m","message":"Connected to MongoDB","timestamp":"12:22:54 PM"}
{"level":"\u001b[32minfo\u001b[39m","message":"Server running on port 3445","timestamp":"12:22:54 PM"}
{"level":"\u001b[32minfo\u001b[39m","message":"Instagram username already exists for user 683720529b99dc1e616b574d: majesty___jewelry","timestamp":"12:23:03 PM"}
{"level":"\u001b[32minfo\u001b[39m","maxPort":7000,"message":"Starting comment analysis for username: majesty___jewelry","minPort":6000,"timestamp":"12:23:03 PM"}
{"level":"\u001b[32minfo\u001b[39m","message":"(analysis) Proxy listening on 6330","timestamp":"12:23:03 PM"}
{"level":"\u001b[32minfo\u001b[39m","message":"(analysis) Logged in as majesty___jewelry","timestamp":"12:23:11 PM"}
{"level":"\u001b[32minfo\u001b[39m","message":"(analysis) Inspecting posted comment 687f760660148ac16dc929cf @ https://www.instagram.com/p/DMYRYPXSs8t/ for user majesty___jewelry","timestamp":"12:23:11 PM"}
{"level":"\u001b[33mwarn\u001b[39m","message":"(analysis) Attempt 1 failed for 687f760660148ac16dc929cf: Could not locate posted comment for majesty___jewelry: \"This system's design seems to be exacerbating existing tensions, rather than addressing the root causes of hunger. How can we shift focus from 'distributing aid' to 'building sustainable infrastructure for Gaza's economy and agriculture?\" on https://www.instagram.com/p/DMYRYPXSs8t/. Could not find comment for majesty___jewelry: \"This system's design seems to be exacerbating existing tensions, rather than addressing the root causes of hunger. How can we shift focus from 'distributing aid' to 'building sustainable infrastructure for Gaza's economy and agriculture?\"","timestamp":"12:23:16 PM"}
{"level":"\u001b[32minfo\u001b[39m","message":"(analysis) retrying in 46273 ms","timestamp":"12:23:16 PM"}
{"level":"\u001b[32minfo\u001b[39m","message":"Connected to MongoDB","timestamp":"12:24:58 PM"}
{"level":"\u001b[32minfo\u001b[39m","message":"Connected to MongoDB","timestamp":"12:24:58 PM"}
{"level":"\u001b[32minfo\u001b[39m","message":"Server running on port 3445","timestamp":"12:24:58 PM"}
{"level":"\u001b[32minfo\u001b[39m","message":"Instagram username already exists for user 683720529b99dc1e616b574d: majesty___jewelry","timestamp":"12:25:10 PM"}
{"level":"\u001b[32minfo\u001b[39m","maxPort":7000,"message":"Starting comment analysis for username: majesty___jewelry","minPort":6000,"timestamp":"12:25:10 PM"}
{"level":"\u001b[32minfo\u001b[39m","message":"(analysis) Proxy listening on 6790","timestamp":"12:25:10 PM"}
{"level":"\u001b[32minfo\u001b[39m","message":"(analysis) Logged in as majesty___jewelry","timestamp":"12:25:18 PM"}
{"level":"\u001b[32minfo\u001b[39m","message":"(analysis) Inspecting posted comment 687f760660148ac16dc929cf @ https://www.instagram.com/p/DMYRYPXSs8t/ for user majesty___jewelry","timestamp":"12:25:18 PM"}
{"level":"\u001b[32minfo\u001b[39m","message":"(analysis) Found comment with 0 likes and 1 replies","timestamp":"12:25:23 PM"}
{"level":"\u001b[32minfo\u001b[39m","message":"(analysis) Updated 687f760660148ac16dc929cf with likes=0, replies=1","timestamp":"12:25:23 PM"}
{"level":"\u001b[32minfo\u001b[39m","message":"(analysis) Waiting 50302 ms before next item...","timestamp":"12:25:23 PM"}
{"level":"\u001b[32minfo\u001b[39m","message":"(analysis) Inspecting posted comment 687f8f2e505a6ad921f350fe @ https://www.instagram.com/p/DMaCI6Xv_8_/ for user majesty___jewelry","timestamp":"12:26:14 PM"}
{"level":"\u001b[33mwarn\u001b[39m","message":"(analysis) Attempt 1 failed for 687f8f2e505a6ad921f350fe: Could not locate posted comment for majesty___jewelry: \"While it's true that Stalin's image has been reevaluated under Putin, what if this 'revision' serves as a distraction from current authoritarian practices?\" on https://www.instagram.com/p/DMaCI6Xv_8_/. Could not find comment for majesty___jewelry: \"While it's true that Stalin's image has been reevaluated under Putin, what if this 'revision' serves as a distraction from current authoritarian practices?\"","timestamp":"12:26:19 PM"}
{"level":"\u001b[32minfo\u001b[39m","message":"(analysis) retrying in 74425 ms","timestamp":"12:26:19 PM"}
{"level":"\u001b[33mwarn\u001b[39m","message":"(analysis) Attempt 2 failed for 687f8f2e505a6ad921f350fe: Could not locate posted comment for majesty___jewelry: \"While it's true that Stalin's image has been reevaluated under Putin, what if this 'revision' serves as a distraction from current authoritarian practices?\" on https://www.instagram.com/p/DMaCI6Xv_8_/. Could not find comment for majesty___jewelry: \"While it's true that Stalin's image has been reevaluated under Putin, what if this 'revision' serves as a distraction from current authoritarian practices?\"","timestamp":"12:27:39 PM"}
{"level":"\u001b[32minfo\u001b[39m","message":"(analysis) retrying in 59072 ms","timestamp":"12:27:39 PM"}
{"level":"\u001b[33mwarn\u001b[39m","message":"(analysis) Attempt 3 failed for 687f8f2e505a6ad921f350fe: Could not locate posted comment for majesty___jewelry: \"While it's true that Stalin's image has been reevaluated under Putin, what if this 'revision' serves as a distraction from current authoritarian practices?\" on https://www.instagram.com/p/DMaCI6Xv_8_/. Could not find comment for majesty___jewelry: \"While it's true that Stalin's image has been reevaluated under Putin, what if this 'revision' serves as a distraction from current authoritarian practices?\"","timestamp":"12:28:44 PM"}
{"level":"\u001b[32minfo\u001b[39m","message":"(analysis) Waiting 45918 ms before next item...","timestamp":"12:28:44 PM"}
{"level":"\u001b[32minfo\u001b[39m","message":"(analysis) Inspecting posted comment 683724899b99dc1e616b575b @ https://www.instagram.com/p/DKKo6gtS_hE/ for user majesty___jewelry","timestamp":"12:29:30 PM"}
{"level":"\u001b[32minfo\u001b[39m","message":"(analysis) Found comment with 0 likes and 1 replies","timestamp":"12:29:36 PM"}
{"level":"\u001b[32minfo\u001b[39m","message":"(analysis) Updated 683724899b99dc1e616b575b with likes=0, replies=1","timestamp":"12:29:36 PM"}
{"level":"\u001b[32minfo\u001b[39m","message":"(analysis) Waiting 72287 ms before next item...","timestamp":"12:29:36 PM"}
{"level":"\u001b[32minfo\u001b[39m","message":"Connected to MongoDB","timestamp":"3:19:53 PM"}
{"level":"\u001b[32minfo\u001b[39m","message":"Connected to MongoDB","timestamp":"3:19:53 PM"}
{"level":"\u001b[32minfo\u001b[39m","message":"Server running on port 3445","timestamp":"3:19:53 PM"}
{"level":"\u001b[32minfo\u001b[39m","message":"Instagram username already exists for user 683720529b99dc1e616b574d: majesty___jewelry","timestamp":"3:20:03 PM"}
{"level":"\u001b[32minfo\u001b[39m","maxPort":7000,"message":"Starting comment analysis for username: majesty___jewelry","minPort":6000,"timestamp":"3:20:03 PM"}
{"level":"\u001b[32minfo\u001b[39m","message":"(analysis) Proxy listening on 6563","timestamp":"3:20:03 PM"}
{"level":"\u001b[32minfo\u001b[39m","message":"(analysis) Logged in as majesty___jewelry","timestamp":"3:20:17 PM"}
{"level":"\u001b[32minfo\u001b[39m","message":"(analysis) Inspecting posted comment 68387112e794c6db21715e6a @ https://www.instagram.com/p/DKPXDzUN2ox/ for user majesty___jewelry","timestamp":"3:20:17 PM"}
{"level":"\u001b[33mwarn\u001b[39m","message":"(analysis) Attempt 1 failed for 68387112e794c6db21715e6a: Comment not found: Could not find comment for majesty___jewelry: \"Musk unleashes AI beast on Telegram\"","timestamp":"3:20:22 PM"}
{"level":"\u001b[32minfo\u001b[39m","message":"(analysis) retrying in 47178 ms","timestamp":"3:20:22 PM"}
{"level":"\u001b[33mwarn\u001b[39m","message":"(analysis) Attempt 2 failed for 68387112e794c6db21715e6a: Comment not found: Could not find comment for majesty___jewelry: \"Musk unleashes AI beast on Telegram\"","timestamp":"3:21:15 PM"}
{"level":"\u001b[32minfo\u001b[39m","message":"(analysis) retrying in 96724 ms","timestamp":"3:21:15 PM"}
{"level":"\u001b[33mwarn\u001b[39m","message":"(analysis) Attempt 3 failed for 68387112e794c6db21715e6a: Comment not found: Could not find comment for majesty___jewelry: \"Musk unleashes AI beast on Telegram\"","timestamp":"3:22:59 PM"}
{"level":"\u001b[32minfo\u001b[39m","message":"(analysis) Waiting 64649 ms before next item...","timestamp":"3:22:59 PM"}
{"level":"\u001b[32minfo\u001b[39m","message":"(analysis) Inspecting posted comment 6838747fe794c6db21715e70 @ https://www.instagram.com/p/DKNfsKkRG-n/ for user majesty___jewelry","timestamp":"3:24:04 PM"}
{"level":"\u001b[32minfo\u001b[39m","message":"(analysis) Updated 6838747fe794c6db21715e70 with likes=1119, replies=32","timestamp":"3:24:14 PM"}
{"level":"\u001b[32minfo\u001b[39m","message":"(analysis) Waiting 40657 ms before next item...","timestamp":"3:24:14 PM"}
{"level":"\u001b[32minfo\u001b[39m","message":"Connected to MongoDB","timestamp":"3:38:28 PM"}
{"level":"\u001b[32minfo\u001b[39m","message":"Connected to MongoDB","timestamp":"3:38:28 PM"}
{"level":"\u001b[32minfo\u001b[39m","message":"Server running on port 3445","timestamp":"3:38:28 PM"}
{"level":"\u001b[32minfo\u001b[39m","message":"Instagram username already exists for user 683720529b99dc1e616b574d: majesty___jewelry","timestamp":"3:38:48 PM"}
{"level":"\u001b[32minfo\u001b[39m","maxPort":7000,"message":"Starting comment analysis for username: majesty___jewelry","minPort":6000,"timestamp":"3:38:48 PM"}
{"level":"\u001b[32minfo\u001b[39m","message":"(analysis) Proxy listening on 6094","timestamp":"3:38:48 PM"}
{"level":"\u001b[32minfo\u001b[39m","message":"(analysis) Logged in as majesty___jewelry","timestamp":"3:38:56 PM"}
{"level":"\u001b[32minfo\u001b[39m","message":"(analysis) Inspecting posted comment 683987a07a5ecbaae2dff89e @ https://www.instagram.com/p/DKMd5MBJ6Ym/ for user majesty___jewelry","timestamp":"3:38:57 PM"}
{"level":"\u001b[33mwarn\u001b[39m","message":"(analysis) Attempt 1 failed for 683987a07a5ecbaae2dff89e: desc.className.split is not a function\npptr:evaluate;_analyzeOnePostedComment%20(C%3A%5CUsers%5Cadmin%5CDesktop%5Cepi-engage%5Criona_ai-main%5Csrc%5Ccontrollers%5Canalyse.ts%3A150%3A31):20:36","timestamp":"3:39:02 PM"}
{"level":"\u001b[32minfo\u001b[39m","message":"(analysis) retrying in 67513 ms","timestamp":"3:39:02 PM"}
{"level":"\u001b[32minfo\u001b[39m","message":"Connected to MongoDB","timestamp":"3:39:49 PM"}
{"level":"\u001b[32minfo\u001b[39m","message":"Connected to MongoDB","timestamp":"3:39:49 PM"}
{"level":"\u001b[32minfo\u001b[39m","message":"Server running on port 3445","timestamp":"3:39:49 PM"}
{"level":"\u001b[32minfo\u001b[39m","message":"Instagram username already exists for user 683720529b99dc1e616b574d: majesty___jewelry","timestamp":"3:39:56 PM"}
{"level":"\u001b[32minfo\u001b[39m","maxPort":7000,"message":"Starting comment analysis for username: majesty___jewelry","minPort":6000,"timestamp":"3:39:57 PM"}
{"level":"\u001b[32minfo\u001b[39m","message":"(analysis) Proxy listening on 6199","timestamp":"3:39:57 PM"}
{"level":"\u001b[32minfo\u001b[39m","message":"(analysis) Logged in as majesty___jewelry","timestamp":"3:40:05 PM"}
{"level":"\u001b[32minfo\u001b[39m","message":"(analysis) Inspecting posted comment 683987a07a5ecbaae2dff89e @ https://www.instagram.com/p/DKMd5MBJ6Ym/ for user majesty___jewelry","timestamp":"3:40:05 PM"}
{"level":"\u001b[32minfo\u001b[39m","message":"(analysis) Updated 683987a07a5ecbaae2dff89e with likes=9502, replies=31","timestamp":"3:40:11 PM"}
{"level":"\u001b[32minfo\u001b[39m","message":"(analysis) Waiting 41602 ms before next item...","timestamp":"3:40:11 PM"}
{"level":"\u001b[32minfo\u001b[39m","message":"Connected to MongoDB","timestamp":"3:43:40 PM"}
{"level":"\u001b[32minfo\u001b[39m","message":"Connected to MongoDB","timestamp":"3:43:40 PM"}
{"level":"\u001b[32minfo\u001b[39m","message":"Server running on port 3445","timestamp":"3:43:40 PM"}
{"level":"\u001b[32minfo\u001b[39m","message":"Instagram username already exists for user 683720529b99dc1e616b574d: majesty___jewelry","timestamp":"3:43:49 PM"}
{"level":"\u001b[32minfo\u001b[39m","maxPort":7000,"message":"Starting comment analysis for username: majesty___jewelry","minPort":6000,"timestamp":"3:43:49 PM"}
{"level":"\u001b[32minfo\u001b[39m","message":"(analysis) Proxy listening on 6240","timestamp":"3:43:49 PM"}
{"level":"\u001b[32minfo\u001b[39m","message":"(analysis) Logged in as majesty___jewelry","timestamp":"3:43:57 PM"}
{"level":"\u001b[32minfo\u001b[39m","message":"(analysis) Inspecting posted comment 687692877760a5c788133b92 @ https://www.instagram.com/p/DL52LsTttno/ for user majesty___jewelry","timestamp":"3:43:57 PM"}
{"level":"\u001b[32minfo\u001b[39m","message":"(analysis) Found comment div - Class: \"\", ID: \"mount_0_0_et\", Tag: \"DIV\"","timestamp":"3:44:03 PM"}
{"level":"\u001b[32minfo\u001b[39m","message":"(analysis) Comment text preview: \"bloombergbusinessVerified•FollowingMore optionsbloombergbusinessVerified 8wWhen devastating rainstor...\"","timestamp":"3:44:03 PM"}
{"level":"\u001b[32minfo\u001b[39m","message":"(analysis) Successfully analyzed comment - Likes: 1451, Replies: 21","timestamp":"3:44:03 PM"}
{"level":"\u001b[32minfo\u001b[39m","message":"(analysis) Comment container class: \"xvc5jky xh8yej3 x10o80wk x14k21rp x17snn68 x6osk4m x1porb0y x8vgawa\"","timestamp":"3:44:03 PM"}
{"level":"\u001b[32minfo\u001b[39m","message":"(analysis) CSS path: body._ar45.system-fonts--body.segoe > div#mount_0_0_et > div > div > div.x9f619.x1n2onr6.x1ja2u2z:nth-of-type(2) > div.x78zum5.xdt5ytf.x1n2onr6.x1ja2u2z > div.x78zum5.xdt5ytf.x1n2onr6.xat3117.xxzkxad > div.x78zum5.xdt5ytf.x1t2pt76.x1n2onr6.x1ja2u2z.x10cihs4:nth-of-type(1) > div.html-div.xdj266r.x14z9mp.xat24cr.x1lziwak.xexx8yu.xyri2b.x18d9i69.x1c1uobl.x9f619.x16ye13r.xvbhtw8.x78zum5.x15mokao.x1ga7v0g.x16uus16.xbiv7yw.x1uhb9sk.x1plvlek.xryxfnj.x1c4vz4f.x2lah0s.x1q0g3np.xqjyukv.x1qjc9v5.x1oa3qoh.x1qughib:nth-of-type(1) > div.xvc5jky.xh8yej3.x10o80wk.x14k21rp.x17snn68.x6osk4m.x1porb0y.x8vgawa:nth-of-type(1)","timestamp":"3:44:03 PM"}
{"level":"\u001b[32minfo\u001b[39m","message":"(analysis) Updated 687692877760a5c788133b92 with likes=1451, replies=21","timestamp":"3:44:03 PM"}
{"level":"\u001b[32minfo\u001b[39m","message":"(analysis) Waiting 65752 ms before next item...","timestamp":"3:44:03 PM"}
{"level":"\u001b[32minfo\u001b[39m","message":"Connected to MongoDB","timestamp":"3:57:08 PM"}
{"level":"\u001b[32minfo\u001b[39m","message":"Connected to MongoDB","timestamp":"3:57:08 PM"}
{"level":"\u001b[32minfo\u001b[39m","message":"Server running on port 3445","timestamp":"3:57:08 PM"}
{"level":"\u001b[32minfo\u001b[39m","message":"Instagram username already exists for user 683720529b99dc1e616b574d: majesty___jewelry","timestamp":"3:57:17 PM"}
{"level":"\u001b[32minfo\u001b[39m","maxPort":7000,"message":"Starting comment analysis for username: majesty___jewelry","minPort":6000,"timestamp":"3:57:17 PM"}
{"level":"\u001b[32minfo\u001b[39m","message":"(analysis) Proxy listening on 6234","timestamp":"3:57:17 PM"}
{"level":"\u001b[32minfo\u001b[39m","message":"(analysis) Logged in as majesty___jewelry","timestamp":"3:57:26 PM"}
{"level":"\u001b[32minfo\u001b[39m","message":"(analysis) Inspecting posted comment 687695ab7760a5c788133b94 @ https://www.instagram.com/p/DMGiFNXPVvG/ for user majesty___jewelry","timestamp":"3:57:26 PM"}
{"level":"\u001b[32minfo\u001b[39m","message":"(analysis) Found COMMENT DIV - Class: \"\", ID: \"null\", Tag: \"DIV\", TextLength: 160","timestamp":"3:57:33 PM"}
{"level":"\u001b[32minfo\u001b[39m","message":"(analysis) Found PARENT DIV - Class: \"html-div xdj266r x14z9mp xat24cr x1lziwak xexx8yu xyri2b x18d9i69 x1c1uobl x9f619 xjbqb8w x78zum5 x15mokao x1ga7v0g x16uus16 xbiv7yw x1uhb9sk x1plvlek xryxfnj x1iyjqo2 x2lwn1j xeuugli xdt5ytf xqjyukv x1qjc9v5 x1oa3qoh x1nhvcw1\", ID: \"null\", Tag: \"DIV\", TextLength: 171","timestamp":"3:57:33 PM"}
{"level":"\u001b[32minfo\u001b[39m","message":"(analysis) Comment text preview: \"majesty___jewelry 7wWhat if this violent storm isn't just a freak occurrence, but rather a harbinger of deeper climate-related issues that need to be ...\"","timestamp":"3:57:33 PM"}
{"level":"\u001b[32minfo\u001b[39m","message":"(analysis) Successfully analyzed comment - Likes: 0, Replies: 2","timestamp":"3:57:34 PM"}
{"level":"\u001b[32minfo\u001b[39m","message":"(analysis) Comment container class: \"\"","timestamp":"3:57:34 PM"}
{"level":"\u001b[32minfo\u001b[39m","message":"(analysis) CSS path: body._ar45.system-fonts--body.segoe > div#mount_0_0_Bv > div > div > div.x9f619.x1n2onr6.x1ja2u2z:nth-of-type(2) > div.x78zum5.xdt5ytf.x1n2onr6.x1ja2u2z > div.x78zum5.xdt5ytf.x1n2onr6.xat3117.xxzkxad > div.x78zum5.xdt5ytf.x1t2pt76.x1n2onr6.x1ja2u2z.x10cihs4:nth-of-type(1) > div.html-div.xdj266r.x14z9mp.xat24cr.x1lziwak.xexx8yu.xyri2b.x18d9i69.x1c1uobl.x9f619.x16ye13r.xvbhtw8.x78zum5.x15mokao.x1ga7v0g.x16uus16.xbiv7yw.x1uhb9sk.x1plvlek.xryxfnj.x1c4vz4f.x2lah0s.x1q0g3np.xqjyukv.x1qjc9v5.x1oa3qoh.x1qughib:nth-of-type(1) > div.xvc5jky.xh8yej3.x10o80wk.x14k21rp.x17snn68.x6osk4m.x1porb0y.x8vgawa:nth-of-type(1) > section.x78zum5.xdt5ytf.x1iyjqo2.xg6iff7 > main.xvbhtw8.x78zum5.xdt5ytf.x1iyjqo2.xl56j7k > div.x1iyjqo2.xdj266r.x11t971q.xvc5jky.x1yztbdb.x1ykew4q.xs9x0gt.x1xnnf8n.x18d9i69.x106a9eq.x19sv2k2.xt0jiz3.xzakr58.x1m1r3dp.xul9lc3.x1yj74s3 > div.x6s0dn4.x78zum5.xdt5ytf.xdj266r.x11t971q.xat24cr.xvc5jky.x1n2onr6.xh8yej3:nth-of-type(1) > div.x1yvgwvq.xjd31um.x1ixjvfu.xwt6s21.x13fuv20.x18b5jzi.x1q0q8m5.x1t7ytsu.x178xt8z.x1lun4ml.xso031l.xpilrb4.x78zum5.x1q0g3np.xh8yej3 > div.x4h1yfo:nth-of-type(2) > div.xvbhtw8.x78zum5.xdt5ytf.x5yr21d.x1n2onr6.xh8yej3 > div.x5yr21d.xw2csxc.x1odjw0f.x1n2onr6:nth-of-type(2) > div.x9f619.x78zum5.xdt5ytf.x5yr21d.xexx8yu.xv54qhq.x1l90r2v.xf7dkkf.x10l6tqk.xh8yej3 > div.x78zum5.xdt5ytf.x1iyjqo2:nth-of-type(2) > div.html-div.xdj266r.x14z9mp.xat24cr.x1lziwak.xexx8yu.xyri2b.x18d9i69.x1c1uobl.x9f619.xjbqb8w.x78zum5.x15mokao.x1ga7v0g.x16uus16.xbiv7yw.x1uhb9sk.x1plvlek.xryxfnj.x1c4vz4f.x2lah0s.xdt5ytf.xqjyukv.x1qjc9v5.x1oa3qoh.x1nhvcw1:nth-of-type(1) > div > div.html-div.xdj266r.x14z9mp.xat24cr.x1lziwak.xyri2b.x1c1uobl.x9f619.xjbqb8w.x78zum5.x15mokao.x1ga7v0g.x16uus16.xbiv7yw.xsag5q8.xz9dl7a.x1uhb9sk.x1plvlek.xryxfnj.x1c4vz4f.x2lah0s.x1q0g3np.xqjyukv.x1qjc9v5.x1oa3qoh.x1nhvcw1 > div.html-div.xdj266r.x14z9mp.xat24cr.x1lziwak.xexx8yu.xyri2b.x18d9i69.x1c1uobl.x9f619.xjbqb8w.x78zum5.x15mokao.x1ga7v0g.x16uus16.xbiv7yw.x1uhb9sk.x1plvlek.xryxfnj.x1iyjqo2.x2lwn1j.xeuugli.x1q0g3np.xqjyukv.x1qjc9v5.x1oa3qoh.x1nhvcw1:nth-of-type(2) > div.html-div.xdj266r.x14z9mp.xat24cr.x1lziwak.xexx8yu.xyri2b.x18d9i69.x1c1uobl.x9f619.xjbqb8w.x78zum5.x15mokao.x1ga7v0g.x16uus16.xbiv7yw.x1uhb9sk.x1plvlek.xryxfnj.x1iyjqo2.x2lwn1j.xeuugli.xdt5ytf.xqjyukv.x1qjc9v5.x1oa3qoh.x1nhvcw1:nth-of-type(1) > div:nth-of-type(1)","timestamp":"3:57:34 PM"}
{"level":"\u001b[32minfo\u001b[39m","message":"(analysis) Updated 687695ab7760a5c788133b94 with likes=0, replies=2","timestamp":"3:57:34 PM"}
{"level":"\u001b[32minfo\u001b[39m","message":"(analysis) Waiting 31965 ms before next item...","timestamp":"3:57:34 PM"}
{"level":"\u001b[32minfo\u001b[39m","message":"Connected to MongoDB","timestamp":"4:07:30 PM"}
{"level":"\u001b[32minfo\u001b[39m","message":"Connected to MongoDB","timestamp":"4:07:31 PM"}
{"level":"\u001b[32minfo\u001b[39m","message":"Server running on port 3445","timestamp":"4:07:31 PM"}
{"level":"\u001b[32minfo\u001b[39m","message":"Instagram username already exists for user 683720529b99dc1e616b574d: majesty___jewelry","timestamp":"4:07:38 PM"}
{"level":"\u001b[32minfo\u001b[39m","maxPort":7000,"message":"Starting comment analysis for username: majesty___jewelry","minPort":6000,"timestamp":"4:07:38 PM"}
{"level":"\u001b[32minfo\u001b[39m","message":"(analysis) Proxy listening on 6484","timestamp":"4:07:38 PM"}
{"level":"\u001b[32minfo\u001b[39m","message":"(analysis) Logged in as majesty___jewelry","timestamp":"4:07:47 PM"}
{"level":"\u001b[32minfo\u001b[39m","message":"(analysis) Inspecting posted comment 68769b287760a5c788133b97 @ https://www.instagram.com/p/DL5CMT9MQqA/ for user majesty___jewelry","timestamp":"4:07:47 PM"}
{"level":"\u001b[32minfo\u001b[39m","message":"(analysis) Found COMMENT DIV - Class: \"\", ID: \"\"","timestamp":"4:07:53 PM"}
{"level":"\u001b[32minfo\u001b[39m","message":"(analysis) Comment text preview: \"majesty___jewelry 7wAs a community, can we also explore the intersection of weather modification and urban planning? How might our cities' infrastruct...\"","timestamp":"4:07:53 PM"}
{"level":"\u001b[32minfo\u001b[39m","message":"(analysis) Successfully analyzed comment - Likes: 0, Replies: 2","timestamp":"4:07:53 PM"}
{"level":"\u001b[32minfo\u001b[39m","message":"(analysis) Updated 68769b287760a5c788133b97 with likes=0, replies=2","timestamp":"4:07:53 PM"}
{"level":"\u001b[32minfo\u001b[39m","message":"(analysis) Waiting 65321 ms before next item...","timestamp":"4:07:53 PM"}
{"level":"\u001b[32minfo\u001b[39m","message":"Connected to MongoDB","timestamp":"4:17:16 PM"}
{"level":"\u001b[32minfo\u001b[39m","message":"Connected to MongoDB","timestamp":"4:17:16 PM"}
{"level":"\u001b[32minfo\u001b[39m","message":"Server running on port 3445","timestamp":"4:17:16 PM"}
{"level":"\u001b[32minfo\u001b[39m","message":"Instagram username already exists for user 683720529b99dc1e616b574d: majesty___jewelry","timestamp":"4:17:25 PM"}
{"level":"\u001b[32minfo\u001b[39m","maxPort":7000,"message":"Starting comment analysis for username: majesty___jewelry","minPort":6000,"timestamp":"4:17:25 PM"}
{"level":"\u001b[32minfo\u001b[39m","message":"(analysis) Proxy listening on 6354","timestamp":"4:17:25 PM"}
{"level":"\u001b[32minfo\u001b[39m","message":"(analysis) Logged in as majesty___jewelry","timestamp":"4:17:37 PM"}
{"level":"\u001b[32minfo\u001b[39m","message":"(analysis) Inspecting posted comment 68769b937760a5c788133b9a @ https://www.instagram.com/p/DMFtAD6Ow_J/ for user majesty___jewelry","timestamp":"4:17:38 PM"}
{"level":"\u001b[32minfo\u001b[39m","message":"(analysis) COMMENT DIV class: \"\"","timestamp":"4:17:44 PM"}
{"level":"\u001b[32minfo\u001b[39m","message":"(analysis) PARENT DIV  class: \"x1iyjqo2 xh8yej3\"","timestamp":"4:17:44 PM"}
{"level":"\u001b[32minfo\u001b[39m","message":"(analysis) Comment CSS path: body._ar45.system-fonts--body.segoe > div#mount_0_0_nq > div > div > div.x9f619.x1n2onr6.x1ja2u2z:nth-of-type(2) > div.x78zum5.xdt5ytf.x1n2onr6.x1ja2u2z > div.x78zum5.xdt5ytf.x1n2onr6.xat3117.xxzkxad > div.x78zum5.xdt5ytf.x1t2pt76.x1n2onr6.x1ja2u2z.x10cihs4:nth-of-type(1) > div.html-div.xdj266r.x14z9mp.xat24cr.x1lziwak.xexx8yu.xyri2b.x18d9i69.x1c1uobl.x9f619.x16ye13r.xvbhtw8.x78zum5.x15mokao.x1ga7v0g.x16uus16.xbiv7yw.x1uhb9sk.x1plvlek.xryxfnj.x1c4vz4f.x2lah0s.x1q0g3np.xqjyukv.x1qjc9v5.x1oa3qoh.x1qughib:nth-of-type(1) > div.html-div.xdj266r.x14z9mp.xat24cr.x1lziwak.xexx8yu.xyri2b.x18d9i69.x1c1uobl.x9f619.xjbqb8w.x78zum5.x15mokao.x1ga7v0g.x16uus16.xbiv7yw.xixxii4.x13vifvy.x1plvlek.xryxfnj.x1c4vz4f.x2lah0s.xdt5ytf.xqjyukv.x1qjc9v5.x1oa3qoh.x1nhvcw1.x1dr59a3.xeq5yr9.x1n327nk:nth-of-type(2) > div.x1uvtmcs.x4k7w5x.x1h91t0o.x1beo9mf.xaigb6o.x12ejxvf.x3igimt.xarpa2k.xedcshv.x1lytzrv.x1t2pt76.x7ja8zs.x1n2onr6.x1qrby5j.x1jfb8zj > div.x78zum5.x1q0g3np.x1gvbg2u.x1qughib.x1n2onr6.xleuxlb.xxfw5ft.x1mh60rb.x1f91t4q > div.x6usi7g.x18b5jzi.x1lun4ml.x1vjfegm > div.x1xgvd2v.x1o5hw5a.xaeubzz.x1cy8zhl.xvbhtw8.x9f619.x78zum5.xdt5ytf.x1gvbg2u.x1y1aw1k.xpdmqnj.xx6bls6.x1g0dm76 > div.x1iyjqo2.xh8yej3:nth-of-type(2) > div:nth-of-type(9)","timestamp":"4:17:44 PM"}
{"level":"\u001b[32minfo\u001b[39m","message":"(analysis) Likes=0, Replies=0","timestamp":"4:17:44 PM"}
{"level":"\u001b[32minfo\u001b[39m","message":"(analysis) Updated 68769b937760a5c788133b9a with likes=0, replies=0","timestamp":"4:17:44 PM"}
{"level":"\u001b[32minfo\u001b[39m","message":"(analysis) Waiting 56229 ms before next item...","timestamp":"4:17:44 PM"}
{"level":"\u001b[32minfo\u001b[39m","message":"Connected to MongoDB","timestamp":"4:28:40 PM"}
{"level":"\u001b[32minfo\u001b[39m","message":"Connected to MongoDB","timestamp":"4:28:41 PM"}
{"level":"\u001b[32minfo\u001b[39m","message":"Server running on port 3445","timestamp":"4:28:41 PM"}
{"level":"\u001b[32minfo\u001b[39m","message":"Instagram username already exists for user 683720529b99dc1e616b574d: majesty___jewelry","timestamp":"4:28:57 PM"}
{"level":"\u001b[32minfo\u001b[39m","maxPort":7000,"message":"Starting comment analysis for username: majesty___jewelry","minPort":6000,"timestamp":"4:28:57 PM"}
{"level":"\u001b[32minfo\u001b[39m","message":"(analysis) Proxy listening on 6746","timestamp":"4:28:57 PM"}
{"level":"\u001b[32minfo\u001b[39m","message":"(analysis) Logged in as majesty___jewelry","timestamp":"4:29:07 PM"}
{"level":"\u001b[32minfo\u001b[39m","message":"(analysis) Inspecting posted comment 6876a10e7760a5c788133b9c @ https://www.instagram.com/p/DL-hFP3v_P2/ for user majesty___jewelry","timestamp":"4:29:07 PM"}
{"level":"\u001b[32minfo\u001b[39m","message":"(analysis) Updated 6876a10e7760a5c788133b9c with likes=6738, replies=32","timestamp":"4:29:15 PM"}
{"level":"\u001b[32minfo\u001b[39m","message":"(analysis) Waiting 58930 ms before next item...","timestamp":"4:29:15 PM"}
{"level":"\u001b[32minfo\u001b[39m","message":"Connected to MongoDB","timestamp":"4:38:14 PM"}
{"level":"\u001b[32minfo\u001b[39m","message":"Connected to MongoDB","timestamp":"4:38:14 PM"}
{"level":"\u001b[32minfo\u001b[39m","message":"Server running on port 3445","timestamp":"4:38:14 PM"}
{"level":"\u001b[32minfo\u001b[39m","message":"Instagram username already exists for user 683720529b99dc1e616b574d: majesty___jewelry","timestamp":"4:38:25 PM"}
{"level":"\u001b[32minfo\u001b[39m","maxPort":7000,"message":"Starting comment analysis for username: majesty___jewelry","minPort":6000,"timestamp":"4:38:25 PM"}
{"level":"\u001b[32minfo\u001b[39m","message":"(analysis) Proxy listening on 6411","timestamp":"4:38:25 PM"}
{"level":"\u001b[32minfo\u001b[39m","message":"(analysis) Logged in as majesty___jewelry","timestamp":"4:38:34 PM"}
{"level":"\u001b[32minfo\u001b[39m","message":"(analysis) Inspecting posted comment 6876a2967760a5c788133b9d @ https://www.instagram.com/p/DMFlu-FgtcM/ for user majesty___jewelry","timestamp":"4:38:34 PM"}
{"level":"\u001b[32minfo\u001b[39m","message":"(analysis) commentDivClass=\"xvc5jky xh8yej3 x10o80wk x14k21rp x17snn68 x6osk4m x1porb0y x8vgawa\" | parentDivClass=\"html-div xdj266r x14z9mp xat24cr x1lziwak xexx8yu xyri2b x18d9i69 x1c1uobl x9f619 x16ye13r xvbhtw8 x78zum5 x15mokao x1ga7v0g x16uus16 xbiv7yw x1uhb9sk x1plvlek xryxfnj x1c4vz4f x2lah0s x1q0g3np xqjyukv x1qjc9v5 x1oa3qoh x1qughib\" | css=\"body._ar45.system-fonts--body.segoe > div#mount_0_0_MP > div > div > div.x9f619.x1n2onr6.x1ja2u2z:nth-of-type(2) > div.x78zum5.xdt5ytf.x1n2onr6.x1ja2u2z > div.x78zum5.xdt5ytf.x1n2onr6.xat3117.xxzkxad > div.x78zum5.xdt5ytf.x1t2pt76.x1n2onr6.x1ja2u2z.x10cihs4:nth-of-type(1) > div.html-div.xdj266r.x14z9mp.xat24cr.x1lziwak.xexx8yu.xyri2b.x18d9i69.x1c1uobl.x9f619.x16ye13r.xvbhtw8.x78zum5.x15mokao.x1ga7v0g.x16uus16.xbiv7yw.x1uhb9sk.x1plvlek.xryxfnj.x1c4vz4f.x2lah0s.x1q0g3np.xqjyukv.x1qjc9v5.x1oa3qoh.x1qughib:nth-of-type(1) > div.xvc5jky.xh8yej3.x10o80wk.x14k21rp.x17snn68.x6osk4m.x1porb0y.x8vgawa:nth-of-type(1)\"","timestamp":"4:38:40 PM"}
{"level":"\u001b[32minfo\u001b[39m","message":"(analysis) Updated 6876a2967760a5c788133b9d with likes=5623, replies=18 | divClass=\"xvc5jky xh8yej3 x10o80wk x14k21rp x17snn68 x6osk4m x1porb0y x8vgawa\" parentDivClass=\"html-div xdj266r x14z9mp xat24cr x1lziwak xexx8yu xyri2b x18d9i69 x1c1uobl x9f619 x16ye13r xvbhtw8 x78zum5 x15mokao x1ga7v0g x16uus16 xbiv7yw x1uhb9sk x1plvlek xryxfnj x1c4vz4f x2lah0s x1q0g3np xqjyukv x1qjc9v5 x1oa3qoh x1qughib\"","timestamp":"4:38:40 PM"}
{"level":"\u001b[32minfo\u001b[39m","message":"(analysis) Waiting 49031 ms before next item...","timestamp":"4:38:40 PM"}
{"level":"\u001b[32minfo\u001b[39m","message":"Connected to MongoDB","timestamp":"4:41:36 PM"}
{"level":"\u001b[32minfo\u001b[39m","message":"Connected to MongoDB","timestamp":"4:41:36 PM"}
{"level":"\u001b[32minfo\u001b[39m","message":"Server running on port 3445","timestamp":"4:41:36 PM"}
{"level":"\u001b[32minfo\u001b[39m","message":"Instagram username already exists for user 683720529b99dc1e616b574d: majesty___jewelry","timestamp":"4:41:45 PM"}
{"level":"\u001b[32minfo\u001b[39m","maxPort":7000,"message":"Starting comment analysis for username: majesty___jewelry","minPort":6000,"timestamp":"4:41:45 PM"}
{"level":"\u001b[32minfo\u001b[39m","message":"(analysis) Proxy listening on 6332","timestamp":"4:41:45 PM"}
{"level":"\u001b[32minfo\u001b[39m","message":"(analysis) Logged in as majesty___jewelry","timestamp":"4:41:54 PM"}
{"level":"\u001b[32minfo\u001b[39m","message":"(analysis) Inspecting posted comment 6876a6a37760a5c788133ba0 @ https://www.instagram.com/p/DMGgE8USdAa/ for user majesty___jewelry","timestamp":"4:41:54 PM"}
{"level":"\u001b[33mwarn\u001b[39m","message":"(analysis) Attempt 1 failed for 6876a6a37760a5c788133ba0: Could not find comment for majesty___jewelry: \"That's an intriguing concept, but have you considered the ethics of preserving human life without clear prospects for revival? It raises questions about quality over quantity and our values surrounding mortality.\"","timestamp":"4:42:00 PM"}
{"level":"\u001b[32minfo\u001b[39m","message":"(analysis) retrying in 95797 ms","timestamp":"4:42:00 PM"}
{"level":"\u001b[33mwarn\u001b[39m","message":"(analysis) Attempt 2 failed for 6876a6a37760a5c788133ba0: Could not find comment for majesty___jewelry: \"That's an intriguing concept, but have you considered the ethics of preserving human life without clear prospects for revival? It raises questions about quality over quantity and our values surrounding mortality.\"","timestamp":"4:43:41 PM"}
{"level":"\u001b[32minfo\u001b[39m","message":"(analysis) retrying in 44524 ms","timestamp":"4:43:41 PM"}
{"level":"\u001b[33mwarn\u001b[39m","message":"(analysis) Attempt 3 failed for 6876a6a37760a5c788133ba0: Could not find comment for majesty___jewelry: \"That's an intriguing concept, but have you considered the ethics of preserving human life without clear prospects for revival? It raises questions about quality over quantity and our values surrounding mortality.\"","timestamp":"4:44:30 PM"}
{"level":"\u001b[32minfo\u001b[39m","message":"(analysis) Waiting 49532 ms before next item...","timestamp":"4:44:30 PM"}
{"level":"\u001b[32minfo\u001b[39m","message":"(analysis) Inspecting posted comment 687e08edbf5caff6c82bee6b @ https://www.instagram.com/p/DMVXbm4NzC9/ for user majesty___jewelry","timestamp":"4:45:20 PM"}
{"level":"\u001b[32minfo\u001b[39m","message":"(analysis) commentDivClass=\"xvc5jky xh8yej3 x10o80wk x14k21rp x17snn68 x6osk4m x1porb0y x8vgawa\" | parentDivClass=\"html-div xdj266r x14z9mp xat24cr x1lziwak xexx8yu xyri2b x18d9i69 x1c1uobl x9f619 x16ye13r xvbhtw8 x78zum5 x15mokao x1ga7v0g x16uus16 xbiv7yw x1uhb9sk x1plvlek xryxfnj x1c4vz4f x2lah0s x1q0g3np xqjyukv x1qjc9v5 x1oa3qoh x1qughib\" | css=\"body._ar45.system-fonts--body.segoe > div#mount_0_0_Wl > div > div > div.x9f619.x1n2onr6.x1ja2u2z:nth-of-type(2) > div.x78zum5.xdt5ytf.x1n2onr6.x1ja2u2z > div.x78zum5.xdt5ytf.x1n2onr6.xat3117.xxzkxad > div.x78zum5.xdt5ytf.x1t2pt76.x1n2onr6.x1ja2u2z.x10cihs4:nth-of-type(1) > div.html-div.xdj266r.x14z9mp.xat24cr.x1lziwak.xexx8yu.xyri2b.x18d9i69.x1c1uobl.x9f619.x16ye13r.xvbhtw8.x78zum5.x15mokao.x1ga7v0g.x16uus16.xbiv7yw.x1uhb9sk.x1plvlek.xryxfnj.x1c4vz4f.x2lah0s.x1q0g3np.xqjyukv.x1qjc9v5.x1oa3qoh.x1qughib:nth-of-type(1) > div.xvc5jky.xh8yej3.x10o80wk.x14k21rp.x17snn68.x6osk4m.x1porb0y.x8vgawa:nth-of-type(1)\"","timestamp":"4:45:30 PM"}
{"level":"\u001b[32minfo\u001b[39m","message":"(analysis) Updated 687e08edbf5caff6c82bee6b with likes=4658, replies=42 | divClass=\"xvc5jky xh8yej3 x10o80wk x14k21rp x17snn68 x6osk4m x1porb0y x8vgawa\" parentDivClass=\"html-div xdj266r x14z9mp xat24cr x1lziwak xexx8yu xyri2b x18d9i69 x1c1uobl x9f619 x16ye13r xvbhtw8 x78zum5 x15mokao x1ga7v0g x16uus16 xbiv7yw x1uhb9sk x1plvlek xryxfnj x1c4vz4f x2lah0s x1q0g3np xqjyukv x1qjc9v5 x1oa3qoh x1qughib\"","timestamp":"4:45:30 PM"}
{"level":"\u001b[32minfo\u001b[39m","message":"(analysis) Waiting 36455 ms before next item...","timestamp":"4:45:30 PM"}
{"level":"\u001b[32minfo\u001b[39m","message":"(analysis) Inspecting posted comment 687e09c6bf5caff6c82bee6d @ https://www.instagram.com/p/DMTHr0jJhzI/ for user majesty___jewelry","timestamp":"4:46:06 PM"}
{"level":"\u001b[32minfo\u001b[39m","message":"(analysis) commentDivClass=\"xvc5jky xh8yej3 x10o80wk x14k21rp x17snn68 x6osk4m x1porb0y x8vgawa\" | parentDivClass=\"html-div xdj266r x14z9mp xat24cr x1lziwak xexx8yu xyri2b x18d9i69 x1c1uobl x9f619 x16ye13r xvbhtw8 x78zum5 x15mokao x1ga7v0g x16uus16 xbiv7yw x1uhb9sk x1plvlek xryxfnj x1c4vz4f x2lah0s x1q0g3np xqjyukv x1qjc9v5 x1oa3qoh x1qughib\" | css=\"body._ar45.system-fonts--body.segoe > div#mount_0_0_gJ > div > div > div.x9f619.x1n2onr6.x1ja2u2z:nth-of-type(2) > div.x78zum5.xdt5ytf.x1n2onr6.x1ja2u2z > div.x78zum5.xdt5ytf.x1n2onr6.xat3117.xxzkxad > div.x78zum5.xdt5ytf.x1t2pt76.x1n2onr6.x1ja2u2z.x10cihs4:nth-of-type(1) > div.html-div.xdj266r.x14z9mp.xat24cr.x1lziwak.xexx8yu.xyri2b.x18d9i69.x1c1uobl.x9f619.x16ye13r.xvbhtw8.x78zum5.x15mokao.x1ga7v0g.x16uus16.xbiv7yw.x1uhb9sk.x1plvlek.xryxfnj.x1c4vz4f.x2lah0s.x1q0g3np.xqjyukv.x1qjc9v5.x1oa3qoh.x1qughib:nth-of-type(1) > div.xvc5jky.xh8yej3.x10o80wk.x14k21rp.x17snn68.x6osk4m.x1porb0y.x8vgawa:nth-of-type(1)\"","timestamp":"4:46:16 PM"}
{"level":"\u001b[32minfo\u001b[39m","message":"(analysis) Updated 687e09c6bf5caff6c82bee6d with likes=3114, replies=37 | divClass=\"xvc5jky xh8yej3 x10o80wk x14k21rp x17snn68 x6osk4m x1porb0y x8vgawa\" parentDivClass=\"html-div xdj266r x14z9mp xat24cr x1lziwak xexx8yu xyri2b x18d9i69 x1c1uobl x9f619 x16ye13r xvbhtw8 x78zum5 x15mokao x1ga7v0g x16uus16 xbiv7yw x1uhb9sk x1plvlek xryxfnj x1c4vz4f x2lah0s x1q0g3np xqjyukv x1qjc9v5 x1oa3qoh x1qughib\"","timestamp":"4:46:16 PM"}
{"level":"\u001b[32minfo\u001b[39m","message":"(analysis) Waiting 61662 ms before next item...","timestamp":"4:46:16 PM"}
{"level":"\u001b[32minfo\u001b[39m","message":"(analysis) Inspecting posted comment 687f4bbb083f9fcc14dee7f1 @ https://www.instagram.com/p/DMXumeNtQlM/ for user majesty___jewelry","timestamp":"4:47:18 PM"}
{"level":"\u001b[32minfo\u001b[39m","message":"(analysis) commentDivClass=\"xvc5jky xh8yej3 x10o80wk x14k21rp x17snn68 x6osk4m x1porb0y x8vgawa\" | parentDivClass=\"html-div xdj266r x14z9mp xat24cr x1lziwak xexx8yu xyri2b x18d9i69 x1c1uobl x9f619 x16ye13r xvbhtw8 x78zum5 x15mokao x1ga7v0g x16uus16 xbiv7yw x1uhb9sk x1plvlek xryxfnj x1c4vz4f x2lah0s x1q0g3np xqjyukv x1qjc9v5 x1oa3qoh x1qughib\" | css=\"body._ar45.system-fonts--body.segoe > div#mount_0_0_V6 > div > div > div.x9f619.x1n2onr6.x1ja2u2z:nth-of-type(2) > div.x78zum5.xdt5ytf.x1n2onr6.x1ja2u2z > div.x78zum5.xdt5ytf.x1n2onr6.xat3117.xxzkxad > div.x78zum5.xdt5ytf.x1t2pt76.x1n2onr6.x1ja2u2z.x10cihs4:nth-of-type(1) > div.html-div.xdj266r.x14z9mp.xat24cr.x1lziwak.xexx8yu.xyri2b.x18d9i69.x1c1uobl.x9f619.x16ye13r.xvbhtw8.x78zum5.x15mokao.x1ga7v0g.x16uus16.xbiv7yw.x1uhb9sk.x1plvlek.xryxfnj.x1c4vz4f.x2lah0s.x1q0g3np.xqjyukv.x1qjc9v5.x1oa3qoh.x1qughib:nth-of-type(1) > div.xvc5jky.xh8yej3.x10o80wk.x14k21rp.x17snn68.x6osk4m.x1porb0y.x8vgawa:nth-of-type(1)\"","timestamp":"4:47:24 PM"}
{"level":"\u001b[32minfo\u001b[39m","message":"(analysis) Updated 687f4bbb083f9fcc14dee7f1 with likes=2872, replies=31 | divClass=\"xvc5jky xh8yej3 x10o80wk x14k21rp x17snn68 x6osk4m x1porb0y x8vgawa\" parentDivClass=\"html-div xdj266r x14z9mp xat24cr x1lziwak xexx8yu xyri2b x18d9i69 x1c1uobl x9f619 x16ye13r xvbhtw8 x78zum5 x15mokao x1ga7v0g x16uus16 xbiv7yw x1uhb9sk x1plvlek xryxfnj x1c4vz4f x2lah0s x1q0g3np xqjyukv x1qjc9v5 x1oa3qoh x1qughib\"","timestamp":"4:47:24 PM"}
{"level":"\u001b[32minfo\u001b[39m","message":"(analysis) Waiting 89608 ms before next item...","timestamp":"4:47:24 PM"}
{"level":"\u001b[32minfo\u001b[39m","message":"Connected to MongoDB","timestamp":"4:54:12 PM"}
{"level":"\u001b[32minfo\u001b[39m","message":"Connected to MongoDB","timestamp":"4:54:12 PM"}
{"level":"\u001b[32minfo\u001b[39m","message":"Server running on port 3445","timestamp":"4:54:12 PM"}
{"level":"\u001b[32minfo\u001b[39m","message":"Instagram username already exists for user 683720529b99dc1e616b574d: majesty___jewelry","timestamp":"4:54:19 PM"}
{"level":"\u001b[32minfo\u001b[39m","maxPort":7000,"message":"Starting comment analysis for username: majesty___jewelry","minPort":6000,"timestamp":"4:54:19 PM"}
{"level":"\u001b[32minfo\u001b[39m","message":"(analysis) Proxy listening on 6931","timestamp":"4:54:19 PM"}
{"level":"\u001b[32minfo\u001b[39m","message":"(analysis) Logged in as majesty___jewelry","timestamp":"4:54:27 PM"}
{"level":"\u001b[32minfo\u001b[39m","message":"(analysis) Inspecting posted comment 687f4cd1083f9fcc14dee7f2 @ https://www.instagram.com/p/DMYzJ-OSKjP/ for user majesty___jewelry","timestamp":"4:54:27 PM"}
{"level":"\u001b[33mwarn\u001b[39m","message":"(analysis) Attempt 1 failed for 687f4cd1083f9fcc14dee7f2: Could not find comment for majesty___jewelry: \"While SpareFare's concept is intriguing, it also raises questions about the ethics of reselling luxury vacations. What are the potential consequences for individuals and local communities when these high-end trips are sold to new buyers?\"","timestamp":"4:54:37 PM"}
{"level":"\u001b[32minfo\u001b[39m","message":"(analysis) retrying in 53926 ms","timestamp":"4:54:37 PM"}
{"level":"\u001b[33mwarn\u001b[39m","message":"(analysis) Attempt 2 failed for 687f4cd1083f9fcc14dee7f2: Could not find comment for majesty___jewelry: \"While SpareFare's concept is intriguing, it also raises questions about the ethics of reselling luxury vacations. What are the potential consequences for individuals and local communities when these high-end trips are sold to new buyers?\"","timestamp":"4:55:39 PM"}
{"level":"\u001b[32minfo\u001b[39m","message":"(analysis) retrying in 38332 ms","timestamp":"4:55:39 PM"}
{"level":"\u001b[33mwarn\u001b[39m","message":"(analysis) Attempt 3 failed for 687f4cd1083f9fcc14dee7f2: Could not find comment for majesty___jewelry: \"While SpareFare's concept is intriguing, it also raises questions about the ethics of reselling luxury vacations. What are the potential consequences for individuals and local communities when these high-end trips are sold to new buyers?\"","timestamp":"4:56:27 PM"}
{"level":"\u001b[32minfo\u001b[39m","message":"(analysis) Waiting 32433 ms before next item...","timestamp":"4:56:27 PM"}
{"level":"\u001b[32minfo\u001b[39m","message":"(analysis) Inspecting posted comment 687f51a1083f9fcc14dee7f6 @ https://www.instagram.com/p/DMXfBXas1C9/ for user majesty___jewelry","timestamp":"4:57:00 PM"}
{"level":"\u001b[32minfo\u001b[39m","message":"(analysis) commentDivClass=\"x1iyjqo2 xdj266r x11t971q xvc5jky x1yztbdb x1ykew4q xs9x0gt x1xnnf8n x18d9i69 x106a9eq x19sv2k2 xt0jiz3 xzakr58 x1m1r3dp xul9lc3 x1yj74s3\" | parentDivClass=\"xvc5jky xh8yej3 x10o80wk x14k21rp x17snn68 x6osk4m x1porb0y x8vgawa\" | css=\"body._ar45.system-fonts--body.segoe > div#mount_0_0_cM > div > div > div.x9f619.x1n2onr6.x1ja2u2z:nth-of-type(2) > div.x78zum5.xdt5ytf.x1n2onr6.x1ja2u2z > div.x78zum5.xdt5ytf.x1n2onr6.xat3117.xxzkxad > div.x78zum5.xdt5ytf.x1t2pt76.x1n2onr6.x1ja2u2z.x10cihs4:nth-of-type(1) > div.html-div.xdj266r.x14z9mp.xat24cr.x1lziwak.xexx8yu.xyri2b.x18d9i69.x1c1uobl.x9f619.x16ye13r.xvbhtw8.x78zum5.x15mokao.x1ga7v0g.x16uus16.xbiv7yw.x1uhb9sk.x1plvlek.xryxfnj.x1c4vz4f.x2lah0s.x1q0g3np.xqjyukv.x1qjc9v5.x1oa3qoh.x1qughib:nth-of-type(1) > div.xvc5jky.xh8yej3.x10o80wk.x14k21rp.x17snn68.x6osk4m.x1porb0y.x8vgawa:nth-of-type(1) > section.x78zum5.xdt5ytf.x1iyjqo2.xg6iff7 > main.xvbhtw8.x78zum5.xdt5ytf.x1iyjqo2.xl56j7k > div.x1iyjqo2.xdj266r.x11t971q.xvc5jky.x1yztbdb.x1ykew4q.xs9x0gt.x1xnnf8n.x18d9i69.x106a9eq.x19sv2k2.xt0jiz3.xzakr58.x1m1r3dp.xul9lc3.x1yj74s3\"","timestamp":"4:57:07 PM"}
{"level":"\u001b[32minfo\u001b[39m","message":"(analysis) Updated 687f51a1083f9fcc14dee7f6 with likes=58339, replies=30 | divClass=\"x1iyjqo2 xdj266r x11t971q xvc5jky x1yztbdb x1ykew4q xs9x0gt x1xnnf8n x18d9i69 x106a9eq x19sv2k2 xt0jiz3 xzakr58 x1m1r3dp xul9lc3 x1yj74s3\" parentDivClass=\"xvc5jky xh8yej3 x10o80wk x14k21rp x17snn68 x6osk4m x1porb0y x8vgawa\"","timestamp":"4:57:07 PM"}
{"level":"\u001b[32minfo\u001b[39m","message":"(analysis) Waiting 99096 ms before next item...","timestamp":"4:57:07 PM"}
