{"level":"\u001b[32minfo\u001b[39m","message":"Connected to MongoDB","timestamp":"10:23:46 AM"}
{"level":"\u001b[32minfo\u001b[39m","message":"Connected to MongoDB","timestamp":"10:23:46 AM"}
{"level":"\u001b[32minfo\u001b[39m","message":"Server running on port 3445","timestamp":"10:23:46 AM"}
{"level":"\u001b[32minfo\u001b[39m","message":"Connected to MongoDB","timestamp":"2:34:12 PM"}
{"level":"\u001b[32minfo\u001b[39m","message":"Connected to MongoDB","timestamp":"2:34:13 PM"}
{"level":"\u001b[32minfo\u001b[39m","message":"Server running on port 3445","timestamp":"2:34:13 PM"}
{"level":"\u001b[32minfo\u001b[39m","message":"Instagram username updated for user 683720529b99dc1e616b574d: leboss.csa@gmail.com","timestamp":"2:34:36 PM"}
{"level":"\u001b[32minfo\u001b[39m","message":"Started proxy server for leboss.csa@gmail.com on port 3877","timestamp":"2:34:40 PM"}
{"level":"\u001b[32minfo\u001b[39m","message":"Current URL after navigation: https://www.linkedin.com/","timestamp":"2:34:44 PM"}
{"level":"\u001b[32minfo\u001b[39m","message":"Applying 10 cookies for leboss.csa@gmail.com...","timestamp":"2:34:44 PM"}
{"level":"\u001b[32minfo\u001b[39m","message":"Filtered to 10 valid LinkedIn cookies","timestamp":"2:34:44 PM"}
{"level":"\u001b[32minfo\u001b[39m","message":"✅ Cookies applied successfully for leboss.csa@gmail.com","timestamp":"2:34:44 PM"}
{"level":"\u001b[32minfo\u001b[39m","message":"Reloading page to apply cookies...","timestamp":"2:34:44 PM"}
{"level":"\u001b[32minfo\u001b[39m","message":"Vérification de la connexion pour leboss.csa@gmail.com...","timestamp":"2:34:59 PM"}
{"level":"\u001b[32minfo\u001b[39m","message":"Checking for login indicator: Me nav (.global-nav__me)","timestamp":"2:34:59 PM"}
{"level":"\u001b[32minfo\u001b[39m","message":"✅ Logged into LinkedIn as leboss.csa@gmail.com (detected: Me nav)","timestamp":"2:35:02 PM"}
{"level":"\u001b[32minfo\u001b[39m","message":"No more 'processing' comments for this user. Waiting 2 minutes...","timestamp":"2:35:02 PM"}
{"level":"\u001b[32minfo\u001b[39m","message":"Connexion LinkedIn détectée (navigation principale présente).","timestamp":"2:35:40 PM"}
{"level":"\u001b[32minfo\u001b[39m","message":"Cookies LinkedIn sauvegardés en base de données pour l'utilisateur leboss.csa@gmail.com.","timestamp":"2:35:40 PM"}
{"level":"\u001b[34mdebug\u001b[39m","message":"Résultat de l'opération DB: 1 document(s) modifié(s), 0 document(s) créé(s).","timestamp":"2:35:40 PM"}
{"level":"\u001b[32minfo\u001b[39m","message":"Started proxy server for leboss.csa@gmail.com on port 6612","timestamp":"2:35:42 PM"}
{"level":"\u001b[32minfo\u001b[39m","message":"Current URL after navigation: https://www.linkedin.com/","timestamp":"2:35:45 PM"}
{"level":"\u001b[32minfo\u001b[39m","message":"Applying 12 cookies for leboss.csa@gmail.com...","timestamp":"2:35:45 PM"}
{"level":"\u001b[32minfo\u001b[39m","message":"Filtered to 12 valid LinkedIn cookies","timestamp":"2:35:45 PM"}
{"level":"\u001b[32minfo\u001b[39m","message":"✅ Cookies applied successfully for leboss.csa@gmail.com","timestamp":"2:35:46 PM"}
{"level":"\u001b[32minfo\u001b[39m","message":"Reloading page to apply cookies...","timestamp":"2:35:46 PM"}
{"level":"\u001b[32minfo\u001b[39m","message":"Vérification de la connexion pour leboss.csa@gmail.com...","timestamp":"2:35:58 PM"}
{"level":"\u001b[32minfo\u001b[39m","message":"Checking for login indicator: Me nav (.global-nav__me)","timestamp":"2:35:58 PM"}
{"level":"\u001b[32minfo\u001b[39m","message":"✅ Logged into LinkedIn as leboss.csa@gmail.com (detected: Me nav)","timestamp":"2:35:59 PM"}
{"level":"\u001b[32minfo\u001b[39m","message":"Navigating to LinkedIn feed for leboss.csa@gmail.com...","timestamp":"2:35:59 PM"}
{"level":"\u001b[32minfo\u001b[39m","message":"🚀 Starting main automation loop for leboss.csa@gmail.com","timestamp":"2:36:08 PM"}
{"level":"\u001b[32minfo\u001b[39m","message":"📦 Starting batch 1 (processing 500 posts)","timestamp":"2:36:08 PM"}
{"level":"\u001b[32minfo\u001b[39m","message":"Processing post 1/500 in batch 1: https://www.linkedin.com/posts/thinkpositivelivebetter_activity-7351687153371783170-FMxN?utm_source=social_share_send&amp;utm_medium=member_desktop_web&amp;rcm=ACoAAEM_-I0Btc1LsqkpwAXcBs2C95nv1kHKz28","timestamp":"2:37:10 PM"}
{"level":"\u001b[32minfo\u001b[39m","message":"Navigating to post: https://www.linkedin.com/posts/thinkpositivelivebetter_activity-7351687153371783170-FMxN?utm_source=social_share_send&amp;utm_medium=member_desktop_web&amp;rcm=ACoAAEM_-I0Btc1LsqkpwAXcBs2C95nv1kHKz28","timestamp":"2:37:10 PM"}
{"level":"\u001b[32minfo\u001b[39m","message":"Post author found: 📍𝐓𝐡𝐢𝐧𝐤 𝐏𝐨𝐬𝐢𝐭𝐢𝐯𝐞 𝐀𝐥𝐰𝐚𝐲𝐬.𝐜𝐨𝐦📌","timestamp":"2:37:24 PM"}
{"level":"\u001b[32minfo\u001b[39m","message":"Checking if post username \"📍𝐓𝐡𝐢𝐧𝐤 𝐏𝐨𝐬𝐢𝐭𝐢𝐯𝐞 𝐀𝐥𝐰𝐚𝐲𝐬.𝐜𝐨𝐦📌\" matches any target usernames in our database","timestamp":"2:37:24 PM"}
{"level":"\u001b[32minfo\u001b[39m","message":"Found a match! Post username \"📍𝐓𝐡𝐢𝐧𝐤 𝐏𝐨𝐬𝐢𝐭𝐢𝐯𝐞 𝐀𝐥𝐰𝐚𝐲𝐬.𝐜𝐨𝐦📌\" is in our target list","timestamp":"2:37:24 PM"}
{"level":"\u001b[32minfo\u001b[39m","message":"Post author \"📍𝐓𝐡𝐢𝐧𝐤 𝐏𝐨𝐬𝐢𝐭𝐢𝐯𝐞 𝐀𝐥𝐰𝐚𝐲𝐬.𝐜𝐨𝐦📌\" is in our target list. Proceeding with content analysis...","timestamp":"2:37:24 PM"}
{"level":"\u001b[33mwarn\u001b[39m","message":"No content found for post https://www.linkedin.com/posts/thinkpositivelivebetter_activity-7351687153371783170-FMxN?utm_source=social_share_send&amp;utm_medium=member_desktop_web&amp;rcm=ACoAAEM_-I0Btc1LsqkpwAXcBs2C95nv1kHKz28. Skipping comment generation.","timestamp":"2:37:24 PM"}
{"level":"\u001b[32minfo\u001b[39m","message":"Navigating to post: https://www.linkedin.com/posts/thinkpositivelivebetter_activity-7351687153371783170-FMxN?utm_source=social_share_send&amp;utm_medium=member_desktop_web&amp;rcm=ACoAAEM_-I0Btc1LsqkpwAXcBs2C95nv1kHKz28","timestamp":"2:37:26 PM"}
{"level":"\u001b[32minfo\u001b[39m","message":"Post author found: 📍𝐓𝐡𝐢𝐧𝐤 𝐏𝐨𝐬𝐢𝐭𝐢𝐯𝐞 𝐀𝐥𝐰𝐚𝐲𝐬.𝐜𝐨𝐦📌","timestamp":"2:37:35 PM"}
{"level":"\u001b[32minfo\u001b[39m","message":"Checking if post username \"📍𝐓𝐡𝐢𝐧𝐤 𝐏𝐨𝐬𝐢𝐭𝐢𝐯𝐞 𝐀𝐥𝐰𝐚𝐲𝐬.𝐜𝐨𝐦📌\" matches any target usernames in our database","timestamp":"2:37:35 PM"}
{"level":"\u001b[32minfo\u001b[39m","message":"Found a match! Post username \"📍𝐓𝐡𝐢𝐧𝐤 𝐏𝐨𝐬𝐢𝐭𝐢𝐯𝐞 𝐀𝐥𝐰𝐚𝐲𝐬.𝐜𝐨𝐦📌\" is in our target list","timestamp":"2:37:35 PM"}
{"level":"\u001b[32minfo\u001b[39m","message":"Post author \"📍𝐓𝐡𝐢𝐧𝐤 𝐏𝐨𝐬𝐢𝐭𝐢𝐯𝐞 𝐀𝐥𝐰𝐚𝐲𝐬.𝐜𝐨𝐦📌\" is in our target list. Proceeding with content analysis...","timestamp":"2:37:35 PM"}
{"level":"\u001b[33mwarn\u001b[39m","message":"No content found for post https://www.linkedin.com/posts/thinkpositivelivebetter_activity-7351687153371783170-FMxN?utm_source=social_share_send&amp;utm_medium=member_desktop_web&amp;rcm=ACoAAEM_-I0Btc1LsqkpwAXcBs2C95nv1kHKz28. Skipping comment generation.","timestamp":"2:37:35 PM"}
{"level":"\u001b[32minfo\u001b[39m","message":"✅ Processed 1/500 posts in current batch (Total: 1)","timestamp":"2:37:35 PM"}
{"level":"\u001b[32minfo\u001b[39m","message":"Processing post 2/500 in batch 1: https://www.linkedin.com/posts/bqotd%2Ecom_activity-7351787357718667265-H883?utm_source=social_share_send&amp;utm_medium=member_desktop_web&amp;rcm=ACoAAEM_-I0Btc1LsqkpwAXcBs2C95nv1kHKz28","timestamp":"2:37:50 PM"}
{"level":"\u001b[32minfo\u001b[39m","message":"Navigating to post: https://www.linkedin.com/posts/bqotd%2Ecom_activity-7351787357718667265-H883?utm_source=social_share_send&amp;utm_medium=member_desktop_web&amp;rcm=ACoAAEM_-I0Btc1LsqkpwAXcBs2C95nv1kHKz28","timestamp":"2:37:50 PM"}
{"level":"\u001b[32minfo\u001b[39m","message":"No more 'processing' comments for this user. Waiting 2 minutes...","timestamp":"2:38:02 PM"}
{"level":"\u001b[32minfo\u001b[39m","message":"Post author found: Best Quotes of the Day","timestamp":"2:38:03 PM"}
{"level":"\u001b[32minfo\u001b[39m","message":"Checking if post username \"Best Quotes of the Day\" matches any target usernames in our database","timestamp":"2:38:03 PM"}
{"level":"\u001b[32minfo\u001b[39m","message":"Found a match! Post username \"Best Quotes of the Day\" is in our target list","timestamp":"2:38:03 PM"}
{"level":"\u001b[32minfo\u001b[39m","message":"Post author \"Best Quotes of the Day\" is in our target list. Proceeding with content analysis...","timestamp":"2:38:03 PM"}
{"level":"\u001b[33mwarn\u001b[39m","message":"No content found for post https://www.linkedin.com/posts/bqotd%2Ecom_activity-7351787357718667265-H883?utm_source=social_share_send&amp;utm_medium=member_desktop_web&amp;rcm=ACoAAEM_-I0Btc1LsqkpwAXcBs2C95nv1kHKz28. Skipping comment generation.","timestamp":"2:38:03 PM"}
{"level":"\u001b[32minfo\u001b[39m","message":"Navigating to post: https://www.linkedin.com/posts/bqotd%2Ecom_activity-7351787357718667265-H883?utm_source=social_share_send&amp;utm_medium=member_desktop_web&amp;rcm=ACoAAEM_-I0Btc1LsqkpwAXcBs2C95nv1kHKz28","timestamp":"2:38:05 PM"}
{"level":"\u001b[32minfo\u001b[39m","message":"Post author found: Best Quotes of the Day","timestamp":"2:38:16 PM"}
{"level":"\u001b[32minfo\u001b[39m","message":"Checking if post username \"Best Quotes of the Day\" matches any target usernames in our database","timestamp":"2:38:16 PM"}
{"level":"\u001b[32minfo\u001b[39m","message":"Found a match! Post username \"Best Quotes of the Day\" is in our target list","timestamp":"2:38:16 PM"}
{"level":"\u001b[32minfo\u001b[39m","message":"Post author \"Best Quotes of the Day\" is in our target list. Proceeding with content analysis...","timestamp":"2:38:16 PM"}
{"level":"\u001b[33mwarn\u001b[39m","message":"No content found for post https://www.linkedin.com/posts/bqotd%2Ecom_activity-7351787357718667265-H883?utm_source=social_share_send&amp;utm_medium=member_desktop_web&amp;rcm=ACoAAEM_-I0Btc1LsqkpwAXcBs2C95nv1kHKz28. Skipping comment generation.","timestamp":"2:38:16 PM"}
{"level":"\u001b[32minfo\u001b[39m","message":"✅ Processed 2/500 posts in current batch (Total: 2)","timestamp":"2:38:16 PM"}
{"level":"\u001b[32minfo\u001b[39m","message":"Not on feed page, navigating to feed...","timestamp":"2:38:39 PM"}
{"level":"\u001b[32minfo\u001b[39m","message":"Processing post 3/500 in batch 1: https://www.linkedin.com/posts/thinkpositivelivebetter_activity-7351626785471492097-uiuH?utm_source=social_share_send&amp;utm_medium=member_desktop_web&amp;rcm=ACoAAEM_-I0Btc1LsqkpwAXcBs2C95nv1kHKz28","timestamp":"2:39:48 PM"}
{"level":"\u001b[32minfo\u001b[39m","message":"Navigating to post: https://www.linkedin.com/posts/thinkpositivelivebetter_activity-7351626785471492097-uiuH?utm_source=social_share_send&amp;utm_medium=member_desktop_web&amp;rcm=ACoAAEM_-I0Btc1LsqkpwAXcBs2C95nv1kHKz28","timestamp":"2:39:48 PM"}
{"level":"\u001b[32minfo\u001b[39m","message":"Post author found: 📍𝐓𝐡𝐢𝐧𝐤 𝐏𝐨𝐬𝐢𝐭𝐢𝐯𝐞 𝐀𝐥𝐰𝐚𝐲𝐬.𝐜𝐨𝐦📌","timestamp":"2:40:02 PM"}
{"level":"\u001b[32minfo\u001b[39m","message":"Checking if post username \"📍𝐓𝐡𝐢𝐧𝐤 𝐏𝐨𝐬𝐢𝐭𝐢𝐯𝐞 𝐀𝐥𝐰𝐚𝐲𝐬.𝐜𝐨𝐦📌\" matches any target usernames in our database","timestamp":"2:40:02 PM"}
{"level":"\u001b[32minfo\u001b[39m","message":"Found a match! Post username \"📍𝐓𝐡𝐢𝐧𝐤 𝐏𝐨𝐬𝐢𝐭𝐢𝐯𝐞 𝐀𝐥𝐰𝐚𝐲𝐬.𝐜𝐨𝐦📌\" is in our target list","timestamp":"2:40:02 PM"}
{"level":"\u001b[32minfo\u001b[39m","message":"Post author \"📍𝐓𝐡𝐢𝐧𝐤 𝐏𝐨𝐬𝐢𝐭𝐢𝐯𝐞 𝐀𝐥𝐰𝐚𝐲𝐬.𝐜𝐨𝐦📌\" is in our target list. Proceeding with content analysis...","timestamp":"2:40:02 PM"}
{"level":"\u001b[33mwarn\u001b[39m","message":"No content found for post https://www.linkedin.com/posts/thinkpositivelivebetter_activity-7351626785471492097-uiuH?utm_source=social_share_send&amp;utm_medium=member_desktop_web&amp;rcm=ACoAAEM_-I0Btc1LsqkpwAXcBs2C95nv1kHKz28. Skipping comment generation.","timestamp":"2:40:02 PM"}
{"level":"\u001b[32minfo\u001b[39m","message":"Navigating to post: https://www.linkedin.com/posts/thinkpositivelivebetter_activity-7351626785471492097-uiuH?utm_source=social_share_send&amp;utm_medium=member_desktop_web&amp;rcm=ACoAAEM_-I0Btc1LsqkpwAXcBs2C95nv1kHKz28","timestamp":"2:40:04 PM"}
{"level":"\u001b[32minfo\u001b[39m","message":"Post author found: 📍𝐓𝐡𝐢𝐧𝐤 𝐏𝐨𝐬𝐢𝐭𝐢𝐯𝐞 𝐀𝐥𝐰𝐚𝐲𝐬.𝐜𝐨𝐦📌","timestamp":"2:40:17 PM"}
{"level":"\u001b[32minfo\u001b[39m","message":"Checking if post username \"📍𝐓𝐡𝐢𝐧𝐤 𝐏𝐨𝐬𝐢𝐭𝐢𝐯𝐞 𝐀𝐥𝐰𝐚𝐲𝐬.𝐜𝐨𝐦📌\" matches any target usernames in our database","timestamp":"2:40:17 PM"}
{"level":"\u001b[32minfo\u001b[39m","message":"Found a match! Post username \"📍𝐓𝐡𝐢𝐧𝐤 𝐏𝐨𝐬𝐢𝐭𝐢𝐯𝐞 𝐀𝐥𝐰𝐚𝐲𝐬.𝐜𝐨𝐦📌\" is in our target list","timestamp":"2:40:17 PM"}
{"level":"\u001b[32minfo\u001b[39m","message":"Post author \"📍𝐓𝐡𝐢𝐧𝐤 𝐏𝐨𝐬𝐢𝐭𝐢𝐯𝐞 𝐀𝐥𝐰𝐚𝐲𝐬.𝐜𝐨𝐦📌\" is in our target list. Proceeding with content analysis...","timestamp":"2:40:17 PM"}
{"level":"\u001b[33mwarn\u001b[39m","message":"No content found for post https://www.linkedin.com/posts/thinkpositivelivebetter_activity-7351626785471492097-uiuH?utm_source=social_share_send&amp;utm_medium=member_desktop_web&amp;rcm=ACoAAEM_-I0Btc1LsqkpwAXcBs2C95nv1kHKz28. Skipping comment generation.","timestamp":"2:40:17 PM"}
{"level":"\u001b[32minfo\u001b[39m","message":"✅ Processed 3/500 posts in current batch (Total: 3)","timestamp":"2:40:17 PM"}
{"level":"\u001b[32minfo\u001b[39m","message":"Processing post 4/500 in batch 1: https://www.linkedin.com/posts/activity-7351951079258877952-iTHm?utm_source=social_share_send&amp;utm_medium=member_desktop_web&amp;rcm=ACoAAEM_-I0Btc1LsqkpwAXcBs2C95nv1kHKz28","timestamp":"2:40:32 PM"}
{"level":"\u001b[32minfo\u001b[39m","message":"Navigating to post: https://www.linkedin.com/posts/activity-7351951079258877952-iTHm?utm_source=social_share_send&amp;utm_medium=member_desktop_web&amp;rcm=ACoAAEM_-I0Btc1LsqkpwAXcBs2C95nv1kHKz28","timestamp":"2:40:32 PM"}
{"level":"\u001b[32minfo\u001b[39m","message":"Post author found: Loralee Southern","timestamp":"2:40:43 PM"}
{"level":"\u001b[32minfo\u001b[39m","message":"Checking if post username \"Loralee Southern\" matches any target usernames in our database","timestamp":"2:40:43 PM"}
{"level":"\u001b[32minfo\u001b[39m","message":"No match found for post username \"Loralee Southern\" in our target list","timestamp":"2:40:43 PM"}
{"level":"\u001b[32minfo\u001b[39m","message":"Post author \"Loralee Southern\" is not in our target list. Skipping...","timestamp":"2:40:43 PM"}
{"level":"\u001b[32minfo\u001b[39m","message":"Navigating to post: https://www.linkedin.com/posts/activity-7351951079258877952-iTHm?utm_source=social_share_send&amp;utm_medium=member_desktop_web&amp;rcm=ACoAAEM_-I0Btc1LsqkpwAXcBs2C95nv1kHKz28","timestamp":"2:40:45 PM"}
{"level":"\u001b[32minfo\u001b[39m","message":"Post author found: Loralee Southern","timestamp":"2:40:53 PM"}
{"level":"\u001b[32minfo\u001b[39m","message":"Checking if post username \"Loralee Southern\" matches any target usernames in our database","timestamp":"2:40:53 PM"}
{"level":"\u001b[32minfo\u001b[39m","message":"No match found for post username \"Loralee Southern\" in our target list","timestamp":"2:40:53 PM"}
{"level":"\u001b[32minfo\u001b[39m","message":"Post author \"Loralee Southern\" is not in our target list. Skipping...","timestamp":"2:40:53 PM"}
{"level":"\u001b[32minfo\u001b[39m","message":"✅ Processed 4/500 posts in current batch (Total: 4)","timestamp":"2:40:53 PM"}
{"level":"\u001b[32minfo\u001b[39m","message":"No more 'processing' comments for this user. Waiting 2 minutes...","timestamp":"2:41:02 PM"}
{"level":"\u001b[32minfo\u001b[39m","message":"Processing post 5/500 in batch 1: https://www.linkedin.com/posts/bqotd%2Ecom_activity-7351379671587917824-FyO7?utm_source=social_share_send&amp;utm_medium=member_desktop_web&amp;rcm=ACoAAEM_-I0Btc1LsqkpwAXcBs2C95nv1kHKz28","timestamp":"2:41:08 PM"}
{"level":"\u001b[32minfo\u001b[39m","message":"Navigating to post: https://www.linkedin.com/posts/bqotd%2Ecom_activity-7351379671587917824-FyO7?utm_source=social_share_send&amp;utm_medium=member_desktop_web&amp;rcm=ACoAAEM_-I0Btc1LsqkpwAXcBs2C95nv1kHKz28","timestamp":"2:41:08 PM"}
{"level":"\u001b[32minfo\u001b[39m","message":"Post author found: Best Quotes of the Day","timestamp":"2:41:19 PM"}
{"level":"\u001b[32minfo\u001b[39m","message":"Checking if post username \"Best Quotes of the Day\" matches any target usernames in our database","timestamp":"2:41:19 PM"}
{"level":"\u001b[32minfo\u001b[39m","message":"Found a match! Post username \"Best Quotes of the Day\" is in our target list","timestamp":"2:41:19 PM"}
{"level":"\u001b[32minfo\u001b[39m","message":"Post author \"Best Quotes of the Day\" is in our target list. Proceeding with content analysis...","timestamp":"2:41:19 PM"}
{"level":"\u001b[33mwarn\u001b[39m","message":"No content found for post https://www.linkedin.com/posts/bqotd%2Ecom_activity-7351379671587917824-FyO7?utm_source=social_share_send&amp;utm_medium=member_desktop_web&amp;rcm=ACoAAEM_-I0Btc1LsqkpwAXcBs2C95nv1kHKz28. Skipping comment generation.","timestamp":"2:41:20 PM"}
{"level":"\u001b[32minfo\u001b[39m","message":"Navigating to post: https://www.linkedin.com/posts/bqotd%2Ecom_activity-7351379671587917824-FyO7?utm_source=social_share_send&amp;utm_medium=member_desktop_web&amp;rcm=ACoAAEM_-I0Btc1LsqkpwAXcBs2C95nv1kHKz28","timestamp":"2:41:22 PM"}
{"level":"\u001b[32minfo\u001b[39m","message":"Post author found: Best Quotes of the Day","timestamp":"2:41:33 PM"}
{"level":"\u001b[32minfo\u001b[39m","message":"Checking if post username \"Best Quotes of the Day\" matches any target usernames in our database","timestamp":"2:41:33 PM"}
{"level":"\u001b[32minfo\u001b[39m","message":"Found a match! Post username \"Best Quotes of the Day\" is in our target list","timestamp":"2:41:33 PM"}
{"level":"\u001b[32minfo\u001b[39m","message":"Post author \"Best Quotes of the Day\" is in our target list. Proceeding with content analysis...","timestamp":"2:41:33 PM"}
{"level":"\u001b[33mwarn\u001b[39m","message":"No content found for post https://www.linkedin.com/posts/bqotd%2Ecom_activity-7351379671587917824-FyO7?utm_source=social_share_send&amp;utm_medium=member_desktop_web&amp;rcm=ACoAAEM_-I0Btc1LsqkpwAXcBs2C95nv1kHKz28. Skipping comment generation.","timestamp":"2:41:33 PM"}
{"level":"\u001b[32minfo\u001b[39m","message":"✅ Processed 5/500 posts in current batch (Total: 5)","timestamp":"2:41:33 PM"}
{"level":"\u001b[32minfo\u001b[39m","message":"Not on feed page, navigating to feed...","timestamp":"2:41:56 PM"}
{"level":"\u001b[32minfo\u001b[39m","message":"Processing post 6/500 in batch 1: https://www.linkedin.com/posts/thinkpositivelivebetter_activity-7351656995617181698-n8jE?utm_source=social_share_send&amp;utm_medium=member_desktop_web&amp;rcm=ACoAAEM_-I0Btc1LsqkpwAXcBs2C95nv1kHKz28","timestamp":"2:43:00 PM"}
{"level":"\u001b[32minfo\u001b[39m","message":"Navigating to post: https://www.linkedin.com/posts/thinkpositivelivebetter_activity-7351656995617181698-n8jE?utm_source=social_share_send&amp;utm_medium=member_desktop_web&amp;rcm=ACoAAEM_-I0Btc1LsqkpwAXcBs2C95nv1kHKz28","timestamp":"2:43:00 PM"}
{"level":"\u001b[32minfo\u001b[39m","message":"Post author found: 📍𝐓𝐡𝐢𝐧𝐤 𝐏𝐨𝐬𝐢𝐭𝐢𝐯𝐞 𝐀𝐥𝐰𝐚𝐲𝐬.𝐜𝐨𝐦📌","timestamp":"2:43:09 PM"}
{"level":"\u001b[32minfo\u001b[39m","message":"Checking if post username \"📍𝐓𝐡𝐢𝐧𝐤 𝐏𝐨𝐬𝐢𝐭𝐢𝐯𝐞 𝐀𝐥𝐰𝐚𝐲𝐬.𝐜𝐨𝐦📌\" matches any target usernames in our database","timestamp":"2:43:09 PM"}
{"level":"\u001b[32minfo\u001b[39m","message":"Found a match! Post username \"📍𝐓𝐡𝐢𝐧𝐤 𝐏𝐨𝐬𝐢𝐭𝐢𝐯𝐞 𝐀𝐥𝐰𝐚𝐲𝐬.𝐜𝐨𝐦📌\" is in our target list","timestamp":"2:43:09 PM"}
{"level":"\u001b[32minfo\u001b[39m","message":"Post author \"📍𝐓𝐡𝐢𝐧𝐤 𝐏𝐨𝐬𝐢𝐭𝐢𝐯𝐞 𝐀𝐥𝐰𝐚𝐲𝐬.𝐜𝐨𝐦📌\" is in our target list. Proceeding with content analysis...","timestamp":"2:43:09 PM"}
{"level":"\u001b[33mwarn\u001b[39m","message":"No content found for post https://www.linkedin.com/posts/thinkpositivelivebetter_activity-7351656995617181698-n8jE?utm_source=social_share_send&amp;utm_medium=member_desktop_web&amp;rcm=ACoAAEM_-I0Btc1LsqkpwAXcBs2C95nv1kHKz28. Skipping comment generation.","timestamp":"2:43:09 PM"}
{"level":"\u001b[32minfo\u001b[39m","message":"Navigating to post: https://www.linkedin.com/posts/thinkpositivelivebetter_activity-7351656995617181698-n8jE?utm_source=social_share_send&amp;utm_medium=member_desktop_web&amp;rcm=ACoAAEM_-I0Btc1LsqkpwAXcBs2C95nv1kHKz28","timestamp":"2:43:11 PM"}
{"level":"\u001b[32minfo\u001b[39m","message":"Post author found: 📍𝐓𝐡𝐢𝐧𝐤 𝐏𝐨𝐬𝐢𝐭𝐢𝐯𝐞 𝐀𝐥𝐰𝐚𝐲𝐬.𝐜𝐨𝐦📌","timestamp":"2:43:21 PM"}
{"level":"\u001b[32minfo\u001b[39m","message":"Checking if post username \"📍𝐓𝐡𝐢𝐧𝐤 𝐏𝐨𝐬𝐢𝐭𝐢𝐯𝐞 𝐀𝐥𝐰𝐚𝐲𝐬.𝐜𝐨𝐦📌\" matches any target usernames in our database","timestamp":"2:43:21 PM"}
{"level":"\u001b[32minfo\u001b[39m","message":"Found a match! Post username \"📍𝐓𝐡𝐢𝐧𝐤 𝐏𝐨𝐬𝐢𝐭𝐢𝐯𝐞 𝐀𝐥𝐰𝐚𝐲𝐬.𝐜𝐨𝐦📌\" is in our target list","timestamp":"2:43:21 PM"}
{"level":"\u001b[32minfo\u001b[39m","message":"Post author \"📍𝐓𝐡𝐢𝐧𝐤 𝐏𝐨𝐬𝐢𝐭𝐢𝐯𝐞 𝐀𝐥𝐰𝐚𝐲𝐬.𝐜𝐨𝐦📌\" is in our target list. Proceeding with content analysis...","timestamp":"2:43:21 PM"}
{"level":"\u001b[33mwarn\u001b[39m","message":"No content found for post https://www.linkedin.com/posts/thinkpositivelivebetter_activity-7351656995617181698-n8jE?utm_source=social_share_send&amp;utm_medium=member_desktop_web&amp;rcm=ACoAAEM_-I0Btc1LsqkpwAXcBs2C95nv1kHKz28. Skipping comment generation.","timestamp":"2:43:21 PM"}
{"level":"\u001b[32minfo\u001b[39m","message":"✅ Processed 6/500 posts in current batch (Total: 6)","timestamp":"2:43:21 PM"}
{"level":"\u001b[32minfo\u001b[39m","message":"Processing post 7/500 in batch 1: https://www.linkedin.com/posts/ashleycouto_listening-to-the-wrong-advice-is-dangerous-activity-7351934212901376000-_WXw?utm_source=social_share_send&amp;utm_medium=member_desktop_web&amp;rcm=ACoAAEM_-I0Btc1LsqkpwAXcBs2C95nv1kHKz28","timestamp":"2:43:36 PM"}
{"level":"\u001b[32minfo\u001b[39m","message":"Navigating to post: https://www.linkedin.com/posts/ashleycouto_listening-to-the-wrong-advice-is-dangerous-activity-7351934212901376000-_WXw?utm_source=social_share_send&amp;utm_medium=member_desktop_web&amp;rcm=ACoAAEM_-I0Btc1LsqkpwAXcBs2C95nv1kHKz28","timestamp":"2:43:36 PM"}
{"level":"\u001b[32minfo\u001b[39m","message":"Post author found: Ashley Couto","timestamp":"2:43:47 PM"}
{"level":"\u001b[32minfo\u001b[39m","message":"Checking if post username \"Ashley Couto\" matches any target usernames in our database","timestamp":"2:43:47 PM"}
{"level":"\u001b[32minfo\u001b[39m","message":"No match found for post username \"Ashley Couto\" in our target list","timestamp":"2:43:47 PM"}
{"level":"\u001b[32minfo\u001b[39m","message":"Post author \"Ashley Couto\" is not in our target list. Skipping...","timestamp":"2:43:47 PM"}
{"level":"\u001b[32minfo\u001b[39m","message":"Navigating to post: https://www.linkedin.com/posts/ashleycouto_listening-to-the-wrong-advice-is-dangerous-activity-7351934212901376000-_WXw?utm_source=social_share_send&amp;utm_medium=member_desktop_web&amp;rcm=ACoAAEM_-I0Btc1LsqkpwAXcBs2C95nv1kHKz28","timestamp":"2:43:49 PM"}
{"level":"\u001b[32minfo\u001b[39m","message":"Post author found: Ashley Couto","timestamp":"2:44:01 PM"}
{"level":"\u001b[32minfo\u001b[39m","message":"Checking if post username \"Ashley Couto\" matches any target usernames in our database","timestamp":"2:44:01 PM"}
{"level":"\u001b[32minfo\u001b[39m","message":"No match found for post username \"Ashley Couto\" in our target list","timestamp":"2:44:01 PM"}
{"level":"\u001b[32minfo\u001b[39m","message":"Post author \"Ashley Couto\" is not in our target list. Skipping...","timestamp":"2:44:01 PM"}
{"level":"\u001b[32minfo\u001b[39m","message":"✅ Processed 7/500 posts in current batch (Total: 7)","timestamp":"2:44:01 PM"}
{"level":"\u001b[32minfo\u001b[39m","message":"No more 'processing' comments for this user. Waiting 2 minutes...","timestamp":"2:44:02 PM"}
{"level":"\u001b[32minfo\u001b[39m","message":"Not on feed page, navigating to feed...","timestamp":"2:44:24 PM"}
{"level":"\u001b[32minfo\u001b[39m","message":"Processing post 8/500 in batch 1: https://www.linkedin.com/posts/rebecca-schocker_mindsetcoaching-leadership-personaldevelopment-activity-7351969670083641346-CRHd?utm_source=social_share_send&amp;utm_medium=member_desktop_web&amp;rcm=ACoAAEM_-I0Btc1LsqkpwAXcBs2C95nv1kHKz28","timestamp":"2:45:39 PM"}
{"level":"\u001b[32minfo\u001b[39m","message":"Navigating to post: https://www.linkedin.com/posts/rebecca-schocker_mindsetcoaching-leadership-personaldevelopment-activity-7351969670083641346-CRHd?utm_source=social_share_send&amp;utm_medium=member_desktop_web&amp;rcm=ACoAAEM_-I0Btc1LsqkpwAXcBs2C95nv1kHKz28","timestamp":"2:45:39 PM"}
{"level":"\u001b[32minfo\u001b[39m","message":"Post author found: Rebecca Schocker","timestamp":"2:45:47 PM"}
{"level":"\u001b[32minfo\u001b[39m","message":"Checking if post username \"Rebecca Schocker\" matches any target usernames in our database","timestamp":"2:45:47 PM"}
{"level":"\u001b[32minfo\u001b[39m","message":"Found a match! Post username \"Rebecca Schocker\" is in our target list","timestamp":"2:45:48 PM"}
{"level":"\u001b[32minfo\u001b[39m","message":"Post author \"Rebecca Schocker\" is in our target list. Proceeding with content analysis...","timestamp":"2:45:48 PM"}
{"level":"\u001b[32minfo\u001b[39m","message":"Post content found with selector \".break-words.tvm-parent-container span[dir=\"ltr\"]\"","timestamp":"2:45:48 PM"}
{"level":"\u001b[32minfo\u001b[39m","message":"Final post content (929 characters): Most people live on the porch of their livesThey polish their image, sharpen their performance, say all the right thingsThat’s the porch doorThe one that swings outwardIt’s the version of ourselves we...","timestamp":"2:45:48 PM"}
{"level":"\u001b[32minfo\u001b[39m","message":"No more 'processing' comments for this user. Waiting 2 minutes...","timestamp":"2:47:03 PM"}
{"level":"\u001b[32minfo\u001b[39m","message":"✅ Comment generated for post https://www.linkedin.com/posts/rebecca-schocker_mindsetcoaching-leadership-personaldevelopment-activity-7351969670083641346-CRHd?utm_source=social_share_send&amp;utm_medium=member_desktop_web&amp;rcm=ACoAAEM_-I0Btc1LsqkpwAXcBs2C95nv1kHKz28 by leboss.csa@gmail.com: \"Your observation about people living on the porch resonates with me, but I'd like to explore how this concept intersects with the growing body of research on emotional labor and its impact on mental health. Can we discuss how 'the main door' – inward work – might be more accessible when supported by organizational policies that prioritize employee well-being?\"","timestamp":"2:48:51 PM"}
{"level":"\u001b[32minfo\u001b[39m","message":"Navigating to post: https://www.linkedin.com/posts/rebecca-schocker_mindsetcoaching-leadership-personaldevelopment-activity-7351969670083641346-CRHd?utm_source=social_share_send&amp;utm_medium=member_desktop_web&amp;rcm=ACoAAEM_-I0Btc1LsqkpwAXcBs2C95nv1kHKz28","timestamp":"2:48:53 PM"}
{"level":"\u001b[32minfo\u001b[39m","message":"Post author found: Rebecca Schocker","timestamp":"2:49:06 PM"}
{"level":"\u001b[32minfo\u001b[39m","message":"Checking if post username \"Rebecca Schocker\" matches any target usernames in our database","timestamp":"2:49:06 PM"}
{"level":"\u001b[32minfo\u001b[39m","message":"Found a match! Post username \"Rebecca Schocker\" is in our target list","timestamp":"2:49:06 PM"}
{"level":"\u001b[32minfo\u001b[39m","message":"Post author \"Rebecca Schocker\" is in our target list. Proceeding with content analysis...","timestamp":"2:49:06 PM"}
{"level":"\u001b[32minfo\u001b[39m","message":"Post content found with selector \".break-words.tvm-parent-container span[dir=\"ltr\"]\"","timestamp":"2:49:07 PM"}
{"level":"\u001b[32minfo\u001b[39m","message":"Final post content (929 characters): Most people live on the porch of their livesThey polish their image, sharpen their performance, say all the right thingsThat’s the porch doorThe one that swings outwardIt’s the version of ourselves we...","timestamp":"2:49:07 PM"}
{"level":"\u001b[32minfo\u001b[39m","message":"✅ Comment generated for post https://www.linkedin.com/posts/rebecca-schocker_mindsetcoaching-leadership-personaldevelopment-activity-7351969670083641346-CRHd?utm_source=social_share_send&amp;utm_medium=member_desktop_web&amp;rcm=ACoAAEM_-I0Btc1LsqkpwAXcBs2C95nv1kHKz28 by leboss.csa@gmail.com: \"I appreciate the nuance between external success and internal fulfillment. Your comment about 'leadership' being a result of going inward resonates with me, but I'm curious: how do you address the societal pressure to present an outward image while cultivating inner growth?\"","timestamp":"2:49:34 PM"}
{"level":"\u001b[32minfo\u001b[39m","message":"✅ Processed 8/500 posts in current batch (Total: 8)","timestamp":"2:49:34 PM"}
{"level":"\u001b[32minfo\u001b[39m","message":"Not on feed page, navigating to feed...","timestamp":"2:49:57 PM"}
{"level":"\u001b[32minfo\u001b[39m","message":"No more 'processing' comments for this user. Waiting 2 minutes...","timestamp":"2:50:03 PM"}
{"level":"\u001b[32minfo\u001b[39m","message":"Processing post 9/500 in batch 1: https://www.linkedin.com/posts/thinkpositivelivebetter_activity-7351339853201997826-V3eW?utm_source=social_share_send&amp;utm_medium=member_desktop_web&amp;rcm=ACoAAEM_-I0Btc1LsqkpwAXcBs2C95nv1kHKz28","timestamp":"2:51:03 PM"}
{"level":"\u001b[32minfo\u001b[39m","message":"Navigating to post: https://www.linkedin.com/posts/thinkpositivelivebetter_activity-7351339853201997826-V3eW?utm_source=social_share_send&amp;utm_medium=member_desktop_web&amp;rcm=ACoAAEM_-I0Btc1LsqkpwAXcBs2C95nv1kHKz28","timestamp":"2:51:03 PM"}
{"level":"\u001b[32minfo\u001b[39m","message":"Post author found: 📍𝐓𝐡𝐢𝐧𝐤 𝐏𝐨𝐬𝐢𝐭𝐢𝐯𝐞 𝐀𝐥𝐰𝐚𝐲𝐬.𝐜𝐨𝐦📌","timestamp":"2:51:13 PM"}
{"level":"\u001b[32minfo\u001b[39m","message":"Checking if post username \"📍𝐓𝐡𝐢𝐧𝐤 𝐏𝐨𝐬𝐢𝐭𝐢𝐯𝐞 𝐀𝐥𝐰𝐚𝐲𝐬.𝐜𝐨𝐦📌\" matches any target usernames in our database","timestamp":"2:51:13 PM"}
{"level":"\u001b[32minfo\u001b[39m","message":"Found a match! Post username \"📍𝐓𝐡𝐢𝐧𝐤 𝐏𝐨𝐬𝐢𝐭𝐢𝐯𝐞 𝐀𝐥𝐰𝐚𝐲𝐬.𝐜𝐨𝐦📌\" is in our target list","timestamp":"2:51:13 PM"}
{"level":"\u001b[32minfo\u001b[39m","message":"Post author \"📍𝐓𝐡𝐢𝐧𝐤 𝐏𝐨𝐬𝐢𝐭𝐢𝐯𝐞 𝐀𝐥𝐰𝐚𝐲𝐬.𝐜𝐨𝐦📌\" is in our target list. Proceeding with content analysis...","timestamp":"2:51:13 PM"}
{"level":"\u001b[33mwarn\u001b[39m","message":"No content found for post https://www.linkedin.com/posts/thinkpositivelivebetter_activity-7351339853201997826-V3eW?utm_source=social_share_send&amp;utm_medium=member_desktop_web&amp;rcm=ACoAAEM_-I0Btc1LsqkpwAXcBs2C95nv1kHKz28. Skipping comment generation.","timestamp":"2:51:13 PM"}
{"level":"\u001b[32minfo\u001b[39m","message":"Navigating to post: https://www.linkedin.com/posts/thinkpositivelivebetter_activity-7351339853201997826-V3eW?utm_source=social_share_send&amp;utm_medium=member_desktop_web&amp;rcm=ACoAAEM_-I0Btc1LsqkpwAXcBs2C95nv1kHKz28","timestamp":"2:51:15 PM"}
{"level":"\u001b[32minfo\u001b[39m","message":"Post author found: 📍𝐓𝐡𝐢𝐧𝐤 𝐏𝐨𝐬𝐢𝐭𝐢𝐯𝐞 𝐀𝐥𝐰𝐚𝐲𝐬.𝐜𝐨𝐦📌","timestamp":"2:51:25 PM"}
{"level":"\u001b[32minfo\u001b[39m","message":"Checking if post username \"📍𝐓𝐡𝐢𝐧𝐤 𝐏𝐨𝐬𝐢𝐭𝐢𝐯𝐞 𝐀𝐥𝐰𝐚𝐲𝐬.𝐜𝐨𝐦📌\" matches any target usernames in our database","timestamp":"2:51:25 PM"}
{"level":"\u001b[32minfo\u001b[39m","message":"Found a match! Post username \"📍𝐓𝐡𝐢𝐧𝐤 𝐏𝐨𝐬𝐢𝐭𝐢𝐯𝐞 𝐀𝐥𝐰𝐚𝐲𝐬.𝐜𝐨𝐦📌\" is in our target list","timestamp":"2:51:25 PM"}
{"level":"\u001b[32minfo\u001b[39m","message":"Post author \"📍𝐓𝐡𝐢𝐧𝐤 𝐏𝐨𝐬𝐢𝐭𝐢𝐯𝐞 𝐀𝐥𝐰𝐚𝐲𝐬.𝐜𝐨𝐦📌\" is in our target list. Proceeding with content analysis...","timestamp":"2:51:25 PM"}
{"level":"\u001b[33mwarn\u001b[39m","message":"No content found for post https://www.linkedin.com/posts/thinkpositivelivebetter_activity-7351339853201997826-V3eW?utm_source=social_share_send&amp;utm_medium=member_desktop_web&amp;rcm=ACoAAEM_-I0Btc1LsqkpwAXcBs2C95nv1kHKz28. Skipping comment generation.","timestamp":"2:51:25 PM"}
{"level":"\u001b[32minfo\u001b[39m","message":"✅ Processed 9/500 posts in current batch (Total: 9)","timestamp":"2:51:25 PM"}
{"level":"\u001b[32minfo\u001b[39m","message":"Not on feed page, navigating to feed...","timestamp":"2:51:48 PM"}
{"level":"\u001b[32minfo\u001b[39m","message":"Processing post 10/500 in batch 1: https://www.linkedin.com/posts/nora-sharifpour-corporate-headhunter_recruitmenttips-resumeadvice-interviewtips-activity-7351268484040814596-mM9c?utm_source=social_share_send&amp;utm_medium=member_desktop_web&amp;rcm=ACoAAEM_-I0Btc1LsqkpwAXcBs2C95nv1kHKz28","timestamp":"2:53:01 PM"}
{"level":"\u001b[32minfo\u001b[39m","message":"Navigating to post: https://www.linkedin.com/posts/nora-sharifpour-corporate-headhunter_recruitmenttips-resumeadvice-interviewtips-activity-7351268484040814596-mM9c?utm_source=social_share_send&amp;utm_medium=member_desktop_web&amp;rcm=ACoAAEM_-I0Btc1LsqkpwAXcBs2C95nv1kHKz28","timestamp":"2:53:01 PM"}
{"level":"\u001b[32minfo\u001b[39m","message":"No more 'processing' comments for this user. Waiting 2 minutes...","timestamp":"2:53:03 PM"}
{"level":"\u001b[32minfo\u001b[39m","message":"Post author found: Nora S.","timestamp":"2:53:10 PM"}
{"level":"\u001b[32minfo\u001b[39m","message":"Checking if post username \"Nora S.\" matches any target usernames in our database","timestamp":"2:53:10 PM"}
{"level":"\u001b[32minfo\u001b[39m","message":"No match found for post username \"Nora S.\" in our target list","timestamp":"2:53:10 PM"}
{"level":"\u001b[32minfo\u001b[39m","message":"Post author \"Nora S.\" is not in our target list. Skipping...","timestamp":"2:53:10 PM"}
{"level":"\u001b[32minfo\u001b[39m","message":"Navigating to post: https://www.linkedin.com/posts/nora-sharifpour-corporate-headhunter_recruitmenttips-resumeadvice-interviewtips-activity-7351268484040814596-mM9c?utm_source=social_share_send&amp;utm_medium=member_desktop_web&amp;rcm=ACoAAEM_-I0Btc1LsqkpwAXcBs2C95nv1kHKz28","timestamp":"2:53:12 PM"}
{"level":"\u001b[32minfo\u001b[39m","message":"Post author found: Nora S.","timestamp":"2:53:21 PM"}
{"level":"\u001b[32minfo\u001b[39m","message":"Checking if post username \"Nora S.\" matches any target usernames in our database","timestamp":"2:53:21 PM"}
{"level":"\u001b[32minfo\u001b[39m","message":"No match found for post username \"Nora S.\" in our target list","timestamp":"2:53:21 PM"}
{"level":"\u001b[32minfo\u001b[39m","message":"Post author \"Nora S.\" is not in our target list. Skipping...","timestamp":"2:53:21 PM"}
{"level":"\u001b[32minfo\u001b[39m","message":"✅ Processed 10/500 posts in current batch (Total: 10)","timestamp":"2:53:21 PM"}
{"level":"\u001b[32minfo\u001b[39m","message":"Not on feed page, navigating to feed...","timestamp":"2:53:44 PM"}
{"level":"\u001b[32minfo\u001b[39m","message":"No new posts found, scrolling to load more...","timestamp":"2:55:04 PM"}
{"level":"\u001b[32minfo\u001b[39m","message":"No more 'processing' comments for this user. Waiting 2 minutes...","timestamp":"2:56:03 PM"}
{"level":"\u001b[32minfo\u001b[39m","message":"No new posts found, scrolling to load more...","timestamp":"2:56:18 PM"}
{"level":"\u001b[32minfo\u001b[39m","message":"No new posts found, scrolling to load more...","timestamp":"2:57:37 PM"}
{"level":"\u001b[32minfo\u001b[39m","message":"No new posts found, scrolling to load more...","timestamp":"2:58:56 PM"}
{"level":"\u001b[32minfo\u001b[39m","message":"No more 'processing' comments for this user. Waiting 2 minutes...","timestamp":"2:59:03 PM"}
{"level":"\u001b[32minfo\u001b[39m","message":"No new posts found, scrolling to load more...","timestamp":"3:00:11 PM"}
{"level":"\u001b[32minfo\u001b[39m","message":"No new posts found, scrolling to load more...","timestamp":"3:01:28 PM"}
{"level":"\u001b[32minfo\u001b[39m","message":"No more 'processing' comments for this user. Waiting 2 minutes...","timestamp":"3:02:03 PM"}
{"level":"\u001b[32minfo\u001b[39m","message":"No new posts found, scrolling to load more...","timestamp":"3:02:52 PM"}
{"level":"\u001b[32minfo\u001b[39m","message":"No new posts found, scrolling to load more...","timestamp":"3:04:13 PM"}
{"level":"\u001b[32minfo\u001b[39m","message":"No more 'processing' comments for this user. Waiting 2 minutes...","timestamp":"3:05:03 PM"}
{"level":"\u001b[32minfo\u001b[39m","message":"No new posts found, scrolling to load more...","timestamp":"3:05:30 PM"}
{"level":"\u001b[32minfo\u001b[39m","message":"No new posts found, scrolling to load more...","timestamp":"3:06:48 PM"}
{"level":"\u001b[32minfo\u001b[39m","message":"No more 'processing' comments for this user. Waiting 2 minutes...","timestamp":"3:08:03 PM"}
{"level":"\u001b[32minfo\u001b[39m","message":"No new posts found, scrolling to load more...","timestamp":"3:08:08 PM"}
{"level":"\u001b[32minfo\u001b[39m","message":"No new posts found, scrolling to load more...","timestamp":"3:09:31 PM"}
{"level":"\u001b[32minfo\u001b[39m","message":"No new posts found, scrolling to load more...","timestamp":"3:10:50 PM"}
{"level":"\u001b[32minfo\u001b[39m","message":"No more 'processing' comments for this user. Waiting 2 minutes...","timestamp":"3:11:03 PM"}
{"level":"\u001b[32minfo\u001b[39m","message":"Processing post 11/500 in batch 1: https://www.linkedin.com/posts/kelly-mizell-%F0%9F%8C%9F-67084331_hope-is-the-most-exciting-thing-there-is-activity-7351900537094619138-wcl8?utm_source=social_share_send&amp;utm_medium=member_desktop_web&amp;rcm=ACoAAEM_-I0Btc1LsqkpwAXcBs2C95nv1kHKz28","timestamp":"3:12:10 PM"}
{"level":"\u001b[32minfo\u001b[39m","message":"Navigating to post: https://www.linkedin.com/posts/kelly-mizell-%F0%9F%8C%9F-67084331_hope-is-the-most-exciting-thing-there-is-activity-7351900537094619138-wcl8?utm_source=social_share_send&amp;utm_medium=member_desktop_web&amp;rcm=ACoAAEM_-I0Btc1LsqkpwAXcBs2C95nv1kHKz28","timestamp":"3:12:10 PM"}
{"level":"\u001b[32minfo\u001b[39m","message":"Post author found: Kelly Mizell 🌟","timestamp":"3:12:20 PM"}
{"level":"\u001b[32minfo\u001b[39m","message":"Checking if post username \"Kelly Mizell 🌟\" matches any target usernames in our database","timestamp":"3:12:20 PM"}
{"level":"\u001b[32minfo\u001b[39m","message":"Found a match! Post username \"Kelly Mizell 🌟\" is in our target list","timestamp":"3:12:20 PM"}
{"level":"\u001b[32minfo\u001b[39m","message":"Post author \"Kelly Mizell 🌟\" is in our target list. Proceeding with content analysis...","timestamp":"3:12:20 PM"}
{"level":"\u001b[32minfo\u001b[39m","message":"Post content found with selector \".break-words.tvm-parent-container span[dir=\"ltr\"]\"","timestamp":"3:12:20 PM"}
{"level":"\u001b[32minfo\u001b[39m","message":"Final post content (66 characters): “Hope is the most exciting thing there is in life.”~ Mandy Moore ~...","timestamp":"3:12:20 PM"}
{"level":"\u001b[32minfo\u001b[39m","message":"No more 'processing' comments for this user. Waiting 2 minutes...","timestamp":"3:14:03 PM"}
{"level":"\u001b[32minfo\u001b[39m","message":"✅ Comment generated for post https://www.linkedin.com/posts/kelly-mizell-%F0%9F%8C%9F-67084331_hope-is-the-most-exciting-thing-there-is-activity-7351900537094619138-wcl8?utm_source=social_share_send&amp;utm_medium=member_desktop_web&amp;rcm=ACoAAEM_-I0Btc1LsqkpwAXcBs2C95nv1kHKz28 by leboss.csa@gmail.com: \"While hope can be exhilarating, isn't it also a fragile sentiment? What happens when our hopes are repeatedly dashed?\"","timestamp":"3:14:11 PM"}
{"level":"\u001b[32minfo\u001b[39m","message":"Navigating to post: https://www.linkedin.com/posts/kelly-mizell-%F0%9F%8C%9F-67084331_hope-is-the-most-exciting-thing-there-is-activity-7351900537094619138-wcl8?utm_source=social_share_send&amp;utm_medium=member_desktop_web&amp;rcm=ACoAAEM_-I0Btc1LsqkpwAXcBs2C95nv1kHKz28","timestamp":"3:14:13 PM"}
{"level":"\u001b[32minfo\u001b[39m","message":"Post author found: Kelly Mizell 🌟","timestamp":"3:14:23 PM"}
{"level":"\u001b[32minfo\u001b[39m","message":"Checking if post username \"Kelly Mizell 🌟\" matches any target usernames in our database","timestamp":"3:14:23 PM"}
{"level":"\u001b[32minfo\u001b[39m","message":"Found a match! Post username \"Kelly Mizell 🌟\" is in our target list","timestamp":"3:14:23 PM"}
{"level":"\u001b[32minfo\u001b[39m","message":"Post author \"Kelly Mizell 🌟\" is in our target list. Proceeding with content analysis...","timestamp":"3:14:23 PM"}
{"level":"\u001b[32minfo\u001b[39m","message":"Post content found with selector \".break-words.tvm-parent-container span[dir=\"ltr\"]\"","timestamp":"3:14:23 PM"}
{"level":"\u001b[32minfo\u001b[39m","message":"Final post content (66 characters): “Hope is the most exciting thing there is in life.”~ Mandy Moore ~...","timestamp":"3:14:23 PM"}
{"level":"\u001b[32minfo\u001b[39m","message":"✅ Comment generated for post https://www.linkedin.com/posts/kelly-mizell-%F0%9F%8C%9F-67084331_hope-is-the-most-exciting-thing-there-is-activity-7351900537094619138-wcl8?utm_source=social_share_send&amp;utm_medium=member_desktop_web&amp;rcm=ACoAAEM_-I0Btc1LsqkpwAXcBs2C95nv1kHKz28 by leboss.csa@gmail.com: \"While hope can certainly be exhilarating, what if our excitement stems from a deeper sense of uncertainty and the thrill of potential outcomes?\"","timestamp":"3:14:45 PM"}
{"level":"\u001b[32minfo\u001b[39m","message":"✅ Processed 11/500 posts in current batch (Total: 11)","timestamp":"3:14:45 PM"}
{"level":"\u001b[32minfo\u001b[39m","message":"Not on feed page, navigating to feed...","timestamp":"3:15:08 PM"}
{"level":"\u001b[32minfo\u001b[39m","message":"No new posts found, scrolling to load more...","timestamp":"3:16:32 PM"}
{"level":"\u001b[32minfo\u001b[39m","message":"No more 'processing' comments for this user. Waiting 2 minutes...","timestamp":"3:17:03 PM"}
{"level":"\u001b[32minfo\u001b[39m","message":"No new posts found, scrolling to load more...","timestamp":"3:17:49 PM"}
{"level":"\u001b[32minfo\u001b[39m","message":"No new posts found, scrolling to load more...","timestamp":"3:19:11 PM"}
{"level":"\u001b[32minfo\u001b[39m","message":"No more 'processing' comments for this user. Waiting 2 minutes...","timestamp":"3:20:03 PM"}
{"level":"\u001b[32minfo\u001b[39m","message":"No new posts found, scrolling to load more...","timestamp":"3:20:29 PM"}
{"level":"\u001b[32minfo\u001b[39m","message":"No new posts found, scrolling to load more...","timestamp":"3:21:47 PM"}
{"level":"\u001b[32minfo\u001b[39m","message":"No new posts found, scrolling to load more...","timestamp":"3:22:59 PM"}
{"level":"\u001b[32minfo\u001b[39m","message":"No more 'processing' comments for this user. Waiting 2 minutes...","timestamp":"3:23:04 PM"}
{"level":"\u001b[32minfo\u001b[39m","message":"Not on feed page, navigating to feed...","timestamp":"3:23:07 PM"}
{"level":"\u001b[32minfo\u001b[39m","message":"No new posts found, scrolling to load more...","timestamp":"3:24:22 PM"}
{"level":"\u001b[32minfo\u001b[39m","message":"No new posts found, scrolling to load more...","timestamp":"3:25:40 PM"}
{"level":"\u001b[32minfo\u001b[39m","message":"No more 'processing' comments for this user. Waiting 2 minutes...","timestamp":"3:26:04 PM"}
{"level":"\u001b[32minfo\u001b[39m","message":"No new posts found, scrolling to load more...","timestamp":"3:27:01 PM"}
{"level":"\u001b[32minfo\u001b[39m","message":"No new posts found, scrolling to load more...","timestamp":"3:28:15 PM"}
{"level":"\u001b[32minfo\u001b[39m","message":"No more 'processing' comments for this user. Waiting 2 minutes...","timestamp":"3:29:04 PM"}
{"level":"\u001b[32minfo\u001b[39m","message":"No new posts found, scrolling to load more...","timestamp":"3:29:30 PM"}
{"level":"\u001b[32minfo\u001b[39m","message":"No new posts found, scrolling to load more...","timestamp":"3:30:50 PM"}
{"level":"\u001b[32minfo\u001b[39m","message":"No more 'processing' comments for this user. Waiting 2 minutes...","timestamp":"3:32:04 PM"}
{"level":"\u001b[32minfo\u001b[39m","message":"No new posts found, scrolling to load more...","timestamp":"3:32:12 PM"}
{"level":"\u001b[32minfo\u001b[39m","message":"No new posts found, scrolling to load more...","timestamp":"3:33:33 PM"}
{"level":"\u001b[32minfo\u001b[39m","message":"No new posts found, scrolling to load more...","timestamp":"3:34:49 PM"}
{"level":"\u001b[32minfo\u001b[39m","message":"No more 'processing' comments for this user. Waiting 2 minutes...","timestamp":"3:35:04 PM"}
{"level":"\u001b[32minfo\u001b[39m","message":"No new posts found, scrolling to load more...","timestamp":"3:36:05 PM"}
{"level":"\u001b[32minfo\u001b[39m","message":"No new posts found, scrolling to load more...","timestamp":"3:37:27 PM"}
{"level":"\u001b[32minfo\u001b[39m","message":"No more 'processing' comments for this user. Waiting 2 minutes...","timestamp":"3:38:04 PM"}
{"level":"\u001b[32minfo\u001b[39m","message":"No new posts found, scrolling to load more...","timestamp":"3:38:44 PM"}
{"level":"\u001b[32minfo\u001b[39m","message":"No new posts found, scrolling to load more...","timestamp":"3:40:03 PM"}
{"level":"\u001b[32minfo\u001b[39m","message":"No more 'processing' comments for this user. Waiting 2 minutes...","timestamp":"3:41:04 PM"}
{"level":"\u001b[32minfo\u001b[39m","message":"No new posts found, scrolling to load more...","timestamp":"3:41:20 PM"}
{"level":"\u001b[32minfo\u001b[39m","message":"No new posts found, scrolling to load more...","timestamp":"3:42:34 PM"}
{"level":"\u001b[32minfo\u001b[39m","message":"No new posts found, scrolling to load more...","timestamp":"3:43:48 PM"}
{"level":"\u001b[32minfo\u001b[39m","message":"No more 'processing' comments for this user. Waiting 2 minutes...","timestamp":"3:44:04 PM"}
{"level":"\u001b[32minfo\u001b[39m","message":"No new posts found, scrolling to load more...","timestamp":"3:45:08 PM"}
{"level":"\u001b[32minfo\u001b[39m","message":"No new posts found, scrolling to load more...","timestamp":"3:46:26 PM"}
{"level":"\u001b[32minfo\u001b[39m","message":"No more 'processing' comments for this user. Waiting 2 minutes...","timestamp":"3:47:04 PM"}
{"level":"\u001b[32minfo\u001b[39m","message":"No new posts found, scrolling to load more...","timestamp":"3:47:46 PM"}
{"level":"\u001b[32minfo\u001b[39m","message":"No new posts found, scrolling to load more...","timestamp":"3:49:00 PM"}
{"level":"\u001b[32minfo\u001b[39m","message":"No more 'processing' comments for this user. Waiting 2 minutes...","timestamp":"3:50:04 PM"}
{"level":"\u001b[32minfo\u001b[39m","message":"No new posts found, scrolling to load more...","timestamp":"3:50:13 PM"}
{"level":"\u001b[32minfo\u001b[39m","message":"No new posts found, scrolling to load more...","timestamp":"3:51:30 PM"}
{"level":"\u001b[32minfo\u001b[39m","message":"No new posts found, scrolling to load more...","timestamp":"3:52:40 PM"}
{"level":"\u001b[32minfo\u001b[39m","message":"No more 'processing' comments for this user. Waiting 2 minutes...","timestamp":"3:53:04 PM"}
{"level":"\u001b[32minfo\u001b[39m","message":"No new posts found, scrolling to load more...","timestamp":"3:53:55 PM"}
{"level":"\u001b[32minfo\u001b[39m","message":"No new posts found, scrolling to load more...","timestamp":"3:55:13 PM"}
{"level":"\u001b[32minfo\u001b[39m","message":"No more 'processing' comments for this user. Waiting 2 minutes...","timestamp":"3:56:04 PM"}
{"level":"\u001b[32minfo\u001b[39m","message":"Processing post 12/500 in batch 1: https://www.linkedin.com/posts/thepeoplesboard_executivepay-hdfcbank-sashidharjagdishan-activity-7350762194185113601-CRHs?utm_source=social_share_send&amp;utm_medium=member_desktop_web&amp;rcm=ACoAAEM_-I0Btc1LsqkpwAXcBs2C95nv1kHKz28","timestamp":"3:56:28 PM"}
{"level":"\u001b[32minfo\u001b[39m","message":"Navigating to post: https://www.linkedin.com/posts/thepeoplesboard_executivepay-hdfcbank-sashidharjagdishan-activity-7350762194185113601-CRHs?utm_source=social_share_send&amp;utm_medium=member_desktop_web&amp;rcm=ACoAAEM_-I0Btc1LsqkpwAXcBs2C95nv1kHKz28","timestamp":"3:56:28 PM"}
{"level":"\u001b[32minfo\u001b[39m","message":"Post author found: ThePeoplesBoard","timestamp":"3:56:37 PM"}
{"level":"\u001b[32minfo\u001b[39m","message":"Checking if post username \"ThePeoplesBoard\" matches any target usernames in our database","timestamp":"3:56:37 PM"}
{"level":"\u001b[32minfo\u001b[39m","message":"No match found for post username \"ThePeoplesBoard\" in our target list","timestamp":"3:56:37 PM"}
{"level":"\u001b[32minfo\u001b[39m","message":"Post author \"ThePeoplesBoard\" is not in our target list. Skipping...","timestamp":"3:56:37 PM"}
{"level":"\u001b[32minfo\u001b[39m","message":"Navigating to post: https://www.linkedin.com/posts/thepeoplesboard_executivepay-hdfcbank-sashidharjagdishan-activity-7350762194185113601-CRHs?utm_source=social_share_send&amp;utm_medium=member_desktop_web&amp;rcm=ACoAAEM_-I0Btc1LsqkpwAXcBs2C95nv1kHKz28","timestamp":"3:56:39 PM"}
{"level":"\u001b[32minfo\u001b[39m","message":"Post author found: ThePeoplesBoard","timestamp":"3:56:47 PM"}
{"level":"\u001b[32minfo\u001b[39m","message":"Checking if post username \"ThePeoplesBoard\" matches any target usernames in our database","timestamp":"3:56:47 PM"}
{"level":"\u001b[32minfo\u001b[39m","message":"No match found for post username \"ThePeoplesBoard\" in our target list","timestamp":"3:56:47 PM"}
{"level":"\u001b[32minfo\u001b[39m","message":"Post author \"ThePeoplesBoard\" is not in our target list. Skipping...","timestamp":"3:56:47 PM"}
{"level":"\u001b[32minfo\u001b[39m","message":"✅ Processed 12/500 posts in current batch (Total: 12)","timestamp":"3:56:47 PM"}
{"level":"\u001b[32minfo\u001b[39m","message":"Processing post 13/500 in batch 1: https://www.linkedin.com/posts/hajra-batool-a81770370_inspirational-personalbranding-linkedincreators-activity-7349468773239746561-KfAH?utm_source=social_share_send&amp;utm_medium=member_desktop_web&amp;rcm=ACoAAEM_-I0Btc1LsqkpwAXcBs2C95nv1kHKz28","timestamp":"3:57:02 PM"}
{"level":"\u001b[32minfo\u001b[39m","message":"Navigating to post: https://www.linkedin.com/posts/hajra-batool-a81770370_inspirational-personalbranding-linkedincreators-activity-7349468773239746561-KfAH?utm_source=social_share_send&amp;utm_medium=member_desktop_web&amp;rcm=ACoAAEM_-I0Btc1LsqkpwAXcBs2C95nv1kHKz28","timestamp":"3:57:02 PM"}
{"level":"\u001b[32minfo\u001b[39m","message":"Post author found: Hajra Batool","timestamp":"3:57:11 PM"}
{"level":"\u001b[32minfo\u001b[39m","message":"Checking if post username \"Hajra Batool\" matches any target usernames in our database","timestamp":"3:57:11 PM"}
{"level":"\u001b[32minfo\u001b[39m","message":"No match found for post username \"Hajra Batool\" in our target list","timestamp":"3:57:11 PM"}
{"level":"\u001b[32minfo\u001b[39m","message":"Post author \"Hajra Batool\" is not in our target list. Skipping...","timestamp":"3:57:11 PM"}
{"level":"\u001b[32minfo\u001b[39m","message":"Navigating to post: https://www.linkedin.com/posts/hajra-batool-a81770370_inspirational-personalbranding-linkedincreators-activity-7349468773239746561-KfAH?utm_source=social_share_send&amp;utm_medium=member_desktop_web&amp;rcm=ACoAAEM_-I0Btc1LsqkpwAXcBs2C95nv1kHKz28","timestamp":"3:57:13 PM"}
{"level":"\u001b[32minfo\u001b[39m","message":"Post author found: Hajra Batool","timestamp":"3:57:22 PM"}
{"level":"\u001b[32minfo\u001b[39m","message":"Checking if post username \"Hajra Batool\" matches any target usernames in our database","timestamp":"3:57:22 PM"}
{"level":"\u001b[32minfo\u001b[39m","message":"No match found for post username \"Hajra Batool\" in our target list","timestamp":"3:57:22 PM"}
{"level":"\u001b[32minfo\u001b[39m","message":"Post author \"Hajra Batool\" is not in our target list. Skipping...","timestamp":"3:57:22 PM"}
{"level":"\u001b[32minfo\u001b[39m","message":"✅ Processed 13/500 posts in current batch (Total: 13)","timestamp":"3:57:22 PM"}
{"level":"\u001b[32minfo\u001b[39m","message":"Not on feed page, navigating to feed...","timestamp":"3:57:45 PM"}
{"level":"\u001b[32minfo\u001b[39m","message":"No new posts found, scrolling to load more...","timestamp":"3:59:00 PM"}
{"level":"\u001b[32minfo\u001b[39m","message":"No more 'processing' comments for this user. Waiting 2 minutes...","timestamp":"3:59:05 PM"}
{"level":"\u001b[32minfo\u001b[39m","message":"No new posts found, scrolling to load more...","timestamp":"4:00:17 PM"}
{"level":"\u001b[32minfo\u001b[39m","message":"No new posts found, scrolling to load more...","timestamp":"4:01:36 PM"}
{"level":"\u001b[32minfo\u001b[39m","message":"No more 'processing' comments for this user. Waiting 2 minutes...","timestamp":"4:02:05 PM"}
{"level":"\u001b[32minfo\u001b[39m","message":"No new posts found, scrolling to load more...","timestamp":"4:02:52 PM"}
{"level":"\u001b[32minfo\u001b[39m","message":"No new posts found, scrolling to load more...","timestamp":"4:04:03 PM"}
{"level":"\u001b[32minfo\u001b[39m","message":"No more 'processing' comments for this user. Waiting 2 minutes...","timestamp":"4:05:05 PM"}
{"level":"\u001b[32minfo\u001b[39m","message":"No new posts found, scrolling to load more...","timestamp":"4:05:25 PM"}
{"level":"\u001b[32minfo\u001b[39m","message":"No new posts found, scrolling to load more...","timestamp":"4:06:44 PM"}
{"level":"\u001b[32minfo\u001b[39m","message":"No new posts found, scrolling to load more...","timestamp":"4:07:58 PM"}
{"level":"\u001b[32minfo\u001b[39m","message":"No more 'processing' comments for this user. Waiting 2 minutes...","timestamp":"4:08:05 PM"}
{"level":"\u001b[32minfo\u001b[39m","message":"No new posts found, scrolling to load more...","timestamp":"4:09:14 PM"}
{"level":"\u001b[32minfo\u001b[39m","message":"No new posts found, scrolling to load more...","timestamp":"4:10:29 PM"}
{"level":"\u001b[32minfo\u001b[39m","message":"No more 'processing' comments for this user. Waiting 2 minutes...","timestamp":"4:11:05 PM"}
{"level":"\u001b[32minfo\u001b[39m","message":"No new posts found, scrolling to load more...","timestamp":"4:11:46 PM"}
{"level":"\u001b[32minfo\u001b[39m","message":"No new posts found, scrolling to load more...","timestamp":"4:13:06 PM"}
{"level":"\u001b[32minfo\u001b[39m","message":"No more 'processing' comments for this user. Waiting 2 minutes...","timestamp":"4:14:05 PM"}
{"level":"\u001b[32minfo\u001b[39m","message":"No new posts found, scrolling to load more...","timestamp":"4:14:22 PM"}
{"level":"\u001b[32minfo\u001b[39m","message":"No new posts found, scrolling to load more...","timestamp":"4:15:37 PM"}
{"level":"\u001b[32minfo\u001b[39m","message":"No new posts found, scrolling to load more...","timestamp":"4:16:55 PM"}
{"level":"\u001b[32minfo\u001b[39m","message":"No more 'processing' comments for this user. Waiting 2 minutes...","timestamp":"4:17:05 PM"}
{"level":"\u001b[32minfo\u001b[39m","message":"No new posts found, scrolling to load more...","timestamp":"4:18:11 PM"}
{"level":"\u001b[32minfo\u001b[39m","message":"No new posts found, scrolling to load more...","timestamp":"4:19:29 PM"}
{"level":"\u001b[32minfo\u001b[39m","message":"No more 'processing' comments for this user. Waiting 2 minutes...","timestamp":"4:20:05 PM"}
{"level":"\u001b[32minfo\u001b[39m","message":"No new posts found, scrolling to load more...","timestamp":"4:20:48 PM"}
{"level":"\u001b[32minfo\u001b[39m","message":"No new posts found, scrolling to load more...","timestamp":"4:22:04 PM"}
{"level":"\u001b[32minfo\u001b[39m","message":"No more 'processing' comments for this user. Waiting 2 minutes...","timestamp":"4:23:05 PM"}
{"level":"\u001b[32minfo\u001b[39m","message":"No new posts found, scrolling to load more...","timestamp":"4:23:22 PM"}
{"level":"\u001b[32minfo\u001b[39m","message":"No new posts found, scrolling to load more...","timestamp":"4:24:36 PM"}
{"level":"\u001b[32minfo\u001b[39m","message":"No new posts found, scrolling to load more...","timestamp":"4:25:50 PM"}
{"level":"\u001b[32minfo\u001b[39m","message":"No more 'processing' comments for this user. Waiting 2 minutes...","timestamp":"4:26:05 PM"}
{"level":"\u001b[32minfo\u001b[39m","message":"No new posts found, scrolling to load more...","timestamp":"4:27:07 PM"}
{"level":"\u001b[32minfo\u001b[39m","message":"No new posts found, scrolling to load more...","timestamp":"4:28:22 PM"}
{"level":"\u001b[32minfo\u001b[39m","message":"No more 'processing' comments for this user. Waiting 2 minutes...","timestamp":"4:29:05 PM"}
{"level":"\u001b[32minfo\u001b[39m","message":"No new posts found, scrolling to load more...","timestamp":"4:29:38 PM"}
{"level":"\u001b[32minfo\u001b[39m","message":"No new posts found, scrolling to load more...","timestamp":"4:30:53 PM"}
{"level":"\u001b[32minfo\u001b[39m","message":"No more 'processing' comments for this user. Waiting 2 minutes...","timestamp":"4:32:05 PM"}
{"level":"\u001b[32minfo\u001b[39m","message":"No new posts found, scrolling to load more...","timestamp":"4:32:12 PM"}
{"level":"\u001b[32minfo\u001b[39m","message":"No new posts found, scrolling to load more...","timestamp":"4:33:28 PM"}
{"level":"\u001b[32minfo\u001b[39m","message":"No new posts found, scrolling to load more...","timestamp":"4:34:40 PM"}
{"level":"\u001b[32minfo\u001b[39m","message":"No more 'processing' comments for this user. Waiting 2 minutes...","timestamp":"4:35:05 PM"}
{"level":"\u001b[32minfo\u001b[39m","message":"No new posts found, scrolling to load more...","timestamp":"4:35:59 PM"}
{"level":"\u001b[32minfo\u001b[39m","message":"No new posts found, scrolling to load more...","timestamp":"4:37:22 PM"}
{"level":"\u001b[32minfo\u001b[39m","message":"No more 'processing' comments for this user. Waiting 2 minutes...","timestamp":"4:38:05 PM"}
{"level":"\u001b[32minfo\u001b[39m","message":"No new posts found, scrolling to load more...","timestamp":"4:38:41 PM"}
{"level":"\u001b[32minfo\u001b[39m","message":"Processing post 14/500 in batch 1: https://www.linkedin.com/posts/thinkpositivelivebetter_activity-7351974045388566528-Zobq?utm_source=social_share_send&amp;utm_medium=member_desktop_web&amp;rcm=ACoAAEM_-I0Btc1LsqkpwAXcBs2C95nv1kHKz28","timestamp":"4:39:59 PM"}
{"level":"\u001b[32minfo\u001b[39m","message":"Navigating to post: https://www.linkedin.com/posts/thinkpositivelivebetter_activity-7351974045388566528-Zobq?utm_source=social_share_send&amp;utm_medium=member_desktop_web&amp;rcm=ACoAAEM_-I0Btc1LsqkpwAXcBs2C95nv1kHKz28","timestamp":"4:39:59 PM"}
{"level":"\u001b[32minfo\u001b[39m","message":"Post author found: 📍𝐓𝐡𝐢𝐧𝐤 𝐏𝐨𝐬𝐢𝐭𝐢𝐯𝐞 𝐀𝐥𝐰𝐚𝐲𝐬.𝐜𝐨𝐦📌","timestamp":"4:40:09 PM"}
{"level":"\u001b[32minfo\u001b[39m","message":"Checking if post username \"📍𝐓𝐡𝐢𝐧𝐤 𝐏𝐨𝐬𝐢𝐭𝐢𝐯𝐞 𝐀𝐥𝐰𝐚𝐲𝐬.𝐜𝐨𝐦📌\" matches any target usernames in our database","timestamp":"4:40:09 PM"}
{"level":"\u001b[32minfo\u001b[39m","message":"Found a match! Post username \"📍𝐓𝐡𝐢𝐧𝐤 𝐏𝐨𝐬𝐢𝐭𝐢𝐯𝐞 𝐀𝐥𝐰𝐚𝐲𝐬.𝐜𝐨𝐦📌\" is in our target list","timestamp":"4:40:09 PM"}
{"level":"\u001b[32minfo\u001b[39m","message":"Post author \"📍𝐓𝐡𝐢𝐧𝐤 𝐏𝐨𝐬𝐢𝐭𝐢𝐯𝐞 𝐀𝐥𝐰𝐚𝐲𝐬.𝐜𝐨𝐦📌\" is in our target list. Proceeding with content analysis...","timestamp":"4:40:09 PM"}
{"level":"\u001b[33mwarn\u001b[39m","message":"No content found for post https://www.linkedin.com/posts/thinkpositivelivebetter_activity-7351974045388566528-Zobq?utm_source=social_share_send&amp;utm_medium=member_desktop_web&amp;rcm=ACoAAEM_-I0Btc1LsqkpwAXcBs2C95nv1kHKz28. Skipping comment generation.","timestamp":"4:40:10 PM"}
{"level":"\u001b[32minfo\u001b[39m","message":"Navigating to post: https://www.linkedin.com/posts/thinkpositivelivebetter_activity-7351974045388566528-Zobq?utm_source=social_share_send&amp;utm_medium=member_desktop_web&amp;rcm=ACoAAEM_-I0Btc1LsqkpwAXcBs2C95nv1kHKz28","timestamp":"4:40:12 PM"}
{"level":"\u001b[32minfo\u001b[39m","message":"Post author found: 📍𝐓𝐡𝐢𝐧𝐤 𝐏𝐨𝐬𝐢𝐭𝐢𝐯𝐞 𝐀𝐥𝐰𝐚𝐲𝐬.𝐜𝐨𝐦📌","timestamp":"4:40:21 PM"}
{"level":"\u001b[32minfo\u001b[39m","message":"Checking if post username \"📍𝐓𝐡𝐢𝐧𝐤 𝐏𝐨𝐬𝐢𝐭𝐢𝐯𝐞 𝐀𝐥𝐰𝐚𝐲𝐬.𝐜𝐨𝐦📌\" matches any target usernames in our database","timestamp":"4:40:21 PM"}
{"level":"\u001b[32minfo\u001b[39m","message":"Found a match! Post username \"📍𝐓𝐡𝐢𝐧𝐤 𝐏𝐨𝐬𝐢𝐭𝐢𝐯𝐞 𝐀𝐥𝐰𝐚𝐲𝐬.𝐜𝐨𝐦📌\" is in our target list","timestamp":"4:40:21 PM"}
{"level":"\u001b[32minfo\u001b[39m","message":"Post author \"📍𝐓𝐡𝐢𝐧𝐤 𝐏𝐨𝐬𝐢𝐭𝐢𝐯𝐞 𝐀𝐥𝐰𝐚𝐲𝐬.𝐜𝐨𝐦📌\" is in our target list. Proceeding with content analysis...","timestamp":"4:40:21 PM"}
{"level":"\u001b[33mwarn\u001b[39m","message":"No content found for post https://www.linkedin.com/posts/thinkpositivelivebetter_activity-7351974045388566528-Zobq?utm_source=social_share_send&amp;utm_medium=member_desktop_web&amp;rcm=ACoAAEM_-I0Btc1LsqkpwAXcBs2C95nv1kHKz28. Skipping comment generation.","timestamp":"4:40:21 PM"}
{"level":"\u001b[32minfo\u001b[39m","message":"✅ Processed 14/500 posts in current batch (Total: 14)","timestamp":"4:40:21 PM"}
{"level":"\u001b[32minfo\u001b[39m","message":"Not on feed page, navigating to feed...","timestamp":"4:40:45 PM"}
{"level":"\u001b[32minfo\u001b[39m","message":"No more 'processing' comments for this user. Waiting 2 minutes...","timestamp":"4:41:05 PM"}
{"level":"\u001b[32minfo\u001b[39m","message":"Processing post 15/500 in batch 1: https://www.linkedin.com/posts/thinkpositivelivebetter_activity-7351807938283368448-FeMK?utm_source=social_share_send&amp;utm_medium=member_desktop_web&amp;rcm=ACoAAEM_-I0Btc1LsqkpwAXcBs2C95nv1kHKz28","timestamp":"4:42:09 PM"}
{"level":"\u001b[32minfo\u001b[39m","message":"Navigating to post: https://www.linkedin.com/posts/thinkpositivelivebetter_activity-7351807938283368448-FeMK?utm_source=social_share_send&amp;utm_medium=member_desktop_web&amp;rcm=ACoAAEM_-I0Btc1LsqkpwAXcBs2C95nv1kHKz28","timestamp":"4:42:09 PM"}
{"level":"\u001b[32minfo\u001b[39m","message":"Post author found: 📍𝐓𝐡𝐢𝐧𝐤 𝐏𝐨𝐬𝐢𝐭𝐢𝐯𝐞 𝐀𝐥𝐰𝐚𝐲𝐬.𝐜𝐨𝐦📌","timestamp":"4:42:18 PM"}
{"level":"\u001b[32minfo\u001b[39m","message":"Checking if post username \"📍𝐓𝐡𝐢𝐧𝐤 𝐏𝐨𝐬𝐢𝐭𝐢𝐯𝐞 𝐀𝐥𝐰𝐚𝐲𝐬.𝐜𝐨𝐦📌\" matches any target usernames in our database","timestamp":"4:42:18 PM"}
{"level":"\u001b[32minfo\u001b[39m","message":"Found a match! Post username \"📍𝐓𝐡𝐢𝐧𝐤 𝐏𝐨𝐬𝐢𝐭𝐢𝐯𝐞 𝐀𝐥𝐰𝐚𝐲𝐬.𝐜𝐨𝐦📌\" is in our target list","timestamp":"4:42:18 PM"}
{"level":"\u001b[32minfo\u001b[39m","message":"Post author \"📍𝐓𝐡𝐢𝐧𝐤 𝐏𝐨𝐬𝐢𝐭𝐢𝐯𝐞 𝐀𝐥𝐰𝐚𝐲𝐬.𝐜𝐨𝐦📌\" is in our target list. Proceeding with content analysis...","timestamp":"4:42:18 PM"}
{"level":"\u001b[33mwarn\u001b[39m","message":"No content found for post https://www.linkedin.com/posts/thinkpositivelivebetter_activity-7351807938283368448-FeMK?utm_source=social_share_send&amp;utm_medium=member_desktop_web&amp;rcm=ACoAAEM_-I0Btc1LsqkpwAXcBs2C95nv1kHKz28. Skipping comment generation.","timestamp":"4:42:18 PM"}
{"level":"\u001b[32minfo\u001b[39m","message":"Navigating to post: https://www.linkedin.com/posts/thinkpositivelivebetter_activity-7351807938283368448-FeMK?utm_source=social_share_send&amp;utm_medium=member_desktop_web&amp;rcm=ACoAAEM_-I0Btc1LsqkpwAXcBs2C95nv1kHKz28","timestamp":"4:42:20 PM"}
{"level":"\u001b[32minfo\u001b[39m","message":"Post author found: 📍𝐓𝐡𝐢𝐧𝐤 𝐏𝐨𝐬𝐢𝐭𝐢𝐯𝐞 𝐀𝐥𝐰𝐚𝐲𝐬.𝐜𝐨𝐦📌","timestamp":"4:42:29 PM"}
{"level":"\u001b[32minfo\u001b[39m","message":"Checking if post username \"📍𝐓𝐡𝐢𝐧𝐤 𝐏𝐨𝐬𝐢𝐭𝐢𝐯𝐞 𝐀𝐥𝐰𝐚𝐲𝐬.𝐜𝐨𝐦📌\" matches any target usernames in our database","timestamp":"4:42:29 PM"}
{"level":"\u001b[32minfo\u001b[39m","message":"Found a match! Post username \"📍𝐓𝐡𝐢𝐧𝐤 𝐏𝐨𝐬𝐢𝐭𝐢𝐯𝐞 𝐀𝐥𝐰𝐚𝐲𝐬.𝐜𝐨𝐦📌\" is in our target list","timestamp":"4:42:29 PM"}
{"level":"\u001b[32minfo\u001b[39m","message":"Post author \"📍𝐓𝐡𝐢𝐧𝐤 𝐏𝐨𝐬𝐢𝐭𝐢𝐯𝐞 𝐀𝐥𝐰𝐚𝐲𝐬.𝐜𝐨𝐦📌\" is in our target list. Proceeding with content analysis...","timestamp":"4:42:29 PM"}
{"level":"\u001b[33mwarn\u001b[39m","message":"No content found for post https://www.linkedin.com/posts/thinkpositivelivebetter_activity-7351807938283368448-FeMK?utm_source=social_share_send&amp;utm_medium=member_desktop_web&amp;rcm=ACoAAEM_-I0Btc1LsqkpwAXcBs2C95nv1kHKz28. Skipping comment generation.","timestamp":"4:42:30 PM"}
{"level":"\u001b[32minfo\u001b[39m","message":"✅ Processed 15/500 posts in current batch (Total: 15)","timestamp":"4:42:30 PM"}
{"level":"\u001b[32minfo\u001b[39m","message":"Not on feed page, navigating to feed...","timestamp":"4:42:53 PM"}
{"level":"\u001b[32minfo\u001b[39m","message":"No more 'processing' comments for this user. Waiting 2 minutes...","timestamp":"4:44:05 PM"}
{"level":"\u001b[32minfo\u001b[39m","message":"No new posts found, scrolling to load more...","timestamp":"4:44:12 PM"}
{"level":"\u001b[32minfo\u001b[39m","message":"No new posts found, scrolling to load more...","timestamp":"4:45:32 PM"}
{"level":"\u001b[32minfo\u001b[39m","message":"No new posts found, scrolling to load more...","timestamp":"4:46:54 PM"}
{"level":"\u001b[32minfo\u001b[39m","message":"No more 'processing' comments for this user. Waiting 2 minutes...","timestamp":"4:47:05 PM"}
{"level":"\u001b[32minfo\u001b[39m","message":"No new posts found, scrolling to load more...","timestamp":"4:48:13 PM"}
{"level":"\u001b[32minfo\u001b[39m","message":"No new posts found, scrolling to load more...","timestamp":"4:49:27 PM"}
{"level":"\u001b[32minfo\u001b[39m","message":"No more 'processing' comments for this user. Waiting 2 minutes...","timestamp":"4:50:05 PM"}
{"level":"\u001b[32minfo\u001b[39m","message":"No new posts found, scrolling to load more...","timestamp":"4:50:44 PM"}
{"level":"\u001b[32minfo\u001b[39m","message":"No new posts found, scrolling to load more...","timestamp":"4:52:02 PM"}
{"level":"\u001b[32minfo\u001b[39m","message":"No more 'processing' comments for this user. Waiting 2 minutes...","timestamp":"4:53:06 PM"}
{"level":"\u001b[32minfo\u001b[39m","message":"No new posts found, scrolling to load more...","timestamp":"4:53:19 PM"}
{"level":"\u001b[32minfo\u001b[39m","message":"No new posts found, scrolling to load more...","timestamp":"4:54:37 PM"}
{"level":"\u001b[32minfo\u001b[39m","message":"No new posts found, scrolling to load more...","timestamp":"4:55:57 PM"}
{"level":"\u001b[32minfo\u001b[39m","message":"No more 'processing' comments for this user. Waiting 2 minutes...","timestamp":"4:56:06 PM"}
{"level":"\u001b[32minfo\u001b[39m","message":"No new posts found, scrolling to load more...","timestamp":"4:57:16 PM"}
{"level":"\u001b[32minfo\u001b[39m","message":"No new posts found, scrolling to load more...","timestamp":"4:58:31 PM"}
{"level":"\u001b[32minfo\u001b[39m","message":"No more 'processing' comments for this user. Waiting 2 minutes...","timestamp":"4:59:06 PM"}
{"level":"\u001b[32minfo\u001b[39m","message":"No new posts found, scrolling to load more...","timestamp":"4:59:49 PM"}
{"level":"\u001b[32minfo\u001b[39m","message":"No new posts found, scrolling to load more...","timestamp":"5:01:02 PM"}
{"level":"\u001b[32minfo\u001b[39m","message":"No more 'processing' comments for this user. Waiting 2 minutes...","timestamp":"5:02:06 PM"}
{"level":"\u001b[32minfo\u001b[39m","message":"No new posts found, scrolling to load more...","timestamp":"5:02:18 PM"}
{"level":"\u001b[32minfo\u001b[39m","message":"No new posts found, scrolling to load more...","timestamp":"5:03:33 PM"}
{"level":"\u001b[32minfo\u001b[39m","message":"No new posts found, scrolling to load more...","timestamp":"5:04:51 PM"}
{"level":"\u001b[32minfo\u001b[39m","message":"No more 'processing' comments for this user. Waiting 2 minutes...","timestamp":"5:05:06 PM"}
{"level":"\u001b[32minfo\u001b[39m","message":"No new posts found, scrolling to load more...","timestamp":"5:06:06 PM"}
{"level":"\u001b[32minfo\u001b[39m","message":"No new posts found, scrolling to load more...","timestamp":"5:07:28 PM"}
{"level":"\u001b[32minfo\u001b[39m","message":"No more 'processing' comments for this user. Waiting 2 minutes...","timestamp":"5:08:06 PM"}
{"level":"\u001b[32minfo\u001b[39m","message":"No new posts found, scrolling to load more...","timestamp":"5:08:40 PM"}
{"level":"\u001b[32minfo\u001b[39m","message":"No new posts found, scrolling to load more...","timestamp":"5:09:56 PM"}
{"level":"\u001b[32minfo\u001b[39m","message":"No more 'processing' comments for this user. Waiting 2 minutes...","timestamp":"5:11:06 PM"}
{"level":"\u001b[32minfo\u001b[39m","message":"No new posts found, scrolling to load more...","timestamp":"5:11:15 PM"}
{"level":"\u001b[32minfo\u001b[39m","message":"No new posts found, scrolling to load more...","timestamp":"5:12:37 PM"}
{"level":"\u001b[32minfo\u001b[39m","message":"No new posts found, scrolling to load more...","timestamp":"5:13:50 PM"}
{"level":"\u001b[32minfo\u001b[39m","message":"No more 'processing' comments for this user. Waiting 2 minutes...","timestamp":"5:14:06 PM"}
{"level":"\u001b[32minfo\u001b[39m","message":"No new posts found, scrolling to load more...","timestamp":"5:15:12 PM"}
{"level":"\u001b[32minfo\u001b[39m","message":"No new posts found, scrolling to load more...","timestamp":"5:16:35 PM"}
{"level":"\u001b[32minfo\u001b[39m","message":"No more 'processing' comments for this user. Waiting 2 minutes...","timestamp":"5:17:06 PM"}
{"level":"\u001b[32minfo\u001b[39m","message":"No new posts found, scrolling to load more...","timestamp":"5:17:45 PM"}
{"level":"\u001b[32minfo\u001b[39m","message":"No new posts found, scrolling to load more...","timestamp":"5:18:58 PM"}
{"level":"\u001b[32minfo\u001b[39m","message":"No more 'processing' comments for this user. Waiting 2 minutes...","timestamp":"5:20:06 PM"}
{"level":"\u001b[32minfo\u001b[39m","message":"No new posts found, scrolling to load more...","timestamp":"5:20:21 PM"}
{"level":"\u001b[32minfo\u001b[39m","message":"No new posts found, scrolling to load more...","timestamp":"5:21:36 PM"}
{"level":"\u001b[32minfo\u001b[39m","message":"No new posts found, scrolling to load more...","timestamp":"5:22:58 PM"}
{"level":"\u001b[32minfo\u001b[39m","message":"No more 'processing' comments for this user. Waiting 2 minutes...","timestamp":"5:23:06 PM"}
{"level":"\u001b[32minfo\u001b[39m","message":"No new posts found, scrolling to load more...","timestamp":"5:24:12 PM"}
{"level":"\u001b[32minfo\u001b[39m","message":"No new posts found, scrolling to load more...","timestamp":"5:25:31 PM"}
{"level":"\u001b[32minfo\u001b[39m","message":"No more 'processing' comments for this user. Waiting 2 minutes...","timestamp":"5:26:06 PM"}
{"level":"\u001b[32minfo\u001b[39m","message":"No new posts found, scrolling to load more...","timestamp":"5:26:48 PM"}
{"level":"\u001b[32minfo\u001b[39m","message":"No new posts found, scrolling to load more...","timestamp":"5:28:08 PM"}
