{"level":"\u001b[32minfo\u001b[39m","message":"Connected to MongoDB","timestamp":"11:40:46 AM"}
{"level":"\u001b[32minfo\u001b[39m","message":"Connected to MongoDB","timestamp":"11:40:46 AM"}
{"level":"\u001b[32minfo\u001b[39m","message":"Server running on port 3445","timestamp":"11:40:47 AM"}
{"level":"\u001b[32minfo\u001b[39m","message":"Connexion LinkedIn détectée (navigation principale présente).","timestamp":"11:41:30 AM"}
{"level":"\u001b[32minfo\u001b[39m","message":"Cookies LinkedIn sauvegardés en base de données pour l'utilisateur leboss.csa@gmail.com.","timestamp":"11:41:30 AM"}
{"level":"\u001b[34mdebug\u001b[39m","message":"Résultat de l'opération DB: 1 document(s) modifié(s), 0 document(s) créé(s).","timestamp":"11:41:30 AM"}
{"level":"\u001b[32minfo\u001b[39m","message":"Retrieved 12 cookies for leboss.csa@gmail.com","timestamp":"11:41:31 AM"}
{"level":"\u001b[32minfo\u001b[39m","message":"Started browser for leboss.csa@gmail.com","timestamp":"11:41:32 AM"}
{"level":"\u001b[32minfo\u001b[39m","message":"Navigating to LinkedIn homepage for leboss.csa@gmail.com...","timestamp":"11:41:32 AM"}
{"level":"\u001b[32minfo\u001b[39m","message":"Current URL after navigation: https://www.linkedin.com/","timestamp":"11:41:36 AM"}
{"level":"\u001b[32minfo\u001b[39m","message":"Applying 12 cookies for leboss.csa@gmail.com...","timestamp":"11:41:36 AM"}
{"level":"\u001b[32minfo\u001b[39m","message":"Filtered to 12 valid LinkedIn cookies","timestamp":"11:41:36 AM"}
{"level":"\u001b[32minfo\u001b[39m","message":"✅ Cookies applied successfully for leboss.csa@gmail.com","timestamp":"11:41:36 AM"}
{"level":"\u001b[32minfo\u001b[39m","message":"Reloading page to apply cookies...","timestamp":"11:41:36 AM"}
{"level":"\u001b[32minfo\u001b[39m","message":"Vérification de la connexion pour leboss.csa@gmail.com...","timestamp":"11:41:50 AM"}
{"level":"\u001b[32minfo\u001b[39m","message":"Checking for login indicator: Messaging tab ([data-test-id=\"nav-messaging-tab\"])","timestamp":"11:41:50 AM"}
{"level":"\u001b[32minfo\u001b[39m","message":"❌ Login check failed for: Messaging tab","timestamp":"11:41:58 AM"}
{"level":"\u001b[32minfo\u001b[39m","message":"Checking for login indicator: Settings nav ([data-control-name=\"nav.settings\"])","timestamp":"11:41:58 AM"}
{"level":"\u001b[32minfo\u001b[39m","message":"❌ Login check failed for: Settings nav","timestamp":"11:42:06 AM"}
{"level":"\u001b[32minfo\u001b[39m","message":"Checking for login indicator: Me nav (.global-nav__me)","timestamp":"11:42:06 AM"}
{"level":"\u001b[32minfo\u001b[39m","message":"✅ Logged into LinkedIn as leboss.csa@gmail.com (detected: Me nav)","timestamp":"11:42:06 AM"}
{"level":"\u001b[32minfo\u001b[39m","message":"Navigating to LinkedIn feed for leboss.csa@gmail.com...","timestamp":"11:42:06 AM"}
{"level":"\u001b[32minfo\u001b[39m","message":"✅ Successfully accessed feed with 3 posts visible","timestamp":"11:42:19 AM"}
{"level":"\u001b[32minfo\u001b[39m","message":"🚀 Starting main automation loop for leboss.csa@gmail.com","timestamp":"11:42:19 AM"}
{"level":"\u001b[31merror\u001b[39m","message":"Error in main loop: TimeoutError: Navigation timeout of 30000 ms exceeded","timestamp":"11:42:57 AM"}
{"level":"\u001b[31merror\u001b[39m","message":"Error in main loop: TimeoutError: Navigation timeout of 30000 ms exceeded","timestamp":"11:44:04 AM"}
{"level":"\u001b[32minfo\u001b[39m","message":"Connected to MongoDB","timestamp":"11:51:48 AM"}
{"level":"\u001b[32minfo\u001b[39m","message":"Connected to MongoDB","timestamp":"11:51:49 AM"}
{"level":"\u001b[32minfo\u001b[39m","message":"Server running on port 3445","timestamp":"11:51:49 AM"}
{"level":"\u001b[32minfo\u001b[39m","message":"Instagram username updated for user 683720529b99dc1e616b574d: leboss.csa@gmail.com","timestamp":"11:52:14 AM"}
{"level":"\u001b[32minfo\u001b[39m","message":"Connexion LinkedIn détectée (navigation principale présente).","timestamp":"11:52:49 AM"}
{"level":"\u001b[32minfo\u001b[39m","message":"Cookies LinkedIn sauvegardés en base de données pour l'utilisateur leboss.csa@gmail.com.","timestamp":"11:52:49 AM"}
{"level":"\u001b[34mdebug\u001b[39m","message":"Résultat de l'opération DB: 1 document(s) modifié(s), 0 document(s) créé(s).","timestamp":"11:52:49 AM"}
{"level":"\u001b[32minfo\u001b[39m","message":"Retrieved 12 cookies for leboss.csa@gmail.com","timestamp":"11:52:50 AM"}
{"level":"\u001b[32minfo\u001b[39m","message":"Started browser for leboss.csa@gmail.com","timestamp":"11:52:51 AM"}
{"level":"\u001b[32minfo\u001b[39m","message":"Navigating to LinkedIn homepage for leboss.csa@gmail.com...","timestamp":"11:52:51 AM"}
{"level":"\u001b[32minfo\u001b[39m","message":"Current URL after navigation: https://www.linkedin.com/","timestamp":"11:52:55 AM"}
{"level":"\u001b[32minfo\u001b[39m","message":"Applying 12 cookies for leboss.csa@gmail.com...","timestamp":"11:52:55 AM"}
{"level":"\u001b[32minfo\u001b[39m","message":"Filtered to 12 valid LinkedIn cookies","timestamp":"11:52:55 AM"}
{"level":"\u001b[32minfo\u001b[39m","message":"✅ Cookies applied successfully for leboss.csa@gmail.com","timestamp":"11:52:55 AM"}
{"level":"\u001b[32minfo\u001b[39m","message":"Reloading page to apply cookies...","timestamp":"11:52:55 AM"}
{"level":"\u001b[32minfo\u001b[39m","message":"Vérification de la connexion pour leboss.csa@gmail.com...","timestamp":"11:53:14 AM"}
{"level":"\u001b[32minfo\u001b[39m","message":"Checking for login indicator: Messaging tab ([data-test-id=\"nav-messaging-tab\"])","timestamp":"11:53:14 AM"}
{"level":"\u001b[32minfo\u001b[39m","message":"❌ Login check failed for: Messaging tab","timestamp":"11:53:23 AM"}
{"level":"\u001b[32minfo\u001b[39m","message":"Checking for login indicator: Settings nav ([data-control-name=\"nav.settings\"])","timestamp":"11:53:23 AM"}
{"level":"\u001b[32minfo\u001b[39m","message":"❌ Login check failed for: Settings nav","timestamp":"11:53:31 AM"}
{"level":"\u001b[32minfo\u001b[39m","message":"Checking for login indicator: Me nav (.global-nav__me)","timestamp":"11:53:31 AM"}
{"level":"\u001b[32minfo\u001b[39m","message":"✅ Logged into LinkedIn as leboss.csa@gmail.com (detected: Me nav)","timestamp":"11:53:31 AM"}
{"level":"\u001b[32minfo\u001b[39m","message":"Navigating to LinkedIn feed for leboss.csa@gmail.com...","timestamp":"11:53:31 AM"}
{"level":"\u001b[32minfo\u001b[39m","message":"✅ Successfully accessed feed with 3 posts visible","timestamp":"11:53:43 AM"}
{"level":"\u001b[32minfo\u001b[39m","message":"🚀 Starting main automation loop for leboss.csa@gmail.com","timestamp":"11:53:43 AM"}
{"level":"\u001b[32minfo\u001b[39m","message":"Found 3 posts on current page","timestamp":"11:53:55 AM"}
{"level":"\u001b[32minfo\u001b[39m","message":"Successfully extracted 0 post links","timestamp":"11:53:55 AM"}
{"level":"\u001b[32minfo\u001b[39m","message":"No new posts, scrolling...","timestamp":"11:53:55 AM"}
{"level":"\u001b[32minfo\u001b[39m","message":"Found 3 posts on current page","timestamp":"11:54:15 AM"}
{"level":"\u001b[32minfo\u001b[39m","message":"Successfully extracted 0 post links","timestamp":"11:54:15 AM"}
{"level":"\u001b[32minfo\u001b[39m","message":"No new posts, scrolling...","timestamp":"11:54:15 AM"}
{"level":"\u001b[32minfo\u001b[39m","message":"Found 3 posts on current page","timestamp":"11:54:33 AM"}
{"level":"\u001b[32minfo\u001b[39m","message":"Successfully extracted 0 post links","timestamp":"11:54:33 AM"}
{"level":"\u001b[32minfo\u001b[39m","message":"No new posts, scrolling...","timestamp":"11:54:33 AM"}
{"level":"\u001b[32minfo\u001b[39m","message":"Found 3 posts on current page","timestamp":"11:54:53 AM"}
{"level":"\u001b[32minfo\u001b[39m","message":"Extracted post link: https://www.linkedin.com/feed/update/urn:li:activity:7346697726467706883/","timestamp":"11:54:53 AM"}
{"level":"\u001b[32minfo\u001b[39m","message":"Successfully extracted 1 post links","timestamp":"11:54:53 AM"}
{"level":"\u001b[32minfo\u001b[39m","message":"Processing post: https://www.linkedin.com/feed/update/urn:li:activity:7346697726467706883/","timestamp":"11:54:53 AM"}
{"level":"\u001b[32minfo\u001b[39m","message":"Navigating to post: https://www.linkedin.com/feed/update/urn:li:activity:7346697726467706883/","timestamp":"11:54:53 AM"}
{"level":"\u001b[32minfo\u001b[39m","message":"Connected to MongoDB","timestamp":"12:10:07 PM"}
{"level":"\u001b[32minfo\u001b[39m","message":"Connected to MongoDB","timestamp":"12:10:07 PM"}
{"level":"\u001b[32minfo\u001b[39m","message":"Server running on port 3445","timestamp":"12:10:07 PM"}
{"level":"\u001b[32minfo\u001b[39m","message":"Instagram username updated for user 683720529b99dc1e616b574d: leboss.csa@gmail.com","timestamp":"12:10:18 PM"}
{"level":"\u001b[32minfo\u001b[39m","message":"Connexion LinkedIn détectée (navigation principale présente).","timestamp":"12:10:37 PM"}
{"level":"\u001b[32minfo\u001b[39m","message":"Cookies LinkedIn sauvegardés en base de données pour l'utilisateur leboss.csa@gmail.com.","timestamp":"12:10:38 PM"}
{"level":"\u001b[34mdebug\u001b[39m","message":"Résultat de l'opération DB: 1 document(s) modifié(s), 0 document(s) créé(s).","timestamp":"12:10:38 PM"}
{"level":"\u001b[32minfo\u001b[39m","message":"Retrieved 12 cookies for leboss.csa@gmail.com","timestamp":"12:10:38 PM"}
{"level":"\u001b[32minfo\u001b[39m","message":"Started browser for leboss.csa@gmail.com","timestamp":"12:10:39 PM"}
{"level":"\u001b[32minfo\u001b[39m","message":"Navigating to LinkedIn homepage for leboss.csa@gmail.com...","timestamp":"12:10:39 PM"}
{"level":"\u001b[32minfo\u001b[39m","message":"Current URL after navigation: https://www.linkedin.com/","timestamp":"12:10:43 PM"}
{"level":"\u001b[32minfo\u001b[39m","message":"Applying 12 cookies for leboss.csa@gmail.com...","timestamp":"12:10:43 PM"}
{"level":"\u001b[32minfo\u001b[39m","message":"Filtered to 12 valid LinkedIn cookies","timestamp":"12:10:43 PM"}
{"level":"\u001b[32minfo\u001b[39m","message":"✅ Cookies applied successfully for leboss.csa@gmail.com","timestamp":"12:10:43 PM"}
{"level":"\u001b[32minfo\u001b[39m","message":"Reloading page to apply cookies...","timestamp":"12:10:43 PM"}
{"level":"\u001b[32minfo\u001b[39m","message":"Vérification de la connexion pour leboss.csa@gmail.com...","timestamp":"12:10:51 PM"}
{"level":"\u001b[32minfo\u001b[39m","message":"Checking for login indicator: Messaging tab ([data-test-id=\"nav-messaging-tab\"])","timestamp":"12:10:51 PM"}
{"level":"\u001b[32minfo\u001b[39m","message":"❌ Login check failed for: Messaging tab","timestamp":"12:10:59 PM"}
{"level":"\u001b[32minfo\u001b[39m","message":"Checking for login indicator: Settings nav ([data-control-name=\"nav.settings\"])","timestamp":"12:10:59 PM"}
{"level":"\u001b[32minfo\u001b[39m","message":"❌ Login check failed for: Settings nav","timestamp":"12:11:07 PM"}
{"level":"\u001b[32minfo\u001b[39m","message":"Checking for login indicator: Me nav (.global-nav__me)","timestamp":"12:11:07 PM"}
{"level":"\u001b[32minfo\u001b[39m","message":"✅ Logged into LinkedIn as leboss.csa@gmail.com (detected: Me nav)","timestamp":"12:11:07 PM"}
{"level":"\u001b[32minfo\u001b[39m","message":"Navigating to LinkedIn feed for leboss.csa@gmail.com...","timestamp":"12:11:07 PM"}
{"level":"\u001b[32minfo\u001b[39m","message":"🚀 Starting main automation loop for leboss.csa@gmail.com","timestamp":"12:11:15 PM"}
{"level":"\u001b[31merror\u001b[39m","message":"Error in loop: TimeoutError: Navigation timeout of 30000 ms exceeded","timestamp":"12:11:53 PM"}
{"level":"\u001b[31merror\u001b[39m","message":"Error in loop: TimeoutError: Navigation timeout of 30000 ms exceeded","timestamp":"12:13:02 PM"}
{"level":"\u001b[32minfo\u001b[39m","message":"Connected to MongoDB","timestamp":"12:13:59 PM"}
{"level":"\u001b[32minfo\u001b[39m","message":"Connected to MongoDB","timestamp":"12:14:00 PM"}
{"level":"\u001b[32minfo\u001b[39m","message":"Server running on port 3445","timestamp":"12:14:00 PM"}
{"level":"\u001b[32minfo\u001b[39m","message":"Instagram username updated for user 683720529b99dc1e616b574d: leboss.csa@gmail.com","timestamp":"12:14:14 PM"}
{"level":"\u001b[32minfo\u001b[39m","message":"Connexion LinkedIn détectée (navigation principale présente).","timestamp":"12:14:34 PM"}
{"level":"\u001b[32minfo\u001b[39m","message":"Cookies LinkedIn sauvegardés en base de données pour l'utilisateur leboss.csa@gmail.com.","timestamp":"12:14:34 PM"}
{"level":"\u001b[34mdebug\u001b[39m","message":"Résultat de l'opération DB: 1 document(s) modifié(s), 0 document(s) créé(s).","timestamp":"12:14:34 PM"}
{"level":"\u001b[32minfo\u001b[39m","message":"Retrieved 12 cookies for leboss.csa@gmail.com","timestamp":"12:14:35 PM"}
{"level":"\u001b[32minfo\u001b[39m","message":"Started browser for leboss.csa@gmail.com","timestamp":"12:14:36 PM"}
{"level":"\u001b[32minfo\u001b[39m","message":"Navigating to LinkedIn homepage for leboss.csa@gmail.com...","timestamp":"12:14:36 PM"}
{"level":"\u001b[32minfo\u001b[39m","message":"Current URL after navigation: https://www.linkedin.com/","timestamp":"12:14:39 PM"}
{"level":"\u001b[32minfo\u001b[39m","message":"Applying 12 cookies for leboss.csa@gmail.com...","timestamp":"12:14:39 PM"}
{"level":"\u001b[32minfo\u001b[39m","message":"Filtered to 12 valid LinkedIn cookies","timestamp":"12:14:39 PM"}
{"level":"\u001b[32minfo\u001b[39m","message":"✅ Cookies applied successfully for leboss.csa@gmail.com","timestamp":"12:14:40 PM"}
{"level":"\u001b[32minfo\u001b[39m","message":"Reloading page to apply cookies...","timestamp":"12:14:40 PM"}
{"level":"\u001b[32minfo\u001b[39m","message":"Vérification de la connexion pour leboss.csa@gmail.com...","timestamp":"12:14:48 PM"}
{"level":"\u001b[32minfo\u001b[39m","message":"Checking for login indicator: Messaging tab ([data-test-id=\"nav-messaging-tab\"])","timestamp":"12:14:48 PM"}
{"level":"\u001b[32minfo\u001b[39m","message":"❌ Login check failed for: Messaging tab","timestamp":"12:14:56 PM"}
{"level":"\u001b[32minfo\u001b[39m","message":"Checking for login indicator: Settings nav ([data-control-name=\"nav.settings\"])","timestamp":"12:14:56 PM"}
{"level":"\u001b[32minfo\u001b[39m","message":"❌ Login check failed for: Settings nav","timestamp":"12:15:04 PM"}
{"level":"\u001b[32minfo\u001b[39m","message":"Checking for login indicator: Me nav (.global-nav__me)","timestamp":"12:15:04 PM"}
{"level":"\u001b[32minfo\u001b[39m","message":"✅ Logged into LinkedIn as leboss.csa@gmail.com (detected: Me nav)","timestamp":"12:15:04 PM"}
{"level":"\u001b[32minfo\u001b[39m","message":"Navigating to LinkedIn feed for leboss.csa@gmail.com...","timestamp":"12:15:04 PM"}
{"level":"\u001b[32minfo\u001b[39m","message":"🚀 Starting main automation loop for leboss.csa@gmail.com","timestamp":"12:15:12 PM"}
{"level":"\u001b[31merror\u001b[39m","message":"Error in loop: TimeoutError: Navigation timeout of 30000 ms exceeded","timestamp":"12:15:50 PM"}
{"level":"\u001b[32minfo\u001b[39m","message":"Connected to MongoDB","timestamp":"2:32:36 PM"}
{"level":"\u001b[32minfo\u001b[39m","message":"Connected to MongoDB","timestamp":"2:32:37 PM"}
{"level":"\u001b[32minfo\u001b[39m","message":"Server running on port 3445","timestamp":"2:32:37 PM"}
{"level":"\u001b[32minfo\u001b[39m","message":"Instagram username updated for user 683720529b99dc1e616b574d: leboss.csa@gmail.com","timestamp":"2:32:51 PM"}
{"level":"\u001b[32minfo\u001b[39m","message":"Connexion LinkedIn détectée (navigation principale présente).","timestamp":"2:33:24 PM"}
{"level":"\u001b[32minfo\u001b[39m","message":"Cookies LinkedIn sauvegardés en base de données pour l'utilisateur leboss.csa@gmail.com.","timestamp":"2:33:24 PM"}
{"level":"\u001b[34mdebug\u001b[39m","message":"Résultat de l'opération DB: 1 document(s) modifié(s), 0 document(s) créé(s).","timestamp":"2:33:24 PM"}
{"level":"\u001b[32minfo\u001b[39m","message":"Retrieved 12 cookies for leboss.csa@gmail.com","timestamp":"2:33:25 PM"}
{"level":"\u001b[32minfo\u001b[39m","message":"Started browser for leboss.csa@gmail.com","timestamp":"2:33:26 PM"}
{"level":"\u001b[32minfo\u001b[39m","message":"Navigating to LinkedIn homepage for leboss.csa@gmail.com...","timestamp":"2:33:26 PM"}
{"level":"\u001b[32minfo\u001b[39m","message":"Current URL after navigation: https://www.linkedin.com/","timestamp":"2:33:30 PM"}
{"level":"\u001b[32minfo\u001b[39m","message":"Applying 12 cookies for leboss.csa@gmail.com...","timestamp":"2:33:30 PM"}
{"level":"\u001b[32minfo\u001b[39m","message":"Filtered to 12 valid LinkedIn cookies","timestamp":"2:33:30 PM"}
{"level":"\u001b[32minfo\u001b[39m","message":"✅ Cookies applied successfully for leboss.csa@gmail.com","timestamp":"2:33:30 PM"}
{"level":"\u001b[32minfo\u001b[39m","message":"Reloading page to apply cookies...","timestamp":"2:33:30 PM"}
{"level":"\u001b[32minfo\u001b[39m","message":"Vérification de la connexion pour leboss.csa@gmail.com...","timestamp":"2:33:43 PM"}
{"level":"\u001b[32minfo\u001b[39m","message":"Checking for login indicator: Me nav (.global-nav__me)","timestamp":"2:33:43 PM"}
{"level":"\u001b[32minfo\u001b[39m","message":"✅ Logged into LinkedIn as leboss.csa@gmail.com (detected: Me nav)","timestamp":"2:33:45 PM"}
{"level":"\u001b[32minfo\u001b[39m","message":"Navigating to LinkedIn feed for leboss.csa@gmail.com...","timestamp":"2:33:45 PM"}
{"level":"\u001b[32minfo\u001b[39m","message":"🚀 Starting main automation loop for leboss.csa@gmail.com","timestamp":"2:33:54 PM"}
{"level":"\u001b[31merror\u001b[39m","message":"Error in loop: TimeoutError: Navigation timeout of 30000 ms exceeded","timestamp":"2:34:34 PM"}
{"level":"\u001b[32minfo\u001b[39m","message":"Connected to MongoDB","timestamp":"2:36:57 PM"}
{"level":"\u001b[32minfo\u001b[39m","message":"Connected to MongoDB","timestamp":"2:36:58 PM"}
{"level":"\u001b[32minfo\u001b[39m","message":"Server running on port 3445","timestamp":"2:36:58 PM"}
{"level":"\u001b[32minfo\u001b[39m","message":"Instagram username updated for user 683720529b99dc1e616b574d: leboss.csa@gmail.com","timestamp":"2:37:53 PM"}
{"level":"\u001b[32minfo\u001b[39m","message":"Connexion LinkedIn détectée (navigation principale présente).","timestamp":"2:38:26 PM"}
{"level":"\u001b[32minfo\u001b[39m","message":"Cookies LinkedIn sauvegardés en base de données pour l'utilisateur leboss.csa@gmail.com.","timestamp":"2:38:26 PM"}
{"level":"\u001b[34mdebug\u001b[39m","message":"Résultat de l'opération DB: 1 document(s) modifié(s), 0 document(s) créé(s).","timestamp":"2:38:26 PM"}
{"level":"\u001b[32minfo\u001b[39m","message":"Retrieved 12 cookies for leboss.csa@gmail.com","timestamp":"2:38:27 PM"}
{"level":"\u001b[32minfo\u001b[39m","message":"Started browser for leboss.csa@gmail.com","timestamp":"2:38:28 PM"}
{"level":"\u001b[32minfo\u001b[39m","message":"Navigating to LinkedIn homepage for leboss.csa@gmail.com...","timestamp":"2:38:28 PM"}
{"level":"\u001b[32minfo\u001b[39m","message":"Current URL after navigation: https://www.linkedin.com/","timestamp":"2:38:32 PM"}
{"level":"\u001b[32minfo\u001b[39m","message":"Applying 12 cookies for leboss.csa@gmail.com...","timestamp":"2:38:32 PM"}
{"level":"\u001b[32minfo\u001b[39m","message":"Filtered to 12 valid LinkedIn cookies","timestamp":"2:38:32 PM"}
{"level":"\u001b[32minfo\u001b[39m","message":"✅ Cookies applied successfully for leboss.csa@gmail.com","timestamp":"2:38:32 PM"}
{"level":"\u001b[32minfo\u001b[39m","message":"Reloading page to apply cookies...","timestamp":"2:38:32 PM"}
{"level":"\u001b[32minfo\u001b[39m","message":"Vérification de la connexion pour leboss.csa@gmail.com...","timestamp":"2:38:47 PM"}
{"level":"\u001b[32minfo\u001b[39m","message":"Checking for login indicator: Me nav (.global-nav__me)","timestamp":"2:38:47 PM"}
{"level":"\u001b[32minfo\u001b[39m","message":"✅ Logged into LinkedIn as leboss.csa@gmail.com (detected: Me nav)","timestamp":"2:38:50 PM"}
{"level":"\u001b[32minfo\u001b[39m","message":"Navigating to LinkedIn feed for leboss.csa@gmail.com...","timestamp":"2:38:50 PM"}
{"level":"\u001b[32minfo\u001b[39m","message":"🚀 Starting main automation loop for leboss.csa@gmail.com","timestamp":"2:38:59 PM"}
{"level":"\u001b[31merror\u001b[39m","message":"Error in loop: TimeoutError: Navigation timeout of 30000 ms exceeded","timestamp":"2:39:38 PM"}
{"level":"\u001b[31merror\u001b[39m","message":"Error in loop: TimeoutError: Navigation timeout of 30000 ms exceeded","timestamp":"2:42:16 PM"}
{"level":"\u001b[32minfo\u001b[39m","message":"Connected to MongoDB","timestamp":"2:45:36 PM"}
{"level":"\u001b[32minfo\u001b[39m","message":"Connected to MongoDB","timestamp":"2:45:37 PM"}
{"level":"\u001b[32minfo\u001b[39m","message":"Server running on port 3445","timestamp":"2:45:37 PM"}
{"level":"\u001b[32minfo\u001b[39m","message":"Instagram username updated for user 683720529b99dc1e616b574d: leboss.csa@gmail.com","timestamp":"2:45:50 PM"}
{"level":"\u001b[32minfo\u001b[39m","message":"Connexion LinkedIn détectée (navigation principale présente).","timestamp":"2:46:35 PM"}
{"level":"\u001b[32minfo\u001b[39m","message":"Cookies LinkedIn sauvegardés en base de données pour l'utilisateur leboss.csa@gmail.com.","timestamp":"2:46:35 PM"}
{"level":"\u001b[34mdebug\u001b[39m","message":"Résultat de l'opération DB: 1 document(s) modifié(s), 0 document(s) créé(s).","timestamp":"2:46:35 PM"}
{"level":"\u001b[32minfo\u001b[39m","message":"Retrieved 12 cookies for leboss.csa@gmail.com","timestamp":"2:46:36 PM"}
{"level":"\u001b[32minfo\u001b[39m","message":"Started browser for leboss.csa@gmail.com","timestamp":"2:46:38 PM"}
{"level":"\u001b[32minfo\u001b[39m","message":"Navigating to LinkedIn homepage for leboss.csa@gmail.com...","timestamp":"2:46:38 PM"}
{"level":"\u001b[32minfo\u001b[39m","message":"Current URL after navigation: https://www.linkedin.com/","timestamp":"2:46:42 PM"}
{"level":"\u001b[32minfo\u001b[39m","message":"Applying 12 cookies for leboss.csa@gmail.com...","timestamp":"2:46:42 PM"}
{"level":"\u001b[32minfo\u001b[39m","message":"Filtered to 12 valid LinkedIn cookies","timestamp":"2:46:42 PM"}
{"level":"\u001b[32minfo\u001b[39m","message":"✅ Cookies applied successfully for leboss.csa@gmail.com","timestamp":"2:46:42 PM"}
{"level":"\u001b[32minfo\u001b[39m","message":"Reloading page to apply cookies...","timestamp":"2:46:42 PM"}
{"level":"\u001b[32minfo\u001b[39m","message":"Vérification de la connexion pour leboss.csa@gmail.com...","timestamp":"2:46:57 PM"}
{"level":"\u001b[32minfo\u001b[39m","message":"Checking for login indicator: Me nav (.global-nav__me)","timestamp":"2:46:57 PM"}
{"level":"\u001b[32minfo\u001b[39m","message":"✅ Logged into LinkedIn as leboss.csa@gmail.com (detected: Me nav)","timestamp":"2:47:01 PM"}
{"level":"\u001b[32minfo\u001b[39m","message":"Navigating to LinkedIn feed for leboss.csa@gmail.com...","timestamp":"2:47:01 PM"}
{"level":"\u001b[32minfo\u001b[39m","message":"🚀 Starting main automation loop for leboss.csa@gmail.com","timestamp":"2:47:12 PM"}
{"level":"\u001b[31merror\u001b[39m","message":"Error in loop: TypeError: page.waitForTimeout is not a function","timestamp":"2:47:15 PM"}
{"level":"\u001b[32minfo\u001b[39m","message":"Connected to MongoDB","timestamp":"2:49:02 PM"}
{"level":"\u001b[32minfo\u001b[39m","message":"Connected to MongoDB","timestamp":"2:49:02 PM"}
{"level":"\u001b[32minfo\u001b[39m","message":"Server running on port 3445","timestamp":"2:49:02 PM"}
{"level":"\u001b[32minfo\u001b[39m","message":"Instagram username updated for user 683720529b99dc1e616b574d: leboss.csa@gmail.com","timestamp":"2:49:19 PM"}
{"level":"\u001b[32minfo\u001b[39m","message":"Connexion LinkedIn détectée (navigation principale présente).","timestamp":"2:49:56 PM"}
{"level":"\u001b[32minfo\u001b[39m","message":"Cookies LinkedIn sauvegardés en base de données pour l'utilisateur leboss.csa@gmail.com.","timestamp":"2:49:56 PM"}
{"level":"\u001b[34mdebug\u001b[39m","message":"Résultat de l'opération DB: 1 document(s) modifié(s), 0 document(s) créé(s).","timestamp":"2:49:56 PM"}
{"level":"\u001b[32minfo\u001b[39m","message":"Retrieved 12 cookies for leboss.csa@gmail.com","timestamp":"2:49:57 PM"}
{"level":"\u001b[32minfo\u001b[39m","message":"Started browser for leboss.csa@gmail.com","timestamp":"2:49:59 PM"}
{"level":"\u001b[32minfo\u001b[39m","message":"Navigating to LinkedIn homepage for leboss.csa@gmail.com...","timestamp":"2:49:59 PM"}
{"level":"\u001b[32minfo\u001b[39m","message":"Current URL after navigation: https://www.linkedin.com/","timestamp":"2:50:03 PM"}
{"level":"\u001b[32minfo\u001b[39m","message":"Applying 12 cookies for leboss.csa@gmail.com...","timestamp":"2:50:03 PM"}
{"level":"\u001b[32minfo\u001b[39m","message":"Filtered to 12 valid LinkedIn cookies","timestamp":"2:50:03 PM"}
{"level":"\u001b[32minfo\u001b[39m","message":"✅ Cookies applied successfully for leboss.csa@gmail.com","timestamp":"2:50:03 PM"}
{"level":"\u001b[32minfo\u001b[39m","message":"Reloading page to apply cookies...","timestamp":"2:50:03 PM"}
{"level":"\u001b[32minfo\u001b[39m","message":"Vérification de la connexion pour leboss.csa@gmail.com...","timestamp":"2:50:24 PM"}
{"level":"\u001b[32minfo\u001b[39m","message":"Checking for login indicator: Me nav (.global-nav__me)","timestamp":"2:50:24 PM"}
{"level":"\u001b[32minfo\u001b[39m","message":"✅ Logged into LinkedIn as leboss.csa@gmail.com (detected: Me nav)","timestamp":"2:50:27 PM"}
{"level":"\u001b[32minfo\u001b[39m","message":"Navigating to LinkedIn feed for leboss.csa@gmail.com...","timestamp":"2:50:27 PM"}
{"level":"\u001b[32minfo\u001b[39m","message":"🚀 Starting main automation loop for leboss.csa@gmail.com","timestamp":"2:50:37 PM"}
{"level":"\u001b[31merror\u001b[39m","message":"Error in loop: TypeError: page.waitForTimeout is not a function","timestamp":"2:50:42 PM"}
{"level":"\u001b[32minfo\u001b[39m","message":"Connected to MongoDB","timestamp":"2:52:51 PM"}
{"level":"\u001b[32minfo\u001b[39m","message":"Connected to MongoDB","timestamp":"2:52:52 PM"}
{"level":"\u001b[32minfo\u001b[39m","message":"Server running on port 3445","timestamp":"2:52:52 PM"}
{"level":"\u001b[32minfo\u001b[39m","message":"Connected to MongoDB","timestamp":"3:08:44 PM"}
{"level":"\u001b[32minfo\u001b[39m","message":"Connected to MongoDB","timestamp":"3:08:44 PM"}
{"level":"\u001b[32minfo\u001b[39m","message":"Server running on port 3445","timestamp":"3:08:44 PM"}
{"level":"\u001b[32minfo\u001b[39m","message":"Instagram username updated for user 683720529b99dc1e616b574d: leboss.csa@gmail.com","timestamp":"3:18:49 PM"}
{"level":"\u001b[32minfo\u001b[39m","message":"Connexion LinkedIn détectée (navigation principale présente).","timestamp":"3:19:21 PM"}
{"level":"\u001b[32minfo\u001b[39m","message":"Cookies LinkedIn sauvegardés en base de données pour l'utilisateur leboss.csa@gmail.com.","timestamp":"3:19:22 PM"}
{"level":"\u001b[34mdebug\u001b[39m","message":"Résultat de l'opération DB: 1 document(s) modifié(s), 0 document(s) créé(s).","timestamp":"3:19:22 PM"}
{"level":"\u001b[32minfo\u001b[39m","message":"Retrieved 12 cookies for leboss.csa@gmail.com","timestamp":"3:19:23 PM"}
{"level":"\u001b[32minfo\u001b[39m","message":"Started browser for leboss.csa@gmail.com","timestamp":"3:19:24 PM"}
{"level":"\u001b[32minfo\u001b[39m","message":"Navigating to LinkedIn homepage for leboss.csa@gmail.com...","timestamp":"3:19:24 PM"}
{"level":"\u001b[32minfo\u001b[39m","message":"Current URL after navigation: https://www.linkedin.com/","timestamp":"3:19:28 PM"}
{"level":"\u001b[32minfo\u001b[39m","message":"Applying 12 cookies for leboss.csa@gmail.com...","timestamp":"3:19:28 PM"}
{"level":"\u001b[32minfo\u001b[39m","message":"Filtered to 12 valid LinkedIn cookies","timestamp":"3:19:28 PM"}
{"level":"\u001b[32minfo\u001b[39m","message":"✅ Cookies applied successfully for leboss.csa@gmail.com","timestamp":"3:19:28 PM"}
{"level":"\u001b[32minfo\u001b[39m","message":"Reloading page to apply cookies...","timestamp":"3:19:28 PM"}
{"level":"\u001b[32minfo\u001b[39m","message":"Vérification de la connexion pour leboss.csa@gmail.com...","timestamp":"3:19:42 PM"}
{"level":"\u001b[32minfo\u001b[39m","message":"Checking for login indicator: Me nav (.global-nav__me)","timestamp":"3:19:42 PM"}
{"level":"\u001b[32minfo\u001b[39m","message":"✅ Logged into LinkedIn as leboss.csa@gmail.com (detected: Me nav)","timestamp":"3:19:46 PM"}
{"level":"\u001b[32minfo\u001b[39m","message":"Navigating to LinkedIn feed for leboss.csa@gmail.com...","timestamp":"3:19:46 PM"}
{"level":"\u001b[32minfo\u001b[39m","message":"🚀 Starting main automation loop for leboss.csa@gmail.com","timestamp":"3:19:57 PM"}
{"level":"\u001b[32minfo\u001b[39m","message":"Processing post: https://www.linkedin.com/posts/elastic-co_get-the-ultimate-guide-to-putting-your-data-activity-7305397268184973313-IsRw?utm_source=social_share_send&amp;utm_medium=member_desktop_web&amp;rcm=ACoAAEM_-I0Btc1LsqkpwAXcBs2C95nv1kHKz28","timestamp":"3:21:05 PM"}
{"level":"\u001b[32minfo\u001b[39m","message":"Navigating to post: https://www.linkedin.com/posts/elastic-co_get-the-ultimate-guide-to-putting-your-data-activity-7305397268184973313-IsRw?utm_source=social_share_send&amp;utm_medium=member_desktop_web&amp;rcm=ACoAAEM_-I0Btc1LsqkpwAXcBs2C95nv1kHKz28","timestamp":"3:21:05 PM"}
{"level":"\u001b[32minfo\u001b[39m","message":"Post author found: Elastic","timestamp":"3:21:19 PM"}
{"level":"\u001b[32minfo\u001b[39m","message":"Checking if post username \"Elastic\" matches any target usernames in our database","timestamp":"3:21:19 PM"}
{"level":"\u001b[32minfo\u001b[39m","message":"No match found for post username \"Elastic\" in our target list","timestamp":"3:21:20 PM"}
{"level":"\u001b[32minfo\u001b[39m","message":"Post author \"Elastic\" is not in our target list. Skipping...","timestamp":"3:21:20 PM"}
{"level":"\u001b[32minfo\u001b[39m","message":"Processed 1/50","timestamp":"3:21:20 PM"}
{"level":"\u001b[32minfo\u001b[39m","message":"Processing post: https://www.linkedin.com/posts/bqotd%2Ecom_activity-7344810630048055298-zKP3?utm_source=social_share_send&amp;utm_medium=member_desktop_web&amp;rcm=ACoAAEM_-I0Btc1LsqkpwAXcBs2C95nv1kHKz28","timestamp":"3:21:35 PM"}
{"level":"\u001b[32minfo\u001b[39m","message":"Navigating to post: https://www.linkedin.com/posts/bqotd%2Ecom_activity-7344810630048055298-zKP3?utm_source=social_share_send&amp;utm_medium=member_desktop_web&amp;rcm=ACoAAEM_-I0Btc1LsqkpwAXcBs2C95nv1kHKz28","timestamp":"3:21:35 PM"}
{"level":"\u001b[32minfo\u001b[39m","message":"Post author found: Best Quotes of the Day","timestamp":"3:21:49 PM"}
{"level":"\u001b[32minfo\u001b[39m","message":"Checking if post username \"Best Quotes of the Day\" matches any target usernames in our database","timestamp":"3:21:49 PM"}
{"level":"\u001b[32minfo\u001b[39m","message":"No match found for post username \"Best Quotes of the Day\" in our target list","timestamp":"3:21:49 PM"}
{"level":"\u001b[32minfo\u001b[39m","message":"Post author \"Best Quotes of the Day\" is not in our target list. Skipping...","timestamp":"3:21:49 PM"}
{"level":"\u001b[32minfo\u001b[39m","message":"Processed 2/50","timestamp":"3:21:49 PM"}
{"level":"\u001b[32minfo\u001b[39m","message":"Processing post: https://www.linkedin.com/posts/activity-7348699400828809216-mVNS?utm_source=social_share_send&amp;utm_medium=member_desktop_web&amp;rcm=ACoAAEM_-I0Btc1LsqkpwAXcBs2C95nv1kHKz28","timestamp":"3:22:04 PM"}
{"level":"\u001b[32minfo\u001b[39m","message":"Navigating to post: https://www.linkedin.com/posts/activity-7348699400828809216-mVNS?utm_source=social_share_send&amp;utm_medium=member_desktop_web&amp;rcm=ACoAAEM_-I0Btc1LsqkpwAXcBs2C95nv1kHKz28","timestamp":"3:22:04 PM"}
{"level":"\u001b[32minfo\u001b[39m","message":"Post author found: Celestine N.","timestamp":"3:22:16 PM"}
{"level":"\u001b[32minfo\u001b[39m","message":"Checking if post username \"Celestine N.\" matches any target usernames in our database","timestamp":"3:22:16 PM"}
{"level":"\u001b[32minfo\u001b[39m","message":"No match found for post username \"Celestine N.\" in our target list","timestamp":"3:22:16 PM"}
{"level":"\u001b[32minfo\u001b[39m","message":"Post author \"Celestine N.\" is not in our target list. Skipping...","timestamp":"3:22:16 PM"}
{"level":"\u001b[32minfo\u001b[39m","message":"Processed 3/50","timestamp":"3:22:16 PM"}
{"level":"\u001b[32minfo\u001b[39m","message":"Not on feed page, navigating to feed...","timestamp":"3:22:39 PM"}
{"level":"\u001b[32minfo\u001b[39m","message":"Processing post: https://www.linkedin.com/posts/femalestory_before-you-succeed-theyll-tell-you-to-quit-activity-7348619422497955840-cw32?utm_source=social_share_send&amp;utm_medium=member_desktop_web&amp;rcm=ACoAAEM_-I0Btc1LsqkpwAXcBs2C95nv1kHKz28","timestamp":"3:23:49 PM"}
{"level":"\u001b[32minfo\u001b[39m","message":"Navigating to post: https://www.linkedin.com/posts/femalestory_before-you-succeed-theyll-tell-you-to-quit-activity-7348619422497955840-cw32?utm_source=social_share_send&amp;utm_medium=member_desktop_web&amp;rcm=ACoAAEM_-I0Btc1LsqkpwAXcBs2C95nv1kHKz28","timestamp":"3:23:49 PM"}
{"level":"\u001b[33mwarn\u001b[39m","message":"Post content not found for https://www.linkedin.com/posts/femalestory_before-you-succeed-theyll-tell-you-to-quit-activity-7348619422497955840-cw32?utm_source=social_share_send&amp;utm_medium=member_desktop_web&amp;rcm=ACoAAEM_-I0Btc1LsqkpwAXcBs2C95nv1kHKz28, trying alternative selectors...","timestamp":"3:24:06 PM"}
{"level":"\u001b[33mwarn\u001b[39m","message":"No author found for post https://www.linkedin.com/posts/femalestory_before-you-succeed-theyll-tell-you-to-quit-activity-7348619422497955840-cw32?utm_source=social_share_send&amp;utm_medium=member_desktop_web&amp;rcm=ACoAAEM_-I0Btc1LsqkpwAXcBs2C95nv1kHKz28. Skipping...","timestamp":"3:24:06 PM"}
{"level":"\u001b[32minfo\u001b[39m","message":"Processed 4/50","timestamp":"3:24:06 PM"}
