{"level":"\u001b[32minfo\u001b[39m","message":"Connected to MongoDB","timestamp":"2:40:47 PM"}
{"level":"\u001b[32minfo\u001b[39m","message":"Connected to MongoDB","timestamp":"2:40:47 PM"}
{"level":"\u001b[32minfo\u001b[39m","message":"Server running on port 3445","timestamp":"2:40:47 PM"}
{"level":"\u001b[32minfo\u001b[39m","message":"Instagram username updated for user 683720529b99dc1e616b574d: leboss.csa@gmail.com","timestamp":"2:41:08 PM"}
{"level":"\u001b[32minfo\u001b[39m","message":"Started proxy server for leboss.csa@gmail.com on port 8919","timestamp":"2:41:10 PM"}
{"level":"\u001b[32minfo\u001b[39m","message":"Current URL after navigation: https://www.linkedin.com/","timestamp":"2:41:13 PM"}
{"level":"\u001b[32minfo\u001b[39m","message":"Applying 10 cookies for leboss.csa@gmail.com...","timestamp":"2:41:13 PM"}
{"level":"\u001b[32minfo\u001b[39m","message":"Filtered to 10 valid LinkedIn cookies","timestamp":"2:41:13 PM"}
{"level":"\u001b[32minfo\u001b[39m","message":"✅ Cookies applied successfully for leboss.csa@gmail.com","timestamp":"2:41:13 PM"}
{"level":"\u001b[32minfo\u001b[39m","message":"Reloading page to apply cookies...","timestamp":"2:41:13 PM"}
{"level":"\u001b[32minfo\u001b[39m","message":"Vérification de la connexion pour leboss.csa@gmail.com...","timestamp":"2:41:21 PM"}
{"level":"\u001b[32minfo\u001b[39m","message":"Checking for login indicator: Me nav (.global-nav__me)","timestamp":"2:41:21 PM"}
{"level":"\u001b[32minfo\u001b[39m","message":"✅ Logged into LinkedIn as leboss.csa@gmail.com (detected: Me nav)","timestamp":"2:41:21 PM"}
{"level":"\u001b[32minfo\u001b[39m","message":"Comment 6874c4fefa092b52cbe8d615 created on Mon Jul 14 2025 09:51:10 GMT+0100 (UTC+01:00)","timestamp":"2:41:22 PM"}
{"level":"\u001b[32minfo\u001b[39m","message":"Comment 6874c4fefa092b52cbe8d615 last updated on Mon Jul 14 2025 14:19:48 GMT+0100 (UTC+01:00)","timestamp":"2:41:22 PM"}
{"level":"\u001b[32minfo\u001b[39m","message":"Attempt 1 for comment 6874c4fefa092b52cbe8d615","timestamp":"2:41:22 PM"}
{"level":"\u001b[32minfo\u001b[39m","message":"Navigating to post: https://www.linkedin.com/posts/kelly-mizell-%F0%9F%8C%9F-67084331_the-greatest-unity-comes-from-the-greatest-activity-7350128299223760896-l9re?utm_source=social_share_send&amp;utm_medium=member_desktop_web&amp;rcm=ACoAAEM_-I0Btc1LsqkpwAXcBs2C95nv1kHKz28","timestamp":"2:41:22 PM"}
{"level":"\u001b[32minfo\u001b[39m","message":"Found like button for post https://www.linkedin.com/posts/kelly-mizell-%F0%9F%8C%9F-67084331_the-greatest-unity-comes-from-the-greatest-activity-7350128299223760896-l9re?utm_source=social_share_send&amp;utm_medium=member_desktop_web&amp;rcm=ACoAAEM_-I0Btc1LsqkpwAXcBs2C95nv1kHKz28.","timestamp":"2:41:38 PM"}
{"level":"\u001b[32minfo\u001b[39m","message":"Found comment box for post https://www.linkedin.com/posts/kelly-mizell-%F0%9F%8C%9F-67084331_the-greatest-unity-comes-from-the-greatest-activity-7350128299223760896-l9re?utm_source=social_share_send&amp;utm_medium=member_desktop_web&amp;rcm=ACoAAEM_-I0Btc1LsqkpwAXcBs2C95nv1kHKz28.","timestamp":"2:41:38 PM"}
{"level":"\u001b[32minfo\u001b[39m","message":"Posting comment: \"Beautifully said! Embracing our unique strengths and backgrounds fosters collaboration, innovation, and growth. How can we encourage more diverse perspectives within our organizations?\"","timestamp":"2:41:40 PM"}
{"level":"\u001b[32minfo\u001b[39m","message":"Waiting 52736 ms before processing next comment","timestamp":"2:41:44 PM"}
{"level":"\u001b[32minfo\u001b[39m","message":"Connected to MongoDB","timestamp":"3:31:10 PM"}
{"level":"\u001b[32minfo\u001b[39m","message":"Connected to MongoDB","timestamp":"3:31:10 PM"}
{"level":"\u001b[32minfo\u001b[39m","message":"Server running on port 3445","timestamp":"3:31:10 PM"}
{"level":"\u001b[32minfo\u001b[39m","message":"Instagram username updated for user 683720529b99dc1e616b574d: leboss.csa@gmail.com","timestamp":"3:31:20 PM"}
{"level":"\u001b[32minfo\u001b[39m","message":"Started proxy server for leboss.csa@gmail.com on port 7941","timestamp":"3:31:21 PM"}
{"level":"\u001b[32minfo\u001b[39m","message":"Current URL after navigation: https://www.linkedin.com/","timestamp":"3:31:25 PM"}
{"level":"\u001b[32minfo\u001b[39m","message":"Applying 10 cookies for leboss.csa@gmail.com...","timestamp":"3:31:25 PM"}
{"level":"\u001b[32minfo\u001b[39m","message":"Filtered to 10 valid LinkedIn cookies","timestamp":"3:31:25 PM"}
{"level":"\u001b[32minfo\u001b[39m","message":"✅ Cookies applied successfully for leboss.csa@gmail.com","timestamp":"3:31:25 PM"}
{"level":"\u001b[32minfo\u001b[39m","message":"Reloading page to apply cookies...","timestamp":"3:31:25 PM"}
{"level":"\u001b[32minfo\u001b[39m","message":"Vérification de la connexion pour leboss.csa@gmail.com...","timestamp":"3:31:33 PM"}
{"level":"\u001b[32minfo\u001b[39m","message":"Checking for login indicator: Me nav (.global-nav__me)","timestamp":"3:31:33 PM"}
{"level":"\u001b[32minfo\u001b[39m","message":"✅ Logged into LinkedIn as leboss.csa@gmail.com (detected: Me nav)","timestamp":"3:31:37 PM"}
{"level":"\u001b[32minfo\u001b[39m","message":"No more 'processing' comments for this user. Waiting 2 minutes...","timestamp":"3:31:37 PM"}
{"level":"\u001b[32minfo\u001b[39m","message":"Connexion LinkedIn détectée (navigation principale présente).","timestamp":"3:31:45 PM"}
{"level":"\u001b[32minfo\u001b[39m","message":"Cookies LinkedIn sauvegardés en base de données pour l'utilisateur leboss.csa@gmail.com.","timestamp":"3:31:45 PM"}
{"level":"\u001b[32minfo\u001b[39m","message":"Started proxy server for leboss.csa@gmail.com on port 8064","timestamp":"3:31:46 PM"}
{"level":"\u001b[32minfo\u001b[39m","message":"Current URL after navigation: https://www.linkedin.com/","timestamp":"3:31:50 PM"}
{"level":"\u001b[32minfo\u001b[39m","message":"Applying 12 cookies for leboss.csa@gmail.com...","timestamp":"3:31:50 PM"}
{"level":"\u001b[32minfo\u001b[39m","message":"Filtered to 12 valid LinkedIn cookies","timestamp":"3:31:50 PM"}
{"level":"\u001b[32minfo\u001b[39m","message":"✅ Cookies applied successfully for leboss.csa@gmail.com","timestamp":"3:31:50 PM"}
{"level":"\u001b[32minfo\u001b[39m","message":"Reloading page to apply cookies...","timestamp":"3:31:50 PM"}
{"level":"\u001b[32minfo\u001b[39m","message":"Vérification de la connexion pour leboss.csa@gmail.com...","timestamp":"3:32:00 PM"}
{"level":"\u001b[32minfo\u001b[39m","message":"Checking for login indicator: Me nav (.global-nav__me)","timestamp":"3:32:00 PM"}
{"level":"\u001b[32minfo\u001b[39m","message":"✅ Logged into LinkedIn as leboss.csa@gmail.com (detected: Me nav)","timestamp":"3:32:01 PM"}
{"level":"\u001b[32minfo\u001b[39m","message":"Navigating to LinkedIn feed for leboss.csa@gmail.com...","timestamp":"3:32:01 PM"}
{"level":"\u001b[32minfo\u001b[39m","message":"🚀 Starting main automation loop for leboss.csa@gmail.com","timestamp":"3:32:10 PM"}
{"level":"\u001b[32minfo\u001b[39m","message":"New Instagram account recorded for user 6876668efc3888a1480acb17: majesty___jewelry","timestamp":"3:33:02 PM"}
{"level":"\u001b[32minfo\u001b[39m","message":"Started proxy server for majesty___jewelry on port 3552","timestamp":"3:33:03 PM"}
{"level":"\u001b[32minfo\u001b[39m","message":"Navigating to Instagram homepage for majesty___jewelry...","timestamp":"3:33:03 PM"}
{"level":"\u001b[32minfo\u001b[39m","message":"Applying cookies for majesty___jewelry...","timestamp":"3:33:06 PM"}
{"level":"\u001b[32minfo\u001b[39m","message":"Cookies applied successfully for majesty___jewelry","timestamp":"3:33:06 PM"}
{"level":"\u001b[32minfo\u001b[39m","message":"Processing post: https://www.linkedin.com/posts/richardleblanc33_canadianroots-foodisinfrastructure-cea-activity-7350513153853612032-G7UF?utm_source=social_share_send&amp;utm_medium=member_desktop_web&amp;rcm=ACoAAEM_-I0Btc1LsqkpwAXcBs2C95nv1kHKz28","timestamp":"3:33:12 PM"}
{"level":"\u001b[32minfo\u001b[39m","message":"Navigating to post: https://www.linkedin.com/posts/richardleblanc33_canadianroots-foodisinfrastructure-cea-activity-7350513153853612032-G7UF?utm_source=social_share_send&amp;utm_medium=member_desktop_web&amp;rcm=ACoAAEM_-I0Btc1LsqkpwAXcBs2C95nv1kHKz28","timestamp":"3:33:12 PM"}
{"level":"\u001b[32minfo\u001b[39m","message":"Logged into Instagram as majesty___jewelry via cookies.","timestamp":"3:33:14 PM"}
{"level":"\u001b[32minfo\u001b[39m","message":"No more 'processing' comments for this user. Waiting 2 minutes...","timestamp":"3:33:14 PM"}
{"level":"\u001b[32minfo\u001b[39m","message":"Post author found: Richard Leblanc","timestamp":"3:33:24 PM"}
{"level":"\u001b[32minfo\u001b[39m","message":"Checking if post username \"Richard Leblanc\" matches any target usernames in our database","timestamp":"3:33:24 PM"}
{"level":"\u001b[32minfo\u001b[39m","message":"No match found for post username \"Richard Leblanc\" in our target list","timestamp":"3:33:24 PM"}
{"level":"\u001b[32minfo\u001b[39m","message":"Post author \"Richard Leblanc\" is not in our target list. Skipping...","timestamp":"3:33:24 PM"}
{"level":"\u001b[32minfo\u001b[39m","message":"Processed 1/50","timestamp":"3:33:24 PM"}
{"level":"\u001b[32minfo\u001b[39m","message":"Connexion détectée (lien de messagerie présent).","timestamp":"3:33:29 PM"}
{"level":"\u001b[32minfo\u001b[39m","message":"Cookies Instagram sauvegardés en base de données pour l'utilisateur majesty___jewelry.","timestamp":"3:33:29 PM"}
{"level":"\u001b[32minfo\u001b[39m","message":"Started proxy server for majesty___jewelry on port 8963","timestamp":"3:33:30 PM"}
{"level":"\u001b[32minfo\u001b[39m","message":"Navigating to Instagram homepage for majesty___jewelry...","timestamp":"3:33:30 PM"}
{"level":"\u001b[32minfo\u001b[39m","message":"Applying cookies for majesty___jewelry...","timestamp":"3:33:32 PM"}
{"level":"\u001b[32minfo\u001b[39m","message":"Cookies applied successfully for majesty___jewelry","timestamp":"3:33:32 PM"}
{"level":"\u001b[32minfo\u001b[39m","message":"Logged into Instagram as majesty___jewelry via cookies.","timestamp":"3:33:37 PM"}
{"level":"\u001b[32minfo\u001b[39m","message":"Processing post: https://www.linkedin.com/posts/orca-security_2025-state-of-cloud-security-activity-7336825159321894913-kM5M?utm_source=social_share_send&amp;utm_medium=member_desktop_web&amp;rcm=ACoAAEM_-I0Btc1LsqkpwAXcBs2C95nv1kHKz28","timestamp":"3:33:39 PM"}
{"level":"\u001b[32minfo\u001b[39m","message":"Navigating to post: https://www.linkedin.com/posts/orca-security_2025-state-of-cloud-security-activity-7336825159321894913-kM5M?utm_source=social_share_send&amp;utm_medium=member_desktop_web&amp;rcm=ACoAAEM_-I0Btc1LsqkpwAXcBs2C95nv1kHKz28","timestamp":"3:33:39 PM"}
{"level":"\u001b[32minfo\u001b[39m","message":"Post author found: Orca Security","timestamp":"3:33:51 PM"}
{"level":"\u001b[32minfo\u001b[39m","message":"Checking if post username \"Orca Security\" matches any target usernames in our database","timestamp":"3:33:51 PM"}
{"level":"\u001b[32minfo\u001b[39m","message":"No match found for post username \"Orca Security\" in our target list","timestamp":"3:33:51 PM"}
{"level":"\u001b[32minfo\u001b[39m","message":"Post author \"Orca Security\" is not in our target list. Skipping...","timestamp":"3:33:51 PM"}
{"level":"\u001b[32minfo\u001b[39m","message":"Processed 2/50","timestamp":"3:33:51 PM"}
{"level":"\u001b[32minfo\u001b[39m","message":"Nom d'utilisateur du post trouvé avec le sélecteur \"a[href*=\"/\"][role=\"link\"]\" : rihab.ck","timestamp":"3:33:52 PM"}
{"level":"\u001b[32minfo\u001b[39m","message":"Checking if post username \"rihab.ck\" matches any target usernames in our database","timestamp":"3:33:52 PM"}
{"level":"\u001b[32minfo\u001b[39m","message":"No match found for post username \"rihab.ck\" in our target list","timestamp":"3:33:52 PM"}
{"level":"\u001b[32minfo\u001b[39m","message":"Post username \"rihab.ck\" is not in our target list. Skipping...","timestamp":"3:33:52 PM"}
{"level":"\u001b[32minfo\u001b[39m","message":"Nom d'utilisateur du post trouvé avec le sélecteur \"a[href*=\"/\"][role=\"link\"]\" : rihab.ck","timestamp":"3:34:01 PM"}
{"level":"\u001b[32minfo\u001b[39m","message":"Checking if post username \"rihab.ck\" matches any target usernames in our database","timestamp":"3:34:01 PM"}
{"level":"\u001b[32minfo\u001b[39m","message":"No match found for post username \"rihab.ck\" in our target list","timestamp":"3:34:01 PM"}
{"level":"\u001b[32minfo\u001b[39m","message":"Post username \"rihab.ck\" is not in our target list. Skipping...","timestamp":"3:34:01 PM"}
{"level":"\u001b[32minfo\u001b[39m","message":"Processed post DL-mZbrIhC4LPGZ-5dNSqFnbR2JlgCn4G_14vI0 as majesty___jewelry (1/500)","timestamp":"3:34:01 PM"}
{"level":"\u001b[32minfo\u001b[39m","message":"Nom d'utilisateur du post trouvé avec le sélecteur \"a[href*=\"/\"][role=\"link\"]\" : dave.asprey","timestamp":"3:34:13 PM"}
{"level":"\u001b[32minfo\u001b[39m","message":"Checking if post username \"dave.asprey\" matches any target usernames in our database","timestamp":"3:34:13 PM"}
{"level":"\u001b[32minfo\u001b[39m","message":"Found a match! Post username \"dave.asprey\" is in our target list","timestamp":"3:34:13 PM"}
{"level":"\u001b[32minfo\u001b[39m","message":"Post username \"dave.asprey\" is in our target list. Proceeding...","timestamp":"3:34:13 PM"}
{"level":"\u001b[32minfo\u001b[39m","message":"Not on feed page, navigating to feed...","timestamp":"3:34:14 PM"}
{"level":"\u001b[32minfo\u001b[39m","message":"No more 'processing' comments for this user. Waiting 2 minutes...","timestamp":"3:34:38 PM"}
{"level":"\u001b[32minfo\u001b[39m","message":"Processing post: https://www.linkedin.com/posts/senecapoly_seneca-open-house-activity-7342905866976641027-g81H?utm_source=social_share_send&amp;utm_medium=member_desktop_web&amp;rcm=ACoAAEM_-I0Btc1LsqkpwAXcBs2C95nv1kHKz28","timestamp":"3:36:03 PM"}
{"level":"\u001b[32minfo\u001b[39m","message":"Navigating to post: https://www.linkedin.com/posts/senecapoly_seneca-open-house-activity-7342905866976641027-g81H?utm_source=social_share_send&amp;utm_medium=member_desktop_web&amp;rcm=ACoAAEM_-I0Btc1LsqkpwAXcBs2C95nv1kHKz28","timestamp":"3:36:03 PM"}
{"level":"\u001b[32minfo\u001b[39m","message":"User leboss.csa@gmail.com added filtered user: Heather Carter","timestamp":"3:36:06 PM"}
{"level":"\u001b[32minfo\u001b[39m","message":"No more 'processing' comments for this user. Waiting 2 minutes...","timestamp":"3:36:14 PM"}
{"level":"\u001b[32minfo\u001b[39m","message":"Post author found: Seneca Polytechnic","timestamp":"3:36:20 PM"}
{"level":"\u001b[32minfo\u001b[39m","message":"Checking if post username \"Seneca Polytechnic\" matches any target usernames in our database","timestamp":"3:36:20 PM"}
{"level":"\u001b[32minfo\u001b[39m","message":"No match found for post username \"Seneca Polytechnic\" in our target list","timestamp":"3:36:20 PM"}
{"level":"\u001b[32minfo\u001b[39m","message":"Post author \"Seneca Polytechnic\" is not in our target list. Skipping...","timestamp":"3:36:20 PM"}
{"level":"\u001b[32minfo\u001b[39m","message":"Processed 3/50","timestamp":"3:36:20 PM"}
{"level":"\u001b[32minfo\u001b[39m","message":"User leboss.csa@gmail.com added filtered user: Stephen Lecce","timestamp":"3:36:28 PM"}
{"level":"\u001b[32minfo\u001b[39m","message":"Processing post: https://www.linkedin.com/posts/activity-7350882867360530433-bRjW?utm_source=social_share_send&amp;utm_medium=member_desktop_web&amp;rcm=ACoAAEM_-I0Btc1LsqkpwAXcBs2C95nv1kHKz28","timestamp":"3:36:35 PM"}
{"level":"\u001b[32minfo\u001b[39m","message":"Navigating to post: https://www.linkedin.com/posts/activity-7350882867360530433-bRjW?utm_source=social_share_send&amp;utm_medium=member_desktop_web&amp;rcm=ACoAAEM_-I0Btc1LsqkpwAXcBs2C95nv1kHKz28","timestamp":"3:36:35 PM"}
{"level":"\u001b[32minfo\u001b[39m","message":"Post author found: Loralee Southern","timestamp":"3:36:48 PM"}
{"level":"\u001b[32minfo\u001b[39m","message":"Checking if post username \"Loralee Southern\" matches any target usernames in our database","timestamp":"3:36:48 PM"}
{"level":"\u001b[32minfo\u001b[39m","message":"No match found for post username \"Loralee Southern\" in our target list","timestamp":"3:36:48 PM"}
{"level":"\u001b[32minfo\u001b[39m","message":"Post author \"Loralee Southern\" is not in our target list. Skipping...","timestamp":"3:36:48 PM"}
{"level":"\u001b[32minfo\u001b[39m","message":"Processed 4/50","timestamp":"3:36:48 PM"}
{"level":"\u001b[32minfo\u001b[39m","message":"Not on feed page, navigating to feed...","timestamp":"3:37:11 PM"}
{"level":"\u001b[32minfo\u001b[39m","message":"Nom d'utilisateur du post trouvé avec le sélecteur \"a[href*=\"/\"][role=\"link\"]\" : dave.asprey","timestamp":"3:37:13 PM"}
{"level":"\u001b[32minfo\u001b[39m","message":"Checking if post username \"dave.asprey\" matches any target usernames in our database","timestamp":"3:37:13 PM"}
{"level":"\u001b[32minfo\u001b[39m","message":"Found a match! Post username \"dave.asprey\" is in our target list","timestamp":"3:37:13 PM"}
{"level":"\u001b[32minfo\u001b[39m","message":"Post username \"dave.asprey\" is in our target list. Proceeding...","timestamp":"3:37:13 PM"}
{"level":"\u001b[32minfo\u001b[39m","message":"No more 'processing' comments for this user. Waiting 2 minutes...","timestamp":"3:37:39 PM"}
{"level":"\u001b[32minfo\u001b[39m","message":"Processing post: https://www.linkedin.com/posts/ravimishraphysics_children-are-born-explorers-fueled-by-an-activity-7347218538111082496-nhPY?utm_source=social_share_send&amp;utm_medium=member_desktop_web&amp;rcm=ACoAAEM_-I0Btc1LsqkpwAXcBs2C95nv1kHKz28","timestamp":"3:38:23 PM"}
{"level":"\u001b[32minfo\u001b[39m","message":"Navigating to post: https://www.linkedin.com/posts/ravimishraphysics_children-are-born-explorers-fueled-by-an-activity-7347218538111082496-nhPY?utm_source=social_share_send&amp;utm_medium=member_desktop_web&amp;rcm=ACoAAEM_-I0Btc1LsqkpwAXcBs2C95nv1kHKz28","timestamp":"3:38:23 PM"}
{"level":"\u001b[32minfo\u001b[39m","message":"Post author found: Ravi Mishra","timestamp":"3:38:40 PM"}
{"level":"\u001b[32minfo\u001b[39m","message":"Checking if post username \"Ravi Mishra\" matches any target usernames in our database","timestamp":"3:38:40 PM"}
{"level":"\u001b[32minfo\u001b[39m","message":"No match found for post username \"Ravi Mishra\" in our target list","timestamp":"3:38:40 PM"}
{"level":"\u001b[32minfo\u001b[39m","message":"Post author \"Ravi Mishra\" is not in our target list. Skipping...","timestamp":"3:38:40 PM"}
{"level":"\u001b[32minfo\u001b[39m","message":"Processed 5/50","timestamp":"3:38:40 PM"}
{"level":"\u001b[32minfo\u001b[39m","message":"Processing post: https://www.linkedin.com/posts/exsq-outcoding_you-need-high-quality-developers-who-stick-activity-7346655795868024832-nyGQ?utm_source=social_share_send&amp;utm_medium=member_desktop_web&amp;rcm=ACoAAEM_-I0Btc1LsqkpwAXcBs2C95nv1kHKz28","timestamp":"3:38:55 PM"}
{"level":"\u001b[32minfo\u001b[39m","message":"Navigating to post: https://www.linkedin.com/posts/exsq-outcoding_you-need-high-quality-developers-who-stick-activity-7346655795868024832-nyGQ?utm_source=social_share_send&amp;utm_medium=member_desktop_web&amp;rcm=ACoAAEM_-I0Btc1LsqkpwAXcBs2C95nv1kHKz28","timestamp":"3:38:55 PM"}
{"level":"\u001b[32minfo\u001b[39m","message":"Post author found: EX Squared LATAM","timestamp":"3:39:14 PM"}
{"level":"\u001b[32minfo\u001b[39m","message":"Checking if post username \"EX Squared LATAM\" matches any target usernames in our database","timestamp":"3:39:14 PM"}
{"level":"\u001b[32minfo\u001b[39m","message":"No match found for post username \"EX Squared LATAM\" in our target list","timestamp":"3:39:14 PM"}
{"level":"\u001b[32minfo\u001b[39m","message":"Post author \"EX Squared LATAM\" is not in our target list. Skipping...","timestamp":"3:39:14 PM"}
{"level":"\u001b[32minfo\u001b[39m","message":"Processed 6/50","timestamp":"3:39:14 PM"}
{"level":"\u001b[32minfo\u001b[39m","message":"No more 'processing' comments for this user. Waiting 2 minutes...","timestamp":"3:39:14 PM"}
{"level":"\u001b[32minfo\u001b[39m","message":"Processed post DMG1E1Zu4xE as majesty___jewelry (2/500)","timestamp":"3:39:21 PM"}
{"level":"\u001b[32minfo\u001b[39m","message":"Processing post: https://www.linkedin.com/posts/kelly-mizell-%F0%9F%8C%9F-67084331_children-are-born-explorers-fueled-by-an-activity-7350838294793891841-2Qka?utm_source=social_share_send&amp;utm_medium=member_desktop_web&amp;rcm=ACoAAEM_-I0Btc1LsqkpwAXcBs2C95nv1kHKz28","timestamp":"3:39:29 PM"}
{"level":"\u001b[32minfo\u001b[39m","message":"Navigating to post: https://www.linkedin.com/posts/kelly-mizell-%F0%9F%8C%9F-67084331_children-are-born-explorers-fueled-by-an-activity-7350838294793891841-2Qka?utm_source=social_share_send&amp;utm_medium=member_desktop_web&amp;rcm=ACoAAEM_-I0Btc1LsqkpwAXcBs2C95nv1kHKz28","timestamp":"3:39:29 PM"}
{"level":"\u001b[32minfo\u001b[39m","message":"Nom d'utilisateur du post trouvé avec le sélecteur \"a[href*=\"/\"][role=\"link\"]\" : langflow_ai","timestamp":"3:39:33 PM"}
{"level":"\u001b[32minfo\u001b[39m","message":"Checking if post username \"langflow_ai\" matches any target usernames in our database","timestamp":"3:39:33 PM"}
{"level":"\u001b[32minfo\u001b[39m","message":"No match found for post username \"langflow_ai\" in our target list","timestamp":"3:39:33 PM"}
{"level":"\u001b[32minfo\u001b[39m","message":"Post username \"langflow_ai\" is not in our target list. Skipping...","timestamp":"3:39:33 PM"}
{"level":"\u001b[32minfo\u001b[39m","message":"Post author found: Kelly Mizell 🌟","timestamp":"3:39:42 PM"}
{"level":"\u001b[32minfo\u001b[39m","message":"Checking if post username \"Kelly Mizell 🌟\" matches any target usernames in our database","timestamp":"3:39:42 PM"}
{"level":"\u001b[32minfo\u001b[39m","message":"Found a match! Post username \"Kelly Mizell 🌟\" is in our target list","timestamp":"3:39:42 PM"}
{"level":"\u001b[32minfo\u001b[39m","message":"Post author \"Kelly Mizell 🌟\" is in our target list. Proceeding with content analysis...","timestamp":"3:39:42 PM"}
{"level":"\u001b[32minfo\u001b[39m","message":"Post content found with selector \".break-words.tvm-parent-container span[dir=\"ltr\"]\"","timestamp":"3:39:43 PM"}
{"level":"\u001b[32minfo\u001b[39m","message":"Final post content (316 characters): Our children are the “future” ❤️Let’s spread the word — less screen time, more real-life magic. Together, we can raise a generation of thinkers, creators, and explorers. If we want our children to mov...","timestamp":"3:39:43 PM"}
{"level":"\u001b[32minfo\u001b[39m","message":"Nom d'utilisateur du post trouvé avec le sélecteur \"a[href*=\"/\"][role=\"link\"]\" : langflow_ai","timestamp":"3:39:45 PM"}
{"level":"\u001b[32minfo\u001b[39m","message":"Checking if post username \"langflow_ai\" matches any target usernames in our database","timestamp":"3:39:45 PM"}
{"level":"\u001b[32minfo\u001b[39m","message":"No match found for post username \"langflow_ai\" in our target list","timestamp":"3:39:45 PM"}
{"level":"\u001b[32minfo\u001b[39m","message":"Post username \"langflow_ai\" is not in our target list. Skipping...","timestamp":"3:39:45 PM"}
{"level":"\u001b[32minfo\u001b[39m","message":"Processed post DJ4hTM9gZgj as majesty___jewelry (3/500)","timestamp":"3:39:45 PM"}
{"level":"\u001b[32minfo\u001b[39m","message":"Nom d'utilisateur du post trouvé avec le sélecteur \"a[href*=\"/\"][role=\"link\"]\" : the.holistic.psychologist","timestamp":"3:39:58 PM"}
{"level":"\u001b[32minfo\u001b[39m","message":"Checking if post username \"the.holistic.psychologist\" matches any target usernames in our database","timestamp":"3:39:58 PM"}
{"level":"\u001b[32minfo\u001b[39m","message":"No match found for post username \"the.holistic.psychologist\" in our target list","timestamp":"3:39:59 PM"}
{"level":"\u001b[32minfo\u001b[39m","message":"Post username \"the.holistic.psychologist\" is not in our target list. Skipping...","timestamp":"3:39:59 PM"}
{"level":"\u001b[32minfo\u001b[39m","message":"Nom d'utilisateur du post trouvé avec le sélecteur \"a[href*=\"/\"][role=\"link\"]\" : the.holistic.psychologist","timestamp":"3:40:12 PM"}
{"level":"\u001b[32minfo\u001b[39m","message":"Checking if post username \"the.holistic.psychologist\" matches any target usernames in our database","timestamp":"3:40:12 PM"}
{"level":"\u001b[32minfo\u001b[39m","message":"No match found for post username \"the.holistic.psychologist\" in our target list","timestamp":"3:40:12 PM"}
{"level":"\u001b[32minfo\u001b[39m","message":"Post username \"the.holistic.psychologist\" is not in our target list. Skipping...","timestamp":"3:40:12 PM"}
{"level":"\u001b[32minfo\u001b[39m","message":"Processed post DMICVEtMlfu as majesty___jewelry (4/500)","timestamp":"3:40:12 PM"}
{"level":"\u001b[32minfo\u001b[39m","message":"No more 'processing' comments for this user. Waiting 2 minutes...","timestamp":"3:40:39 PM"}
{"level":"\u001b[32minfo\u001b[39m","message":"Nom d'utilisateur du post trouvé avec le sélecteur \"a[href*=\"/\"][role=\"link\"]\" : rihab.ck","timestamp":"3:40:40 PM"}
{"level":"\u001b[32minfo\u001b[39m","message":"Checking if post username \"rihab.ck\" matches any target usernames in our database","timestamp":"3:40:40 PM"}
{"level":"\u001b[32minfo\u001b[39m","message":"No match found for post username \"rihab.ck\" in our target list","timestamp":"3:40:40 PM"}
{"level":"\u001b[32minfo\u001b[39m","message":"Post username \"rihab.ck\" is not in our target list. Skipping...","timestamp":"3:40:40 PM"}
{"level":"\u001b[32minfo\u001b[39m","message":"Nom d'utilisateur du post trouvé avec le sélecteur \"a[href*=\"/\"][role=\"link\"]\" : rihab.ck","timestamp":"3:40:49 PM"}
{"level":"\u001b[32minfo\u001b[39m","message":"Checking if post username \"rihab.ck\" matches any target usernames in our database","timestamp":"3:40:49 PM"}
{"level":"\u001b[32minfo\u001b[39m","message":"No match found for post username \"rihab.ck\" in our target list","timestamp":"3:40:49 PM"}
{"level":"\u001b[32minfo\u001b[39m","message":"Post username \"rihab.ck\" is not in our target list. Skipping...","timestamp":"3:40:49 PM"}
{"level":"\u001b[32minfo\u001b[39m","message":"Processed post DLuX5cwoMH46j0imRXseqesiPL9GUG2Em5pBAQ0 as majesty___jewelry (5/500)","timestamp":"3:40:49 PM"}
{"level":"\u001b[32minfo\u001b[39m","message":"Nom d'utilisateur du post trouvé avec le sélecteur \"a[href*=\"/\"][role=\"link\"]\" : broadwayinstitute","timestamp":"3:41:03 PM"}
{"level":"\u001b[32minfo\u001b[39m","message":"Checking if post username \"broadwayinstitute\" matches any target usernames in our database","timestamp":"3:41:03 PM"}
{"level":"\u001b[32minfo\u001b[39m","message":"No match found for post username \"broadwayinstitute\" in our target list","timestamp":"3:41:04 PM"}
{"level":"\u001b[32minfo\u001b[39m","message":"Post username \"broadwayinstitute\" is not in our target list. Skipping...","timestamp":"3:41:04 PM"}
{"level":"\u001b[32minfo\u001b[39m","message":"Nom d'utilisateur du post trouvé avec le sélecteur \"a[href*=\"/\"][role=\"link\"]\" : broadwayinstitute","timestamp":"3:41:15 PM"}
{"level":"\u001b[32minfo\u001b[39m","message":"Checking if post username \"broadwayinstitute\" matches any target usernames in our database","timestamp":"3:41:15 PM"}
{"level":"\u001b[32minfo\u001b[39m","message":"No match found for post username \"broadwayinstitute\" in our target list","timestamp":"3:41:15 PM"}
{"level":"\u001b[32minfo\u001b[39m","message":"Post username \"broadwayinstitute\" is not in our target list. Skipping...","timestamp":"3:41:15 PM"}
{"level":"\u001b[32minfo\u001b[39m","message":"Processed post DL8uPS7A9Z0 as majesty___jewelry (6/500)","timestamp":"3:41:15 PM"}
{"level":"\u001b[32minfo\u001b[39m","message":"✅ Comment generated for post https://www.linkedin.com/posts/kelly-mizell-%F0%9F%8C%9F-67084331_children-are-born-explorers-fueled-by-an-activity-7350838294793891841-2Qka?utm_source=social_share_send&amp;utm_medium=member_desktop_web&amp;rcm=ACoAAEM_-I0Btc1LsqkpwAXcBs2C95nv1kHKz28 by leboss.csa@gmail.com: \"Agree, less screen time is essential for a balanced childhood. As educators, we can promote outdoor activities & hands-on learning to foster creativity & problem-solving skills.\"","timestamp":"3:41:21 PM"}
{"level":"\u001b[32minfo\u001b[39m","message":"Processed 7/50","timestamp":"3:41:21 PM"}
{"level":"\u001b[32minfo\u001b[39m","message":"Nom d'utilisateur du post trouvé avec le sélecteur \"a[href*=\"/\"][role=\"link\"]\" : dave.asprey","timestamp":"3:41:27 PM"}
{"level":"\u001b[32minfo\u001b[39m","message":"Checking if post username \"dave.asprey\" matches any target usernames in our database","timestamp":"3:41:27 PM"}
{"level":"\u001b[32minfo\u001b[39m","message":"Found a match! Post username \"dave.asprey\" is in our target list","timestamp":"3:41:27 PM"}
{"level":"\u001b[32minfo\u001b[39m","message":"Post username \"dave.asprey\" is in our target list. Proceeding...","timestamp":"3:41:27 PM"}
{"level":"\u001b[32minfo\u001b[39m","message":"Processing post: https://www.linkedin.com/posts/neetyjain_brandingunfiltered-womenwholead-thenncollective-activity-7348682370452979712-wxNU?utm_source=social_share_send&amp;utm_medium=member_desktop_web&amp;rcm=ACoAAEM_-I0Btc1LsqkpwAXcBs2C95nv1kHKz28","timestamp":"3:41:36 PM"}
{"level":"\u001b[32minfo\u001b[39m","message":"Navigating to post: https://www.linkedin.com/posts/neetyjain_brandingunfiltered-womenwholead-thenncollective-activity-7348682370452979712-wxNU?utm_source=social_share_send&amp;utm_medium=member_desktop_web&amp;rcm=ACoAAEM_-I0Btc1LsqkpwAXcBs2C95nv1kHKz28","timestamp":"3:41:36 PM"}
{"level":"\u001b[32minfo\u001b[39m","message":"Post author found: Neety Jain","timestamp":"3:41:47 PM"}
{"level":"\u001b[32minfo\u001b[39m","message":"Checking if post username \"Neety Jain\" matches any target usernames in our database","timestamp":"3:41:47 PM"}
{"level":"\u001b[32minfo\u001b[39m","message":"No match found for post username \"Neety Jain\" in our target list","timestamp":"3:41:47 PM"}
{"level":"\u001b[32minfo\u001b[39m","message":"Post author \"Neety Jain\" is not in our target list. Skipping...","timestamp":"3:41:47 PM"}
{"level":"\u001b[32minfo\u001b[39m","message":"Processed 8/50","timestamp":"3:41:47 PM"}
{"level":"\u001b[32minfo\u001b[39m","message":"Not on feed page, navigating to feed...","timestamp":"3:42:10 PM"}
{"level":"\u001b[32minfo\u001b[39m","message":"No more 'processing' comments for this user. Waiting 2 minutes...","timestamp":"3:42:14 PM"}
{"level":"\u001b[32minfo\u001b[39m","message":"Nom d'utilisateur du post trouvé avec le sélecteur \"a[href*=\"/\"][role=\"link\"]\" : dave.asprey","timestamp":"3:43:24 PM"}
{"level":"\u001b[32minfo\u001b[39m","message":"Checking if post username \"dave.asprey\" matches any target usernames in our database","timestamp":"3:43:24 PM"}
{"level":"\u001b[32minfo\u001b[39m","message":"Found a match! Post username \"dave.asprey\" is in our target list","timestamp":"3:43:24 PM"}
{"level":"\u001b[32minfo\u001b[39m","message":"Post username \"dave.asprey\" is in our target list. Proceeding...","timestamp":"3:43:24 PM"}
{"level":"\u001b[32minfo\u001b[39m","message":"Processing post: https://www.linkedin.com/posts/conversight_ai-automation-for-your-erp-get-a-free-acumatica-activity-7333529457544118276-Pwqy?utm_source=social_share_send&amp;utm_medium=member_desktop_web&amp;rcm=ACoAAEM_-I0Btc1LsqkpwAXcBs2C95nv1kHKz28","timestamp":"3:43:38 PM"}
{"level":"\u001b[32minfo\u001b[39m","message":"Navigating to post: https://www.linkedin.com/posts/conversight_ai-automation-for-your-erp-get-a-free-acumatica-activity-7333529457544118276-Pwqy?utm_source=social_share_send&amp;utm_medium=member_desktop_web&amp;rcm=ACoAAEM_-I0Btc1LsqkpwAXcBs2C95nv1kHKz28","timestamp":"3:43:38 PM"}
{"level":"\u001b[32minfo\u001b[39m","message":"No more 'processing' comments for this user. Waiting 2 minutes...","timestamp":"3:43:39 PM"}
{"level":"\u001b[32minfo\u001b[39m","message":"Processed post DMGRGpAOJ3f as majesty___jewelry (7/500)","timestamp":"3:43:44 PM"}
{"level":"\u001b[32minfo\u001b[39m","message":"Post author found: ConverSight","timestamp":"3:43:48 PM"}
{"level":"\u001b[32minfo\u001b[39m","message":"Checking if post username \"ConverSight\" matches any target usernames in our database","timestamp":"3:43:48 PM"}
{"level":"\u001b[32minfo\u001b[39m","message":"No match found for post username \"ConverSight\" in our target list","timestamp":"3:43:49 PM"}
{"level":"\u001b[32minfo\u001b[39m","message":"Post author \"ConverSight\" is not in our target list. Skipping...","timestamp":"3:43:49 PM"}
{"level":"\u001b[32minfo\u001b[39m","message":"Processed 9/50","timestamp":"3:43:49 PM"}
{"level":"\u001b[32minfo\u001b[39m","message":"Nom d'utilisateur du post trouvé avec le sélecteur \"a[href*=\"/\"][role=\"link\"]\" : artificialintelligencenews.in","timestamp":"3:43:55 PM"}
{"level":"\u001b[32minfo\u001b[39m","message":"Checking if post username \"artificialintelligencenews.in\" matches any target usernames in our database","timestamp":"3:43:55 PM"}
{"level":"\u001b[32minfo\u001b[39m","message":"No match found for post username \"artificialintelligencenews.in\" in our target list","timestamp":"3:43:56 PM"}
{"level":"\u001b[32minfo\u001b[39m","message":"Post username \"artificialintelligencenews.in\" is not in our target list. Skipping...","timestamp":"3:43:56 PM"}
{"level":"\u001b[32minfo\u001b[39m","message":"Nom d'utilisateur du post trouvé avec le sélecteur \"a[href*=\"/\"][role=\"link\"]\" : artificialintelligencenews.in","timestamp":"3:44:03 PM"}
{"level":"\u001b[32minfo\u001b[39m","message":"Checking if post username \"artificialintelligencenews.in\" matches any target usernames in our database","timestamp":"3:44:03 PM"}
{"level":"\u001b[32minfo\u001b[39m","message":"No match found for post username \"artificialintelligencenews.in\" in our target list","timestamp":"3:44:03 PM"}
{"level":"\u001b[32minfo\u001b[39m","message":"Post username \"artificialintelligencenews.in\" is not in our target list. Skipping...","timestamp":"3:44:03 PM"}
{"level":"\u001b[32minfo\u001b[39m","message":"Processed post DMIKYnINTR4 as majesty___jewelry (8/500)","timestamp":"3:44:03 PM"}
{"level":"\u001b[32minfo\u001b[39m","message":"Not on feed page, navigating to feed...","timestamp":"3:44:12 PM"}
{"level":"\u001b[32minfo\u001b[39m","message":"Nom d'utilisateur du post trouvé avec le sélecteur \"a[href*=\"/\"][role=\"link\"]\" : wafa_ima_assistance","timestamp":"3:44:24 PM"}
{"level":"\u001b[32minfo\u001b[39m","message":"Checking if post username \"wafa_ima_assistance\" matches any target usernames in our database","timestamp":"3:44:24 PM"}
{"level":"\u001b[32minfo\u001b[39m","message":"No match found for post username \"wafa_ima_assistance\" in our target list","timestamp":"3:44:24 PM"}
{"level":"\u001b[32minfo\u001b[39m","message":"Post username \"wafa_ima_assistance\" is not in our target list. Skipping...","timestamp":"3:44:24 PM"}
{"level":"\u001b[32minfo\u001b[39m","message":"Nom d'utilisateur du post trouvé avec le sélecteur \"a[href*=\"/\"][role=\"link\"]\" : wafa_ima_assistance","timestamp":"3:44:32 PM"}
{"level":"\u001b[32minfo\u001b[39m","message":"Checking if post username \"wafa_ima_assistance\" matches any target usernames in our database","timestamp":"3:44:32 PM"}
{"level":"\u001b[32minfo\u001b[39m","message":"No match found for post username \"wafa_ima_assistance\" in our target list","timestamp":"3:44:32 PM"}
{"level":"\u001b[32minfo\u001b[39m","message":"Post username \"wafa_ima_assistance\" is not in our target list. Skipping...","timestamp":"3:44:32 PM"}
{"level":"\u001b[32minfo\u001b[39m","message":"Processed post DKABDzCASxO as majesty___jewelry (9/500)","timestamp":"3:44:32 PM"}
{"level":"\u001b[32minfo\u001b[39m","message":"No new posts, scrolling...","timestamp":"3:44:46 PM"}
{"level":"\u001b[32minfo\u001b[39m","message":"No new posts, scrolling...","timestamp":"3:44:55 PM"}
{"level":"\u001b[32minfo\u001b[39m","message":"No new posts, scrolling...","timestamp":"3:45:04 PM"}
{"level":"\u001b[32minfo\u001b[39m","message":"No more 'processing' comments for this user. Waiting 2 minutes...","timestamp":"3:45:14 PM"}
{"level":"\u001b[32minfo\u001b[39m","message":"Nom d'utilisateur du post trouvé avec le sélecteur \"a[href*=\"/\"][role=\"link\"]\" : egrowdotcom","timestamp":"3:45:20 PM"}
{"level":"\u001b[32minfo\u001b[39m","message":"Checking if post username \"egrowdotcom\" matches any target usernames in our database","timestamp":"3:45:20 PM"}
{"level":"\u001b[32minfo\u001b[39m","message":"No match found for post username \"egrowdotcom\" in our target list","timestamp":"3:45:20 PM"}
{"level":"\u001b[32minfo\u001b[39m","message":"Post username \"egrowdotcom\" is not in our target list. Skipping...","timestamp":"3:45:20 PM"}
{"level":"\u001b[32minfo\u001b[39m","message":"Processing post: https://www.linkedin.com/posts/cytiva_optirun-connect-is-a-digital-service-that-activity-7333390689356992512-0Eps?utm_source=social_share_send&amp;utm_medium=member_desktop_web&amp;rcm=ACoAAEM_-I0Btc1LsqkpwAXcBs2C95nv1kHKz28","timestamp":"3:45:24 PM"}
{"level":"\u001b[32minfo\u001b[39m","message":"Navigating to post: https://www.linkedin.com/posts/cytiva_optirun-connect-is-a-digital-service-that-activity-7333390689356992512-0Eps?utm_source=social_share_send&amp;utm_medium=member_desktop_web&amp;rcm=ACoAAEM_-I0Btc1LsqkpwAXcBs2C95nv1kHKz28","timestamp":"3:45:24 PM"}
{"level":"\u001b[32minfo\u001b[39m","message":"Nom d'utilisateur du post trouvé avec le sélecteur \"a[href*=\"/\"][role=\"link\"]\" : egrowdotcom","timestamp":"3:45:27 PM"}
{"level":"\u001b[32minfo\u001b[39m","message":"Checking if post username \"egrowdotcom\" matches any target usernames in our database","timestamp":"3:45:27 PM"}
{"level":"\u001b[32minfo\u001b[39m","message":"No match found for post username \"egrowdotcom\" in our target list","timestamp":"3:45:28 PM"}
{"level":"\u001b[32minfo\u001b[39m","message":"Post username \"egrowdotcom\" is not in our target list. Skipping...","timestamp":"3:45:28 PM"}
{"level":"\u001b[32minfo\u001b[39m","message":"Processed post DEwyiZUAW3f as majesty___jewelry (10/500)","timestamp":"3:45:28 PM"}
{"level":"\u001b[32minfo\u001b[39m","message":"Post author found: Cytiva","timestamp":"3:45:31 PM"}
{"level":"\u001b[32minfo\u001b[39m","message":"Checking if post username \"Cytiva\" matches any target usernames in our database","timestamp":"3:45:31 PM"}
{"level":"\u001b[32minfo\u001b[39m","message":"No match found for post username \"Cytiva\" in our target list","timestamp":"3:45:31 PM"}
{"level":"\u001b[32minfo\u001b[39m","message":"Post author \"Cytiva\" is not in our target list. Skipping...","timestamp":"3:45:31 PM"}
{"level":"\u001b[32minfo\u001b[39m","message":"Processed 10/50","timestamp":"3:45:31 PM"}
{"level":"\u001b[32minfo\u001b[39m","message":"Nom d'utilisateur du post trouvé avec le sélecteur \"a[href*=\"/\"][role=\"link\"]\" : bloombergbusiness","timestamp":"3:45:38 PM"}
{"level":"\u001b[32minfo\u001b[39m","message":"Checking if post username \"bloombergbusiness\" matches any target usernames in our database","timestamp":"3:45:38 PM"}
{"level":"\u001b[32minfo\u001b[39m","message":"Found a match! Post username \"bloombergbusiness\" is in our target list","timestamp":"3:45:38 PM"}
{"level":"\u001b[32minfo\u001b[39m","message":"Post username \"bloombergbusiness\" is in our target list. Proceeding...","timestamp":"3:45:38 PM"}
{"level":"\u001b[32minfo\u001b[39m","message":"Not on feed page, navigating to feed...","timestamp":"3:45:54 PM"}
{"level":"\u001b[32minfo\u001b[39m","message":"No more 'processing' comments for this user. Waiting 2 minutes...","timestamp":"3:46:39 PM"}
{"level":"\u001b[32minfo\u001b[39m","message":"Nom d'utilisateur du post trouvé avec le sélecteur \"a[href*=\"/\"][role=\"link\"]\" : bloombergbusiness","timestamp":"3:47:18 PM"}
{"level":"\u001b[32minfo\u001b[39m","message":"Checking if post username \"bloombergbusiness\" matches any target usernames in our database","timestamp":"3:47:18 PM"}
{"level":"\u001b[32minfo\u001b[39m","message":"Found a match! Post username \"bloombergbusiness\" is in our target list","timestamp":"3:47:18 PM"}
{"level":"\u001b[32minfo\u001b[39m","message":"Post username \"bloombergbusiness\" is in our target list. Proceeding...","timestamp":"3:47:18 PM"}
{"level":"\u001b[32minfo\u001b[39m","message":"Processing post: https://www.linkedin.com/posts/mobileit-mi_stop-a-breach-before-it-hits-activity-7348366703212314624-5jzU?utm_source=social_share_send&amp;utm_medium=member_desktop_web&amp;rcm=ACoAAEM_-I0Btc1LsqkpwAXcBs2C95nv1kHKz28","timestamp":"3:47:24 PM"}
{"level":"\u001b[32minfo\u001b[39m","message":"Navigating to post: https://www.linkedin.com/posts/mobileit-mi_stop-a-breach-before-it-hits-activity-7348366703212314624-5jzU?utm_source=social_share_send&amp;utm_medium=member_desktop_web&amp;rcm=ACoAAEM_-I0Btc1LsqkpwAXcBs2C95nv1kHKz28","timestamp":"3:47:24 PM"}
{"level":"\u001b[33mwarn\u001b[39m","message":"Post content not found for https://www.linkedin.com/posts/mobileit-mi_stop-a-breach-before-it-hits-activity-7348366703212314624-5jzU?utm_source=social_share_send&amp;utm_medium=member_desktop_web&amp;rcm=ACoAAEM_-I0Btc1LsqkpwAXcBs2C95nv1kHKz28, trying alternative selectors...","timestamp":"3:47:48 PM"}
{"level":"\u001b[32minfo\u001b[39m","message":"Post author found: MobileIT LLC","timestamp":"3:48:11 PM"}
{"level":"\u001b[32minfo\u001b[39m","message":"Checking if post username \"MobileIT LLC\" matches any target usernames in our database","timestamp":"3:48:11 PM"}
{"level":"\u001b[32minfo\u001b[39m","message":"No match found for post username \"MobileIT LLC\" in our target list","timestamp":"3:48:11 PM"}
{"level":"\u001b[32minfo\u001b[39m","message":"Post author \"MobileIT LLC\" is not in our target list. Skipping...","timestamp":"3:48:11 PM"}
{"level":"\u001b[32minfo\u001b[39m","message":"Processed 11/50","timestamp":"3:48:11 PM"}
{"level":"\u001b[32minfo\u001b[39m","message":"No more 'processing' comments for this user. Waiting 2 minutes...","timestamp":"3:48:14 PM"}
{"level":"\u001b[32minfo\u001b[39m","message":"Not on feed page, navigating to feed...","timestamp":"3:48:34 PM"}
{"level":"\u001b[32minfo\u001b[39m","message":"Processed post DMIYtQBtM-w as majesty___jewelry (11/500)","timestamp":"3:49:05 PM"}
{"level":"\u001b[32minfo\u001b[39m","message":"Nom d'utilisateur du post trouvé avec le sélecteur \"a[href*=\"/\"][role=\"link\"]\" : hem.officiel","timestamp":"3:49:32 PM"}
{"level":"\u001b[32minfo\u001b[39m","message":"Checking if post username \"hem.officiel\" matches any target usernames in our database","timestamp":"3:49:32 PM"}
{"level":"\u001b[32minfo\u001b[39m","message":"No match found for post username \"hem.officiel\" in our target list","timestamp":"3:49:32 PM"}
{"level":"\u001b[32minfo\u001b[39m","message":"Post username \"hem.officiel\" is not in our target list. Skipping...","timestamp":"3:49:32 PM"}
{"level":"\u001b[32minfo\u001b[39m","message":"No more 'processing' comments for this user. Waiting 2 minutes...","timestamp":"3:49:39 PM"}
{"level":"\u001b[32minfo\u001b[39m","message":"Nom d'utilisateur du post trouvé avec le sélecteur \"a[href*=\"/\"][role=\"link\"]\" : hem.officiel","timestamp":"3:49:39 PM"}
{"level":"\u001b[32minfo\u001b[39m","message":"Checking if post username \"hem.officiel\" matches any target usernames in our database","timestamp":"3:49:39 PM"}
{"level":"\u001b[32minfo\u001b[39m","message":"No match found for post username \"hem.officiel\" in our target list","timestamp":"3:49:40 PM"}
{"level":"\u001b[32minfo\u001b[39m","message":"Post username \"hem.officiel\" is not in our target list. Skipping...","timestamp":"3:49:40 PM"}
{"level":"\u001b[32minfo\u001b[39m","message":"Processed post DLkYj6lAGwE as majesty___jewelry (12/500)","timestamp":"3:49:40 PM"}
{"level":"\u001b[32minfo\u001b[39m","message":"Nom d'utilisateur du post trouvé avec le sélecteur \"a[href*=\"/\"][role=\"link\"]\" : investopedia","timestamp":"3:50:00 PM"}
{"level":"\u001b[32minfo\u001b[39m","message":"Checking if post username \"investopedia\" matches any target usernames in our database","timestamp":"3:50:00 PM"}
{"level":"\u001b[32minfo\u001b[39m","message":"No match found for post username \"investopedia\" in our target list","timestamp":"3:50:00 PM"}
{"level":"\u001b[32minfo\u001b[39m","message":"Post username \"investopedia\" is not in our target list. Skipping...","timestamp":"3:50:00 PM"}
{"level":"\u001b[32minfo\u001b[39m","message":"Nom d'utilisateur du post trouvé avec le sélecteur \"a[href*=\"/\"][role=\"link\"]\" : investopedia","timestamp":"3:50:08 PM"}
{"level":"\u001b[32minfo\u001b[39m","message":"Checking if post username \"investopedia\" matches any target usernames in our database","timestamp":"3:50:08 PM"}
{"level":"\u001b[32minfo\u001b[39m","message":"No match found for post username \"investopedia\" in our target list","timestamp":"3:50:08 PM"}
{"level":"\u001b[32minfo\u001b[39m","message":"Post username \"investopedia\" is not in our target list. Skipping...","timestamp":"3:50:08 PM"}
{"level":"\u001b[32minfo\u001b[39m","message":"Processed post DMIVOGauMFQ as majesty___jewelry (13/500)","timestamp":"3:50:08 PM"}
{"level":"\u001b[32minfo\u001b[39m","message":"Processing post: https://www.linkedin.com/posts/quickbooks_arc-motors-sloan-paul-activity-7343309006129491969-xxXj?utm_source=social_share_send&amp;utm_medium=member_desktop_web&amp;rcm=ACoAAEM_-I0Btc1LsqkpwAXcBs2C95nv1kHKz28","timestamp":"3:50:22 PM"}
{"level":"\u001b[32minfo\u001b[39m","message":"Navigating to post: https://www.linkedin.com/posts/quickbooks_arc-motors-sloan-paul-activity-7343309006129491969-xxXj?utm_source=social_share_send&amp;utm_medium=member_desktop_web&amp;rcm=ACoAAEM_-I0Btc1LsqkpwAXcBs2C95nv1kHKz28","timestamp":"3:50:22 PM"}
{"level":"\u001b[32minfo\u001b[39m","message":"Nom d'utilisateur du post trouvé avec le sélecteur \"a[href*=\"/\"][role=\"link\"]\" : sonetel1","timestamp":"3:50:30 PM"}
{"level":"\u001b[32minfo\u001b[39m","message":"Checking if post username \"sonetel1\" matches any target usernames in our database","timestamp":"3:50:30 PM"}
{"level":"\u001b[32minfo\u001b[39m","message":"No match found for post username \"sonetel1\" in our target list","timestamp":"3:50:30 PM"}
{"level":"\u001b[32minfo\u001b[39m","message":"Post username \"sonetel1\" is not in our target list. Skipping...","timestamp":"3:50:30 PM"}
{"level":"\u001b[32minfo\u001b[39m","message":"Post author found: Intuit QuickBooks","timestamp":"3:50:32 PM"}
{"level":"\u001b[32minfo\u001b[39m","message":"Checking if post username \"Intuit QuickBooks\" matches any target usernames in our database","timestamp":"3:50:32 PM"}
{"level":"\u001b[32minfo\u001b[39m","message":"No match found for post username \"Intuit QuickBooks\" in our target list","timestamp":"3:50:32 PM"}
{"level":"\u001b[32minfo\u001b[39m","message":"Post author \"Intuit QuickBooks\" is not in our target list. Skipping...","timestamp":"3:50:32 PM"}
{"level":"\u001b[32minfo\u001b[39m","message":"Processed 12/50","timestamp":"3:50:32 PM"}
{"level":"\u001b[32minfo\u001b[39m","message":"Nom d'utilisateur du post trouvé avec le sélecteur \"a[href*=\"/\"][role=\"link\"]\" : sonetel1","timestamp":"3:50:37 PM"}
{"level":"\u001b[32minfo\u001b[39m","message":"Checking if post username \"sonetel1\" matches any target usernames in our database","timestamp":"3:50:37 PM"}
{"level":"\u001b[32minfo\u001b[39m","message":"No match found for post username \"sonetel1\" in our target list","timestamp":"3:50:37 PM"}
{"level":"\u001b[32minfo\u001b[39m","message":"Post username \"sonetel1\" is not in our target list. Skipping...","timestamp":"3:50:37 PM"}
{"level":"\u001b[32minfo\u001b[39m","message":"Processed post DKKQUelgOOl as majesty___jewelry (14/500)","timestamp":"3:50:37 PM"}
